"File: prid2.c       Assembler  Version HGASM0202      Page 1


   1  0000              ; Generated by holtek-gcc v3.19, Sun Sep 24 19:14:04 2023
   2  0000              ; 
   3  0000              ; Configuration:
   4  0000              ;       without long instruction
   5  0000              ;       Single ROM, Multi-RAM
   6  0000              ;       bits_per_rom_unit:16
   7  0000              ;       with mp1
   8  0000              ;       with tbhp, address(0x9)
   9  0000              ;          Use tabrd-const
  10  0000              ;       
  11  0000              ;       
  12  0000              ;       
  13  0000              ; use 'tabrdc' instead of 'tabrd'
  14  0000              ;       
  15  0000              
  16  0000              #pragma translator "holtek-gcc 4.6.4" "3.19" "build 20130711"
  17  0000              ; Rebuild 718
  18  0000              
  19  0000              ir equ [2]
  20  0000              mp equ [3]
  21  0000              sbp equ [1]
  22  0000              acc equ [5]
  23  0000              bp equ [4]
  24  0000              tblp equ [7]
  25  0000              tbhp equ [9]
  26  0000              status equ [10]
  27  0000              c equ [10].0
  28  0000              ac equ [10].1
  29  0000              z equ [10].2
  30  0000              ov equ [10].3
  31  0000              intc equ [11]
  32  0000              
  33  0000              extern ra:byte
  34  0000              extern rb:byte
  35  0000              extern rc:byte
  36  0000              extern rd:byte
  37  0000              extern re:byte
  38  0000              extern rf:byte
  39  0000              extern rg:byte
  40  0000              extern rh:byte
  41  0000              extern _Crom2Prom:near
  42  0000              extern _Crom2PromNext:near
  43  0000              
  44  0000              RAMBANK 0 @HCCINIT, @HCCINIT0
  45  0000              
  46  0000              RAMBANK 0 @BITDATASEC, @BITDATASEC1
  47  0000              @HCCINIT	.section 'data'
  48  0000              @HCCINIT0	.section 'data'
  49  0000              @BITDATASEC	 .section 'data'
  50  0000              @BITDATASEC1	 .section 'data'
  51  0000              
  52  0000              #pragma debug scope 1 1
  53  0000              	extern __DELAY3:near
  54  0000              	extern __DELAYX3:near
  55  0000              	extern __DELAYX6:near
  56  0000              	extern __DELAYY5:near
  57  0000              	extern __DELAYY3:near
  58  0000              	extern _builtin_holtek_delay_2:byte
  59  0000              ___pa equ [20]
"File: prid2.ASM     Assembler  Version HGASM0202      Page 2

  60  0000              public _int0
  61  0000              #pragma debug scope 2 1

  21  0000              #line 21 "C:\Users\hamed\OneDrive\Documents\HTK_Project\touch2\touch2 -ir\prid2.c"
  21  0000              @int0_code .section at 4 'code'
  21  0000  0080     E  	mov r1,a
  21  0001  070A        	mov a,status
  21  0002  0080     E  	mov r2,a
  21  0003  2800     R  	jmp _int0
  21  0004              #pragma debug scope 1 1
  21  0004              @dummy4 endp
  21  0004              #pragma debug scope 3 1
  21  0000              _int0 .section 'code'
  21  0000              _int0 proc
  24  0000              #line 24 "C:\Users\hamed\OneDrive\Documents\HTK_Project\touch2\touch2 -ir\prid2.c"
  24  0000  1F00     E  	clr ra
  24  0001  3A94        	snz [20].5
  24  0002  3000     E  	set ra.5
  24  0003  3694        	clr [20].5
  24  0004  0700     E  	mov a,ra
  24  0005  0594        	orm a,[20]
  24  0006  0700     E  	mov a,r2
  24  0007  008A        	mov status,a
  24  0008  0700     E  	mov a,r1
  24  0009  0004        	reti
  24  000A              _int0 endp
  24  000A              
  24  000A              #line 24 "C:\Users\hamed\OneDrive\Documents\HTK_Project\touch2\touch2 -ir\prid2.c"
  24  000A              #pragma debug scope 1 1
  24  000A              public _timer
  24  000A              #pragma debug scope 4 1
  37  000A              #line 37 "C:\Users\hamed\OneDrive\Documents\HTK_Project\touch2\touch2 -ir\prid2.c"
  37  0000              @timer_code .section at 12 'code'
  37  0000              _timer:
  37  0000  0004        	reti
  37  0001              #line 37 "C:\Users\hamed\OneDrive\Documents\HTK_Project\touch2\touch2 -ir\prid2.c"
  37  0001              #pragma debug scope 1 1
  37  0001              ___integ equ [13]
  37  0001              ___intc0 equ [14]
  37  0001              ___tmrc equ [29]
  37  0001              ___smod equ [11]
  37  0001              ___pac equ [21]
  37  0001              public _init
  37  0001              #pragma debug scope 5 1
  64  0001              #line 64 "C:\Users\hamed\OneDrive\Documents\HTK_Project\touch2\touch2 -ir\prid2.c"
  64  0000              _init .section 'code'
  64  0000              _init proc
  74  0000              #line 74 "C:\Users\hamed\OneDrive\Documents\HTK_Project\touch2\touch2 -ir\prid2.c"
  74  0000  348D        	clr [13].1
  75  0001              #line 75 "C:\Users\hamed\OneDrive\Documents\HTK_Project\touch2\touch2 -ir\prid2.c"
  75  0001  300D        	set [13].0
  76  0002              #line 76 "C:\Users\hamed\OneDrive\Documents\HTK_Project\touch2\touch2 -ir\prid2.c"
  76  0002  308E        	set [14].1
  99  0003              #line 99 "C:\Users\hamed\OneDrive\Documents\HTK_Project\touch2\touch2 -ir\prid2.c"
  99  0003  369D        	clr [29].5
 100  0004              #line 100 "C:\Users\hamed\OneDrive\Documents\HTK_Project\touch2\touch2 -ir\prid2.c"
 100  0004  321D        	set [29].4
 102  0005              #line 102 "C:\Users\hamed\OneDrive\Documents\HTK_Project\touch2\touch2 -ir\prid2.c"
 102  0005  341D        	clr [29].0
 103  0006              #line 103 "C:\Users\hamed\OneDrive\Documents\HTK_Project\touch2\touch2 -ir\prid2.c"
"File: prid2.c       Assembler  Version HGASM0202      Page 3

 103  0006  349D        	clr [29].1
 104  0007              #line 104 "C:\Users\hamed\OneDrive\Documents\HTK_Project\touch2\touch2 -ir\prid2.c"
 104  0007  351D        	clr [29].2
 107  0008              #line 107 "C:\Users\hamed\OneDrive\Documents\HTK_Project\touch2\touch2 -ir\prid2.c"
 107  0008  300E        	set [14].0
 108  0009              #line 108 "C:\Users\hamed\OneDrive\Documents\HTK_Project\touch2\touch2 -ir\prid2.c"
 108  0009  300B        	set [11].0
 110  000A              #line 110 "C:\Users\hamed\OneDrive\Documents\HTK_Project\touch2\touch2 -ir\prid2.c"
 110  000A  330E        	set [14].6
 111  000B              #line 111 "C:\Users\hamed\OneDrive\Documents\HTK_Project\touch2\touch2 -ir\prid2.c"
 111  000B  318E        	set [14].3
 116  000C              #line 116 "C:\Users\hamed\OneDrive\Documents\HTK_Project\touch2\touch2 -ir\prid2.c"
 116  000C  3595        	clr [21].3
 117  000D              #line 117 "C:\Users\hamed\OneDrive\Documents\HTK_Project\touch2\touch2 -ir\prid2.c"
 117  000D  3695        	clr [21].5
 119  000E              #line 119 "C:\Users\hamed\OneDrive\Documents\HTK_Project\touch2\touch2 -ir\prid2.c"
 119  000E  3694        	clr [20].5
 119  000F  0003        	ret
 119  0010              _init endp
 119  0010              #line 119 "C:\Users\hamed\OneDrive\Documents\HTK_Project\touch2\touch2 -ir\prid2.c"
 119  0010              #pragma debug scope 1 1
 119  0010              public _main
 119  0010              #pragma debug scope 6 1
 125  0010              #line 125 "C:\Users\hamed\OneDrive\Documents\HTK_Project\touch2\touch2 -ir\prid2.c"
 125  0010              IFDEF WITH_DEFAULT_STARTUP
 125  0010              extern _main_initial0:near
 125  0010              extern _main_startup:near
 125  0010              ENDIF
 125  0010              
 125  0010              ROMBANK 0 @start
 125  0000              @start .section com_l 'code'
 125  0000              _main_startup1:
 125  0000              @start .section com_e 'code'
 125  0000  2800     R  	jmp _main
 125  0001              
 125  0000              _main .section 'code'
 125  0000              _main proc
 126  0000              #line 126 "C:\Users\hamed\OneDrive\Documents\HTK_Project\touch2\touch2 -ir\prid2.c"
 126  0000  2000     R  	call _init
 126  0001              _L5:
 131  0001              #line 131 "C:\Users\hamed\OneDrive\Documents\HTK_Project\touch2\touch2 -ir\prid2.c"
 131  0001              ;# 131 "C:\Users\hamed\OneDrive\Documents\HTK_Project\touch2\touch2 -ir\prid2.c" 1
 131  0001  0001        	clr wdt
 132  0002              #line 132 "C:\Users\hamed\OneDrive\Documents\HTK_Project\touch2\touch2 -ir\prid2.c"
 132  0002  3194        	set [20].3
 132  0003  2800     R  	jmp _L5
 132  0004  2800     R  	jmp $
 132  0005              _main endp
 132  0005              
 132  0005              @dummy endp
 132  0005              
 132  0005              #line 132 "C:\Users\hamed\OneDrive\Documents\HTK_Project\touch2\touch2 -ir\prid2.c"
 132  0005              #pragma debug scope 1 1
 132  0005              public _q
 132  0000              @HCCINIT	.section 'data'
  14  0000              #line 14 "C:\Users\hamed\OneDrive\Documents\HTK_Project\touch2\touch2 -ir\prid2.c"
  14  0000              @BITDATASEC .section 'data'
  14  0000  00          _q	dbit 0
  14  0001              #pragma debug variable 2 1 _q "q"
  14  0001              public _m
"File: prid2.c       Assembler  Version HGASM0202      Page 4

  13  0001              #line 13 "C:\Users\hamed\OneDrive\Documents\HTK_Project\touch2\touch2 -ir\prid2.c"
  13  0000              @HCCINIT .section 'data'
  13  0000              _m label byte
  13  0000              #pragma debug variable 11 1 _m "m"
  13  0000              	db 0
  13  0000              @ROMDATA_BASE .section inpage 'code'
  13  0000              	db 0
  13  0001              @HCCINIT .section 'data'
  13  0001              	db 0
  13  0001              @ROMDATA_BASE .section inpage 'code'
  13  0001              	db 0
  13  0002              @HCCINIT .section 'data'
  13  0002              public _counter
  12  0002              #line 12 "C:\Users\hamed\OneDrive\Documents\HTK_Project\touch2\touch2 -ir\prid2.c"
  12  0002              @HCCINIT .section 'data'
  12  0002              _counter label byte
  12  0002              #pragma debug variable 13 1 _counter "counter"
  12  0002              	db 0
  12  0001              @ROMDATA_BASE .section inpage 'code'
  12  0001              	db 0
  12  0003              @HCCINIT .section 'data'
  12  0003              	db 0
  12  0002              @ROMDATA_BASE .section inpage 'code'
  12  0002              	db 0
  12  0004              @HCCINIT .section 'data'
  12  0004              	db 0
  12  0002              @ROMDATA_BASE .section inpage 'code'
  12  0002              	db 0
  12  0005              @HCCINIT .section 'data'
  12  0005              	db 0
  12  0003              @ROMDATA_BASE .section inpage 'code'
  12  0003              	db 0
  12  0006              @HCCINIT .section 'data'
  12  0006              public _counter2
  11  0006              #line 11 "C:\Users\hamed\OneDrive\Documents\HTK_Project\touch2\touch2 -ir\prid2.c"
  11  0006              @HCCINIT .section 'data'
  11  0006              _counter2 label byte
  11  0006              #pragma debug variable 13 1 _counter2 "counter2"
  11  0006              	db 0
  11  0003              @ROMDATA_BASE .section inpage 'code'
  11  0003              	db 0
  11  0007              @HCCINIT .section 'data'
  11  0007              	db 0
  11  0004              @ROMDATA_BASE .section inpage 'code'
  11  0004              	db 0
  11  0008              @HCCINIT .section 'data'
  11  0008              	db 0
  11  0004              @ROMDATA_BASE .section inpage 'code'
  11  0004              	db 0
  11  0009              @HCCINIT .section 'data'
  11  0009              	db 0
  11  0005              @ROMDATA_BASE .section inpage 'code'
  11  0005              	db 0
  11  000A              @HCCINIT .section 'data'
  11  000A              public _counter3
  10  000A              #line 10 "C:\Users\hamed\OneDrive\Documents\HTK_Project\touch2\touch2 -ir\prid2.c"
  10  000A              @HCCINIT .section 'data'
  10  000A              _counter3 label byte
  10  000A              #pragma debug variable 13 1 _counter3 "counter3"
  10  000A              	db 0
"File: prid2.c       Assembler  Version HGASM0202      Page 5

  10  0005              @ROMDATA_BASE .section inpage 'code'
  10  0005              	db 0
  10  000B              @HCCINIT .section 'data'
  10  000B              	db 0
  10  0006              @ROMDATA_BASE .section inpage 'code'
  10  0006              	db 0
  10  000C              @HCCINIT .section 'data'
  10  000C              	db 0
  10  0006              @ROMDATA_BASE .section inpage 'code'
  10  0006              	db 0
  10  000D              @HCCINIT .section 'data'
  10  000D              	db 0
  10  0007              @ROMDATA_BASE .section inpage 'code'
  10  0007              	db 0
  10  000E              @HCCINIT .section 'data'
  10  000E              public _ncount
   9  000E              #line 9 "C:\Users\hamed\OneDrive\Documents\HTK_Project\touch2\touch2 -ir\prid2.c"
   9  000E              @HCCINIT .section 'data'
   9  000E              _ncount label byte
   9  000E              #pragma debug variable 11 1 _ncount "ncount"
   9  000E              	db 0
   9  0007              @ROMDATA_BASE .section inpage 'code'
   9  0007              	db 0
   9  000F              @HCCINIT .section 'data'
   9  000F              	db 0
   9  0008              @ROMDATA_BASE .section inpage 'code'
   9  0008              	db 0
   9  0010              @HCCINIT .section 'data'
   8  0010              #line 8 "C:\Users\hamed\OneDrive\Documents\HTK_Project\touch2\touch2 -ir\prid2.c"
   8  0010              public _codread
   8  0000              @HCCINIT0 .section 'data'
   8  0000  0014[       _codread	db 20 dup(0)
            00
            ]
   8  0014              #pragma debug array 42 11 10 1
   8  0014              #pragma debug array 42 11 10 1
   8  0014              #pragma debug variable 42 1 _codread "codread"
   8  0014              
   8  0010              @HCCINIT .section 'data'
   8  0010              #pragma debug struct_end
   8  0010              #pragma debug struct_end
   8  0010              #pragma debug union_end
   8  0010              #pragma debug union_end
   8  0010              #pragma debug variable 44 1 ___smod "__smod" 1
   8  0010              #pragma debug struct_end
   8  0010              #pragma debug struct_end
   8  0010              #pragma debug union_end
   8  0010              #pragma debug union_end
   8  0010              #pragma debug variable 46 1 ___integ "__integ" 1
   8  0010              #pragma debug struct_end
   8  0010              #pragma debug struct_end
   8  0010              #pragma debug union_end
   8  0010              #pragma debug union_end
   8  0010              #pragma debug variable 48 1 ___intc0 "__intc0" 1
   8  0010              #pragma debug struct_end
   8  0010              #pragma debug struct_end
   8  0010              #pragma debug union_end
   8  0010              #pragma debug union_end
   8  0010              #pragma debug variable 50 1 ___pa "__pa" 1
   8  0010              #pragma debug struct_end
"File: prid2.c       Assembler  Version HGASM0202      Page 6

   8  0010              #pragma debug struct_end
   8  0010              #pragma debug union_end
   8  0010              #pragma debug union_end
   8  0010              #pragma debug variable 52 1 ___pac "__pac" 1
   8  0010              #pragma debug struct_end
   8  0010              #pragma debug struct_end
   8  0010              #pragma debug union_end
   8  0010              #pragma debug union_end
   8  0010              #pragma debug variable 54 1 ___tmrc "__tmrc" 1
   8  0010              extern r1:byte
   8  0010              extern r2:byte
 125  0010              #line 125 "C:\Users\hamed\OneDrive\Documents\HTK_Project\touch2\touch2 -ir\prid2.c"
 125  0000              @code .section at 0 'code'
 125  0000  2800     R  	jmp _main_startup1
 125  0001              
 125  0001              
 125  0001              ; 
 125  0001              ; Generated by holtek-gcc v3.19, Sun Sep 24 19:14:04 2023
 125  0001              ; Rebuild 718
 125  0001              ; end of file


        0 Errors, 0