
Linker Version 8.7.7.220718
Input Object File: C:\Hamed-PC\Projects\HTK_Project\touch-24\TOUCH-24.OBJ
Input Object File: C:\Hamed-PC\Projects\HTK_Project\touch-24\STARTUP1_L.OBJ

Input Library File: C:\Program Files\Holtek MCU Development Tools\HT-IDE3000V8.x\LIB\LIBHOLTEKGCC.LIB
Input Library File: C:\Program Files\Holtek MCU Development Tools\HT-IDE3000V8.x\LIB\v3_tabrd_mrsc.lib


     Bank    Start     End      Length     Class    AvgIns    Name
     00h     0000h     0000h    0001h      CODE               @code (C:\Hamed-PC\Projects\HTK_Project\touch-24\TOUCH-24.OBJ)
     00h     0004h     0004h    0001h      CODE               @int0_code (C:\Hamed-PC\Projects\HTK_Project\touch-24\TOUCH-24.OBJ)
     00h     0005h     0009h    0005h      CODE               _format_memory (C:\Hamed-PC\Projects\HTK_Project\touch-24\TOUCH-24.OBJ)
     00h     000ch     000fh    0004h      CODE               @timer_code (C:\Hamed-PC\Projects\HTK_Project\touch-24\TOUCH-24.OBJ)
     00h     0010h     0020h    0011h      CODE               _eeprom_read (C:\Hamed-PC\Projects\HTK_Project\touch-24\TOUCH-24.OBJ)
     00h     0028h     0028h    0001h      CODE               @TOUCH_ISR_code (C:\Hamed-PC\Projects\HTK_Project\touch-24\TOUCH-24.OBJ)
     00h     0029h     0049h    0021h      CODE               @start (C:\Hamed-PC\Projects\HTK_Project\touch-24\TOUCH-24.OBJ)
     00h     004ah     0067h    001eh      CODE               _delay_10us (C:\Hamed-PC\Projects\HTK_Project\touch-24\TOUCH-24.OBJ)
     00h     0068h     009eh    0037h      CODE               _delay_ms (C:\Hamed-PC\Projects\HTK_Project\touch-24\TOUCH-24.OBJ)
     00h     009fh     00b0h    0012h      CODE               _eeprom_write (C:\Hamed-PC\Projects\HTK_Project\touch-24\TOUCH-24.OBJ)
     00h     00b1h     00e2h    0032h      CODE               _find_remote_index (C:\Hamed-PC\Projects\HTK_Project\touch-24\TOUCH-24.OBJ)
     00h     00e3h     010eh    002ch      CODE               _find_empty_slot (C:\Hamed-PC\Projects\HTK_Project\touch-24\TOUCH-24.OBJ)
     00h     010fh     012fh    0021h      CODE               _remove_remote (C:\Hamed-PC\Projects\HTK_Project\touch-24\TOUCH-24.OBJ)
     00h     0130h     0171h    0042h      CODE               _check_remote (C:\Hamed-PC\Projects\HTK_Project\touch-24\TOUCH-24.OBJ)
     00h     0172h     01b9h    0048h      CODE               _learn_remote (C:\Hamed-PC\Projects\HTK_Project\touch-24\TOUCH-24.OBJ)
     00h     01bah     01d1h    0018h      CODE               _TuochKeyInit (C:\Hamed-PC\Projects\HTK_Project\touch-24\TOUCH-24.OBJ)
     00h     01d2h     02dah    0109h      CODE               _Key_Touch (C:\Hamed-PC\Projects\HTK_Project\touch-24\TOUCH-24.OBJ)
     00h     02dbh     0329h    004fh      CODE               _CalibrTuoch (C:\Hamed-PC\Projects\HTK_Project\touch-24\TOUCH-24.OBJ)
     00h     032ah     036ch    0043h      CODE               _Key_Select (C:\Hamed-PC\Projects\HTK_Project\touch-24\TOUCH-24.OBJ)
     00h     036dh     041dh    00b1h      CODE               _timer (C:\Hamed-PC\Projects\HTK_Project\touch-24\TOUCH-24.OBJ)
     00h     041eh     0453h    0036h      CODE               _main (C:\Hamed-PC\Projects\HTK_Project\touch-24\TOUCH-24.OBJ)
     00h     0454h     0469h    0016h      CODE               @ROMDATA_BASE (C:\Hamed-PC\Projects\HTK_Project\touch-24\STARTUP1_L.OBJ)
     00h     046ah     0473h    000ah      CODE               __DELAYX (C:\Program Files\Holtek MCU Development Tools\HT-IDE3000V8.x\LIB\LIBHOLTEKGCC.LIB)
     00h     0474h     0492h    001fh      CODE               _builtin_holtek_mulsi3_isr00 (C:\Program Files\Holtek MCU Development Tools\HT-IDE3000V8.x\LIB\LIBHOLTEKGCC.LIB)
     00h     0493h     04d5h    0043h      CODE               _builtin_holtek_divmodsi4_isr00 (C:\Program Files\Holtek MCU Development Tools\HT-IDE3000V8.x\LIB\LIBHOLTEKGCC.LIB)
     00h     0060h     0084h    0025h      DATA     4.4324    @HCCINIT (C:\Hamed-PC\Projects\HTK_Project\touch-24\TOUCH-24.OBJ)
     00h     0085h     0091h    000dh      DATA     2.3077    @HCCINIT0 (C:\Hamed-PC\Projects\HTK_Project\touch-24\TOUCH-24.OBJ)
     00h     0092h     0092h    0001h      DATA     0         @BITDATASEC1 (C:\Hamed-PC\Projects\HTK_Project\touch-24\STARTUP1_L.OBJ)
     00h     0093h     0093h    0001h      DATA     0         @BITDATASEC (C:\Hamed-PC\Projects\HTK_Project\touch-24\STARTUP1_L.OBJ)
     00h     0094h     0094h    0001h      DATA     79        @data_ra (C:\Program Files\Holtek MCU Development Tools\HT-IDE3000V8.x\LIB\LIBHOLTEKGCC.LIB)
     00h     0095h     0095h    0001h      DATA     12        @data_rb (C:\Program Files\Holtek MCU Development Tools\HT-IDE3000V8.x\LIB\LIBHOLTEKGCC.LIB)
     00h     0096h     0096h    0001h      DATA     2         @data_rc (C:\Program Files\Holtek MCU Development Tools\HT-IDE3000V8.x\LIB\LIBHOLTEKGCC.LIB)
     00h     0097h     0097h    0001h      DATA     13        @data_rd (C:\Program Files\Holtek MCU Development Tools\HT-IDE3000V8.x\LIB\LIBHOLTEKGCC.LIB)
     00h     0098h     0098h    0001h      DATA     13        @data_re (C:\Program Files\Holtek MCU Development Tools\HT-IDE3000V8.x\LIB\LIBHOLTEKGCC.LIB)
     00h     0099h     0099h    0001h      DATA     13        @data_rf (C:\Program Files\Holtek MCU Development Tools\HT-IDE3000V8.x\LIB\LIBHOLTEKGCC.LIB)
     00h     009ah     009ah    0001h      DATA     13        @data_rg (C:\Program Files\Holtek MCU Development Tools\HT-IDE3000V8.x\LIB\LIBHOLTEKGCC.LIB)
     00h     009bh     009bh    0001h      DATA     2         @data_r10c (isr:ra~rh)
     00h     009ch     009ch    0001h      DATA     2         @data_r20c (isr:ra~rh)
     00h     009dh     009dh    0001h      DATA     2         @data_r30c (isr:ra~rh)
     00h     009eh     009eh    0001h      DATA     2         @data_r40c (isr:ra~rh)
     00h     009fh     009fh    0001h      DATA     2         @data_r50c (isr:ra~rh)
     00h     00a0h     00a0h    0001h      DATA     13        @data_ra0c (isr:ra~rh)
     00h     00a1h     00a1h    0001h      DATA     9         @data_rb0c (isr:ra~rh)
     00h     00a2h     00a2h    0001h      DATA     2         @data_rc0c (isr:ra~rh)

     Local Sections

     Bank    Start     End      Length     Class    AvgIns    Name
     00h     00a3h     00a3h    0000h      LOCAL    0         @dummy12 (C:\Hamed-PC\Projects\HTK_Project\touch-24\TOUCH-24.OBJ)
     00h     00a3h     00a3h    0000h      LOCAL    0         _timer (C:\Hamed-PC\Projects\HTK_Project\touch-24\TOUCH-24.OBJ)
     00h     00b9h     00b9h    0000h      LOCAL    0         @dummy (C:\Hamed-PC\Projects\HTK_Project\touch-24\TOUCH-24.OBJ)
     00h     00b9h     00b9h    0000h      LOCAL    0         _main (C:\Hamed-PC\Projects\HTK_Project\touch-24\TOUCH-24.OBJ)
     00h     00afh     00b6h    0008h      LOCAL    13.5      _delay_ms (C:\Hamed-PC\Projects\HTK_Project\touch-24\TOUCH-24.OBJ)
     00h     00a3h     00aeh    000ch      LOCAL    3.0833    _builtin_holtek_mulsi3_isr00 (C:\Program Files\Holtek MCU Development Tools\HT-IDE3000V8.x\LIB\LIBHOLTEKGCC.LIB)
     00h     00a3h     00a3h    0000h      LOCAL    0         _TuochKeyInit (C:\Hamed-PC\Projects\HTK_Project\touch-24\TOUCH-24.OBJ)
     00h     00b7h     00b8h    0002h      LOCAL    2         _CalibrTuoch (C:\Hamed-PC\Projects\HTK_Project\touch-24\TOUCH-24.OBJ)
     00h     00a3h     00a6h    0004h      LOCAL    3         _delay_10us (C:\Hamed-PC\Projects\HTK_Project\touch-24\TOUCH-24.OBJ)
     00h     00a3h     00b0h    000eh      LOCAL    5.6429    _builtin_holtek_divmodsi4_isr00 (C:\Program Files\Holtek MCU Development Tools\HT-IDE3000V8.x\LIB\LIBHOLTEKGCC.LIB)
     00h     00a3h     00a3h    0001h      LOCAL    1         _eeprom_read (C:\Hamed-PC\Projects\HTK_Project\touch-24\TOUCH-24.OBJ)
     00h     00a3h     00a4h    0002h      LOCAL    5.5       _eeprom_write (C:\Hamed-PC\Projects\HTK_Project\touch-24\TOUCH-24.OBJ)
     00h     00a3h     00a3h    0000h      LOCAL    0         __DELAYX (C:\Program Files\Holtek MCU Development Tools\HT-IDE3000V8.x\LIB\LIBHOLTEKGCC.LIB)
     00h     00b1h     00b1h    0000h      LOCAL    0         _Key_Select (C:\Hamed-PC\Projects\HTK_Project\touch-24\TOUCH-24.OBJ)
     00h     00b8h     00b8h    0000h      LOCAL    0         _Key_Touch (C:\Hamed-PC\Projects\HTK_Project\touch-24\TOUCH-24.OBJ)
     00h     00a5h     00a5h    0000h      LOCAL    0         _format_memory (C:\Hamed-PC\Projects\HTK_Project\touch-24\TOUCH-24.OBJ)
     00h     00b7h     00b7h    0001h      LOCAL    4         _learn_remote (C:\Hamed-PC\Projects\HTK_Project\touch-24\TOUCH-24.OBJ)
     00h     00a4h     00a4h    0001h      LOCAL    4         _find_remote_index (C:\Hamed-PC\Projects\HTK_Project\touch-24\TOUCH-24.OBJ)
     00h     00a4h     00a4h    0001h      LOCAL    4         _find_empty_slot (C:\Hamed-PC\Projects\HTK_Project\touch-24\TOUCH-24.OBJ)
     00h     00b7h     00b7h    0001h      LOCAL    4         _remove_remote (C:\Hamed-PC\Projects\HTK_Project\touch-24\TOUCH-24.OBJ)
     00h     00b7h     00b7h    0001h      LOCAL    4         _check_remote (C:\Hamed-PC\Projects\HTK_Project\touch-24\TOUCH-24.OBJ)

     Public Symbols Information
     Address            Public by Name
     0071h              _Bit
     0072h              _Buffer
     0078h              _CalibrCount
     0077h              _CalibrSample
     02dbh              _CalibrTuoch
     0074h              _Count
     0081h              _Count_C1
     007dh              _Count_C1_Backup
     007bh              _Count_S1
     0079h              _Count_T1
     0073h              _Count_format
     008fh              _Data
     008ch              _DataM
     0093h[2]           _Finish
     0093h[3]           _Frist
     032ah              _Key_Select
     01d2h              _Key_Touch
     0093h[0]           _LearnRF
     0093h[4]           _Lock
     0089h              _RFData
     0060h              _RF_Mode
     0093h[5]           _Start
     0028h              _TOUCH_ISR
     0076h              _Timedown
     01bah              _TuochKeyInit
     0470h              __DELAYX0
     046fh              __DELAYX1
     046eh              __DELAYX2
     046dh              __DELAYX3
     046ch              __DELAYX4
     046bh              __DELAYX5
     046ah              __DELAYX6
     0092h[0]           _bizer
     0093h[1]           _bizer_rf
     0474h              _builtin_holtek_mulsi3_isr00
     00a7h              _builtin_holtek_mulsi3_isr00_2
     0493h              _builtin_holtek_udivmodsi4_isr00
     0130h              _check_remote
     0070h              _count_RF_seve
     004ah              _delay_10us
     00a3h              _delay_10us_2
     0068h              _delay_ms
     00afh              _delay_ms_2
     0010h              _eeprom_read
     009fh              _eeprom_write
     0075h              _eerom
     0063h              _fast_touch_count
     0061h              _fast_touch_timer
     00e3h              _find_empty_slot
     00b1h              _find_remote_index
     0005h              _format_memory
     0065h              _frame_ok_count
     006fh              _i
     0004h              _int0
     0086h              _last_frame
     0172h              _learn_remote
     0066h              _learn_timeout
     041eh              _main
     0064h              _noise_count
     0085h              _remote_count
     010fh              _remove_remote
     006eh              _rf_bit_index
     006ch              _rf_buffer
     006dh              _rf_byte_index
     006ah              _rf_sync
     006bh              _rf_valid
     036dh              _timer
     009bh              r10c
     009ch              r20c
     009dh              r30c
     009eh              r40c
     009fh              r50c
     0094h              ra
     00a0h              ra0c
     0095h              rb
     00a1h              rb0c
     0096h              rc
     00a2h              rc0c
     0097h              rd
     0098h              re
     0099h              rf
     009ah              rg
     0453h              startup_value_1

     Address            Public by Value
     0004h              _int0
     0005h              _format_memory
     0010h              _eeprom_read
     0028h              _TOUCH_ISR
     004ah              _delay_10us
     0060h              _RF_Mode
     0061h              _fast_touch_timer
     0063h              _fast_touch_count
     0064h              _noise_count
     0065h              _frame_ok_count
     0066h              _learn_timeout
     0068h              _delay_ms
     006ah              _rf_sync
     006bh              _rf_valid
     006ch              _rf_buffer
     006dh              _rf_byte_index
     006eh              _rf_bit_index
     006fh              _i
     0070h              _count_RF_seve
     0071h              _Bit
     0072h              _Buffer
     0073h              _Count_format
     0074h              _Count
     0075h              _eerom
     0076h              _Timedown
     0077h              _CalibrSample
     0078h              _CalibrCount
     0079h              _Count_T1
     007bh              _Count_S1
     007dh              _Count_C1_Backup
     0081h              _Count_C1
     0085h              _remote_count
     0086h              _last_frame
     0089h              _RFData
     008ch              _DataM
     008fh              _Data
     0094h              ra
     0095h              rb
     0096h              rc
     0097h              rd
     0098h              re
     0099h              rf
     009ah              rg
     009bh              r10c
     009ch              r20c
     009dh              r30c
     009eh              r40c
     009fh              r50c
     009fh              _eeprom_write
     00a0h              ra0c
     00a1h              rb0c
     00a2h              rc0c
     00a3h              _delay_10us_2
     00a7h              _builtin_holtek_mulsi3_isr00_2
     00afh              _delay_ms_2
     00b1h              _find_remote_index
     00e3h              _find_empty_slot
     010fh              _remove_remote
     0130h              _check_remote
     0172h              _learn_remote
     01bah              _TuochKeyInit
     01d2h              _Key_Touch
     02dbh              _CalibrTuoch
     032ah              _Key_Select
     036dh              _timer
     041eh              _main
     0453h              startup_value_1
     046ah              __DELAYX6
     046bh              __DELAYX5
     046ch              __DELAYX4
     046dh              __DELAYX3
     046eh              __DELAYX2
     046fh              __DELAYX1
     0470h              __DELAYX0
     0474h              _builtin_holtek_mulsi3_isr00
     0092h[0]           _bizer
     0493h              _builtin_holtek_udivmodsi4_isr00
     0093h[0]           _LearnRF
     0093h[1]           _bizer_rf
     0093h[2]           _Finish
     0093h[3]           _Frist
     0093h[4]           _Lock
     0093h[5]           _Start


ROM Usage Statistics
     Size      Used     Percentage
     0800h     04cah    59%

RAM Usage Statistics
    Bank      Size      Used     Percentage
     00h       0080h     0059h    69%
     Total     0080h     0059h    69%

Use Stack Count
_timer: 0
_main: 4

Call Tree
    @dummy12
        _timer (0)
    @dummy
        _main (0)
            _delay_ms (1)
                _builtin_holtek_mulsi3_isr00 (2)
            _TuochKeyInit (1)
            _CalibrTuoch (1)
                _delay_10us (2)
                _delay_ms (2)
                    _builtin_holtek_mulsi3_isr00 (3)
                _builtin_holtek_divmodsi4_isr00 (2)
            _eeprom_read (1)
            _eeprom_write (1)
            __DELAYX (1)
            _Key_Select (1)
                _builtin_holtek_divmodsi4_isr00 (2)
            _Key_Touch (1)
                _delay_ms (2)
                    _builtin_holtek_mulsi3_isr00 (3)
                _format_memory (2)
                    _eeprom_write (3)
                _learn_remote (2)
                    _find_remote_index (3)
                        _eeprom_read (4)
                    _delay_ms (3)
                        _builtin_holtek_mulsi3_isr00 (4)
                    _find_empty_slot (3)
                        _eeprom_read (4)
                    _eeprom_write (3)
                _remove_remote (2)
                    _find_remote_index (3)
                        _eeprom_read (4)
                    _eeprom_write (3)
                    _delay_ms (3)
                        _builtin_holtek_mulsi3_isr00 (4)
                _check_remote (2)
                    _eeprom_read (3)
                    _delay_ms (3)
                        _builtin_holtek_mulsi3_isr00 (4)

HLINK: Program entry point at section '@code' (address 0) of file 'C:\Hamed-PC\Projects\HTK_Project\touch-24\TOUCH-24.OBJ'

Total 0 error(s), Total 0 Warning(s)
