"File: prid2.c       Assembler  Version HGASM0202      Page 1


   1  0000              ; Generated by holtek-gcc v3.19, Wed Sep 20 12:55:15 2023
   2  0000              ; 
   3  0000              ; Configuration:
   4  0000              ;       without long instruction
   5  0000              ;       Single ROM, Multi-RAM
   6  0000              ;       bits_per_rom_unit:16
   7  0000              ;       with mp1
   8  0000              ;       with tbhp, address(0x9)
   9  0000              ;          Use tabrd-const
  10  0000              ;       
  11  0000              ;       
  12  0000              ;       
  13  0000              ; use 'tabrdc' instead of 'tabrd'
  14  0000              ;       
  15  0000              
  16  0000              #pragma translator "holtek-gcc 4.6.4" "3.19" "build 20130711"
  17  0000              ; Rebuild 718
  18  0000              
  19  0000              ir equ [2]
  20  0000              mp equ [3]
  21  0000              sbp equ [1]
  22  0000              acc equ [5]
  23  0000              bp equ [4]
  24  0000              tblp equ [7]
  25  0000              tbhp equ [9]
  26  0000              status equ [10]
  27  0000              c equ [10].0
  28  0000              ac equ [10].1
  29  0000              z equ [10].2
  30  0000              ov equ [10].3
  31  0000              intc equ [11]
  32  0000              
  33  0000              extern ra:byte
  34  0000              extern rb:byte
  35  0000              extern rc:byte
  36  0000              extern rd:byte
  37  0000              extern re:byte
  38  0000              extern rf:byte
  39  0000              extern rg:byte
  40  0000              extern rh:byte
  41  0000              extern _Crom2Prom:near
  42  0000              extern _Crom2PromNext:near
  43  0000              
  44  0000              RAMBANK 0 @HCCINIT, @HCCINIT0
  45  0000              
  46  0000              RAMBANK 0 @BITDATASEC, @BITDATASEC1
  47  0000              @HCCINIT	.section 'data'
  48  0000              @HCCINIT0	.section 'data'
  49  0000              @BITDATASEC	 .section 'data'
  50  0000              @BITDATASEC1	 .section 'data'
  51  0000              
  52  0000              #pragma debug scope 1 1
  53  0000              	extern __DELAY3:near
  54  0000              	extern __DELAYX3:near
  55  0000              	extern __DELAYX6:near
  56  0000              	extern __DELAYY5:near
  57  0000              	extern __DELAYY3:near
  58  0000              	extern _builtin_holtek_delay_2:byte
  59  0000              public _timer
"File: prid2.ASM     Assembler  Version HGASM0202      Page 2

  60  0000              #pragma debug scope 2 1

  23  0000              #line 23 "E:\hamed\touch2\touch1\prid2.c"
  23  0000              @timer_code .section at 12 'code'
  23  0000  0080     E  	mov r1,a
  23  0001  070A        	mov a,status
  23  0002  0080     E  	mov r2,a
  23  0003  2800     R  	jmp _timer
  23  0004              #pragma debug scope 1 1
  23  0004              @dummy12 endp
  23  0004              #pragma debug scope 3 1
  23  0000              _timer .section 'code'
  23  0000              _timer proc
  24  0000              #line 24 "E:\hamed\touch2\touch1\prid2.c"
  24  0000  1480     R  	inc _counter[0]
  24  0001  3D0A        	sz z
  24  0002  1480     R  	inc _counter[1]
  25  0003              #line 25 "E:\hamed\touch2\touch1\prid2.c"
  25  0003  0700     R  	mov a,_counter[0]
  25  0004  0CE8        	xor a,232
  25  0005  0700     R  	mov a,_counter[1]
  25  0006  3D0A        	sz z
  25  0007  0C03        	xor a,3
  25  0008  390A        	snz z
  25  0009  2800     R  	jmp _L1
  26  000A              #line 26 "E:\hamed\touch2\touch1\prid2.c"
  26  000A  1F00     R  	clr _counter[0]
  26  000B  1F00     R  	clr _counter[1]
  26  000C              _L1:
  26  000C  0700     E  	mov a,r2
  26  000D  008A        	mov status,a
  26  000E  0700     E  	mov a,r1
  26  000F  0004        	reti
  26  0010              _timer endp
  26  0010              
  26  0010              #line 26 "E:\hamed\touch2\touch1\prid2.c"
  26  0010              #pragma debug scope 1 1
  26  0010              public _Delay
  26  0010              #pragma debug scope 4 1
  35  0010              #line 35 "E:\hamed\touch2\touch1\prid2.c"
  35  0000              _Delay .section 'code'
  35  0000              _Delay proc
  35  0000              public _Delay_2
  35  0000  0008[           local _Delay_2 db 8 dup(?)	; 4,4
            00
            ]
  35  0008              #pragma debug variable 14 4 _Delay_2+0 "count"
  35  0008              #pragma debug variable 14 4 _Delay_2+4 "i"
  37  0008              #line 37 "E:\hamed\touch2\touch1\prid2.c"
  37  0000  1F00     R  	clr _Delay_2[4]
  37  0001  1F00     R  	clr _Delay_2[5]
  37  0002  1F00     R  	clr _Delay_2[6]
  37  0003  1F00     R  	clr _Delay_2[7]
  37  0004  2800     R  	jmp _L5
  37  0005              _L6:
  39  0005              #line 39 "E:\hamed\touch2\touch1\prid2.c"
  39  0005              ;# 39 "E:\hamed\touch2\touch1\prid2.c" 1
  39  0005  0000        	nop
  40  0006              #line 40 "E:\hamed\touch2\touch1\prid2.c"
  40  0006              ;# 40 "E:\hamed\touch2\touch1\prid2.c" 1
"File: prid2.c       Assembler  Version HGASM0202      Page 3

  40  0006  0001        	clr wdt
  37  0007              #line 37 "E:\hamed\touch2\touch1\prid2.c"
  37  0007  0F01        	mov a,1
  37  0008  0380     R  	addm a,_Delay_2[4]
  37  0009  0F00        	mov a,0
  37  000A  1380     R  	adcm a,_Delay_2[5]
  37  000B  1380     R  	adcm a,_Delay_2[6]
  37  000C  1380     R  	adcm a,_Delay_2[7]
  37  000D              _L5:
  37  000D  0700     R  	mov a,_Delay_2[4]
  37  000E  0200     R  	sub a,_Delay_2[0]
  37  000F  0700     R  	mov a,_Delay_2[5]
  37  0010  1200     R  	sbc a,_Delay_2[1]
  37  0011  0700     R  	mov a,_Delay_2[6]
  37  0012  1200     R  	sbc a,_Delay_2[2]
  37  0013  0700     R  	mov a,_Delay_2[7]
  37  0014  1200     R  	sbc a,_Delay_2[3]
  37  0015  380A        	snz c
  37  0016  2800     R  	jmp _L6
  37  0017  0003        	ret
  37  0018              _Delay endp
  37  0018              #line 37 "E:\hamed\touch2\touch1\prid2.c"
  37  0018              #pragma debug scope 1 1
  37  0018              ___tmrc equ [29]
  37  0018              ___intc0 equ [14]
  37  0018              ___smod equ [11]
  37  0018              ___pac equ [21]
  37  0018              ___tktmr equ [67]
  37  0018              ___tkc0 equ [68]
  37  0018              ___tkc1 equ [71]
  37  0018              ___tkm0rol equ [74]
  37  0018              ___tkm0roh equ [75]
  37  0018              ___tkm0c0 equ [76]
  37  0018              ___tkm0c1 equ [77]
  37  0018              public _init
  37  0018              #pragma debug scope 5 1
  47  0018              #line 47 "E:\hamed\touch2\touch1\prid2.c"
  47  0000              _init .section 'code'
  47  0000              _init proc
  53  0000              #line 53 "E:\hamed\touch2\touch1\prid2.c"
  53  0000  369D        	clr [29].5
  54  0001              #line 54 "E:\hamed\touch2\touch1\prid2.c"
  54  0001  321D        	set [29].4
  56  0002              #line 56 "E:\hamed\touch2\touch1\prid2.c"
  56  0002  301D        	set [29].0
  57  0003              #line 57 "E:\hamed\touch2\touch1\prid2.c"
  57  0003  349D        	clr [29].1
  58  0004              #line 58 "E:\hamed\touch2\touch1\prid2.c"
  58  0004  311D        	set [29].2
  61  0005              #line 61 "E:\hamed\touch2\touch1\prid2.c"
  61  0005  300E        	set [14].0
  62  0006              #line 62 "E:\hamed\touch2\touch1\prid2.c"
  62  0006  300B        	set [11].0
  64  0007              #line 64 "E:\hamed\touch2\touch1\prid2.c"
  64  0007  330E        	set [14].6
  65  0008              #line 65 "E:\hamed\touch2\touch1\prid2.c"
  65  0008  318E        	set [14].3
  72  0009              #line 72 "E:\hamed\touch2\touch1\prid2.c"
  72  0009  0F01        	mov a,1
  72  000A  008B        	mov [11],a
"File: prid2.c       Assembler  Version HGASM0202      Page 4

  84  000B              #line 84 "E:\hamed\touch2\touch1\prid2.c"
  84  000B  3515        	clr [21].2
  92  000C              #line 92 "E:\hamed\touch2\touch1\prid2.c"
  92  000C  0F64        	mov a,100
  92  000D  00C3        	mov [67],a
  99  000E              #line 99 "E:\hamed\touch2\touch1\prid2.c"
  99  000E  3044        	set [68].0
 100  000F              #line 100 "E:\hamed\touch2\touch1\prid2.c"
 100  000F  30C4        	set [68].1
 107  0010              #line 107 "E:\hamed\touch2\touch1\prid2.c"
 107  0010  3047        	set [71].0
 108  0011              #line 108 "E:\hamed\touch2\touch1\prid2.c"
 108  0011  30C7        	set [71].1
 112  0012              #line 112 "E:\hamed\touch2\touch1\prid2.c"
 112  0012  0FC8        	mov a,200
 112  0013  00CA        	mov [74],a
 113  0014              #line 113 "E:\hamed\touch2\touch1\prid2.c"
 113  0014  1F4B        	clr [75]
 119  0015              #line 119 "E:\hamed\touch2\touch1\prid2.c"
 119  0015  334C        	set [76].6
 120  0016              #line 120 "E:\hamed\touch2\touch1\prid2.c"
 120  0016  37CC        	clr [76].7
 125  0017              #line 125 "E:\hamed\touch2\touch1\prid2.c"
 125  0017  36CC        	clr [76].5
 127  0018              #line 127 "E:\hamed\touch2\touch1\prid2.c"
 127  0018  324C        	set [76].4
 131  0019              #line 131 "E:\hamed\touch2\touch1\prid2.c"
 131  0019  31CC        	set [76].3
 136  001A              #line 136 "E:\hamed\touch2\touch1\prid2.c"
 136  001A  314C        	set [76].2
 137  001B              #line 137 "E:\hamed\touch2\touch1\prid2.c"
 137  001B  34CC        	clr [76].1
 138  001C              #line 138 "E:\hamed\touch2\touch1\prid2.c"
 138  001C  344C        	clr [76].0
 141  001D              #line 141 "E:\hamed\touch2\touch1\prid2.c"
 141  001D  37CD        	clr [77].7
 143  001E              #line 143 "E:\hamed\touch2\touch1\prid2.c"
 143  001E  32CD        	set [77].5
 146  001F              #line 146 "E:\hamed\touch2\touch1\prid2.c"
 146  001F  324D        	set [77].4
 152  0020              #line 152 "E:\hamed\touch2\touch1\prid2.c"
 152  0020  30CD        	set [77].1
 152  0021  0003        	ret
 152  0022              _init endp
 152  0022              #line 152 "E:\hamed\touch2\touch1\prid2.c"
 152  0022              #pragma debug scope 1 1
 152  0022              ___tkm016dh equ [73]
 152  0022              ___tkm016dl equ [72]
 152  0022              ___pa equ [20]
 152  0022              public _main
 152  0022              #pragma debug scope 6 1
 162  0022              #line 162 "E:\hamed\touch2\touch1\prid2.c"
 162  0022              IFDEF WITH_DEFAULT_STARTUP
 162  0022              extern _main_initial0:near
 162  0022              extern _main_startup:near
 162  0022              ENDIF
 162  0022              
 162  0022              ROMBANK 0 @start
 162  0000              @start .section com_l 'code'
 162  0000              _main_startup1:
"File: prid2.c       Assembler  Version HGASM0202      Page 5

 162  0000              @start .section com_e 'code'
 162  0000  2800     R  	jmp _main
 162  0001              
 162  0000              _main .section 'code'
 162  0000              _main proc
 162  0000  0016[           local _main_2 db 22 dup(?)
            00
            ]
 163  0016              #line 163 "E:\hamed\touch2\touch1\prid2.c"
 163  0000  2000     R  	call _init
 164  0001              #line 164 "E:\hamed\touch2\touch1\prid2.c"
 164  0001  0F10        	mov a,16
 164  0002  0080     R  	mov _Delay_2[0],a
 164  0003  0F27        	mov a,39
 164  0004  0080     R  	mov _Delay_2[1],a
 164  0005  1F00     R  	clr _Delay_2[2]
 164  0006  1F00     R  	clr _Delay_2[3]
 164  0007  2000     R  	call _Delay
 167  0008              #line 167 "E:\hamed\touch2\touch1\prid2.c"
 167  0008  36C4        	clr [68].5
 168  0009              #line 168 "E:\hamed\touch2\touch1\prid2.c"
 168  0009  1F00     R  	clr _i[0]
 168  000A  1F00     R  	clr _i[1]
 168  000B              _L9:
 168  000B              #line 168 "E:\hamed\touch2\touch1\prid2.c"
 168  000B  0F13        	mov a,19
 168  000C  0200     R  	sub a,_i[0]
 168  000D  0F00        	mov a,0
 168  000E  1200     R  	sbc a,_i[1]
 168  000F  1185        	swap acc
 168  0010  040A        	xor a,status
 168  0011  3D85        	sz acc.3
 168  0012  2800     R  	jmp _L30
 170  0013              #line 170 "E:\hamed\touch2\touch1\prid2.c"
 170  0013  32CD        	set [77].5
 171  0014              #line 171 "E:\hamed\touch2\touch1\prid2.c"
 171  0014  324D        	set [77].4
 172  0015              #line 172 "E:\hamed\touch2\touch1\prid2.c"
 172  0015  32C4        	set [68].5
 172  0016              _L11:
 174  0016              #line 174 "E:\hamed\touch2\touch1\prid2.c"
 174  0016  3B44        	snz [68].6
 174  0017  2800     R  	jmp _L11
 176  0018              #line 176 "E:\hamed\touch2\touch1\prid2.c"
 176  0018  0749        	mov a,[73]
 176  0019  0080     R  	mov _main_2[1],a
 176  001A  1F00     R  	clr _main_2[0]
 176  001B  0700     R  	mov a,_main_2[1]
 176  001C  0080     E  	mov rc,a
 176  001D  0748        	mov a,[72]
 176  001E  0500     R  	or a,_main_2[0]
 176  001F  0080     E  	mov rb,a
 176  0020  0700     E  	mov a,rb
 176  0021  0080     R  	mov _touch[0],a
 176  0022  0700     E  	mov a,rc
 176  0023  0080     R  	mov _touch[1],a
 177  0024              #line 177 "E:\hamed\touch2\touch1\prid2.c"
 177  0024  0700     E  	mov a,rb
 177  0025  0380     R  	addm a,_touchThreshold[0]
 177  0026  0700     E  	mov a,rc
"File: prid2.c       Assembler  Version HGASM0202      Page 6

 177  0027  1380     R  	adcm a,_touchThreshold[1]
 177  0028  1F05        	clr acc
 177  0029  1380     R  	adcm a,_touchThreshold[2]
 177  002A  1380     R  	adcm a,_touchThreshold[3]
 179  002B              #line 179 "E:\hamed\touch2\touch1\prid2.c"
 179  002B  3744        	clr [68].6
 180  002C              #line 180 "E:\hamed\touch2\touch1\prid2.c"
 180  002C  36C4        	clr [68].5
 183  002D              #line 183 "E:\hamed\touch2\touch1\prid2.c"
 183  002D  0FD0        	mov a,-48
 183  002E  0080     R  	mov _Delay_2[0],a
 183  002F  0F07        	mov a,7
 183  0030  0080     R  	mov _Delay_2[1],a
 183  0031  1F00     R  	clr _Delay_2[2]
 183  0032  1F00     R  	clr _Delay_2[3]
 183  0033  2000     R  	call _Delay
 168  0034              #line 168 "E:\hamed\touch2\touch1\prid2.c"
 168  0034  1480     R  	inc _i[0]
 168  0035  3D0A        	sz z
 168  0036  1480     R  	inc _i[1]
 168  0037  2800     R  	jmp _L9
 168  0038              _L30:
 185  0038              #line 185 "E:\hamed\touch2\touch1\prid2.c"
 185  0038  1F00     E  	clr _builtin_holtek_udivmodsi4_2[12]
 185  0039  0700     R  	mov a,_touchThreshold[0]  
 185  003A  0080     E  	mov _builtin_holtek_udivmodsi4_2[0],a  
 185  003B  0700     R  	mov a,_touchThreshold[1]  
 185  003C  0080     E  	mov _builtin_holtek_udivmodsi4_2[1],a
 185  003D  0700     R  	mov a,_touchThreshold[2]  
 185  003E  0080     E  	mov _builtin_holtek_udivmodsi4_2[2],a  
 185  003F  0700     R  	mov a,_touchThreshold[3]  
 185  0040  0080     E  	mov _builtin_holtek_udivmodsi4_2[3],a
 185  0041  0F14        	mov a,20  
 185  0042  0080     E  	mov _builtin_holtek_udivmodsi4_2[4],a  
 185  0043  0F00        	mov a,0  
 185  0044  0080     E  	mov _builtin_holtek_udivmodsi4_2[5],a
 185  0045  1F00     E  	clr _builtin_holtek_udivmodsi4_2[6]
 185  0046  1F00     E  	clr _builtin_holtek_udivmodsi4_2[7]
 185  0047  2000     E  	call _builtin_holtek_udivmodsi4
 185  0048  0700     E  	mov a,_builtin_holtek_udivmodsi4_2[0]  
 185  0049  0080     E  	mov rd,a  
 185  004A  0700     E  	mov a,_builtin_holtek_udivmodsi4_2[1]  
 185  004B  0080     E  	mov re,a
 185  004C  0700     E  	mov a,_builtin_holtek_udivmodsi4_2[2]  
 185  004D  0080     E  	mov rf,a  
 185  004E  0700     E  	mov a,_builtin_holtek_udivmodsi4_2[3]  
 185  004F  0080     E  	mov rg,a
 185  0050  0700     E  	mov a,rd
 185  0051  0080     R  	mov _touchThreshold[0],a
 185  0052  0700     E  	mov a,re
 185  0053  0080     R  	mov _touchThreshold[1],a
 185  0054  0700     E  	mov a,rf
 185  0055  0080     R  	mov _touchThreshold[2],a
 185  0056  0700     E  	mov a,rg
 185  0057  0080     R  	mov _touchThreshold[3],a
 189  0058              #line 189 "E:\hamed\touch2\touch1\prid2.c"
 189  0058  32CD        	set [77].5
 190  0059              #line 190 "E:\hamed\touch2\touch1\prid2.c"
 190  0059  324D        	set [77].4
 191  005A              #line 191 "E:\hamed\touch2\touch1\prid2.c"
"File: prid2.c       Assembler  Version HGASM0202      Page 7

 191  005A  32C4        	set [68].5
 191  005B  0700     R  	mov a,_touch[0]
 191  005C  0080     R  	mov _main_2[18],a
 191  005D  0700     R  	mov a,_touch[1]
 191  005E  0080     R  	mov _main_2[19],a
 191  005F  0700     E  	mov a,rd
 191  0060  0080     R  	mov _main_2[10],a
 191  0061  0700     E  	mov a,re
 191  0062  0080     R  	mov _main_2[11],a
 191  0063  0700     E  	mov a,rf
 191  0064  0080     R  	mov _main_2[12],a
 191  0065  0700     E  	mov a,rg
 191  0066  0080     R  	mov _main_2[13],a
 191  0067  0700     R  	mov a,_alltouch[0]
 191  0068  0080     R  	mov _main_2[0],a
 191  0069  0700     R  	mov a,_alltouch[1]
 191  006A  0080     R  	mov _main_2[1],a
 191  006B  0700     R  	mov a,_alltouch[2]
 191  006C  0080     R  	mov _main_2[2],a
 191  006D  0700     R  	mov a,_alltouch[3]
 191  006E  0080     R  	mov _main_2[3],a
 191  006F  0700     R  	mov a,_fingerCounter[0]
 191  0070  0080     R  	mov _main_2[4],a
 191  0071  0700     R  	mov a,_fingerCounter[1]
 191  0072  0080     R  	mov _main_2[5],a
 191  0073  0700     R  	mov a,_fingerCounter[2]
 191  0074  0080     R  	mov _main_2[6],a
 191  0075  0700     R  	mov a,_fingerCounter[3]
 191  0076  0080     R  	mov _main_2[7],a
 191  0077  0700     R  	mov a,_f[0]
 191  0078  0080     R  	mov _main_2[8],a
 191  0079  0700     R  	mov a,_f[1]
 191  007A  0080     R  	mov _main_2[9],a
 191  007B              _L20:
 194  007B              #line 194 "E:\hamed\touch2\touch1\prid2.c"
 194  007B              ;# 194 "E:\hamed\touch2\touch1\prid2.c" 1
 194  007B  0001        	clr wdt
 197  007C              #line 197 "E:\hamed\touch2\touch1\prid2.c"
 197  007C  3B44        	snz [68].6
 197  007D  2800     R  	jmp _L13
 199  007E              #line 199 "E:\hamed\touch2\touch1\prid2.c"
 199  007E  0749        	mov a,[73]
 199  007F  0080     R  	mov _main_2[21],a
 199  0080  1F00     R  	clr _main_2[20]
 199  0081  0700     R  	mov a,_main_2[21]
 199  0082  0080     E  	mov rc,a
 199  0083  0748        	mov a,[72]
 199  0084  0500     R  	or a,_main_2[20]
 199  0085  0080     E  	mov rb,a
 200  0086              #line 200 "E:\hamed\touch2\touch1\prid2.c"
 200  0086  3744        	clr [68].6
 201  0087              #line 201 "E:\hamed\touch2\touch1\prid2.c"
 201  0087  36C4        	clr [68].5
 203  0088              #line 203 "E:\hamed\touch2\touch1\prid2.c"
 203  0088  32CD        	set [77].5
 204  0089              #line 204 "E:\hamed\touch2\touch1\prid2.c"
 204  0089  324D        	set [77].4
 205  008A              #line 205 "E:\hamed\touch2\touch1\prid2.c"
 205  008A  32C4        	set [68].5
 199  008B              #line 199 "E:\hamed\touch2\touch1\prid2.c"
"File: prid2.c       Assembler  Version HGASM0202      Page 8

 199  008B  0700     E  	mov a,rb
 199  008C  0080     R  	mov _main_2[18],a
 199  008D  0700     E  	mov a,rc
 199  008E  0080     R  	mov _main_2[19],a
 199  008F              _L13:
 210  008F              #line 210 "E:\hamed\touch2\touch1\prid2.c"
 210  008F  0700     R  	mov a,_main_2[18]
 210  0090  0080     E  	mov rd,a
 210  0091  0700     R  	mov a,_main_2[19]
 210  0092  0080     E  	mov re,a
 210  0093  1F00     E  	clr rf
 210  0094  1F00     E  	clr rg
 210  0095  0F0F        	mov a,15
 210  0096  0300     R  	add a,_main_2[0]
 210  0097  0080     R  	mov _main_2[14],a
 210  0098  0F00        	mov a,0
 210  0099  1300     R  	adc a,_main_2[1]
 210  009A  0080     R  	mov _main_2[15],a
 210  009B  0F00        	mov a,0
 210  009C  1300     R  	adc a,_main_2[2]
 210  009D  0080     R  	mov _main_2[16],a
 210  009E  0F00        	mov a,0
 210  009F  1300     R  	adc a,_main_2[3]
 210  00A0  0080     R  	mov _main_2[17],a
 210  00A1  0700     R  	mov a,_main_2[14]
 210  00A2  0200     E  	sub a,rd
 210  00A3  0700     R  	mov a,_main_2[15]
 210  00A4  1200     E  	sbc a,re
 210  00A5  0700     R  	mov a,_main_2[16]
 210  00A6  1200     E  	sbc a,rf
 210  00A7  0700     R  	mov a,_main_2[17]
 210  00A8  1200     E  	sbc a,rg
 210  00A9  380A        	snz c
 210  00AA  2800     R  	jmp _L23
 210  00AB  0FF1        	mov a,241
 210  00AC  0300     R  	add a,_main_2[0]
 210  00AD  0080     R  	mov _main_2[14],a
 210  00AE  0FFF        	mov a,255
 210  00AF  1300     R  	adc a,_main_2[1]
 210  00B0  0080     R  	mov _main_2[15],a
 210  00B1  0FFF        	mov a,255
 210  00B2  1300     R  	adc a,_main_2[2]
 210  00B3  0080     R  	mov _main_2[16],a
 210  00B4  0FFF        	mov a,255
 210  00B5  1300     R  	adc a,_main_2[3]
 210  00B6  0080     R  	mov _main_2[17],a
 210  00B7  0700     E  	mov a,rd
 210  00B8  0200     R  	sub a,_main_2[14]
 210  00B9  0700     E  	mov a,re
 210  00BA  1200     R  	sbc a,_main_2[15]
 210  00BB  0700     E  	mov a,rf
 210  00BC  1200     R  	sbc a,_main_2[16]
 210  00BD  0700     E  	mov a,rg
 210  00BE  1200     R  	sbc a,_main_2[17]
 210  00BF  3C0A        	sz c
 210  00C0  2800     R  	jmp _L14
 210  00C1              _L23:
 210  00C1  0700     E  	mov a,rd
 210  00C2  0080     R  	mov _main_2[0],a
 210  00C3  0700     E  	mov a,re
"File: prid2.c       Assembler  Version HGASM0202      Page 9

 210  00C4  0080     R  	mov _main_2[1],a
 210  00C5  0700     E  	mov a,rf
 210  00C6  0080     R  	mov _main_2[2],a
 210  00C7  0700     E  	mov a,rg
 210  00C8  0080     R  	mov _main_2[3],a
 210  00C9              _L14:
 247  00C9              #line 247 "E:\hamed\touch2\touch1\prid2.c"
 247  00C9  0FC4        	mov a,196
 247  00CA  0300     R  	add a,_main_2[10]
 247  00CB  0080     E  	mov rd,a
 247  00CC  0FFF        	mov a,255
 247  00CD  1300     R  	adc a,_main_2[11]
 247  00CE  0080     E  	mov re,a
 247  00CF  0FFF        	mov a,255
 247  00D0  1300     R  	adc a,_main_2[12]
 247  00D1  0080     E  	mov rf,a
 247  00D2  0FFF        	mov a,255
 247  00D3  1300     R  	adc a,_main_2[13]
 247  00D4  0080     E  	mov rg,a
 247  00D5  0700     R  	mov a,_main_2[0]
 247  00D6  0200     E  	sub a,rd
 247  00D7  0700     R  	mov a,_main_2[1]
 247  00D8  1200     E  	sbc a,re
 247  00D9  0700     R  	mov a,_main_2[2]
 247  00DA  1200     E  	sbc a,rf
 247  00DB  0700     R  	mov a,_main_2[3]
 247  00DC  1200     E  	sbc a,rg
 247  00DD  3C0A        	sz c
 247  00DE  2800     R  	jmp _L15
 249  00DF              #line 249 "E:\hamed\touch2\touch1\prid2.c"
 249  00DF  0F01        	mov a,1
 249  00E0  0300     R  	add a,_main_2[4]
 249  00E1  0080     E  	mov rd,a
 249  00E2  0F00        	mov a,0
 249  00E3  1300     R  	adc a,_main_2[5]
 249  00E4  0080     E  	mov re,a
 249  00E5  0F00        	mov a,0
 249  00E6  1300     R  	adc a,_main_2[6]
 249  00E7  0080     E  	mov rf,a
 249  00E8  0F00        	mov a,0
 249  00E9  1300     R  	adc a,_main_2[7]
 249  00EA  0080     E  	mov rg,a
 250  00EB              #line 250 "E:\hamed\touch2\touch1\prid2.c"
 250  00EB  0F88        	mov a,136
 250  00EC  0200     E  	sub a,rd
 250  00ED  0F13        	mov a,19
 250  00EE  1200     E  	sbc a,re
 250  00EF  0F00        	mov a,0
 250  00F0  1200     E  	sbc a,rf
 250  00F1  0F00        	mov a,0
 250  00F2  1200     E  	sbc a,rg
 250  00F3  380A        	snz c
 250  00F4  2800     R  	jmp _L16
 250  00F5  0700     E  	mov a,rd
 250  00F6  0080     R  	mov _main_2[4],a
 250  00F7  0700     E  	mov a,re
 250  00F8  0080     R  	mov _main_2[5],a
 250  00F9  0700     E  	mov a,rf
 250  00FA  0080     R  	mov _main_2[6],a
 250  00FB  0700     E  	mov a,rg
"File: prid2.c       Assembler  Version HGASM0202      Page 10

 250  00FC  0080     R  	mov _main_2[7],a
 250  00FD  2800     R  	jmp _L19
 250  00FE              _L15:
 256  00FE              #line 256 "E:\hamed\touch2\touch1\prid2.c"
 256  00FE  0FF6        	mov a,246
 256  00FF  0300     R  	add a,_main_2[10]
 256  0100  0080     E  	mov rd,a
 256  0101  0FFF        	mov a,255
 256  0102  1300     R  	adc a,_main_2[11]
 256  0103  0080     E  	mov re,a
 256  0104  0FFF        	mov a,255
 256  0105  1300     R  	adc a,_main_2[12]
 256  0106  0080     E  	mov rf,a
 256  0107  0FFF        	mov a,255
 256  0108  1300     R  	adc a,_main_2[13]
 256  0109  0080     E  	mov rg,a
 256  010A  0700     E  	mov a,rd
 256  010B  0200     R  	sub a,_main_2[0]
 256  010C  0700     E  	mov a,re
 256  010D  1200     R  	sbc a,_main_2[1]
 256  010E  0700     E  	mov a,rf
 256  010F  1200     R  	sbc a,_main_2[2]
 256  0110  0700     E  	mov a,rg
 256  0111  1200     R  	sbc a,_main_2[3]
 256  0112  3C0A        	sz c
 256  0113  2800     R  	jmp _L19
 259  0114              #line 259 "E:\hamed\touch2\touch1\prid2.c"
 259  0114  0F01        	mov a,1
 259  0115  0300     R  	add a,_main_2[8]
 259  0116  0080     E  	mov rb,a
 259  0117  0F00        	mov a,0
 259  0118  1300     R  	adc a,_main_2[9]
 259  0119  0080     E  	mov rc,a
 260  011A              #line 260 "E:\hamed\touch2\touch1\prid2.c"
 260  011A  0F64        	mov a,100
 260  011B  0200     E  	sub a,rb
 260  011C  0F00        	mov a,0
 260  011D  1200     E  	sbc a,rc
 260  011E  1185        	swap acc
 260  011F  040A        	xor a,status
 260  0120  3D85        	sz acc.3
 260  0121  2800     R  	jmp _L31
 260  0122  0700     E  	mov a,rb
 260  0123  0080     R  	mov _main_2[8],a
 260  0124  0700     E  	mov a,rc
 260  0125  0080     R  	mov _main_2[9],a
 260  0126              _L19:
 268  0126              #line 268 "E:\hamed\touch2\touch1\prid2.c"
 268  0126  0700     R  	mov a,_main_2[4]
 268  0127  0C20        	xor a,32
 268  0128  0700     R  	mov a,_main_2[5]
 268  0129  3D0A        	sz z
 268  012A  0C03        	xor a,3
 268  012B  0700     R  	mov a,_main_2[6]
 268  012C  3D0A        	sz z
 268  012D  0C00        	xor a,0
 268  012E  0700     R  	mov a,_main_2[7]
 268  012F  3D0A        	sz z
 268  0130  0C00        	xor a,0
 268  0131  390A        	snz z
"File: prid2.c       Assembler  Version HGASM0202      Page 11

 268  0132  2800     R  	jmp _L20
 271  0133              #line 271 "E:\hamed\touch2\touch1\prid2.c"
 271  0133  1F00     E  	clr ra
 271  0134  3914        	snz [20].2
 271  0135  3000     E  	set ra.2
 271  0136  3514        	clr [20].2
 271  0137  0700     E  	mov a,ra
 271  0138  0594        	orm a,[20]
 271  0139  2800     R  	jmp _L20
 271  013A              _L31:
 264  013A              #line 264 "E:\hamed\touch2\touch1\prid2.c"
 264  013A  1F00     R  	clr _main_2[8]
 264  013B  1F00     R  	clr _main_2[9]
 263  013C              #line 263 "E:\hamed\touch2\touch1\prid2.c"
 263  013C  0FE8        	mov a,232
 263  013D  0200     E  	sub a,rb
 263  013E  0F03        	mov a,3
 263  013F  1200     E  	sbc a,rc
 263  0140  1185        	swap acc
 263  0141  040A        	xor a,status
 263  0142  3D85        	sz acc.3
 263  0143  2800     R  	jmp _L16
 263  0144  0700     E  	mov a,rb
 263  0145  0080     R  	mov _main_2[8],a
 263  0146  0700     E  	mov a,rc
 263  0147  0080     R  	mov _main_2[9],a
 263  0148  2800     R  	jmp _L29
 263  0149              _L16:
 261  0149              #line 261 "E:\hamed\touch2\touch1\prid2.c"
 261  0149  0700     R  	mov a,_main_2[0]
 261  014A  0080     R  	mov _main_2[10],a
 261  014B  0700     R  	mov a,_main_2[1]
 261  014C  0080     R  	mov _main_2[11],a
 261  014D  0700     R  	mov a,_main_2[2]
 261  014E  0080     R  	mov _main_2[12],a
 261  014F  0700     R  	mov a,_main_2[3]
 261  0150  0080     R  	mov _main_2[13],a
 261  0151              _L29:
 261  0151  1F00     R  	clr _main_2[4]
 261  0152  1F00     R  	clr _main_2[5]
 261  0153  1F00     R  	clr _main_2[6]
 261  0154  1F00     R  	clr _main_2[7]
 261  0155  2800     R  	jmp _L20
 261  0156  2800     R  	jmp $
 261  0157              _main endp
 261  0157              
 261  0157              @dummy endp
 261  0157              
 261  0157              #line 261 "E:\hamed\touch2\touch1\prid2.c"
 261  0157              #pragma debug scope 1 1
 261  0157              public _counter
 261  0000              @HCCINIT	.section 'data'
  18  0000              #line 18 "E:\hamed\touch2\touch1\prid2.c"
  18  0000              @HCCINIT .section 'data'
  18  0000              _counter label byte
  18  0000              #pragma debug variable 11 1 _counter "counter"
  18  0000              	db 0
  18  0000              @ROMDATA_BASE .section inpage 'code'
  18  0000              	db 0
  18  0001              @HCCINIT .section 'data'
"File: prid2.c       Assembler  Version HGASM0202      Page 12

  18  0001              	db 0
  18  0001              @ROMDATA_BASE .section inpage 'code'
  18  0001              	db 0
  18  0002              @HCCINIT .section 'data'
  14  0002              #line 14 "E:\hamed\touch2\touch1\prid2.c"
  14  0002              public _arraytouch
  14  0000              @HCCINIT0 .section 'data'
  14  0000  0028[       _arraytouch	db 40 dup(0)
            00
            ]
  14  0028              #pragma debug array 42 12 20 1
  14  0028              #pragma debug array 42 12 20 1
  14  0028              #pragma debug variable 42 1 _arraytouch "arraytouch"
  14  0028              
  14  0002              @HCCINIT .section 'data'
  14  0002              public _alltouch
  13  0002              #line 13 "E:\hamed\touch2\touch1\prid2.c"
  13  0002              @HCCINIT .section 'data'
  13  0002              _alltouch label byte
  13  0002              #pragma debug variable 14 1 _alltouch "alltouch"
  13  0002              	db 0
  13  0001              @ROMDATA_BASE .section inpage 'code'
  13  0001              	db 0
  13  0003              @HCCINIT .section 'data'
  13  0003              	db 0
  13  0002              @ROMDATA_BASE .section inpage 'code'
  13  0002              	db 0
  13  0004              @HCCINIT .section 'data'
  13  0004              	db 0
  13  0002              @ROMDATA_BASE .section inpage 'code'
  13  0002              	db 0
  13  0005              @HCCINIT .section 'data'
  13  0005              	db 0
  13  0003              @ROMDATA_BASE .section inpage 'code'
  13  0003              	db 0
  13  0006              @HCCINIT .section 'data'
  12  0006              #line 12 "E:\hamed\touch2\touch1\prid2.c"
  12  0006              public _max
  12  0028              @HCCINIT0 .section 'data'
  12  0028  0002[       _max	db 2 dup(0)
            00
            ]
  12  002A              #pragma debug variable 12 1 _max "max"
  12  002A              
  12  0006              @HCCINIT .section 'data'
  12  0006              #line 12 "E:\hamed\touch2\touch1\prid2.c"
  12  0006              public _min
  12  002A              @HCCINIT0 .section 'data'
  12  002A  0002[       _min	db 2 dup(0)
            00
            ]
  12  002C              #pragma debug variable 12 1 _min "min"
  12  002C              
  12  0006              @HCCINIT .section 'data'
  11  0006              #line 11 "E:\hamed\touch2\touch1\prid2.c"
  11  0006              public _touch
  11  002C              @HCCINIT0 .section 'data'
  11  002C  0002[       _touch	db 2 dup(0)
            00
            ]
"File: prid2.c       Assembler  Version HGASM0202      Page 13

  11  002E              #pragma debug variable 12 1 _touch "touch"
  11  002E              
  11  0006              @HCCINIT .section 'data'
  11  0006              public _isInDoor
  10  0006              #line 10 "E:\hamed\touch2\touch1\prid2.c"
  10  0006              @HCCINIT .section 'data'
  10  0006              _isInDoor label byte
  10  0006              #pragma debug variable 8 1 _isInDoor "isInDoor"
  10  0006              	db 0
  10  0003              @ROMDATA_BASE .section inpage 'code'
  10  0003              	db 0
  10  0007              @HCCINIT .section 'data'
  10  0007              public _fingerCounter
   9  0007              #line 9 "E:\hamed\touch2\touch1\prid2.c"
   9  0007              @HCCINIT .section 'data'
   9  0007              _fingerCounter label byte
   9  0007              #pragma debug variable 14 1 _fingerCounter "fingerCounter"
   9  0007              	db 0
   9  0004              @ROMDATA_BASE .section inpage 'code'
   9  0004              	db 0
   9  0008              @HCCINIT .section 'data'
   9  0008              	db 0
   9  0004              @ROMDATA_BASE .section inpage 'code'
   9  0004              	db 0
   9  0009              @HCCINIT .section 'data'
   9  0009              	db 0
   9  0005              @ROMDATA_BASE .section inpage 'code'
   9  0005              	db 0
   9  000A              @HCCINIT .section 'data'
   9  000A              	db 0
   9  0005              @ROMDATA_BASE .section inpage 'code'
   9  0005              	db 0
   9  000B              @HCCINIT .section 'data'
   8  000B              #line 8 "E:\hamed\touch2\touch1\prid2.c"
   8  000B              public _f
   8  002E              @HCCINIT0 .section 'data'
   8  002E  0002[       _f	db 2 dup(0)
            00
            ]
   8  0030              #pragma debug variable 11 1 _f "f"
   8  0030              
   8  000B              @HCCINIT .section 'data'
   6  000B              #line 6 "E:\hamed\touch2\touch1\prid2.c"
   6  000B              public _t
   6  0030              @HCCINIT0 .section 'data'
   6  0030  0002[       _t	db 2 dup(0)
            00
            ]
   6  0032              #pragma debug variable 11 1 _t "t"
   6  0032              
   6  000B              @HCCINIT .section 'data'
   6  000B              #line 6 "E:\hamed\touch2\touch1\prid2.c"
   6  000B              public _n
   6  0032              @HCCINIT0 .section 'data'
   6  0032  0002[       _n	db 2 dup(0)
            00
            ]
   6  0034              #pragma debug variable 11 1 _n "n"
   6  0034              
   6  000B              @HCCINIT .section 'data'
"File: prid2.c       Assembler  Version HGASM0202      Page 14

   6  000B              #line 6 "E:\hamed\touch2\touch1\prid2.c"
   6  000B              public _j
   6  0034              @HCCINIT0 .section 'data'
   6  0034  0002[       _j	db 2 dup(0)
            00
            ]
   6  0036              #pragma debug variable 11 1 _j "j"
   6  0036              
   6  000B              @HCCINIT .section 'data'
   6  000B              #line 6 "E:\hamed\touch2\touch1\prid2.c"
   6  000B              public _i
   6  0036              @HCCINIT0 .section 'data'
   6  0036  0002[       _i	db 2 dup(0)
            00
            ]
   6  0038              #pragma debug variable 11 1 _i "i"
   6  0038              
   6  000B              @HCCINIT .section 'data'
   6  000B              public _touchThreshold
   5  000B              #line 5 "E:\hamed\touch2\touch1\prid2.c"
   5  000B              @HCCINIT .section 'data'
   5  000B              _touchThreshold label byte
   5  000B              #pragma debug variable 14 1 _touchThreshold "touchThreshold"
   5  000B              	db 0
   5  0006              @ROMDATA_BASE .section inpage 'code'
   5  0006              	db 0
   5  000C              @HCCINIT .section 'data'
   5  000C              	db 0
   5  0006              @ROMDATA_BASE .section inpage 'code'
   5  0006              	db 0
   5  000D              @HCCINIT .section 'data'
   5  000D              	db 0
   5  0007              @ROMDATA_BASE .section inpage 'code'
   5  0007              	db 0
   5  000E              @HCCINIT .section 'data'
   5  000E              	db 0
   5  0007              @ROMDATA_BASE .section inpage 'code'
   5  0007              	db 0
   5  000F              @HCCINIT .section 'data'
   5  000F              #pragma debug struct_end
   5  000F              #pragma debug struct_end
   5  000F              #pragma debug union_end
   5  000F              #pragma debug union_end
   5  000F              #pragma debug variable 44 1 ___smod "__smod" 1
   5  000F              #pragma debug struct_end
   5  000F              #pragma debug struct_end
   5  000F              #pragma debug union_end
   5  000F              #pragma debug union_end
   5  000F              #pragma debug variable 46 1 ___intc0 "__intc0" 1
   5  000F              #pragma debug struct_end
   5  000F              #pragma debug struct_end
   5  000F              #pragma debug union_end
   5  000F              #pragma debug union_end
   5  000F              #pragma debug variable 48 1 ___pa "__pa" 1
   5  000F              #pragma debug struct_end
   5  000F              #pragma debug struct_end
   5  000F              #pragma debug union_end
   5  000F              #pragma debug union_end
   5  000F              #pragma debug variable 50 1 ___pac "__pac" 1
   5  000F              #pragma debug struct_end
"File: prid2.c       Assembler  Version HGASM0202      Page 15

   5  000F              #pragma debug struct_end
   5  000F              #pragma debug union_end
   5  000F              #pragma debug union_end
   5  000F              #pragma debug variable 52 1 ___tmrc "__tmrc" 1
   5  000F              #pragma debug variable 8 1 ___tktmr "__tktmr" 1
   5  000F              #pragma debug struct_end
   5  000F              #pragma debug struct_end
   5  000F              #pragma debug union_end
   5  000F              #pragma debug union_end
   5  000F              #pragma debug variable 54 1 ___tkc0 "__tkc0" 1
   5  000F              #pragma debug struct_end
   5  000F              #pragma debug struct_end
   5  000F              #pragma debug union_end
   5  000F              #pragma debug union_end
   5  000F              #pragma debug variable 56 1 ___tkc1 "__tkc1" 1
   5  000F              #pragma debug variable 8 1 ___tkm016dl "__tkm016dl" 1
   5  000F              #pragma debug variable 8 1 ___tkm016dh "__tkm016dh" 1
   5  000F              #pragma debug variable 8 1 ___tkm0rol "__tkm0rol" 1
   5  000F              #pragma debug variable 8 1 ___tkm0roh "__tkm0roh" 1
   5  000F              #pragma debug struct_end
   5  000F              #pragma debug struct_end
   5  000F              #pragma debug union_end
   5  000F              #pragma debug union_end
   5  000F              #pragma debug variable 58 1 ___tkm0c0 "__tkm0c0" 1
   5  000F              #pragma debug struct_end
   5  000F              #pragma debug struct_end
   5  000F              #pragma debug union_end
   5  000F              #pragma debug union_end
   5  000F              #pragma debug variable 60 1 ___tkm0c1 "__tkm0c1" 1
   5  000F              extern r1:byte
   5  000F              extern r2:byte
 162  000F              #line 162 "E:\hamed\touch2\touch1\prid2.c"
 162  0000              @code .section at 0 'code'
 162  0000  2800     R  	jmp _main_startup1
 162  0001              
 162  0001              extern _builtin_holtek_udivmodsi4_2:byte
 162  0001              extern _builtin_holtek_udivmodsi4:near
 162  0001              
 162  0001              ; 
 162  0001              ; Generated by holtek-gcc v3.19, Wed Sep 20 12:55:15 2023
 162  0001              ; Rebuild 718
 162  0001              ; end of file


        0 Errors, 0