"File: prid2.c       Assembler  Version HGASM0202      Page 1


   1  0000              ; Generated by holtek-gcc v3.19, Sat Sep 09 09:16:30 2023
   2  0000              ; 
   3  0000              ; Configuration:
   4  0000              ;       without long instruction
   5  0000              ;       Single ROM, Multi-RAM
   6  0000              ;       bits_per_rom_unit:16
   7  0000              ;       with mp1
   8  0000              ;       with tbhp, address(0x9)
   9  0000              ;          Use tabrd-const
  10  0000              ;       
  11  0000              ;       
  12  0000              ;       
  13  0000              ; use 'tabrdc' instead of 'tabrd'
  14  0000              ;       
  15  0000              
  16  0000              #pragma translator "holtek-gcc 4.6.4" "3.19" "build 20130711"
  17  0000              ; Rebuild 718
  18  0000              
  19  0000              ir equ [2]
  20  0000              mp equ [3]
  21  0000              sbp equ [1]
  22  0000              acc equ [5]
  23  0000              bp equ [4]
  24  0000              tblp equ [7]
  25  0000              tbhp equ [9]
  26  0000              status equ [10]
  27  0000              c equ [10].0
  28  0000              ac equ [10].1
  29  0000              z equ [10].2
  30  0000              ov equ [10].3
  31  0000              intc equ [11]
  32  0000              
  33  0000              extern ra:byte
  34  0000              extern rb:byte
  35  0000              extern rc:byte
  36  0000              extern rd:byte
  37  0000              extern re:byte
  38  0000              extern rf:byte
  39  0000              extern rg:byte
  40  0000              extern rh:byte
  41  0000              extern _Crom2Prom:near
  42  0000              extern _Crom2PromNext:near
  43  0000              
  44  0000              RAMBANK 0 @HCCINIT, @HCCINIT0
  45  0000              
  46  0000              RAMBANK 0 @BITDATASEC, @BITDATASEC1
  47  0000              @HCCINIT	.section 'data'
  48  0000              @HCCINIT0	.section 'data'
  49  0000              @BITDATASEC	 .section 'data'
  50  0000              @BITDATASEC1	 .section 'data'
  51  0000              
  52  0000              #pragma debug scope 1 1
  53  0000              	extern __DELAY3:near
  54  0000              	extern __DELAYX3:near
  55  0000              	extern __DELAYX6:near
  56  0000              	extern __DELAYY5:near
  57  0000              	extern __DELAYY3:near
  58  0000              	extern _builtin_holtek_delay_2:byte
  59  0000              ___pa equ [20]
"File: prid2.ASM     Assembler  Version HGASM0202      Page 2

  60  0000              public _int0
  61  0000              #pragma debug scope 2 1

  28  0000              #line 28 "C:\Users\FadakSystem\Downloads\touch2\touch2 -int - rgb\prid2.c"
  28  0000              @int0_code .section at 4 'code'
  28  0000  0080     E  	mov r1,a
  28  0001  070A        	mov a,status
  28  0002  0080     E  	mov r2,a
  28  0003  2800     R  	jmp _int0
  28  0004              #pragma debug scope 1 1
  28  0004              @dummy4 endp
  28  0004              #pragma debug scope 3 1
  28  0000              _int0 .section 'code'
  28  0000              _int0 proc
  29  0000              #line 29 "C:\Users\FadakSystem\Downloads\touch2\touch2 -int - rgb\prid2.c"
  29  0000  0700     R  	mov a,_counter[0]
  29  0001  0080     R  	mov _ncount[0],a
  29  0002  0700     R  	mov a,_counter[1]
  29  0003  0080     R  	mov _ncount[1],a
  31  0004              #line 31 "C:\Users\FadakSystem\Downloads\touch2\touch2 -int - rgb\prid2.c"
  31  0004  1F00     R  	clr _counter[0]
  31  0005  1F00     R  	clr _counter[1]
  33  0006              #line 33 "C:\Users\FadakSystem\Downloads\touch2\touch2 -int - rgb\prid2.c"
  33  0006  0700     R  	mov a,_m[0]
  33  0007  0C01        	xor a,1
  33  0008  0500     R  	or a,_m[1]
  33  0009  390A        	snz z
  33  000A  2800     R  	jmp _L3
  35  000B              #line 35 "C:\Users\FadakSystem\Downloads\touch2\touch2 -int - rgb\prid2.c"
  35  000B  1480     R  	inc _m2[0]
  35  000C  3D0A        	sz z
  35  000D  1480     R  	inc _m2[1]
  36  000E              #line 36 "C:\Users\FadakSystem\Downloads\touch2\touch2 -int - rgb\prid2.c"
  36  000E  0F02        	mov a,2
  36  000F  0200     R  	sub a,_m2[0]
  36  0010  0F00        	mov a,0
  36  0011  1200     R  	sbc a,_m2[1]
  36  0012  1185        	swap acc
  36  0013  040A        	xor a,status
  36  0014  3985        	snz acc.3
  36  0015  2800     R  	jmp _L3
  37  0016              #line 37 "C:\Users\FadakSystem\Downloads\touch2\touch2 -int - rgb\prid2.c"
  37  0016  1F00     R  	clr _m2[0]
  37  0017  1F00     R  	clr _m2[1]
  39  0018              #line 39 "C:\Users\FadakSystem\Downloads\touch2\touch2 -int - rgb\prid2.c"
  39  0018  0700     R  	mov a,_G[0]
  39  0019  0400     R  	xor a,_nsicl[0]
  39  001A  0700     R  	mov a,_G[1]
  39  001B  3D0A        	sz z
  39  001C  0400     R  	xor a,_nsicl[1]
  39  001D  390A        	snz z
  39  001E  2800     R  	jmp _L5
  40  001F              #line 40 "C:\Users\FadakSystem\Downloads\touch2\touch2 -int - rgb\prid2.c"
  40  001F  0FFF        	mov a,255
  40  0020  0380     R  	addm a,_R[0]
  40  0021  0FFF        	mov a,255
  40  0022  1380     R  	adcm a,_R[1]
  41  0023              #line 41 "C:\Users\FadakSystem\Downloads\touch2\touch2 -int - rgb\prid2.c"
  41  0023  0700     R  	mov a,_nsicl[0]
  41  0024  0200     R  	sub a,_R[0]
"File: prid2.c       Assembler  Version HGASM0202      Page 3

  41  0025  0080     E  	mov ra,a
  41  0026  0700     R  	mov a,_nsicl[1]
  41  0027  1200     R  	sbc a,_R[1]
  41  0028  0080     E  	mov rb,a
  41  0029  0700     E  	mov a,ra
  41  002A  0080     R  	mov _B[0],a
  41  002B  0700     E  	mov a,rb
  41  002C  0080     R  	mov _B[1],a
  41  002D              _L5:
  43  002D              #line 43 "C:\Users\FadakSystem\Downloads\touch2\touch2 -int - rgb\prid2.c"
  43  002D  0700     R  	mov a,_R[0]
  43  002E  0400     R  	xor a,_nsicl[0]
  43  002F  0700     R  	mov a,_R[1]
  43  0030  3D0A        	sz z
  43  0031  0400     R  	xor a,_nsicl[1]
  43  0032  390A        	snz z
  43  0033  2800     R  	jmp _L6
  44  0034              #line 44 "C:\Users\FadakSystem\Downloads\touch2\touch2 -int - rgb\prid2.c"
  44  0034  0FFF        	mov a,255
  44  0035  0380     R  	addm a,_B[0]
  44  0036  0FFF        	mov a,255
  44  0037  1380     R  	adcm a,_B[1]
  45  0038              #line 45 "C:\Users\FadakSystem\Downloads\touch2\touch2 -int - rgb\prid2.c"
  45  0038  0700     R  	mov a,_nsicl[0]
  45  0039  0200     R  	sub a,_B[0]
  45  003A  0080     E  	mov ra,a
  45  003B  0700     R  	mov a,_nsicl[1]
  45  003C  1200     R  	sbc a,_B[1]
  45  003D  0080     E  	mov rb,a
  45  003E  0700     E  	mov a,ra
  45  003F  0080     R  	mov _G[0],a
  45  0040  0700     E  	mov a,rb
  45  0041  0080     R  	mov _G[1],a
  45  0042              _L6:
  47  0042              #line 47 "C:\Users\FadakSystem\Downloads\touch2\touch2 -int - rgb\prid2.c"
  47  0042  0700     R  	mov a,_B[0]
  47  0043  0400     R  	xor a,_nsicl[0]
  47  0044  0700     R  	mov a,_B[1]
  47  0045  3D0A        	sz z
  47  0046  0400     R  	xor a,_nsicl[1]
  47  0047  390A        	snz z
  47  0048  2800     R  	jmp _L3
  48  0049              #line 48 "C:\Users\FadakSystem\Downloads\touch2\touch2 -int - rgb\prid2.c"
  48  0049  0FFF        	mov a,255
  48  004A  0380     R  	addm a,_G[0]
  48  004B  0FFF        	mov a,255
  48  004C  1380     R  	adcm a,_G[1]
  49  004D              #line 49 "C:\Users\FadakSystem\Downloads\touch2\touch2 -int - rgb\prid2.c"
  49  004D  0700     R  	mov a,_nsicl[0]
  49  004E  0200     R  	sub a,_G[0]
  49  004F  0080     E  	mov ra,a
  49  0050  0700     R  	mov a,_nsicl[1]
  49  0051  1200     R  	sbc a,_G[1]
  49  0052  0080     E  	mov rb,a
  49  0053  0700     E  	mov a,ra
  49  0054  0080     R  	mov _R[0],a
  49  0055  0700     E  	mov a,rb
  49  0056  0080     R  	mov _R[1],a
  49  0057              _L3:
  54  0057              #line 54 "C:\Users\FadakSystem\Downloads\touch2\touch2 -int - rgb\prid2.c"
"File: prid2.c       Assembler  Version HGASM0202      Page 4

  54  0057  3800     R  	snz _q
  54  0058  2800     R  	jmp _L7
  56  0059              #line 56 "C:\Users\FadakSystem\Downloads\touch2\touch2 -int - rgb\prid2.c"
  56  0059  0FFF        	mov a,255
  56  005A  0380     R  	addm a,_counter3[0]
  56  005B  0FFF        	mov a,255
  56  005C  1380     R  	adcm a,_counter3[1]
  58  005D              #line 58 "C:\Users\FadakSystem\Downloads\touch2\touch2 -int - rgb\prid2.c"
  58  005D  3800     R  	snz _counter3[1].7
  58  005E  2800     R  	jmp _L8
  59  005F              #line 59 "C:\Users\FadakSystem\Downloads\touch2\touch2 -int - rgb\prid2.c"
  59  005F  1F80     R  	set _counter3[0]
  59  0060  1F80     R  	set _counter3[1]
  61  0061              #line 61 "C:\Users\FadakSystem\Downloads\touch2\touch2 -int - rgb\prid2.c"
  61  0061  3C00     R  	sz _R[1].7
  61  0062  2800     R  	jmp _LI1
  61  0063  0700     R  	mov a,_R[0]
  61  0064  0500     R  	or a,_R[1]
  61  0065  390A        	snz z
  61  0066  2800     R  	jmp _L9
  61  0067              _LI1:
  62  0067              #line 62 "C:\Users\FadakSystem\Downloads\touch2\touch2 -int - rgb\prid2.c"
  62  0067  3214        	set [20].4
  62  0068  2800     R  	jmp _L10
  62  0069              _L9:
  63  0069              #line 63 "C:\Users\FadakSystem\Downloads\touch2\touch2 -int - rgb\prid2.c"
  63  0069  3614        	clr [20].4
  63  006A              _L10:
  64  006A              #line 64 "C:\Users\FadakSystem\Downloads\touch2\touch2 -int - rgb\prid2.c"
  64  006A  3C00     R  	sz _G[1].7
  64  006B  2800     R  	jmp _LI2
  64  006C  0700     R  	mov a,_G[0]
  64  006D  0500     R  	or a,_G[1]
  64  006E  390A        	snz z
  64  006F  2800     R  	jmp _L11
  64  0070              _LI2:
  65  0070              #line 65 "C:\Users\FadakSystem\Downloads\touch2\touch2 -int - rgb\prid2.c"
  65  0070  3194        	set [20].3
  65  0071  2800     R  	jmp _L12
  65  0072              _L11:
  66  0072              #line 66 "C:\Users\FadakSystem\Downloads\touch2\touch2 -int - rgb\prid2.c"
  66  0072  3594        	clr [20].3
  66  0073              _L12:
  67  0073              #line 67 "C:\Users\FadakSystem\Downloads\touch2\touch2 -int - rgb\prid2.c"
  67  0073  3C00     R  	sz _B[1].7
  67  0074  2800     R  	jmp _LI3
  67  0075  0700     R  	mov a,_B[0]
  67  0076  0500     R  	or a,_B[1]
  67  0077  390A        	snz z
  67  0078  2800     R  	jmp _L17
  67  0079              _LI3:
  68  0079              #line 68 "C:\Users\FadakSystem\Downloads\touch2\touch2 -int - rgb\prid2.c"
  68  0079  3114        	set [20].2
  68  007A  2800     R  	jmp _L7
  68  007B              _L8:
  72  007B              #line 72 "C:\Users\FadakSystem\Downloads\touch2\touch2 -int - rgb\prid2.c"
  72  007B  3614        	clr [20].4
  73  007C              #line 73 "C:\Users\FadakSystem\Downloads\touch2\touch2 -int - rgb\prid2.c"
  73  007C  3594        	clr [20].3
  73  007D              _L17:
"File: prid2.c       Assembler  Version HGASM0202      Page 5

  74  007D              #line 74 "C:\Users\FadakSystem\Downloads\touch2\touch2 -int - rgb\prid2.c"
  74  007D  3514        	clr [20].2
  74  007E              _L7:
  78  007E              #line 78 "C:\Users\FadakSystem\Downloads\touch2\touch2 -int - rgb\prid2.c"
  78  007E  3C00     R  	sz _q
  78  007F  2800     R  	jmp _L1
  79  0080              #line 79 "C:\Users\FadakSystem\Downloads\touch2\touch2 -int - rgb\prid2.c"
  79  0080  3614        	clr [20].4
  80  0081              #line 80 "C:\Users\FadakSystem\Downloads\touch2\touch2 -int - rgb\prid2.c"
  80  0081  3594        	clr [20].3
  81  0082              #line 81 "C:\Users\FadakSystem\Downloads\touch2\touch2 -int - rgb\prid2.c"
  81  0082  3514        	clr [20].2
  82  0083              #line 82 "C:\Users\FadakSystem\Downloads\touch2\touch2 -int - rgb\prid2.c"
  82  0083  0F64        	mov a,100
  82  0084  0200     R  	sub a,_counter2[0]
  82  0085  0F00        	mov a,0
  82  0086  1200     R  	sbc a,_counter2[1]
  82  0087  1185        	swap acc
  82  0088  040A        	xor a,status
  82  0089  3D85        	sz acc.3
  82  008A  2800     R  	jmp _L1
  82  008B  0F02        	mov a,2
  82  008C  0380     R  	addm a,_counter2[0]
  82  008D  0F00        	mov a,0
  82  008E  1380     R  	adcm a,_counter2[1]
  82  008F              _L1:
  82  008F  0700     E  	mov a,r2
  82  0090  008A        	mov status,a
  82  0091  0700     E  	mov a,r1
  82  0092  0004        	reti
  82  0093              _int0 endp
  82  0093              
  82  0093              #line 82 "C:\Users\FadakSystem\Downloads\touch2\touch2 -int - rgb\prid2.c"
  82  0093              #pragma debug scope 1 1
  82  0093              public _timer
  82  0093              #pragma debug scope 4 1
  91  0093              #line 91 "C:\Users\FadakSystem\Downloads\touch2\touch2 -int - rgb\prid2.c"
  91  0000              @timer_code .section at 12 'code'
  91  0000  0080     E  	mov r1,a
  91  0001  070A        	mov a,status
  91  0002  0080     E  	mov r2,a
  91  0003  2800     R  	jmp _timer
  91  0004              #pragma debug scope 1 1
  91  0004              @dummy12 endp
  91  0004              #pragma debug scope 5 1
  91  0000              _timer .section 'code'
  91  0000              _timer proc
  93  0000              #line 93 "C:\Users\FadakSystem\Downloads\touch2\touch2 -int - rgb\prid2.c"
  93  0000  1480     R  	inc _counter[0]
  93  0001  3D0A        	sz z
  93  0002  1480     R  	inc _counter[1]
  96  0003              #line 96 "C:\Users\FadakSystem\Downloads\touch2\touch2 -int - rgb\prid2.c"
  96  0003  3800     R  	snz _q
  96  0004  2800     R  	jmp _L20
  98  0005              #line 98 "C:\Users\FadakSystem\Downloads\touch2\touch2 -int - rgb\prid2.c"
  98  0005  0700     R  	mov a,_counter[0]
  98  0006  0200     R  	sub a,_counter3[0]
  98  0007  0700     R  	mov a,_counter[1]
  98  0008  1200     R  	sbc a,_counter3[1]
  98  0009  1185        	swap acc
"File: prid2.c       Assembler  Version HGASM0202      Page 6

  98  000A  040A        	xor a,status
  98  000B  3D85        	sz acc.3
  98  000C  2800     R  	jmp _L21
 100  000D              #line 100 "C:\Users\FadakSystem\Downloads\touch2\touch2 -int - rgb\prid2.c"
 100  000D  0700     R  	mov a,_counter[0]
 100  000E  0200     R  	sub a,_R[0]
 100  000F  0700     R  	mov a,_counter[1]
 100  0010  1200     R  	sbc a,_R[1]
 100  0011  1185        	swap acc
 100  0012  040A        	xor a,status
 100  0013  3D85        	sz acc.3
 100  0014  2800     R  	jmp _L22
 101  0015              #line 101 "C:\Users\FadakSystem\Downloads\touch2\touch2 -int - rgb\prid2.c"
 101  0015  3214        	set [20].4
 101  0016  2800     R  	jmp _L23
 101  0017              _L22:
 102  0017              #line 102 "C:\Users\FadakSystem\Downloads\touch2\touch2 -int - rgb\prid2.c"
 102  0017  3614        	clr [20].4
 102  0018              _L23:
 103  0018              #line 103 "C:\Users\FadakSystem\Downloads\touch2\touch2 -int - rgb\prid2.c"
 103  0018  0700     R  	mov a,_counter[0]
 103  0019  0200     R  	sub a,_G[0]
 103  001A  0700     R  	mov a,_counter[1]
 103  001B  1200     R  	sbc a,_G[1]
 103  001C  1185        	swap acc
 103  001D  040A        	xor a,status
 103  001E  3D85        	sz acc.3
 103  001F  2800     R  	jmp _L24
 104  0020              #line 104 "C:\Users\FadakSystem\Downloads\touch2\touch2 -int - rgb\prid2.c"
 104  0020  3194        	set [20].3
 104  0021  2800     R  	jmp _L25
 104  0022              _L24:
 105  0022              #line 105 "C:\Users\FadakSystem\Downloads\touch2\touch2 -int - rgb\prid2.c"
 105  0022  3594        	clr [20].3
 105  0023              _L25:
 106  0023              #line 106 "C:\Users\FadakSystem\Downloads\touch2\touch2 -int - rgb\prid2.c"
 106  0023  0700     R  	mov a,_counter[0]
 106  0024  0200     R  	sub a,_B[0]
 106  0025  0700     R  	mov a,_counter[1]
 106  0026  1200     R  	sbc a,_B[1]
 106  0027  1185        	swap acc
 106  0028  040A        	xor a,status
 106  0029  3D85        	sz acc.3
 106  002A  2800     R  	jmp _L26
 107  002B              #line 107 "C:\Users\FadakSystem\Downloads\touch2\touch2 -int - rgb\prid2.c"
 107  002B  3114        	set [20].2
 107  002C  2800     R  	jmp _L21
 107  002D              _L26:
 108  002D              #line 108 "C:\Users\FadakSystem\Downloads\touch2\touch2 -int - rgb\prid2.c"
 108  002D  3514        	clr [20].2
 108  002E              _L21:
 111  002E              #line 111 "C:\Users\FadakSystem\Downloads\touch2\touch2 -int - rgb\prid2.c"
 111  002E  1F00     R  	clr _counter2[0]
 111  002F  1F00     R  	clr _counter2[1]
 111  0030              _L20:
 114  0030              #line 114 "C:\Users\FadakSystem\Downloads\touch2\touch2 -int - rgb\prid2.c"
 114  0030  3C00     R  	sz _q
 114  0031  2800     R  	jmp _L19
 116  0032              #line 116 "C:\Users\FadakSystem\Downloads\touch2\touch2 -int - rgb\prid2.c"
 116  0032  0700     R  	mov a,_counter[0]
"File: prid2.c       Assembler  Version HGASM0202      Page 7

 116  0033  0200     R  	sub a,_counter2[0]
 116  0034  0700     R  	mov a,_counter[1]
 116  0035  1200     R  	sbc a,_counter2[1]
 116  0036  1185        	swap acc
 116  0037  040A        	xor a,status
 116  0038  3D85        	sz acc.3
 116  0039  2800     R  	jmp _L28
 117  003A              #line 117 "C:\Users\FadakSystem\Downloads\touch2\touch2 -int - rgb\prid2.c"
 117  003A  0700     R  	mov a,_counter[0]
 117  003B  0200     R  	sub a,_R[0]
 117  003C  0700     R  	mov a,_counter[1]
 117  003D  1200     R  	sbc a,_R[1]
 117  003E  1185        	swap acc
 117  003F  040A        	xor a,status
 117  0040  3D85        	sz acc.3
 117  0041  2800     R  	jmp _L29
 118  0042              #line 118 "C:\Users\FadakSystem\Downloads\touch2\touch2 -int - rgb\prid2.c"
 118  0042  3214        	set [20].4
 118  0043  2800     R  	jmp _L30
 118  0044              _L29:
 119  0044              #line 119 "C:\Users\FadakSystem\Downloads\touch2\touch2 -int - rgb\prid2.c"
 119  0044  3614        	clr [20].4
 119  0045              _L30:
 120  0045              #line 120 "C:\Users\FadakSystem\Downloads\touch2\touch2 -int - rgb\prid2.c"
 120  0045  0700     R  	mov a,_counter[0]
 120  0046  0200     R  	sub a,_G[0]
 120  0047  0700     R  	mov a,_counter[1]
 120  0048  1200     R  	sbc a,_G[1]
 120  0049  1185        	swap acc
 120  004A  040A        	xor a,status
 120  004B  3D85        	sz acc.3
 120  004C  2800     R  	jmp _L31
 121  004D              #line 121 "C:\Users\FadakSystem\Downloads\touch2\touch2 -int - rgb\prid2.c"
 121  004D  3194        	set [20].3
 121  004E  2800     R  	jmp _L32
 121  004F              _L31:
 122  004F              #line 122 "C:\Users\FadakSystem\Downloads\touch2\touch2 -int - rgb\prid2.c"
 122  004F  3594        	clr [20].3
 122  0050              _L32:
 123  0050              #line 123 "C:\Users\FadakSystem\Downloads\touch2\touch2 -int - rgb\prid2.c"
 123  0050  0700     R  	mov a,_counter[0]
 123  0051  0200     R  	sub a,_B[0]
 123  0052  0700     R  	mov a,_counter[1]
 123  0053  1200     R  	sbc a,_B[1]
 123  0054  1185        	swap acc
 123  0055  040A        	xor a,status
 123  0056  3D85        	sz acc.3
 123  0057  2800     R  	jmp _L33
 124  0058              #line 124 "C:\Users\FadakSystem\Downloads\touch2\touch2 -int - rgb\prid2.c"
 124  0058  3114        	set [20].2
 124  0059  2800     R  	jmp _L28
 124  005A              _L33:
 125  005A              #line 125 "C:\Users\FadakSystem\Downloads\touch2\touch2 -int - rgb\prid2.c"
 125  005A  3514        	clr [20].2
 125  005B              _L28:
 128  005B              #line 128 "C:\Users\FadakSystem\Downloads\touch2\touch2 -int - rgb\prid2.c"
 128  005B  0700     R  	mov a,_ncount[0]
 128  005C  0080     R  	mov _counter3[0],a
 128  005D  0700     R  	mov a,_ncount[1]
 128  005E  0080     R  	mov _counter3[1],a
"File: prid2.c       Assembler  Version HGASM0202      Page 8

 128  005F              _L19:
 128  005F  0700     E  	mov a,r2
 128  0060  008A        	mov status,a
 128  0061  0700     E  	mov a,r1
 128  0062  0004        	reti
 128  0063              _timer endp
 128  0063              
 128  0063              #line 128 "C:\Users\FadakSystem\Downloads\touch2\touch2 -int - rgb\prid2.c"
 128  0063              #pragma debug scope 1 1
 128  0063              public _Delay
 128  0063              #pragma debug scope 6 1
 137  0063              #line 137 "C:\Users\FadakSystem\Downloads\touch2\touch2 -int - rgb\prid2.c"
 137  0000              _Delay .section 'code'
 137  0000              _Delay proc
 137  0000              public _Delay_2
 137  0000  0008[           local _Delay_2 db 8 dup(?)	; 4,4
            00
            ]
 137  0008              #pragma debug variable 14 6 _Delay_2+0 "count"
 137  0008              #pragma debug variable 14 6 _Delay_2+4 "i"
 139  0008              #line 139 "C:\Users\FadakSystem\Downloads\touch2\touch2 -int - rgb\prid2.c"
 139  0000  1F00     R  	clr _Delay_2[4]
 139  0001  1F00     R  	clr _Delay_2[5]
 139  0002  1F00     R  	clr _Delay_2[6]
 139  0003  1F00     R  	clr _Delay_2[7]
 139  0004  2800     R  	jmp _L35
 139  0005              _L36:
 141  0005              #line 141 "C:\Users\FadakSystem\Downloads\touch2\touch2 -int - rgb\prid2.c"
 141  0005              ;# 141 "C:\Users\FadakSystem\Downloads\touch2\touch2 -int - rgb\prid2.c" 1
 141  0005  0000        	nop
 142  0006              #line 142 "C:\Users\FadakSystem\Downloads\touch2\touch2 -int - rgb\prid2.c"
 142  0006              ;# 142 "C:\Users\FadakSystem\Downloads\touch2\touch2 -int - rgb\prid2.c" 1
 142  0006  0001        	clr wdt
 139  0007              #line 139 "C:\Users\FadakSystem\Downloads\touch2\touch2 -int - rgb\prid2.c"
 139  0007  0F01        	mov a,1
 139  0008  0380     R  	addm a,_Delay_2[4]
 139  0009  0F00        	mov a,0
 139  000A  1380     R  	adcm a,_Delay_2[5]
 139  000B  1380     R  	adcm a,_Delay_2[6]
 139  000C  1380     R  	adcm a,_Delay_2[7]
 139  000D              _L35:
 139  000D  0700     R  	mov a,_Delay_2[4]
 139  000E  0200     R  	sub a,_Delay_2[0]
 139  000F  0700     R  	mov a,_Delay_2[5]
 139  0010  1200     R  	sbc a,_Delay_2[1]
 139  0011  0700     R  	mov a,_Delay_2[6]
 139  0012  1200     R  	sbc a,_Delay_2[2]
 139  0013  0700     R  	mov a,_Delay_2[7]
 139  0014  1200     R  	sbc a,_Delay_2[3]
 139  0015  380A        	snz c
 139  0016  2800     R  	jmp _L36
 139  0017  0003        	ret
 139  0018              _Delay endp
 139  0018              #line 139 "C:\Users\FadakSystem\Downloads\touch2\touch2 -int - rgb\prid2.c"
 139  0018              #pragma debug scope 1 1
 139  0018              ___integ equ [13]
 139  0018              ___intc0 equ [14]
 139  0018              ___tmrc equ [29]
 139  0018              ___smod equ [11]
 139  0018              ___pac equ [21]
"File: prid2.c       Assembler  Version HGASM0202      Page 9

 139  0018              ___tktmr equ [67]
 139  0018              ___tkc0 equ [68]
 139  0018              ___tkc1 equ [71]
 139  0018              ___tkm0rol equ [74]
 139  0018              ___tkm0roh equ [75]
 139  0018              ___tkm0c0 equ [76]
 139  0018              ___tkm0c1 equ [77]
 139  0018              public _init
 139  0018              #pragma debug scope 7 1
 149  0018              #line 149 "C:\Users\FadakSystem\Downloads\touch2\touch2 -int - rgb\prid2.c"
 149  0000              _init .section 'code'
 149  0000              _init proc
 160  0000              #line 160 "C:\Users\FadakSystem\Downloads\touch2\touch2 -int - rgb\prid2.c"
 160  0000  308D        	set [13].1
 161  0001              #line 161 "C:\Users\FadakSystem\Downloads\touch2\touch2 -int - rgb\prid2.c"
 161  0001  300D        	set [13].0
 162  0002              #line 162 "C:\Users\FadakSystem\Downloads\touch2\touch2 -int - rgb\prid2.c"
 162  0002  308E        	set [14].1
 171  0003              #line 171 "C:\Users\FadakSystem\Downloads\touch2\touch2 -int - rgb\prid2.c"
 171  0003  369D        	clr [29].5
 172  0004              #line 172 "C:\Users\FadakSystem\Downloads\touch2\touch2 -int - rgb\prid2.c"
 172  0004  321D        	set [29].4
 174  0005              #line 174 "C:\Users\FadakSystem\Downloads\touch2\touch2 -int - rgb\prid2.c"
 174  0005  341D        	clr [29].0
 175  0006              #line 175 "C:\Users\FadakSystem\Downloads\touch2\touch2 -int - rgb\prid2.c"
 175  0006  309D        	set [29].1
 176  0007              #line 176 "C:\Users\FadakSystem\Downloads\touch2\touch2 -int - rgb\prid2.c"
 176  0007  351D        	clr [29].2
 179  0008              #line 179 "C:\Users\FadakSystem\Downloads\touch2\touch2 -int - rgb\prid2.c"
 179  0008  300E        	set [14].0
 180  0009              #line 180 "C:\Users\FadakSystem\Downloads\touch2\touch2 -int - rgb\prid2.c"
 180  0009  300B        	set [11].0
 182  000A              #line 182 "C:\Users\FadakSystem\Downloads\touch2\touch2 -int - rgb\prid2.c"
 182  000A  330E        	set [14].6
 183  000B              #line 183 "C:\Users\FadakSystem\Downloads\touch2\touch2 -int - rgb\prid2.c"
 183  000B  318E        	set [14].3
 189  000C              #line 189 "C:\Users\FadakSystem\Downloads\touch2\touch2 -int - rgb\prid2.c"
 189  000C  0F01        	mov a,1
 189  000D  008B        	mov [11],a
 193  000E              #line 193 "C:\Users\FadakSystem\Downloads\touch2\touch2 -int - rgb\prid2.c"
 193  000E  3615        	clr [21].4
 194  000F              #line 194 "C:\Users\FadakSystem\Downloads\touch2\touch2 -int - rgb\prid2.c"
 194  000F  3595        	clr [21].3
 195  0010              #line 195 "C:\Users\FadakSystem\Downloads\touch2\touch2 -int - rgb\prid2.c"
 195  0010  3515        	clr [21].2
 201  0011              #line 201 "C:\Users\FadakSystem\Downloads\touch2\touch2 -int - rgb\prid2.c"
 201  0011  0F64        	mov a,100
 201  0012  00C3        	mov [67],a
 208  0013              #line 208 "C:\Users\FadakSystem\Downloads\touch2\touch2 -int - rgb\prid2.c"
 208  0013  3044        	set [68].0
 209  0014              #line 209 "C:\Users\FadakSystem\Downloads\touch2\touch2 -int - rgb\prid2.c"
 209  0014  30C4        	set [68].1
 216  0015              #line 216 "C:\Users\FadakSystem\Downloads\touch2\touch2 -int - rgb\prid2.c"
 216  0015  3047        	set [71].0
 217  0016              #line 217 "C:\Users\FadakSystem\Downloads\touch2\touch2 -int - rgb\prid2.c"
 217  0016  30C7        	set [71].1
 221  0017              #line 221 "C:\Users\FadakSystem\Downloads\touch2\touch2 -int - rgb\prid2.c"
 221  0017  0FC8        	mov a,200
 221  0018  00CA        	mov [74],a
 222  0019              #line 222 "C:\Users\FadakSystem\Downloads\touch2\touch2 -int - rgb\prid2.c"
"File: prid2.c       Assembler  Version HGASM0202      Page 10

 222  0019  1F4B        	clr [75]
 225  001A              #line 225 "C:\Users\FadakSystem\Downloads\touch2\touch2 -int - rgb\prid2.c"
 225  001A  374C        	clr [76].6
 226  001B              #line 226 "C:\Users\FadakSystem\Downloads\touch2\touch2 -int - rgb\prid2.c"
 226  001B  37CC        	clr [76].7
 231  001C              #line 231 "C:\Users\FadakSystem\Downloads\touch2\touch2 -int - rgb\prid2.c"
 231  001C  36CC        	clr [76].5
 233  001D              #line 233 "C:\Users\FadakSystem\Downloads\touch2\touch2 -int - rgb\prid2.c"
 233  001D  324C        	set [76].4
 237  001E              #line 237 "C:\Users\FadakSystem\Downloads\touch2\touch2 -int - rgb\prid2.c"
 237  001E  31CC        	set [76].3
 242  001F              #line 242 "C:\Users\FadakSystem\Downloads\touch2\touch2 -int - rgb\prid2.c"
 242  001F  314C        	set [76].2
 243  0020              #line 243 "C:\Users\FadakSystem\Downloads\touch2\touch2 -int - rgb\prid2.c"
 243  0020  34CC        	clr [76].1
 244  0021              #line 244 "C:\Users\FadakSystem\Downloads\touch2\touch2 -int - rgb\prid2.c"
 244  0021  344C        	clr [76].0
 247  0022              #line 247 "C:\Users\FadakSystem\Downloads\touch2\touch2 -int - rgb\prid2.c"
 247  0022  37CD        	clr [77].7
 249  0023              #line 249 "C:\Users\FadakSystem\Downloads\touch2\touch2 -int - rgb\prid2.c"
 249  0023  32CD        	set [77].5
 252  0024              #line 252 "C:\Users\FadakSystem\Downloads\touch2\touch2 -int - rgb\prid2.c"
 252  0024  324D        	set [77].4
 256  0025              #line 256 "C:\Users\FadakSystem\Downloads\touch2\touch2 -int - rgb\prid2.c"
 256  0025  304D        	set [77].0
 256  0026  0003        	ret
 256  0027              _init endp
 256  0027              #line 256 "C:\Users\FadakSystem\Downloads\touch2\touch2 -int - rgb\prid2.c"
 256  0027              #pragma debug scope 1 1
 256  0027              ___tkm016dh equ [73]
 256  0027              ___tkm016dl equ [72]
 256  0027              public _main
 256  0027              #pragma debug scope 8 1
 268  0027              #line 268 "C:\Users\FadakSystem\Downloads\touch2\touch2 -int - rgb\prid2.c"
 268  0027              IFDEF WITH_DEFAULT_STARTUP
 268  0027              extern _main_initial0:near
 268  0027              extern _main_startup:near
 268  0027              ENDIF
 268  0027              
 268  0027              ROMBANK 0 @start
 268  0000              @start .section com_l 'code'
 268  0000              _main_startup1:
 268  0000              @start .section com_e 'code'
 268  0000  2800     R  	jmp _main
 268  0001              
 268  0000              _main .section 'code'
 268  0000              _main proc
 268  0000  0014[           local _main_2 db 20 dup(?)
            00
            ]
 269  0014              #line 269 "C:\Users\FadakSystem\Downloads\touch2\touch2 -int - rgb\prid2.c"
 269  0000  2000     R  	call _init
 270  0001              #line 270 "C:\Users\FadakSystem\Downloads\touch2\touch2 -int - rgb\prid2.c"
 270  0001  0F10        	mov a,16
 270  0002  0080     R  	mov _Delay_2[0],a
 270  0003  0F27        	mov a,39
 270  0004  0080     R  	mov _Delay_2[1],a
 270  0005  1F00     R  	clr _Delay_2[2]
 270  0006  1F00     R  	clr _Delay_2[3]
 270  0007  2000     R  	call _Delay
"File: prid2.c       Assembler  Version HGASM0202      Page 11

 273  0008              #line 273 "C:\Users\FadakSystem\Downloads\touch2\touch2 -int - rgb\prid2.c"
 273  0008  36C4        	clr [68].5
 274  0009              #line 274 "C:\Users\FadakSystem\Downloads\touch2\touch2 -int - rgb\prid2.c"
 274  0009  1F00     R  	clr _i[0]
 274  000A  1F00     R  	clr _i[1]
 274  000B              _L39:
 274  000B              #line 274 "C:\Users\FadakSystem\Downloads\touch2\touch2 -int - rgb\prid2.c"
 274  000B  0F13        	mov a,19
 274  000C  0200     R  	sub a,_i[0]
 274  000D  0F00        	mov a,0
 274  000E  1200     R  	sbc a,_i[1]
 274  000F  1185        	swap acc
 274  0010  040A        	xor a,status
 274  0011  3D85        	sz acc.3
 274  0012  2800     R  	jmp _L63
 276  0013              #line 276 "C:\Users\FadakSystem\Downloads\touch2\touch2 -int - rgb\prid2.c"
 276  0013  32CD        	set [77].5
 277  0014              #line 277 "C:\Users\FadakSystem\Downloads\touch2\touch2 -int - rgb\prid2.c"
 277  0014  324D        	set [77].4
 278  0015              #line 278 "C:\Users\FadakSystem\Downloads\touch2\touch2 -int - rgb\prid2.c"
 278  0015  32C4        	set [68].5
 278  0016              _L41:
 280  0016              #line 280 "C:\Users\FadakSystem\Downloads\touch2\touch2 -int - rgb\prid2.c"
 280  0016  3B44        	snz [68].6
 280  0017  2800     R  	jmp _L41
 282  0018              #line 282 "C:\Users\FadakSystem\Downloads\touch2\touch2 -int - rgb\prid2.c"
 282  0018  0749        	mov a,[73]
 282  0019  0080     R  	mov _main_2[1],a
 282  001A  1F00     R  	clr _main_2[0]
 282  001B  0700     R  	mov a,_main_2[1]
 282  001C  0080     E  	mov rc,a
 282  001D  0748        	mov a,[72]
 282  001E  0500     R  	or a,_main_2[0]
 282  001F  0080     E  	mov rb,a
 282  0020  0700     E  	mov a,rb
 282  0021  0080     R  	mov _touch[0],a
 282  0022  0700     E  	mov a,rc
 282  0023  0080     R  	mov _touch[1],a
 283  0024              #line 283 "C:\Users\FadakSystem\Downloads\touch2\touch2 -int - rgb\prid2.c"
 283  0024  0700     E  	mov a,rb
 283  0025  0380     R  	addm a,_touchThreshold[0]
 283  0026  0700     E  	mov a,rc
 283  0027  1380     R  	adcm a,_touchThreshold[1]
 283  0028  1F05        	clr acc
 283  0029  1380     R  	adcm a,_touchThreshold[2]
 283  002A  1380     R  	adcm a,_touchThreshold[3]
 285  002B              #line 285 "C:\Users\FadakSystem\Downloads\touch2\touch2 -int - rgb\prid2.c"
 285  002B  3744        	clr [68].6
 286  002C              #line 286 "C:\Users\FadakSystem\Downloads\touch2\touch2 -int - rgb\prid2.c"
 286  002C  36C4        	clr [68].5
 289  002D              #line 289 "C:\Users\FadakSystem\Downloads\touch2\touch2 -int - rgb\prid2.c"
 289  002D  0FD0        	mov a,-48
 289  002E  0080     R  	mov _Delay_2[0],a
 289  002F  0F07        	mov a,7
 289  0030  0080     R  	mov _Delay_2[1],a
 289  0031  1F00     R  	clr _Delay_2[2]
 289  0032  1F00     R  	clr _Delay_2[3]
 289  0033  2000     R  	call _Delay
 274  0034              #line 274 "C:\Users\FadakSystem\Downloads\touch2\touch2 -int - rgb\prid2.c"
 274  0034  1480     R  	inc _i[0]
"File: prid2.c       Assembler  Version HGASM0202      Page 12

 274  0035  3D0A        	sz z
 274  0036  1480     R  	inc _i[1]
 274  0037  2800     R  	jmp _L39
 274  0038              _L63:
 291  0038              #line 291 "C:\Users\FadakSystem\Downloads\touch2\touch2 -int - rgb\prid2.c"
 291  0038  1F00     E  	clr _builtin_holtek_udivmodsi4_2[12]
 291  0039  0700     R  	mov a,_touchThreshold[0]  
 291  003A  0080     E  	mov _builtin_holtek_udivmodsi4_2[0],a  
 291  003B  0700     R  	mov a,_touchThreshold[1]  
 291  003C  0080     E  	mov _builtin_holtek_udivmodsi4_2[1],a
 291  003D  0700     R  	mov a,_touchThreshold[2]  
 291  003E  0080     E  	mov _builtin_holtek_udivmodsi4_2[2],a  
 291  003F  0700     R  	mov a,_touchThreshold[3]  
 291  0040  0080     E  	mov _builtin_holtek_udivmodsi4_2[3],a
 291  0041  0F14        	mov a,20  
 291  0042  0080     E  	mov _builtin_holtek_udivmodsi4_2[4],a  
 291  0043  0F00        	mov a,0  
 291  0044  0080     E  	mov _builtin_holtek_udivmodsi4_2[5],a
 291  0045  1F00     E  	clr _builtin_holtek_udivmodsi4_2[6]
 291  0046  1F00     E  	clr _builtin_holtek_udivmodsi4_2[7]
 291  0047  2000     E  	call _builtin_holtek_udivmodsi4
 291  0048  0700     E  	mov a,_builtin_holtek_udivmodsi4_2[0]  
 291  0049  0080     E  	mov rd,a  
 291  004A  0700     E  	mov a,_builtin_holtek_udivmodsi4_2[1]  
 291  004B  0080     E  	mov re,a
 291  004C  0700     E  	mov a,_builtin_holtek_udivmodsi4_2[2]  
 291  004D  0080     E  	mov rf,a  
 291  004E  0700     E  	mov a,_builtin_holtek_udivmodsi4_2[3]  
 291  004F  0080     E  	mov rg,a
 291  0050  0700     E  	mov a,rd
 291  0051  0080     R  	mov _touchThreshold[0],a
 291  0052  0700     E  	mov a,re
 291  0053  0080     R  	mov _touchThreshold[1],a
 291  0054  0700     E  	mov a,rf
 291  0055  0080     R  	mov _touchThreshold[2],a
 291  0056  0700     E  	mov a,rg
 291  0057  0080     R  	mov _touchThreshold[3],a
 295  0058              #line 295 "C:\Users\FadakSystem\Downloads\touch2\touch2 -int - rgb\prid2.c"
 295  0058  32CD        	set [77].5
 296  0059              #line 296 "C:\Users\FadakSystem\Downloads\touch2\touch2 -int - rgb\prid2.c"
 296  0059  324D        	set [77].4
 297  005A              #line 297 "C:\Users\FadakSystem\Downloads\touch2\touch2 -int - rgb\prid2.c"
 297  005A  32C4        	set [68].5
 297  005B  0700     R  	mov a,_touch[0]
 297  005C  0080     R  	mov _main_2[16],a
 297  005D  0700     R  	mov a,_touch[1]
 297  005E  0080     R  	mov _main_2[17],a
 297  005F  0700     E  	mov a,rd
 297  0060  0080     R  	mov _main_2[8],a
 297  0061  0700     E  	mov a,re
 297  0062  0080     R  	mov _main_2[9],a
 297  0063  0700     E  	mov a,rf
 297  0064  0080     R  	mov _main_2[10],a
 297  0065  0700     E  	mov a,rg
 297  0066  0080     R  	mov _main_2[11],a
 297  0067  0700     R  	mov a,_alltouch[0]
 297  0068  0080     R  	mov _main_2[4],a
 297  0069  0700     R  	mov a,_alltouch[1]
 297  006A  0080     R  	mov _main_2[5],a
 297  006B  0700     R  	mov a,_alltouch[2]
"File: prid2.c       Assembler  Version HGASM0202      Page 13

 297  006C  0080     R  	mov _main_2[6],a
 297  006D  0700     R  	mov a,_alltouch[3]
 297  006E  0080     R  	mov _main_2[7],a
 297  006F  0700     R  	mov a,_fingerCounter[0]
 297  0070  0080     R  	mov _main_2[0],a
 297  0071  0700     R  	mov a,_fingerCounter[1]
 297  0072  0080     R  	mov _main_2[1],a
 297  0073  0700     R  	mov a,_fingerCounter[2]
 297  0074  0080     R  	mov _main_2[2],a
 297  0075  0700     R  	mov a,_fingerCounter[3]
 297  0076  0080     R  	mov _main_2[3],a
 297  0077  0700     R  	mov a,_f[0]
 297  0078  0080     E  	mov rb,a
 297  0079  0700     R  	mov a,_f[1]
 297  007A  0080     E  	mov rc,a
 297  007B              _L43:
 300  007B              #line 300 "C:\Users\FadakSystem\Downloads\touch2\touch2 -int - rgb\prid2.c"
 300  007B              ;# 300 "C:\Users\FadakSystem\Downloads\touch2\touch2 -int - rgb\prid2.c" 1
 300  007B  0001        	clr wdt
 303  007C              #line 303 "C:\Users\FadakSystem\Downloads\touch2\touch2 -int - rgb\prid2.c"
 303  007C  3B44        	snz [68].6
 303  007D  2800     R  	jmp _L44
 305  007E              #line 305 "C:\Users\FadakSystem\Downloads\touch2\touch2 -int - rgb\prid2.c"
 305  007E  0749        	mov a,[73]
 305  007F  0080     R  	mov _main_2[19],a
 305  0080  1F00     R  	clr _main_2[18]
 305  0081  0700     R  	mov a,_main_2[19]
 305  0082  0080     E  	mov re,a
 305  0083  0748        	mov a,[72]
 305  0084  0500     R  	or a,_main_2[18]
 305  0085  0080     E  	mov rd,a
 306  0086              #line 306 "C:\Users\FadakSystem\Downloads\touch2\touch2 -int - rgb\prid2.c"
 306  0086  3744        	clr [68].6
 307  0087              #line 307 "C:\Users\FadakSystem\Downloads\touch2\touch2 -int - rgb\prid2.c"
 307  0087  36C4        	clr [68].5
 309  0088              #line 309 "C:\Users\FadakSystem\Downloads\touch2\touch2 -int - rgb\prid2.c"
 309  0088  32CD        	set [77].5
 310  0089              #line 310 "C:\Users\FadakSystem\Downloads\touch2\touch2 -int - rgb\prid2.c"
 310  0089  324D        	set [77].4
 311  008A              #line 311 "C:\Users\FadakSystem\Downloads\touch2\touch2 -int - rgb\prid2.c"
 311  008A  32C4        	set [68].5
 305  008B              #line 305 "C:\Users\FadakSystem\Downloads\touch2\touch2 -int - rgb\prid2.c"
 305  008B  0700     E  	mov a,rd
 305  008C  0080     R  	mov _main_2[16],a
 305  008D  0700     E  	mov a,re
 305  008E  0080     R  	mov _main_2[17],a
 305  008F              _L44:
 316  008F              #line 316 "C:\Users\FadakSystem\Downloads\touch2\touch2 -int - rgb\prid2.c"
 316  008F  0700     R  	mov a,_main_2[16]
 316  0090  0080     E  	mov rd,a
 316  0091  0700     R  	mov a,_main_2[17]
 316  0092  0080     E  	mov re,a
 316  0093  1F00     E  	clr rf
 316  0094  1F00     E  	clr rg
 316  0095  0F0F        	mov a,15
 316  0096  0300     R  	add a,_main_2[4]
 316  0097  0080     R  	mov _main_2[12],a
 316  0098  0F00        	mov a,0
 316  0099  1300     R  	adc a,_main_2[5]
 316  009A  0080     R  	mov _main_2[13],a
"File: prid2.c       Assembler  Version HGASM0202      Page 14

 316  009B  0F00        	mov a,0
 316  009C  1300     R  	adc a,_main_2[6]
 316  009D  0080     R  	mov _main_2[14],a
 316  009E  0F00        	mov a,0
 316  009F  1300     R  	adc a,_main_2[7]
 316  00A0  0080     R  	mov _main_2[15],a
 316  00A1  0700     R  	mov a,_main_2[12]
 316  00A2  0200     E  	sub a,rd
 316  00A3  0700     R  	mov a,_main_2[13]
 316  00A4  1200     E  	sbc a,re
 316  00A5  0700     R  	mov a,_main_2[14]
 316  00A6  1200     E  	sbc a,rf
 316  00A7  0700     R  	mov a,_main_2[15]
 316  00A8  1200     E  	sbc a,rg
 316  00A9  380A        	snz c
 316  00AA  2800     R  	jmp _L53
 316  00AB  0FF1        	mov a,241
 316  00AC  0300     R  	add a,_main_2[4]
 316  00AD  0080     R  	mov _main_2[12],a
 316  00AE  0FFF        	mov a,255
 316  00AF  1300     R  	adc a,_main_2[5]
 316  00B0  0080     R  	mov _main_2[13],a
 316  00B1  0FFF        	mov a,255
 316  00B2  1300     R  	adc a,_main_2[6]
 316  00B3  0080     R  	mov _main_2[14],a
 316  00B4  0FFF        	mov a,255
 316  00B5  1300     R  	adc a,_main_2[7]
 316  00B6  0080     R  	mov _main_2[15],a
 316  00B7  0700     E  	mov a,rd
 316  00B8  0200     R  	sub a,_main_2[12]
 316  00B9  0700     E  	mov a,re
 316  00BA  1200     R  	sbc a,_main_2[13]
 316  00BB  0700     E  	mov a,rf
 316  00BC  1200     R  	sbc a,_main_2[14]
 316  00BD  0700     E  	mov a,rg
 316  00BE  1200     R  	sbc a,_main_2[15]
 316  00BF  3C0A        	sz c
 316  00C0  2800     R  	jmp _L45
 316  00C1              _L53:
 316  00C1  0700     E  	mov a,rd
 316  00C2  0080     R  	mov _main_2[4],a
 316  00C3  0700     E  	mov a,re
 316  00C4  0080     R  	mov _main_2[5],a
 316  00C5  0700     E  	mov a,rf
 316  00C6  0080     R  	mov _main_2[6],a
 316  00C7  0700     E  	mov a,rg
 316  00C8  0080     R  	mov _main_2[7],a
 316  00C9              _L45:
 320  00C9              #line 320 "C:\Users\FadakSystem\Downloads\touch2\touch2 -int - rgb\prid2.c"
 320  00C9  0FD8        	mov a,216
 320  00CA  0300     R  	add a,_main_2[8]
 320  00CB  0080     E  	mov rd,a
 320  00CC  0FFF        	mov a,255
 320  00CD  1300     R  	adc a,_main_2[9]
 320  00CE  0080     E  	mov re,a
 320  00CF  0FFF        	mov a,255
 320  00D0  1300     R  	adc a,_main_2[10]
 320  00D1  0080     E  	mov rf,a
 320  00D2  0FFF        	mov a,255
 320  00D3  1300     R  	adc a,_main_2[11]
"File: prid2.c       Assembler  Version HGASM0202      Page 15

 320  00D4  0080     E  	mov rg,a
 320  00D5  0700     R  	mov a,_main_2[4]
 320  00D6  0200     E  	sub a,rd
 320  00D7  0700     R  	mov a,_main_2[5]
 320  00D8  1200     E  	sbc a,re
 320  00D9  0700     R  	mov a,_main_2[6]
 320  00DA  1200     E  	sbc a,rf
 320  00DB  0700     R  	mov a,_main_2[7]
 320  00DC  1200     E  	sbc a,rg
 320  00DD  3C0A        	sz c
 320  00DE  2800     R  	jmp _L46
 322  00DF              #line 322 "C:\Users\FadakSystem\Downloads\touch2\touch2 -int - rgb\prid2.c"
 322  00DF  0F01        	mov a,1
 322  00E0  0300     R  	add a,_main_2[0]
 322  00E1  0080     E  	mov rd,a
 322  00E2  0F00        	mov a,0
 322  00E3  1300     R  	adc a,_main_2[1]
 322  00E4  0080     E  	mov re,a
 322  00E5  0F00        	mov a,0
 322  00E6  1300     R  	adc a,_main_2[2]
 322  00E7  0080     E  	mov rf,a
 322  00E8  0F00        	mov a,0
 322  00E9  1300     R  	adc a,_main_2[3]
 322  00EA  0080     E  	mov rg,a
 325  00EB              #line 325 "C:\Users\FadakSystem\Downloads\touch2\touch2 -int - rgb\prid2.c"
 325  00EB  0F98        	mov a,152
 325  00EC  0200     E  	sub a,rd
 325  00ED  0F3A        	mov a,58
 325  00EE  1200     E  	sbc a,re
 325  00EF  0F00        	mov a,0
 325  00F0  1200     E  	sbc a,rf
 325  00F1  0F00        	mov a,0
 325  00F2  1200     E  	sbc a,rg
 325  00F3  3C0A        	sz c
 325  00F4  2800     R  	jmp _L54
 325  00F5  3800     R  	snz _q
 325  00F6  2800     R  	jmp _L48
 326  00F7              #line 326 "C:\Users\FadakSystem\Downloads\touch2\touch2 -int - rgb\prid2.c"
 326  00F7  0F01        	mov a,1
 326  00F8  0080     R  	mov _m[0],a
 326  00F9  1F00     R  	clr _m[1]
 327  00FA              #line 327 "C:\Users\FadakSystem\Downloads\touch2\touch2 -int - rgb\prid2.c"
 327  00FA  0FE8        	mov a,-24
 327  00FB  0080     R  	mov _main_2[0],a
 327  00FC  0F03        	mov a,3
 327  00FD  0080     R  	mov _main_2[1],a
 327  00FE  1F00     R  	clr _main_2[2]
 327  00FF  1F00     R  	clr _main_2[3]
 327  0100  2800     R  	jmp _L43
 327  0101              _L48:
 331  0101              #line 331 "C:\Users\FadakSystem\Downloads\touch2\touch2 -int - rgb\prid2.c"
 331  0101  0F30        	mov a,48
 331  0102  0200     E  	sub a,rd
 331  0103  0F75        	mov a,117
 331  0104  1200     E  	sbc a,re
 331  0105  0F00        	mov a,0
 331  0106  1200     E  	sbc a,rf
 331  0107  0F00        	mov a,0
 331  0108  1200     E  	sbc a,rg
 331  0109  3C0A        	sz c
"File: prid2.c       Assembler  Version HGASM0202      Page 16

 331  010A  2800     R  	jmp _L54
 331  010B  3C00     R  	sz _q
 331  010C  2800     R  	jmp _L54
 331  010D  0700     R  	mov a,_main_2[4]
 331  010E  0080     R  	mov _main_2[8],a
 331  010F  0700     R  	mov a,_main_2[5]
 331  0110  0080     R  	mov _main_2[9],a
 331  0111  0700     R  	mov a,_main_2[6]
 331  0112  0080     R  	mov _main_2[10],a
 331  0113  0700     R  	mov a,_main_2[7]
 331  0114  0080     R  	mov _main_2[11],a
 331  0115              _L62:
 350  0115              #line 350 "C:\Users\FadakSystem\Downloads\touch2\touch2 -int - rgb\prid2.c"
 350  0115  1F00     R  	clr _main_2[0]
 350  0116  1F00     R  	clr _main_2[1]
 350  0117  1F00     R  	clr _main_2[2]
 350  0118  1F00     R  	clr _main_2[3]
 350  0119  2800     R  	jmp _L43
 350  011A              _L46:
 337  011A              #line 337 "C:\Users\FadakSystem\Downloads\touch2\touch2 -int - rgb\prid2.c"
 337  011A  0FF6        	mov a,246
 337  011B  0300     R  	add a,_main_2[8]
 337  011C  0080     E  	mov rd,a
 337  011D  0FFF        	mov a,255
 337  011E  1300     R  	adc a,_main_2[9]
 337  011F  0080     E  	mov re,a
 337  0120  0FFF        	mov a,255
 337  0121  1300     R  	adc a,_main_2[10]
 337  0122  0080     E  	mov rf,a
 337  0123  0FFF        	mov a,255
 337  0124  1300     R  	adc a,_main_2[11]
 337  0125  0080     E  	mov rg,a
 337  0126  0700     E  	mov a,rd
 337  0127  0200     R  	sub a,_main_2[4]
 337  0128  0700     E  	mov a,re
 337  0129  1200     R  	sbc a,_main_2[5]
 337  012A  0700     E  	mov a,rf
 337  012B  1200     R  	sbc a,_main_2[6]
 337  012C  0700     E  	mov a,rg
 337  012D  1200     R  	sbc a,_main_2[7]
 337  012E  3C0A        	sz c
 337  012F  2800     R  	jmp _L43
 341  0130              #line 341 "C:\Users\FadakSystem\Downloads\touch2\touch2 -int - rgb\prid2.c"
 341  0130  0F44        	mov a,68
 341  0131  0300     R  	add a,_main_2[0]
 341  0132  0080     E  	mov rd,a
 341  0133  0FFD        	mov a,253
 341  0134  1300     R  	adc a,_main_2[1]
 341  0135  0080     E  	mov re,a
 341  0136  0FFF        	mov a,255
 341  0137  1300     R  	adc a,_main_2[2]
 341  0138  0080     E  	mov rf,a
 341  0139  0FFF        	mov a,255
 341  013A  1300     R  	adc a,_main_2[3]
 341  013B  0080     E  	mov rg,a
 341  013C  0F88        	mov a,136
 341  013D  0200     E  	sub a,rd
 341  013E  0F13        	mov a,19
 341  013F  1200     E  	sbc a,re
 341  0140  0F00        	mov a,0
"File: prid2.c       Assembler  Version HGASM0202      Page 17

 341  0141  1200     E  	sbc a,rf
 341  0142  0F00        	mov a,0
 341  0143  1200     E  	sbc a,rg
 341  0144  380A        	snz c
 341  0145  2800     R  	jmp _L51
 341  0146  0700     R  	mov a,_m[0]
 341  0147  0500     R  	or a,_m[1]
 341  0148  390A        	snz z
 341  0149  2800     R  	jmp _L51
 343  014A              #line 343 "C:\Users\FadakSystem\Downloads\touch2\touch2 -int - rgb\prid2.c"
 343  014A  3C00     R  	sz _q
 343  014B  2800     R  	jmp _LI4
 343  014C  3000     R  	set _q
 343  014D  2800     R  	jmp _LI5
 343  014E              _LI4:
 343  014E  3400     R  	clr _q
 343  014F              _LI5:
 343  014F              _L51:
 346  014F              #line 346 "C:\Users\FadakSystem\Downloads\touch2\touch2 -int - rgb\prid2.c"
 346  014F  1F00     R  	clr _m[0]
 346  0150  1F00     R  	clr _m[1]
 348  0151              #line 348 "C:\Users\FadakSystem\Downloads\touch2\touch2 -int - rgb\prid2.c"
 348  0151  1480     E  	inc rb
 348  0152  3D0A        	sz z
 348  0153  1480     E  	inc rc
 349  0154              #line 349 "C:\Users\FadakSystem\Downloads\touch2\touch2 -int - rgb\prid2.c"
 349  0154  0F64        	mov a,100
 349  0155  0200     E  	sub a,rb
 349  0156  0F00        	mov a,0
 349  0157  1200     E  	sbc a,rc
 349  0158  1185        	swap acc
 349  0159  040A        	xor a,status
 349  015A  3985        	snz acc.3
 349  015B  2800     R  	jmp _L43
 352  015C              #line 352 "C:\Users\FadakSystem\Downloads\touch2\touch2 -int - rgb\prid2.c"
 352  015C  0FE8        	mov a,232
 352  015D  0200     E  	sub a,rb
 352  015E  0F03        	mov a,3
 352  015F  1200     E  	sbc a,rc
 352  0160  1185        	swap acc
 352  0161  040A        	xor a,status
 352  0162  3985        	snz acc.3
 352  0163  2800     R  	jmp _L62
 352  0164  0700     R  	mov a,_main_2[4]
 352  0165  0080     R  	mov _main_2[8],a
 352  0166  0700     R  	mov a,_main_2[5]
 352  0167  0080     R  	mov _main_2[9],a
 352  0168  0700     R  	mov a,_main_2[6]
 352  0169  0080     R  	mov _main_2[10],a
 352  016A  0700     R  	mov a,_main_2[7]
 352  016B  0080     R  	mov _main_2[11],a
 353  016C              #line 353 "C:\Users\FadakSystem\Downloads\touch2\touch2 -int - rgb\prid2.c"
 353  016C  1F00     E  	clr rb
 353  016D  1F00     E  	clr rc
 353  016E  2800     R  	jmp _L62
 353  016F              _L54:
 353  016F  0700     E  	mov a,rd
 353  0170  0080     R  	mov _main_2[0],a
 353  0171  0700     E  	mov a,re
 353  0172  0080     R  	mov _main_2[1],a
"File: prid2.c       Assembler  Version HGASM0202      Page 18

 353  0173  0700     E  	mov a,rf
 353  0174  0080     R  	mov _main_2[2],a
 353  0175  0700     E  	mov a,rg
 353  0176  0080     R  	mov _main_2[3],a
 353  0177  2800     R  	jmp _L43
 353  0178  2800     R  	jmp $
 353  0179              _main endp
 353  0179              
 353  0179              @dummy endp
 353  0179              
 353  0179              #line 353 "C:\Users\FadakSystem\Downloads\touch2\touch2 -int - rgb\prid2.c"
 353  0179              #pragma debug scope 1 1
 353  0179              public _q
 353  0000              @HCCINIT	.section 'data'
  21  0000              #line 21 "C:\Users\FadakSystem\Downloads\touch2\touch2 -int - rgb\prid2.c"
  21  0000              @BITDATASEC .section 'data'
  21  0000  00          _q	dbit 0
  21  0001              #pragma debug variable 2 1 _q "q"
  21  0001              public _counter3
  20  0001              #line 20 "C:\Users\FadakSystem\Downloads\touch2\touch2 -int - rgb\prid2.c"
  20  0000              @HCCINIT .section 'data'
  20  0000              _counter3 label byte
  20  0000              #pragma debug variable 11 1 _counter3 "counter3"
  20  0000              	db 0
  20  0000              @ROMDATA_BASE .section inpage 'code'
  20  0000              	db 0
  20  0001              @HCCINIT .section 'data'
  20  0001              	db 0
  20  0001              @ROMDATA_BASE .section inpage 'code'
  20  0001              	db 0
  20  0002              @HCCINIT .section 'data'
  20  0002              public _counter2
  19  0002              #line 19 "C:\Users\FadakSystem\Downloads\touch2\touch2 -int - rgb\prid2.c"
  19  0002              @HCCINIT .section 'data'
  19  0002              _counter2 label byte
  19  0002              #pragma debug variable 11 1 _counter2 "counter2"
  19  0002              	db 0
  19  0001              @ROMDATA_BASE .section inpage 'code'
  19  0001              	db 0
  19  0003              @HCCINIT .section 'data'
  19  0003              	db 0
  19  0002              @ROMDATA_BASE .section inpage 'code'
  19  0002              	db 0
  19  0004              @HCCINIT .section 'data'
  19  0004              public _counter
  18  0004              #line 18 "C:\Users\FadakSystem\Downloads\touch2\touch2 -int - rgb\prid2.c"
  18  0004              @HCCINIT .section 'data'
  18  0004              _counter label byte
  18  0004              #pragma debug variable 11 1 _counter "counter"
  18  0004              	db 0
  18  0002              @ROMDATA_BASE .section inpage 'code'
  18  0002              	db 0
  18  0005              @HCCINIT .section 'data'
  18  0005              	db 0
  18  0003              @ROMDATA_BASE .section inpage 'code'
  18  0003              	db 0
  18  0006              @HCCINIT .section 'data'
  18  0006              public _ncount
  17  0006              #line 17 "C:\Users\FadakSystem\Downloads\touch2\touch2 -int - rgb\prid2.c"
  17  0006              @HCCINIT .section 'data'
"File: prid2.c       Assembler  Version HGASM0202      Page 19

  17  0006              _ncount label byte
  17  0006              #pragma debug variable 11 1 _ncount "ncount"
  17  0006              	db 0
  17  0003              @ROMDATA_BASE .section inpage 'code'
  17  0003              	db 0
  17  0007              @HCCINIT .section 'data'
  17  0007              	db 0
  17  0004              @ROMDATA_BASE .section inpage 'code'
  17  0004              	db 0
  17  0008              @HCCINIT .section 'data'
  17  0008              public _m2
  16  0008              #line 16 "C:\Users\FadakSystem\Downloads\touch2\touch2 -int - rgb\prid2.c"
  16  0008              @HCCINIT .section 'data'
  16  0008              _m2 label byte
  16  0008              #pragma debug variable 11 1 _m2 "m2"
  16  0008              	db 0
  16  0004              @ROMDATA_BASE .section inpage 'code'
  16  0004              	db 0
  16  0009              @HCCINIT .section 'data'
  16  0009              	db 0
  16  0005              @ROMDATA_BASE .section inpage 'code'
  16  0005              	db 0
  16  000A              @HCCINIT .section 'data'
  16  000A              public _m
  16  000A              #line 16 "C:\Users\FadakSystem\Downloads\touch2\touch2 -int - rgb\prid2.c"
  16  000A              @HCCINIT .section 'data'
  16  000A              _m label byte
  16  000A              #pragma debug variable 11 1 _m "m"
  16  000A              	db 0
  16  0005              @ROMDATA_BASE .section inpage 'code'
  16  0005              	db 0
  16  000B              @HCCINIT .section 'data'
  16  000B              	db 0
  16  0006              @ROMDATA_BASE .section inpage 'code'
  16  0006              	db 0
  16  000C              @HCCINIT .section 'data'
  16  000C              public _B
  16  000C              #line 16 "C:\Users\FadakSystem\Downloads\touch2\touch2 -int - rgb\prid2.c"
  16  000C              @HCCINIT .section 'data'
  16  000C              _B label byte
  16  000C              #pragma debug variable 11 1 _B "B"
  16  000C              	dw 75
  16  0006              @ROMDATA_BASE .section inpage 'code'
  16  0006  004B        	dc 75
  16  000E              @HCCINIT .section 'data'
  16  000E              public _G
  16  000E              #line 16 "C:\Users\FadakSystem\Downloads\touch2\touch2 -int - rgb\prid2.c"
  16  000E              @HCCINIT .section 'data'
  16  000E              _G label byte
  16  000E              #pragma debug variable 11 1 _G "G"
  16  000E              	db 0
  16  0007              @ROMDATA_BASE .section inpage 'code'
  16  0007              	db 0
  16  000F              @HCCINIT .section 'data'
  16  000F              	db 0
  16  0008              @ROMDATA_BASE .section inpage 'code'
  16  0008              	db 0
  16  0010              @HCCINIT .section 'data'
  16  0010              public _R
  16  0010              #line 16 "C:\Users\FadakSystem\Downloads\touch2\touch2 -int - rgb\prid2.c"
"File: prid2.c       Assembler  Version HGASM0202      Page 20

  16  0010              @HCCINIT .section 'data'
  16  0010              _R label byte
  16  0010              #pragma debug variable 11 1 _R "R"
  16  0010              	dw 75
  16  0008              @ROMDATA_BASE .section inpage 'code'
  16  0008  004B        	dc 75
  16  0012              @HCCINIT .section 'data'
  16  0012              public _nsicl
  14  0012              #line 14 "C:\Users\FadakSystem\Downloads\touch2\touch2 -int - rgb\prid2.c"
  14  0012              @HCCINIT .section 'data'
  14  0012              _nsicl label byte
  14  0012              #pragma debug variable 11 1 _nsicl "nsicl"
  14  0012              	dw 75
  14  0009              @ROMDATA_BASE .section inpage 'code'
  14  0009  004B        	dc 75
  14  0014              @HCCINIT .section 'data'
  14  0014              public _alltouch
  12  0014              #line 12 "C:\Users\FadakSystem\Downloads\touch2\touch2 -int - rgb\prid2.c"
  12  0014              @HCCINIT .section 'data'
  12  0014              _alltouch label byte
  12  0014              #pragma debug variable 14 1 _alltouch "alltouch"
  12  0014              	db 0
  12  000A              @ROMDATA_BASE .section inpage 'code'
  12  000A              	db 0
  12  0015              @HCCINIT .section 'data'
  12  0015              	db 0
  12  000B              @ROMDATA_BASE .section inpage 'code'
  12  000B              	db 0
  12  0016              @HCCINIT .section 'data'
  12  0016              	db 0
  12  000B              @ROMDATA_BASE .section inpage 'code'
  12  000B              	db 0
  12  0017              @HCCINIT .section 'data'
  12  0017              	db 0
  12  000C              @ROMDATA_BASE .section inpage 'code'
  12  000C              	db 0
  12  0018              @HCCINIT .section 'data'
  11  0018              #line 11 "C:\Users\FadakSystem\Downloads\touch2\touch2 -int - rgb\prid2.c"
  11  0018              public _touch
  11  0000              @HCCINIT0 .section 'data'
  11  0000  0002[       _touch	db 2 dup(0)
            00
            ]
  11  0002              #pragma debug variable 12 1 _touch "touch"
  11  0002              
  11  0018              @HCCINIT .section 'data'
  11  0018              public _isInDoor
  10  0018              #line 10 "C:\Users\FadakSystem\Downloads\touch2\touch2 -int - rgb\prid2.c"
  10  0018              @HCCINIT .section 'data'
  10  0018              _isInDoor label byte
  10  0018              #pragma debug variable 8 1 _isInDoor "isInDoor"
  10  0018              	db 0
  10  000C              @ROMDATA_BASE .section inpage 'code'
  10  000C              	db 0
  10  0019              @HCCINIT .section 'data'
  10  0019              public _fingerCounter
   9  0019              #line 9 "C:\Users\FadakSystem\Downloads\touch2\touch2 -int - rgb\prid2.c"
   9  0019              @HCCINIT .section 'data'
   9  0019              _fingerCounter label byte
   9  0019              #pragma debug variable 14 1 _fingerCounter "fingerCounter"
"File: prid2.c       Assembler  Version HGASM0202      Page 21

   9  0019              	db 0
   9  000D              @ROMDATA_BASE .section inpage 'code'
   9  000D              	db 0
   9  001A              @HCCINIT .section 'data'
   9  001A              	db 0
   9  000D              @ROMDATA_BASE .section inpage 'code'
   9  000D              	db 0
   9  001B              @HCCINIT .section 'data'
   9  001B              	db 0
   9  000E              @ROMDATA_BASE .section inpage 'code'
   9  000E              	db 0
   9  001C              @HCCINIT .section 'data'
   9  001C              	db 0
   9  000E              @ROMDATA_BASE .section inpage 'code'
   9  000E              	db 0
   9  001D              @HCCINIT .section 'data'
   8  001D              #line 8 "C:\Users\FadakSystem\Downloads\touch2\touch2 -int - rgb\prid2.c"
   8  001D              public _f
   8  0002              @HCCINIT0 .section 'data'
   8  0002  0002[       _f	db 2 dup(0)
            00
            ]
   8  0004              #pragma debug variable 11 1 _f "f"
   8  0004              
   8  001D              @HCCINIT .section 'data'
   6  001D              #line 6 "C:\Users\FadakSystem\Downloads\touch2\touch2 -int - rgb\prid2.c"
   6  001D              public _t
   6  0004              @HCCINIT0 .section 'data'
   6  0004  0002[       _t	db 2 dup(0)
            00
            ]
   6  0006              #pragma debug variable 11 1 _t "t"
   6  0006              
   6  001D              @HCCINIT .section 'data'
   6  001D              #line 6 "C:\Users\FadakSystem\Downloads\touch2\touch2 -int - rgb\prid2.c"
   6  001D              public _n
   6  0006              @HCCINIT0 .section 'data'
   6  0006  0002[       _n	db 2 dup(0)
            00
            ]
   6  0008              #pragma debug variable 11 1 _n "n"
   6  0008              
   6  001D              @HCCINIT .section 'data'
   6  001D              #line 6 "C:\Users\FadakSystem\Downloads\touch2\touch2 -int - rgb\prid2.c"
   6  001D              public _j
   6  0008              @HCCINIT0 .section 'data'
   6  0008  0002[       _j	db 2 dup(0)
            00
            ]
   6  000A              #pragma debug variable 11 1 _j "j"
   6  000A              
   6  001D              @HCCINIT .section 'data'
   6  001D              #line 6 "C:\Users\FadakSystem\Downloads\touch2\touch2 -int - rgb\prid2.c"
   6  001D              public _i
   6  000A              @HCCINIT0 .section 'data'
   6  000A  0002[       _i	db 2 dup(0)
            00
            ]
   6  000C              #pragma debug variable 11 1 _i "i"
   6  000C              
"File: prid2.c       Assembler  Version HGASM0202      Page 22

   6  001D              @HCCINIT .section 'data'
   6  001D              public _touchThreshold
   5  001D              #line 5 "C:\Users\FadakSystem\Downloads\touch2\touch2 -int - rgb\prid2.c"
   5  001D              @HCCINIT .section 'data'
   5  001D              _touchThreshold label byte
   5  001D              #pragma debug variable 14 1 _touchThreshold "touchThreshold"
   5  001D              	db 0
   5  000F              @ROMDATA_BASE .section inpage 'code'
   5  000F              	db 0
   5  001E              @HCCINIT .section 'data'
   5  001E              	db 0
   5  000F              @ROMDATA_BASE .section inpage 'code'
   5  000F              	db 0
   5  001F              @HCCINIT .section 'data'
   5  001F              	db 0
   5  0010              @ROMDATA_BASE .section inpage 'code'
   5  0010              	db 0
   5  0020              @HCCINIT .section 'data'
   5  0020              	db 0
   5  0010              @ROMDATA_BASE .section inpage 'code'
   5  0010              	db 0
   5  0021              @HCCINIT .section 'data'
   5  0021              #pragma debug struct_end
   5  0021              #pragma debug struct_end
   5  0021              #pragma debug union_end
   5  0021              #pragma debug union_end
   5  0021              #pragma debug variable 43 1 ___smod "__smod" 1
   5  0021              #pragma debug struct_end
   5  0021              #pragma debug struct_end
   5  0021              #pragma debug union_end
   5  0021              #pragma debug union_end
   5  0021              #pragma debug variable 45 1 ___integ "__integ" 1
   5  0021              #pragma debug struct_end
   5  0021              #pragma debug struct_end
   5  0021              #pragma debug union_end
   5  0021              #pragma debug union_end
   5  0021              #pragma debug variable 47 1 ___intc0 "__intc0" 1
   5  0021              #pragma debug struct_end
   5  0021              #pragma debug struct_end
   5  0021              #pragma debug union_end
   5  0021              #pragma debug union_end
   5  0021              #pragma debug variable 49 1 ___pa "__pa" 1
   5  0021              #pragma debug struct_end
   5  0021              #pragma debug struct_end
   5  0021              #pragma debug union_end
   5  0021              #pragma debug union_end
   5  0021              #pragma debug variable 51 1 ___pac "__pac" 1
   5  0021              #pragma debug struct_end
   5  0021              #pragma debug struct_end
   5  0021              #pragma debug union_end
   5  0021              #pragma debug union_end
   5  0021              #pragma debug variable 53 1 ___tmrc "__tmrc" 1
   5  0021              #pragma debug variable 8 1 ___tktmr "__tktmr" 1
   5  0021              #pragma debug struct_end
   5  0021              #pragma debug struct_end
   5  0021              #pragma debug union_end
   5  0021              #pragma debug union_end
   5  0021              #pragma debug variable 55 1 ___tkc0 "__tkc0" 1
   5  0021              #pragma debug struct_end
   5  0021              #pragma debug struct_end
"File: prid2.c       Assembler  Version HGASM0202      Page 23

   5  0021              #pragma debug union_end
   5  0021              #pragma debug union_end
   5  0021              #pragma debug variable 57 1 ___tkc1 "__tkc1" 1
   5  0021              #pragma debug variable 8 1 ___tkm016dl "__tkm016dl" 1
   5  0021              #pragma debug variable 8 1 ___tkm016dh "__tkm016dh" 1
   5  0021              #pragma debug variable 8 1 ___tkm0rol "__tkm0rol" 1
   5  0021              #pragma debug variable 8 1 ___tkm0roh "__tkm0roh" 1
   5  0021              #pragma debug struct_end
   5  0021              #pragma debug struct_end
   5  0021              #pragma debug union_end
   5  0021              #pragma debug union_end
   5  0021              #pragma debug variable 59 1 ___tkm0c0 "__tkm0c0" 1
   5  0021              #pragma debug struct_end
   5  0021              #pragma debug struct_end
   5  0021              #pragma debug union_end
   5  0021              #pragma debug union_end
   5  0021              #pragma debug variable 61 1 ___tkm0c1 "__tkm0c1" 1
   5  0021              extern r1:byte
   5  0021              extern r2:byte
 268  0021              #line 268 "C:\Users\FadakSystem\Downloads\touch2\touch2 -int - rgb\prid2.c"
 268  0000              @code .section at 0 'code'
 268  0000  2800     R  	jmp _main_startup1
 268  0001              
 268  0001              extern _builtin_holtek_udivmodsi4_2:byte
 268  0001              extern _builtin_holtek_udivmodsi4:near
 268  0001              
 268  0001              ; 
 268  0001              ; Generated by holtek-gcc v3.19, Sat Sep 09 09:16:30 2023
 268  0001              ; Rebuild 718
 268  0001              ; end of file


        0 Errors, 0