"File: prid2.c       Assembler  Version HGASM0202      Page 1


   1  0000              ; Generated by holtek-gcc v3.19, Sun Aug 20 18:52:29 2023
   2  0000              ; 
   3  0000              ; Configuration:
   4  0000              ;       without long instruction
   5  0000              ;       Single ROM, Multi-RAM
   6  0000              ;       bits_per_rom_unit:16
   7  0000              ;       with mp1
   8  0000              ;       with tbhp, address(0x9)
   9  0000              ;          Use tabrd-const
  10  0000              ;       
  11  0000              ;       
  12  0000              ;       
  13  0000              ; use 'tabrdc' instead of 'tabrd'
  14  0000              ;       
  15  0000              
  16  0000              #pragma translator "holtek-gcc 4.6.4" "3.19" "build 20130711"
  17  0000              ; Rebuild 718
  18  0000              
  19  0000              ir equ [2]
  20  0000              mp equ [3]
  21  0000              sbp equ [1]
  22  0000              acc equ [5]
  23  0000              bp equ [4]
  24  0000              tblp equ [7]
  25  0000              tbhp equ [9]
  26  0000              status equ [10]
  27  0000              c equ [10].0
  28  0000              ac equ [10].1
  29  0000              z equ [10].2
  30  0000              ov equ [10].3
  31  0000              intc equ [11]
  32  0000              
  33  0000              extern ra:byte
  34  0000              extern rb:byte
  35  0000              extern rc:byte
  36  0000              extern rd:byte
  37  0000              extern re:byte
  38  0000              extern rf:byte
  39  0000              extern rg:byte
  40  0000              extern rh:byte
  41  0000              extern _Crom2Prom:near
  42  0000              extern _Crom2PromNext:near
  43  0000              
  44  0000              RAMBANK 0 @HCCINIT, @HCCINIT0
  45  0000              
  46  0000              RAMBANK 0 @BITDATASEC, @BITDATASEC1
  47  0000              @HCCINIT	.section 'data'
  48  0000              @HCCINIT0	.section 'data'
  49  0000              @BITDATASEC	 .section 'data'
  50  0000              @BITDATASEC1	 .section 'data'
  51  0000              
  52  0000              #pragma debug scope 1 1
  53  0000              	extern __DELAY3:near
  54  0000              	extern __DELAYX3:near
  55  0000              	extern __DELAYX6:near
  56  0000              	extern __DELAYY5:near
  57  0000              	extern __DELAYY3:near
  58  0000              	extern _builtin_holtek_delay_2:byte
  59  0000              public _timer
"File: prid2.ASM     Assembler  Version HGASM0202      Page 2

  60  0000              #pragma debug scope 2 1

  23  0000              #line 23 "C:\Users\hamed\OneDrive\Documents\HTK_Project\touch1 - rgb\prid2.c"
  23  0000              @timer_code .section at 12 'code'
  23  0000  0080     E  	mov r1,a
  23  0001  070A        	mov a,status
  23  0002  0080     E  	mov r2,a
  23  0003  2800     R  	jmp _timer
  23  0004              #pragma debug scope 1 1
  23  0004              @dummy12 endp
  23  0004              #pragma debug scope 3 1
  23  0000              _timer .section 'code'
  23  0000              _timer proc
  24  0000              #line 24 "C:\Users\hamed\OneDrive\Documents\HTK_Project\touch1 - rgb\prid2.c"
  24  0000  1480     R  	inc _counter[0]
  24  0001  3D0A        	sz z
  24  0002  1480     R  	inc _counter[1]
  25  0003              #line 25 "C:\Users\hamed\OneDrive\Documents\HTK_Project\touch1 - rgb\prid2.c"
  25  0003  0700     R  	mov a,_counter[0]
  25  0004  0CE8        	xor a,232
  25  0005  0700     R  	mov a,_counter[1]
  25  0006  3D0A        	sz z
  25  0007  0C03        	xor a,3
  25  0008  390A        	snz z
  25  0009  2800     R  	jmp _L1
  26  000A              #line 26 "C:\Users\hamed\OneDrive\Documents\HTK_Project\touch1 - rgb\prid2.c"
  26  000A  1F00     R  	clr _counter[0]
  26  000B  1F00     R  	clr _counter[1]
  26  000C              _L1:
  26  000C  0700     E  	mov a,r2
  26  000D  008A        	mov status,a
  26  000E  0700     E  	mov a,r1
  26  000F  0004        	reti
  26  0010              _timer endp
  26  0010              
  26  0010              #line 26 "C:\Users\hamed\OneDrive\Documents\HTK_Project\touch1 - rgb\prid2.c"
  26  0010              #pragma debug scope 1 1
  26  0010              public _Delay
  26  0010              #pragma debug scope 4 1
  35  0010              #line 35 "C:\Users\hamed\OneDrive\Documents\HTK_Project\touch1 - rgb\prid2.c"
  35  0000              _Delay .section 'code'
  35  0000              _Delay proc
  35  0000              public _Delay_2
  35  0000  0008[           local _Delay_2 db 8 dup(?)	; 4,4
            00
            ]
  35  0008              #pragma debug variable 14 4 _Delay_2+0 "count"
  35  0008              #pragma debug variable 14 4 _Delay_2+4 "i"
  37  0008              #line 37 "C:\Users\hamed\OneDrive\Documents\HTK_Project\touch1 - rgb\prid2.c"
  37  0000  1F00     R  	clr _Delay_2[4]
  37  0001  1F00     R  	clr _Delay_2[5]
  37  0002  1F00     R  	clr _Delay_2[6]
  37  0003  1F00     R  	clr _Delay_2[7]
  37  0004  2800     R  	jmp _L5
  37  0005              _L6:
  39  0005              #line 39 "C:\Users\hamed\OneDrive\Documents\HTK_Project\touch1 - rgb\prid2.c"
  39  0005              ;# 39 "C:\Users\hamed\OneDrive\Documents\HTK_Project\touch1 - rgb\prid2.c" 1
  39  0005  0000        	nop
  40  0006              #line 40 "C:\Users\hamed\OneDrive\Documents\HTK_Project\touch1 - rgb\prid2.c"
  40  0006              ;# 40 "C:\Users\hamed\OneDrive\Documents\HTK_Project\touch1 - rgb\prid2.c" 1
"File: prid2.c       Assembler  Version HGASM0202      Page 3

  40  0006  0001        	clr wdt
  37  0007              #line 37 "C:\Users\hamed\OneDrive\Documents\HTK_Project\touch1 - rgb\prid2.c"
  37  0007  0F01        	mov a,1
  37  0008  0380     R  	addm a,_Delay_2[4]
  37  0009  0F00        	mov a,0
  37  000A  1380     R  	adcm a,_Delay_2[5]
  37  000B  1380     R  	adcm a,_Delay_2[6]
  37  000C  1380     R  	adcm a,_Delay_2[7]
  37  000D              _L5:
  37  000D  0700     R  	mov a,_Delay_2[4]
  37  000E  0200     R  	sub a,_Delay_2[0]
  37  000F  0700     R  	mov a,_Delay_2[5]
  37  0010  1200     R  	sbc a,_Delay_2[1]
  37  0011  0700     R  	mov a,_Delay_2[6]
  37  0012  1200     R  	sbc a,_Delay_2[2]
  37  0013  0700     R  	mov a,_Delay_2[7]
  37  0014  1200     R  	sbc a,_Delay_2[3]
  37  0015  380A        	snz c
  37  0016  2800     R  	jmp _L6
  37  0017  0003        	ret
  37  0018              _Delay endp
  37  0018              #line 37 "C:\Users\hamed\OneDrive\Documents\HTK_Project\touch1 - rgb\prid2.c"
  37  0018              #pragma debug scope 1 1
  37  0018              ___tmrc equ [29]
  37  0018              ___intc0 equ [14]
  37  0018              ___smod equ [11]
  37  0018              ___pac equ [21]
  37  0018              ___tktmr equ [67]
  37  0018              ___tkc0 equ [68]
  37  0018              ___tkc1 equ [71]
  37  0018              ___tkm0rol equ [74]
  37  0018              ___tkm0roh equ [75]
  37  0018              ___tkm0c0 equ [76]
  37  0018              ___tkm0c1 equ [77]
  37  0018              public _init
  37  0018              #pragma debug scope 5 1
  47  0018              #line 47 "C:\Users\hamed\OneDrive\Documents\HTK_Project\touch1 - rgb\prid2.c"
  47  0000              _init .section 'code'
  47  0000              _init proc
  53  0000              #line 53 "C:\Users\hamed\OneDrive\Documents\HTK_Project\touch1 - rgb\prid2.c"
  53  0000  369D        	clr [29].5
  54  0001              #line 54 "C:\Users\hamed\OneDrive\Documents\HTK_Project\touch1 - rgb\prid2.c"
  54  0001  321D        	set [29].4
  56  0002              #line 56 "C:\Users\hamed\OneDrive\Documents\HTK_Project\touch1 - rgb\prid2.c"
  56  0002  301D        	set [29].0
  57  0003              #line 57 "C:\Users\hamed\OneDrive\Documents\HTK_Project\touch1 - rgb\prid2.c"
  57  0003  349D        	clr [29].1
  58  0004              #line 58 "C:\Users\hamed\OneDrive\Documents\HTK_Project\touch1 - rgb\prid2.c"
  58  0004  311D        	set [29].2
  61  0005              #line 61 "C:\Users\hamed\OneDrive\Documents\HTK_Project\touch1 - rgb\prid2.c"
  61  0005  300E        	set [14].0
  62  0006              #line 62 "C:\Users\hamed\OneDrive\Documents\HTK_Project\touch1 - rgb\prid2.c"
  62  0006  300B        	set [11].0
  64  0007              #line 64 "C:\Users\hamed\OneDrive\Documents\HTK_Project\touch1 - rgb\prid2.c"
  64  0007  330E        	set [14].6
  65  0008              #line 65 "C:\Users\hamed\OneDrive\Documents\HTK_Project\touch1 - rgb\prid2.c"
  65  0008  318E        	set [14].3
  72  0009              #line 72 "C:\Users\hamed\OneDrive\Documents\HTK_Project\touch1 - rgb\prid2.c"
  72  0009  0F01        	mov a,1
  72  000A  008B        	mov [11],a
"File: prid2.c       Assembler  Version HGASM0202      Page 4

  75  000B              #line 75 "C:\Users\hamed\OneDrive\Documents\HTK_Project\touch1 - rgb\prid2.c"
  75  000B  3495        	clr [21].1
  76  000C              #line 76 "C:\Users\hamed\OneDrive\Documents\HTK_Project\touch1 - rgb\prid2.c"
  76  000C  3595        	clr [21].3
  77  000D              #line 77 "C:\Users\hamed\OneDrive\Documents\HTK_Project\touch1 - rgb\prid2.c"
  77  000D  3695        	clr [21].5
  79  000E              #line 79 "C:\Users\hamed\OneDrive\Documents\HTK_Project\touch1 - rgb\prid2.c"
  79  000E  3515        	clr [21].2
  84  000F              #line 84 "C:\Users\hamed\OneDrive\Documents\HTK_Project\touch1 - rgb\prid2.c"
  84  000F  0F64        	mov a,100
  84  0010  00C3        	mov [67],a
  91  0011              #line 91 "C:\Users\hamed\OneDrive\Documents\HTK_Project\touch1 - rgb\prid2.c"
  91  0011  3044        	set [68].0
  92  0012              #line 92 "C:\Users\hamed\OneDrive\Documents\HTK_Project\touch1 - rgb\prid2.c"
  92  0012  30C4        	set [68].1
  99  0013              #line 99 "C:\Users\hamed\OneDrive\Documents\HTK_Project\touch1 - rgb\prid2.c"
  99  0013  3047        	set [71].0
 100  0014              #line 100 "C:\Users\hamed\OneDrive\Documents\HTK_Project\touch1 - rgb\prid2.c"
 100  0014  30C7        	set [71].1
 104  0015              #line 104 "C:\Users\hamed\OneDrive\Documents\HTK_Project\touch1 - rgb\prid2.c"
 104  0015  0FC8        	mov a,200
 104  0016  00CA        	mov [74],a
 105  0017              #line 105 "C:\Users\hamed\OneDrive\Documents\HTK_Project\touch1 - rgb\prid2.c"
 105  0017  1F4B        	clr [75]
 108  0018              #line 108 "C:\Users\hamed\OneDrive\Documents\HTK_Project\touch1 - rgb\prid2.c"
 108  0018  334C        	set [76].6
 109  0019              #line 109 "C:\Users\hamed\OneDrive\Documents\HTK_Project\touch1 - rgb\prid2.c"
 109  0019  33CC        	set [76].7
 114  001A              #line 114 "C:\Users\hamed\OneDrive\Documents\HTK_Project\touch1 - rgb\prid2.c"
 114  001A  36CC        	clr [76].5
 116  001B              #line 116 "C:\Users\hamed\OneDrive\Documents\HTK_Project\touch1 - rgb\prid2.c"
 116  001B  324C        	set [76].4
 120  001C              #line 120 "C:\Users\hamed\OneDrive\Documents\HTK_Project\touch1 - rgb\prid2.c"
 120  001C  31CC        	set [76].3
 125  001D              #line 125 "C:\Users\hamed\OneDrive\Documents\HTK_Project\touch1 - rgb\prid2.c"
 125  001D  314C        	set [76].2
 126  001E              #line 126 "C:\Users\hamed\OneDrive\Documents\HTK_Project\touch1 - rgb\prid2.c"
 126  001E  34CC        	clr [76].1
 127  001F              #line 127 "C:\Users\hamed\OneDrive\Documents\HTK_Project\touch1 - rgb\prid2.c"
 127  001F  344C        	clr [76].0
 130  0020              #line 130 "C:\Users\hamed\OneDrive\Documents\HTK_Project\touch1 - rgb\prid2.c"
 130  0020  37CD        	clr [77].7
 132  0021              #line 132 "C:\Users\hamed\OneDrive\Documents\HTK_Project\touch1 - rgb\prid2.c"
 132  0021  32CD        	set [77].5
 135  0022              #line 135 "C:\Users\hamed\OneDrive\Documents\HTK_Project\touch1 - rgb\prid2.c"
 135  0022  324D        	set [77].4
 139  0023              #line 139 "C:\Users\hamed\OneDrive\Documents\HTK_Project\touch1 - rgb\prid2.c"
 139  0023  31CD        	set [77].3
 139  0024  0003        	ret
 139  0025              _init endp
 139  0025              #line 139 "C:\Users\hamed\OneDrive\Documents\HTK_Project\touch1 - rgb\prid2.c"
 139  0025              #pragma debug scope 1 1
 139  0025              ___tkm016dh equ [73]
 139  0025              ___tkm016dl equ [72]
 139  0025              ___pa equ [20]
 139  0025              public _main
 139  0025              #pragma debug scope 6 1
 149  0025              #line 149 "C:\Users\hamed\OneDrive\Documents\HTK_Project\touch1 - rgb\prid2.c"
 149  0025              IFDEF WITH_DEFAULT_STARTUP
 149  0025              extern _main_initial0:near
"File: prid2.c       Assembler  Version HGASM0202      Page 5

 149  0025              extern _main_startup:near
 149  0025              ENDIF
 149  0025              
 149  0025              ROMBANK 0 @start
 149  0000              @start .section com_l 'code'
 149  0000              _main_startup1:
 149  0000              @start .section com_e 'code'
 149  0000  2800     R  	jmp _main
 149  0001              
 149  0000              _main .section 'code'
 149  0000              _main proc
 149  0000  0016[           local _main_2 db 22 dup(?)
            00
            ]
 150  0016              #line 150 "C:\Users\hamed\OneDrive\Documents\HTK_Project\touch1 - rgb\prid2.c"
 150  0000  2000     R  	call _init
 151  0001              #line 151 "C:\Users\hamed\OneDrive\Documents\HTK_Project\touch1 - rgb\prid2.c"
 151  0001  0F10        	mov a,16
 151  0002  0080     R  	mov _Delay_2[0],a
 151  0003  0F27        	mov a,39
 151  0004  0080     R  	mov _Delay_2[1],a
 151  0005  1F00     R  	clr _Delay_2[2]
 151  0006  1F00     R  	clr _Delay_2[3]
 151  0007  2000     R  	call _Delay
 154  0008              #line 154 "C:\Users\hamed\OneDrive\Documents\HTK_Project\touch1 - rgb\prid2.c"
 154  0008  36C4        	clr [68].5
 155  0009              #line 155 "C:\Users\hamed\OneDrive\Documents\HTK_Project\touch1 - rgb\prid2.c"
 155  0009  1F00     R  	clr _i[0]
 155  000A  1F00     R  	clr _i[1]
 155  000B              _L9:
 155  000B              #line 155 "C:\Users\hamed\OneDrive\Documents\HTK_Project\touch1 - rgb\prid2.c"
 155  000B  0F13        	mov a,19
 155  000C  0200     R  	sub a,_i[0]
 155  000D  0F00        	mov a,0
 155  000E  1200     R  	sbc a,_i[1]
 155  000F  1185        	swap acc
 155  0010  040A        	xor a,status
 155  0011  3D85        	sz acc.3
 155  0012  2800     R  	jmp _L43
 157  0013              #line 157 "C:\Users\hamed\OneDrive\Documents\HTK_Project\touch1 - rgb\prid2.c"
 157  0013  32CD        	set [77].5
 158  0014              #line 158 "C:\Users\hamed\OneDrive\Documents\HTK_Project\touch1 - rgb\prid2.c"
 158  0014  324D        	set [77].4
 159  0015              #line 159 "C:\Users\hamed\OneDrive\Documents\HTK_Project\touch1 - rgb\prid2.c"
 159  0015  32C4        	set [68].5
 159  0016              _L11:
 161  0016              #line 161 "C:\Users\hamed\OneDrive\Documents\HTK_Project\touch1 - rgb\prid2.c"
 161  0016  3B44        	snz [68].6
 161  0017  2800     R  	jmp _L11
 163  0018              #line 163 "C:\Users\hamed\OneDrive\Documents\HTK_Project\touch1 - rgb\prid2.c"
 163  0018  0749        	mov a,[73]
 163  0019  0080     R  	mov _main_2[1],a
 163  001A  1F00     R  	clr _main_2[0]
 163  001B  0700     R  	mov a,_main_2[1]
 163  001C  0080     E  	mov rc,a
 163  001D  0748        	mov a,[72]
 163  001E  0500     R  	or a,_main_2[0]
 163  001F  0080     E  	mov rb,a
 163  0020  0700     E  	mov a,rb
 163  0021  0080     R  	mov _touch[0],a
"File: prid2.c       Assembler  Version HGASM0202      Page 6

 163  0022  0700     E  	mov a,rc
 163  0023  0080     R  	mov _touch[1],a
 164  0024              #line 164 "C:\Users\hamed\OneDrive\Documents\HTK_Project\touch1 - rgb\prid2.c"
 164  0024  0700     E  	mov a,rb
 164  0025  0380     R  	addm a,_touchThreshold[0]
 164  0026  0700     E  	mov a,rc
 164  0027  1380     R  	adcm a,_touchThreshold[1]
 164  0028  1F05        	clr acc
 164  0029  1380     R  	adcm a,_touchThreshold[2]
 164  002A  1380     R  	adcm a,_touchThreshold[3]
 166  002B              #line 166 "C:\Users\hamed\OneDrive\Documents\HTK_Project\touch1 - rgb\prid2.c"
 166  002B  3744        	clr [68].6
 167  002C              #line 167 "C:\Users\hamed\OneDrive\Documents\HTK_Project\touch1 - rgb\prid2.c"
 167  002C  36C4        	clr [68].5
 170  002D              #line 170 "C:\Users\hamed\OneDrive\Documents\HTK_Project\touch1 - rgb\prid2.c"
 170  002D  0FD0        	mov a,-48
 170  002E  0080     R  	mov _Delay_2[0],a
 170  002F  0F07        	mov a,7
 170  0030  0080     R  	mov _Delay_2[1],a
 170  0031  1F00     R  	clr _Delay_2[2]
 170  0032  1F00     R  	clr _Delay_2[3]
 170  0033  2000     R  	call _Delay
 155  0034              #line 155 "C:\Users\hamed\OneDrive\Documents\HTK_Project\touch1 - rgb\prid2.c"
 155  0034  1480     R  	inc _i[0]
 155  0035  3D0A        	sz z
 155  0036  1480     R  	inc _i[1]
 155  0037  2800     R  	jmp _L9
 155  0038              _L43:
 172  0038              #line 172 "C:\Users\hamed\OneDrive\Documents\HTK_Project\touch1 - rgb\prid2.c"
 172  0038  1F00     E  	clr _builtin_holtek_udivmodsi4_2[12]
 172  0039  0700     R  	mov a,_touchThreshold[0]  
 172  003A  0080     E  	mov _builtin_holtek_udivmodsi4_2[0],a  
 172  003B  0700     R  	mov a,_touchThreshold[1]  
 172  003C  0080     E  	mov _builtin_holtek_udivmodsi4_2[1],a
 172  003D  0700     R  	mov a,_touchThreshold[2]  
 172  003E  0080     E  	mov _builtin_holtek_udivmodsi4_2[2],a  
 172  003F  0700     R  	mov a,_touchThreshold[3]  
 172  0040  0080     E  	mov _builtin_holtek_udivmodsi4_2[3],a
 172  0041  0F14        	mov a,20  
 172  0042  0080     E  	mov _builtin_holtek_udivmodsi4_2[4],a  
 172  0043  0F00        	mov a,0  
 172  0044  0080     E  	mov _builtin_holtek_udivmodsi4_2[5],a
 172  0045  1F00     E  	clr _builtin_holtek_udivmodsi4_2[6]
 172  0046  1F00     E  	clr _builtin_holtek_udivmodsi4_2[7]
 172  0047  2000     E  	call _builtin_holtek_udivmodsi4
 172  0048  0700     E  	mov a,_builtin_holtek_udivmodsi4_2[0]  
 172  0049  0080     E  	mov rd,a  
 172  004A  0700     E  	mov a,_builtin_holtek_udivmodsi4_2[1]  
 172  004B  0080     E  	mov re,a
 172  004C  0700     E  	mov a,_builtin_holtek_udivmodsi4_2[2]  
 172  004D  0080     E  	mov rf,a  
 172  004E  0700     E  	mov a,_builtin_holtek_udivmodsi4_2[3]  
 172  004F  0080     E  	mov rg,a
 172  0050  0700     E  	mov a,rd
 172  0051  0080     R  	mov _touchThreshold[0],a
 172  0052  0700     E  	mov a,re
 172  0053  0080     R  	mov _touchThreshold[1],a
 172  0054  0700     E  	mov a,rf
 172  0055  0080     R  	mov _touchThreshold[2],a
 172  0056  0700     E  	mov a,rg
"File: prid2.c       Assembler  Version HGASM0202      Page 7

 172  0057  0080     R  	mov _touchThreshold[3],a
 176  0058              #line 176 "C:\Users\hamed\OneDrive\Documents\HTK_Project\touch1 - rgb\prid2.c"
 176  0058  32CD        	set [77].5
 177  0059              #line 177 "C:\Users\hamed\OneDrive\Documents\HTK_Project\touch1 - rgb\prid2.c"
 177  0059  324D        	set [77].4
 178  005A              #line 178 "C:\Users\hamed\OneDrive\Documents\HTK_Project\touch1 - rgb\prid2.c"
 178  005A  32C4        	set [68].5
 178  005B  0700     R  	mov a,_touch[0]
 178  005C  0080     R  	mov _main_2[18],a
 178  005D  0700     R  	mov a,_touch[1]
 178  005E  0080     R  	mov _main_2[19],a
 178  005F  0700     E  	mov a,rd
 178  0060  0080     R  	mov _main_2[10],a
 178  0061  0700     E  	mov a,re
 178  0062  0080     R  	mov _main_2[11],a
 178  0063  0700     E  	mov a,rf
 178  0064  0080     R  	mov _main_2[12],a
 178  0065  0700     E  	mov a,rg
 178  0066  0080     R  	mov _main_2[13],a
 178  0067  0700     R  	mov a,_alltouch[0]
 178  0068  0080     R  	mov _main_2[4],a
 178  0069  0700     R  	mov a,_alltouch[1]
 178  006A  0080     R  	mov _main_2[5],a
 178  006B  0700     R  	mov a,_alltouch[2]
 178  006C  0080     R  	mov _main_2[6],a
 178  006D  0700     R  	mov a,_alltouch[3]
 178  006E  0080     R  	mov _main_2[7],a
 178  006F  0700     R  	mov a,_fingerCounter[0]
 178  0070  0080     R  	mov _main_2[0],a
 178  0071  0700     R  	mov a,_fingerCounter[1]
 178  0072  0080     R  	mov _main_2[1],a
 178  0073  0700     R  	mov a,_fingerCounter[2]
 178  0074  0080     R  	mov _main_2[2],a
 178  0075  0700     R  	mov a,_fingerCounter[3]
 178  0076  0080     R  	mov _main_2[3],a
 178  0077  0700     R  	mov a,_f[0]
 178  0078  0080     R  	mov _main_2[8],a
 178  0079  0700     R  	mov a,_f[1]
 178  007A  0080     R  	mov _main_2[9],a
 178  007B              _L32:
 181  007B              #line 181 "C:\Users\hamed\OneDrive\Documents\HTK_Project\touch1 - rgb\prid2.c"
 181  007B              ;# 181 "C:\Users\hamed\OneDrive\Documents\HTK_Project\touch1 - rgb\prid2.c" 1
 181  007B  0001        	clr wdt
 184  007C              #line 184 "C:\Users\hamed\OneDrive\Documents\HTK_Project\touch1 - rgb\prid2.c"
 184  007C  3B44        	snz [68].6
 184  007D  2800     R  	jmp _L13
 186  007E              #line 186 "C:\Users\hamed\OneDrive\Documents\HTK_Project\touch1 - rgb\prid2.c"
 186  007E  0749        	mov a,[73]
 186  007F  0080     R  	mov _main_2[21],a
 186  0080  1F00     R  	clr _main_2[20]
 186  0081  0700     R  	mov a,_main_2[21]
 186  0082  0080     E  	mov rc,a
 186  0083  0748        	mov a,[72]
 186  0084  0500     R  	or a,_main_2[20]
 186  0085  0080     E  	mov rb,a
 187  0086              #line 187 "C:\Users\hamed\OneDrive\Documents\HTK_Project\touch1 - rgb\prid2.c"
 187  0086  3744        	clr [68].6
 188  0087              #line 188 "C:\Users\hamed\OneDrive\Documents\HTK_Project\touch1 - rgb\prid2.c"
 188  0087  36C4        	clr [68].5
 190  0088              #line 190 "C:\Users\hamed\OneDrive\Documents\HTK_Project\touch1 - rgb\prid2.c"
"File: prid2.c       Assembler  Version HGASM0202      Page 8

 190  0088  32CD        	set [77].5
 191  0089              #line 191 "C:\Users\hamed\OneDrive\Documents\HTK_Project\touch1 - rgb\prid2.c"
 191  0089  324D        	set [77].4
 192  008A              #line 192 "C:\Users\hamed\OneDrive\Documents\HTK_Project\touch1 - rgb\prid2.c"
 192  008A  32C4        	set [68].5
 186  008B              #line 186 "C:\Users\hamed\OneDrive\Documents\HTK_Project\touch1 - rgb\prid2.c"
 186  008B  0700     E  	mov a,rb
 186  008C  0080     R  	mov _main_2[18],a
 186  008D  0700     E  	mov a,rc
 186  008E  0080     R  	mov _main_2[19],a
 186  008F              _L13:
 198  008F              #line 198 "C:\Users\hamed\OneDrive\Documents\HTK_Project\touch1 - rgb\prid2.c"
 198  008F  0700     R  	mov a,_main_2[18]
 198  0090  0080     E  	mov rd,a
 198  0091  0700     R  	mov a,_main_2[19]
 198  0092  0080     E  	mov re,a
 198  0093  1F00     E  	clr rf
 198  0094  1F00     E  	clr rg
 198  0095  0F0F        	mov a,15
 198  0096  0300     R  	add a,_main_2[4]
 198  0097  0080     R  	mov _main_2[14],a
 198  0098  0F00        	mov a,0
 198  0099  1300     R  	adc a,_main_2[5]
 198  009A  0080     R  	mov _main_2[15],a
 198  009B  0F00        	mov a,0
 198  009C  1300     R  	adc a,_main_2[6]
 198  009D  0080     R  	mov _main_2[16],a
 198  009E  0F00        	mov a,0
 198  009F  1300     R  	adc a,_main_2[7]
 198  00A0  0080     R  	mov _main_2[17],a
 198  00A1  0700     R  	mov a,_main_2[14]
 198  00A2  0200     E  	sub a,rd
 198  00A3  0700     R  	mov a,_main_2[15]
 198  00A4  1200     E  	sbc a,re
 198  00A5  0700     R  	mov a,_main_2[16]
 198  00A6  1200     E  	sbc a,rf
 198  00A7  0700     R  	mov a,_main_2[17]
 198  00A8  1200     E  	sbc a,rg
 198  00A9  380A        	snz c
 198  00AA  2800     R  	jmp _L35
 198  00AB  0FF1        	mov a,241
 198  00AC  0300     R  	add a,_main_2[4]
 198  00AD  0080     R  	mov _main_2[14],a
 198  00AE  0FFF        	mov a,255
 198  00AF  1300     R  	adc a,_main_2[5]
 198  00B0  0080     R  	mov _main_2[15],a
 198  00B1  0FFF        	mov a,255
 198  00B2  1300     R  	adc a,_main_2[6]
 198  00B3  0080     R  	mov _main_2[16],a
 198  00B4  0FFF        	mov a,255
 198  00B5  1300     R  	adc a,_main_2[7]
 198  00B6  0080     R  	mov _main_2[17],a
 198  00B7  0700     E  	mov a,rd
 198  00B8  0200     R  	sub a,_main_2[14]
 198  00B9  0700     E  	mov a,re
 198  00BA  1200     R  	sbc a,_main_2[15]
 198  00BB  0700     E  	mov a,rf
 198  00BC  1200     R  	sbc a,_main_2[16]
 198  00BD  0700     E  	mov a,rg
 198  00BE  1200     R  	sbc a,_main_2[17]
"File: prid2.c       Assembler  Version HGASM0202      Page 9

 198  00BF  3C0A        	sz c
 198  00C0  2800     R  	jmp _L14
 198  00C1              _L35:
 198  00C1  0700     E  	mov a,rd
 198  00C2  0080     R  	mov _main_2[4],a
 198  00C3  0700     E  	mov a,re
 198  00C4  0080     R  	mov _main_2[5],a
 198  00C5  0700     E  	mov a,rf
 198  00C6  0080     R  	mov _main_2[6],a
 198  00C7  0700     E  	mov a,rg
 198  00C8  0080     R  	mov _main_2[7],a
 198  00C9              _L14:
 205  00C9              #line 205 "C:\Users\hamed\OneDrive\Documents\HTK_Project\touch1 - rgb\prid2.c"
 205  00C9  3914        	snz [20].2
 205  00CA  2800     R  	jmp _L15
 207  00CB              #line 207 "C:\Users\hamed\OneDrive\Documents\HTK_Project\touch1 - rgb\prid2.c"
 207  00CB  0700     R  	mov a,_level[0]
 207  00CC  0C01        	xor a,1
 207  00CD  0500     R  	or a,_level[1]
 207  00CE  390A        	snz z
 207  00CF  2800     R  	jmp _L16
 207  00D0  3194        	set [20].3
 207  00D1  3694        	clr [20].5
 207  00D2  3494        	clr [20].1
 207  00D3              _L16:
 208  00D3              #line 208 "C:\Users\hamed\OneDrive\Documents\HTK_Project\touch1 - rgb\prid2.c"
 208  00D3  0700     R  	mov a,_level[0]
 208  00D4  0C02        	xor a,2
 208  00D5  0500     R  	or a,_level[1]
 208  00D6  390A        	snz z
 208  00D7  2800     R  	jmp _L17
 208  00D8  3594        	clr [20].3
 208  00D9  3294        	set [20].5
 208  00DA  3494        	clr [20].1
 208  00DB              _L17:
 209  00DB              #line 209 "C:\Users\hamed\OneDrive\Documents\HTK_Project\touch1 - rgb\prid2.c"
 209  00DB  0700     R  	mov a,_level[0]
 209  00DC  0C03        	xor a,3
 209  00DD  0500     R  	or a,_level[1]
 209  00DE  390A        	snz z
 209  00DF  2800     R  	jmp _L18
 209  00E0  3594        	clr [20].3
 209  00E1  3694        	clr [20].5
 209  00E2  3094        	set [20].1
 209  00E3              _L18:
 210  00E3              #line 210 "C:\Users\hamed\OneDrive\Documents\HTK_Project\touch1 - rgb\prid2.c"
 210  00E3  0700     R  	mov a,_level[0]
 210  00E4  0C04        	xor a,4
 210  00E5  0500     R  	or a,_level[1]
 210  00E6  390A        	snz z
 210  00E7  2800     R  	jmp _L19
 210  00E8  3194        	set [20].3
 210  00E9  3294        	set [20].5
 210  00EA  3494        	clr [20].1
 210  00EB              _L19:
 211  00EB              #line 211 "C:\Users\hamed\OneDrive\Documents\HTK_Project\touch1 - rgb\prid2.c"
 211  00EB  0700     R  	mov a,_level[0]
 211  00EC  0C05        	xor a,5
 211  00ED  0500     R  	or a,_level[1]
 211  00EE  390A        	snz z
"File: prid2.c       Assembler  Version HGASM0202      Page 10

 211  00EF  2800     R  	jmp _L20
 211  00F0  3194        	set [20].3
 211  00F1  3694        	clr [20].5
 211  00F2  3094        	set [20].1
 211  00F3              _L20:
 212  00F3              #line 212 "C:\Users\hamed\OneDrive\Documents\HTK_Project\touch1 - rgb\prid2.c"
 212  00F3  0700     R  	mov a,_level[0]
 212  00F4  0C06        	xor a,6
 212  00F5  0500     R  	or a,_level[1]
 212  00F6  390A        	snz z
 212  00F7  2800     R  	jmp _L21
 212  00F8  3594        	clr [20].3
 212  00F9  3294        	set [20].5
 212  00FA  3094        	set [20].1
 212  00FB              _L21:
 213  00FB              #line 213 "C:\Users\hamed\OneDrive\Documents\HTK_Project\touch1 - rgb\prid2.c"
 213  00FB  0700     R  	mov a,_level[0]
 213  00FC  0C07        	xor a,7
 213  00FD  0500     R  	or a,_level[1]
 213  00FE  390A        	snz z
 213  00FF  2800     R  	jmp _L22
 213  0100  3194        	set [20].3
 213  0101  3294        	set [20].5
 213  0102  3094        	set [20].1
 213  0103  2800     R  	jmp _L22
 213  0104              _L15:
 218  0104              #line 218 "C:\Users\hamed\OneDrive\Documents\HTK_Project\touch1 - rgb\prid2.c"
 218  0104  3494        	clr [20].1
 218  0105  3694        	clr [20].5
 218  0106  3594        	clr [20].3
 218  0107              _L22:
 223  0107              #line 223 "C:\Users\hamed\OneDrive\Documents\HTK_Project\touch1 - rgb\prid2.c"
 223  0107  0FCE        	mov a,206
 223  0108  0300     R  	add a,_main_2[10]
 223  0109  0080     E  	mov rd,a
 223  010A  0FFF        	mov a,255
 223  010B  1300     R  	adc a,_main_2[11]
 223  010C  0080     E  	mov re,a
 223  010D  0FFF        	mov a,255
 223  010E  1300     R  	adc a,_main_2[12]
 223  010F  0080     E  	mov rf,a
 223  0110  0FFF        	mov a,255
 223  0111  1300     R  	adc a,_main_2[13]
 223  0112  0080     E  	mov rg,a
 223  0113  0700     R  	mov a,_main_2[4]
 223  0114  0200     E  	sub a,rd
 223  0115  0700     R  	mov a,_main_2[5]
 223  0116  1200     E  	sbc a,re
 223  0117  0700     R  	mov a,_main_2[6]
 223  0118  1200     E  	sbc a,rf
 223  0119  0700     R  	mov a,_main_2[7]
 223  011A  1200     E  	sbc a,rg
 223  011B  3C0A        	sz c
 223  011C  2800     R  	jmp _L23
 225  011D              #line 225 "C:\Users\hamed\OneDrive\Documents\HTK_Project\touch1 - rgb\prid2.c"
 225  011D  0F01        	mov a,1
 225  011E  0300     R  	add a,_main_2[0]
 225  011F  0080     E  	mov rd,a
 225  0120  0F00        	mov a,0
 225  0121  1300     R  	adc a,_main_2[1]
"File: prid2.c       Assembler  Version HGASM0202      Page 11

 225  0122  0080     E  	mov re,a
 225  0123  0F00        	mov a,0
 225  0124  1300     R  	adc a,_main_2[2]
 225  0125  0080     E  	mov rf,a
 225  0126  0F00        	mov a,0
 225  0127  1300     R  	adc a,_main_2[3]
 225  0128  0080     E  	mov rg,a
 228  0129              #line 228 "C:\Users\hamed\OneDrive\Documents\HTK_Project\touch1 - rgb\prid2.c"
 228  0129  0F98        	mov a,152
 228  012A  0200     E  	sub a,rd
 228  012B  0F3A        	mov a,58
 228  012C  1200     E  	sbc a,re
 228  012D  0F00        	mov a,0
 228  012E  1200     E  	sbc a,rf
 228  012F  0F00        	mov a,0
 228  0130  1200     E  	sbc a,rg
 228  0131  3C0A        	sz c
 228  0132  2800     R  	jmp _L36
 228  0133  3914        	snz [20].2
 228  0134  2800     R  	jmp _L25
 229  0135              #line 229 "C:\Users\hamed\OneDrive\Documents\HTK_Project\touch1 - rgb\prid2.c"
 229  0135  1480     R  	inc _level[0]
 229  0136  3D0A        	sz z
 229  0137  1480     R  	inc _level[1]
 230  0138              #line 230 "C:\Users\hamed\OneDrive\Documents\HTK_Project\touch1 - rgb\prid2.c"
 230  0138  0F07        	mov a,7
 230  0139  0200     R  	sub a,_level[0]
 230  013A  0F00        	mov a,0
 230  013B  1200     R  	sbc a,_level[1]
 230  013C  1185        	swap acc
 230  013D  040A        	xor a,status
 230  013E  3985        	snz acc.3
 230  013F  2800     R  	jmp _L26
 232  0140              #line 232 "C:\Users\hamed\OneDrive\Documents\HTK_Project\touch1 - rgb\prid2.c"
 232  0140  0F01        	mov a,1
 232  0141  0080     R  	mov _level[0],a
 232  0142  1F00     R  	clr _level[1]
 232  0143              _L26:
 234  0143              #line 234 "C:\Users\hamed\OneDrive\Documents\HTK_Project\touch1 - rgb\prid2.c"
 234  0143  0FE8        	mov a,-24
 234  0144  0080     R  	mov _main_2[0],a
 234  0145  0F03        	mov a,3
 234  0146  0080     R  	mov _main_2[1],a
 234  0147  1F00     R  	clr _main_2[2]
 234  0148  1F00     R  	clr _main_2[3]
 234  0149  2800     R  	jmp _L32
 234  014A              _L25:
 238  014A              #line 238 "C:\Users\hamed\OneDrive\Documents\HTK_Project\touch1 - rgb\prid2.c"
 238  014A  0F30        	mov a,48
 238  014B  0200     E  	sub a,rd
 238  014C  0F75        	mov a,117
 238  014D  1200     E  	sbc a,re
 238  014E  0F00        	mov a,0
 238  014F  1200     E  	sbc a,rf
 238  0150  0F00        	mov a,0
 238  0151  1200     E  	sbc a,rg
 238  0152  3C0A        	sz c
 238  0153  2800     R  	jmp _L36
 238  0154  3914        	snz [20].2
 238  0155  2800     R  	jmp _L37
"File: prid2.c       Assembler  Version HGASM0202      Page 12

 238  0156  2800     R  	jmp _L36
 238  0157              _L23:
 244  0157              #line 244 "C:\Users\hamed\OneDrive\Documents\HTK_Project\touch1 - rgb\prid2.c"
 244  0157  0FF6        	mov a,246
 244  0158  0300     R  	add a,_main_2[10]
 244  0159  0080     E  	mov rd,a
 244  015A  0FFF        	mov a,255
 244  015B  1300     R  	adc a,_main_2[11]
 244  015C  0080     E  	mov re,a
 244  015D  0FFF        	mov a,255
 244  015E  1300     R  	adc a,_main_2[12]
 244  015F  0080     E  	mov rf,a
 244  0160  0FFF        	mov a,255
 244  0161  1300     R  	adc a,_main_2[13]
 244  0162  0080     E  	mov rg,a
 244  0163  0700     E  	mov a,rd
 244  0164  0200     R  	sub a,_main_2[4]
 244  0165  0700     E  	mov a,re
 244  0166  1200     R  	sbc a,_main_2[5]
 244  0167  0700     E  	mov a,rf
 244  0168  1200     R  	sbc a,_main_2[6]
 244  0169  0700     E  	mov a,rg
 244  016A  1200     R  	sbc a,_main_2[7]
 244  016B  380A        	snz c
 244  016C  2800     R  	jmp _L44
 244  016D              _L31:
 256  016D              #line 256 "C:\Users\hamed\OneDrive\Documents\HTK_Project\touch1 - rgb\prid2.c"
 256  016D  0700     R  	mov a,_main_2[0]
 256  016E  0C20        	xor a,32
 256  016F  0700     R  	mov a,_main_2[1]
 256  0170  3D0A        	sz z
 256  0171  0C03        	xor a,3
 256  0172  0700     R  	mov a,_main_2[2]
 256  0173  3D0A        	sz z
 256  0174  0C00        	xor a,0
 256  0175  0700     R  	mov a,_main_2[3]
 256  0176  3D0A        	sz z
 256  0177  0C00        	xor a,0
 256  0178  390A        	snz z
 256  0179  2800     R  	jmp _L32
 259  017A              #line 259 "C:\Users\hamed\OneDrive\Documents\HTK_Project\touch1 - rgb\prid2.c"
 259  017A  1F00     E  	clr ra
 259  017B  3914        	snz [20].2
 259  017C  3000     E  	set ra.2
 259  017D  3514        	clr [20].2
 259  017E  0700     E  	mov a,ra
 259  017F  0594        	orm a,[20]
 259  0180  2800     R  	jmp _L32
 259  0181              _L44:
 247  0181              #line 247 "C:\Users\hamed\OneDrive\Documents\HTK_Project\touch1 - rgb\prid2.c"
 247  0181  0F01        	mov a,1
 247  0182  0300     R  	add a,_main_2[8]
 247  0183  0080     E  	mov rb,a
 247  0184  0F00        	mov a,0
 247  0185  1300     R  	adc a,_main_2[9]
 247  0186  0080     E  	mov rc,a
 248  0187              #line 248 "C:\Users\hamed\OneDrive\Documents\HTK_Project\touch1 - rgb\prid2.c"
 248  0187  0F64        	mov a,100
 248  0188  0200     E  	sub a,rb
 248  0189  0F00        	mov a,0
"File: prid2.c       Assembler  Version HGASM0202      Page 13

 248  018A  1200     E  	sbc a,rc
 248  018B  1185        	swap acc
 248  018C  040A        	xor a,status
 248  018D  3D85        	sz acc.3
 248  018E  2800     R  	jmp _L45
 248  018F  0700     E  	mov a,rb
 248  0190  0080     R  	mov _main_2[8],a
 248  0191  0700     E  	mov a,rc
 248  0192  0080     R  	mov _main_2[9],a
 248  0193  2800     R  	jmp _L31
 248  0194              _L45:
 252  0194              #line 252 "C:\Users\hamed\OneDrive\Documents\HTK_Project\touch1 - rgb\prid2.c"
 252  0194  1F00     R  	clr _main_2[8]
 252  0195  1F00     R  	clr _main_2[9]
 251  0196              #line 251 "C:\Users\hamed\OneDrive\Documents\HTK_Project\touch1 - rgb\prid2.c"
 251  0196  0FE8        	mov a,232
 251  0197  0200     E  	sub a,rb
 251  0198  0F03        	mov a,3
 251  0199  1200     E  	sbc a,rc
 251  019A  1185        	swap acc
 251  019B  040A        	xor a,status
 251  019C  3D85        	sz acc.3
 251  019D  2800     R  	jmp _L30
 251  019E  0700     E  	mov a,rb
 251  019F  0080     R  	mov _main_2[8],a
 251  01A0  0700     E  	mov a,rc
 251  01A1  0080     R  	mov _main_2[9],a
 251  01A2  2800     R  	jmp _L30
 251  01A3              _L36:
 251  01A3  0700     E  	mov a,rd
 251  01A4  0080     R  	mov _main_2[0],a
 251  01A5  0700     E  	mov a,re
 251  01A6  0080     R  	mov _main_2[1],a
 251  01A7  0700     E  	mov a,rf
 251  01A8  0080     R  	mov _main_2[2],a
 251  01A9  0700     E  	mov a,rg
 251  01AA  0080     R  	mov _main_2[3],a
 251  01AB  2800     R  	jmp _L31
 251  01AC              _L37:
 251  01AC  0700     R  	mov a,_main_2[4]
 251  01AD  0080     R  	mov _main_2[10],a
 251  01AE  0700     R  	mov a,_main_2[5]
 251  01AF  0080     R  	mov _main_2[11],a
 251  01B0  0700     R  	mov a,_main_2[6]
 251  01B1  0080     R  	mov _main_2[12],a
 251  01B2  0700     R  	mov a,_main_2[7]
 251  01B3  0080     R  	mov _main_2[13],a
 251  01B4              _L30:
 251  01B4  1F00     R  	clr _main_2[0]
 251  01B5  1F00     R  	clr _main_2[1]
 251  01B6  1F00     R  	clr _main_2[2]
 251  01B7  1F00     R  	clr _main_2[3]
 251  01B8  2800     R  	jmp _L32
 251  01B9  2800     R  	jmp $
 251  01BA              _main endp
 251  01BA              
 251  01BA              @dummy endp
 251  01BA              
 251  01BA              #line 251 "C:\Users\hamed\OneDrive\Documents\HTK_Project\touch1 - rgb\prid2.c"
 251  01BA              #pragma debug scope 1 1
"File: prid2.c       Assembler  Version HGASM0202      Page 14

 251  01BA              public _q
 251  0000              @HCCINIT	.section 'data'
  18  0000              #line 18 "C:\Users\hamed\OneDrive\Documents\HTK_Project\touch1 - rgb\prid2.c"
  18  0000              @HCCINIT .section 'data'
  18  0000              _q label byte
  18  0000              #pragma debug variable 11 1 _q "q"
  18  0000              	dw 1
  18  0000              @ROMDATA_BASE .section inpage 'code'
  18  0000  0001        	dc 1
  18  0002              @HCCINIT .section 'data'
  18  0002              public _level
  18  0002              #line 18 "C:\Users\hamed\OneDrive\Documents\HTK_Project\touch1 - rgb\prid2.c"
  18  0002              @HCCINIT .section 'data'
  18  0002              _level label byte
  18  0002              #pragma debug variable 11 1 _level "level"
  18  0002              	dw 1
  18  0001              @ROMDATA_BASE .section inpage 'code'
  18  0001  0001        	dc 1
  18  0004              @HCCINIT .section 'data'
  18  0004              public _counter
  18  0004              #line 18 "C:\Users\hamed\OneDrive\Documents\HTK_Project\touch1 - rgb\prid2.c"
  18  0004              @HCCINIT .section 'data'
  18  0004              _counter label byte
  18  0004              #pragma debug variable 11 1 _counter "counter"
  18  0004              	db 0
  18  0002              @ROMDATA_BASE .section inpage 'code'
  18  0002              	db 0
  18  0005              @HCCINIT .section 'data'
  18  0005              	db 0
  18  0003              @ROMDATA_BASE .section inpage 'code'
  18  0003              	db 0
  18  0006              @HCCINIT .section 'data'
  14  0006              #line 14 "C:\Users\hamed\OneDrive\Documents\HTK_Project\touch1 - rgb\prid2.c"
  14  0006              public _arraytouch
  14  0000              @HCCINIT0 .section 'data'
  14  0000  0028[       _arraytouch	db 40 dup(0)
            00
            ]
  14  0028              #pragma debug array 42 12 20 1
  14  0028              #pragma debug array 42 12 20 1
  14  0028              #pragma debug variable 42 1 _arraytouch "arraytouch"
  14  0028              
  14  0006              @HCCINIT .section 'data'
  14  0006              public _alltouch
  13  0006              #line 13 "C:\Users\hamed\OneDrive\Documents\HTK_Project\touch1 - rgb\prid2.c"
  13  0006              @HCCINIT .section 'data'
  13  0006              _alltouch label byte
  13  0006              #pragma debug variable 14 1 _alltouch "alltouch"
  13  0006              	db 0
  13  0003              @ROMDATA_BASE .section inpage 'code'
  13  0003              	db 0
  13  0007              @HCCINIT .section 'data'
  13  0007              	db 0
  13  0004              @ROMDATA_BASE .section inpage 'code'
  13  0004              	db 0
  13  0008              @HCCINIT .section 'data'
  13  0008              	db 0
  13  0004              @ROMDATA_BASE .section inpage 'code'
  13  0004              	db 0
  13  0009              @HCCINIT .section 'data'
"File: prid2.c       Assembler  Version HGASM0202      Page 15

  13  0009              	db 0
  13  0005              @ROMDATA_BASE .section inpage 'code'
  13  0005              	db 0
  13  000A              @HCCINIT .section 'data'
  12  000A              #line 12 "C:\Users\hamed\OneDrive\Documents\HTK_Project\touch1 - rgb\prid2.c"
  12  000A              public _max
  12  0028              @HCCINIT0 .section 'data'
  12  0028  0002[       _max	db 2 dup(0)
            00
            ]
  12  002A              #pragma debug variable 12 1 _max "max"
  12  002A              
  12  000A              @HCCINIT .section 'data'
  12  000A              #line 12 "C:\Users\hamed\OneDrive\Documents\HTK_Project\touch1 - rgb\prid2.c"
  12  000A              public _min
  12  002A              @HCCINIT0 .section 'data'
  12  002A  0002[       _min	db 2 dup(0)
            00
            ]
  12  002C              #pragma debug variable 12 1 _min "min"
  12  002C              
  12  000A              @HCCINIT .section 'data'
  11  000A              #line 11 "C:\Users\hamed\OneDrive\Documents\HTK_Project\touch1 - rgb\prid2.c"
  11  000A              public _touch
  11  002C              @HCCINIT0 .section 'data'
  11  002C  0002[       _touch	db 2 dup(0)
            00
            ]
  11  002E              #pragma debug variable 12 1 _touch "touch"
  11  002E              
  11  000A              @HCCINIT .section 'data'
  11  000A              public _isInDoor
  10  000A              #line 10 "C:\Users\hamed\OneDrive\Documents\HTK_Project\touch1 - rgb\prid2.c"
  10  000A              @HCCINIT .section 'data'
  10  000A              _isInDoor label byte
  10  000A              #pragma debug variable 8 1 _isInDoor "isInDoor"
  10  000A              	db 0
  10  0005              @ROMDATA_BASE .section inpage 'code'
  10  0005              	db 0
  10  000B              @HCCINIT .section 'data'
  10  000B              public _fingerCounter
   9  000B              #line 9 "C:\Users\hamed\OneDrive\Documents\HTK_Project\touch1 - rgb\prid2.c"
   9  000B              @HCCINIT .section 'data'
   9  000B              _fingerCounter label byte
   9  000B              #pragma debug variable 14 1 _fingerCounter "fingerCounter"
   9  000B              	db 0
   9  0006              @ROMDATA_BASE .section inpage 'code'
   9  0006              	db 0
   9  000C              @HCCINIT .section 'data'
   9  000C              	db 0
   9  0006              @ROMDATA_BASE .section inpage 'code'
   9  0006              	db 0
   9  000D              @HCCINIT .section 'data'
   9  000D              	db 0
   9  0007              @ROMDATA_BASE .section inpage 'code'
   9  0007              	db 0
   9  000E              @HCCINIT .section 'data'
   9  000E              	db 0
   9  0007              @ROMDATA_BASE .section inpage 'code'
   9  0007              	db 0
"File: prid2.c       Assembler  Version HGASM0202      Page 16

   9  000F              @HCCINIT .section 'data'
   8  000F              #line 8 "C:\Users\hamed\OneDrive\Documents\HTK_Project\touch1 - rgb\prid2.c"
   8  000F              public _f
   8  002E              @HCCINIT0 .section 'data'
   8  002E  0002[       _f	db 2 dup(0)
            00
            ]
   8  0030              #pragma debug variable 11 1 _f "f"
   8  0030              
   8  000F              @HCCINIT .section 'data'
   6  000F              #line 6 "C:\Users\hamed\OneDrive\Documents\HTK_Project\touch1 - rgb\prid2.c"
   6  000F              public _t
   6  0030              @HCCINIT0 .section 'data'
   6  0030  0002[       _t	db 2 dup(0)
            00
            ]
   6  0032              #pragma debug variable 11 1 _t "t"
   6  0032              
   6  000F              @HCCINIT .section 'data'
   6  000F              #line 6 "C:\Users\hamed\OneDrive\Documents\HTK_Project\touch1 - rgb\prid2.c"
   6  000F              public _n
   6  0032              @HCCINIT0 .section 'data'
   6  0032  0002[       _n	db 2 dup(0)
            00
            ]
   6  0034              #pragma debug variable 11 1 _n "n"
   6  0034              
   6  000F              @HCCINIT .section 'data'
   6  000F              #line 6 "C:\Users\hamed\OneDrive\Documents\HTK_Project\touch1 - rgb\prid2.c"
   6  000F              public _j
   6  0034              @HCCINIT0 .section 'data'
   6  0034  0002[       _j	db 2 dup(0)
            00
            ]
   6  0036              #pragma debug variable 11 1 _j "j"
   6  0036              
   6  000F              @HCCINIT .section 'data'
   6  000F              #line 6 "C:\Users\hamed\OneDrive\Documents\HTK_Project\touch1 - rgb\prid2.c"
   6  000F              public _i
   6  0036              @HCCINIT0 .section 'data'
   6  0036  0002[       _i	db 2 dup(0)
            00
            ]
   6  0038              #pragma debug variable 11 1 _i "i"
   6  0038              
   6  000F              @HCCINIT .section 'data'
   6  000F              public _touchThreshold
   5  000F              #line 5 "C:\Users\hamed\OneDrive\Documents\HTK_Project\touch1 - rgb\prid2.c"
   5  000F              @HCCINIT .section 'data'
   5  000F              _touchThreshold label byte
   5  000F              #pragma debug variable 14 1 _touchThreshold "touchThreshold"
   5  000F              	db 0
   5  0008              @ROMDATA_BASE .section inpage 'code'
   5  0008              	db 0
   5  0010              @HCCINIT .section 'data'
   5  0010              	db 0
   5  0008              @ROMDATA_BASE .section inpage 'code'
   5  0008              	db 0
   5  0011              @HCCINIT .section 'data'
   5  0011              	db 0
"File: prid2.c       Assembler  Version HGASM0202      Page 17

   5  0009              @ROMDATA_BASE .section inpage 'code'
   5  0009              	db 0
   5  0012              @HCCINIT .section 'data'
   5  0012              	db 0
   5  0009              @ROMDATA_BASE .section inpage 'code'
   5  0009              	db 0
   5  0013              @HCCINIT .section 'data'
   5  0013              #pragma debug struct_end
   5  0013              #pragma debug struct_end
   5  0013              #pragma debug union_end
   5  0013              #pragma debug union_end
   5  0013              #pragma debug variable 44 1 ___smod "__smod" 1
   5  0013              #pragma debug struct_end
   5  0013              #pragma debug struct_end
   5  0013              #pragma debug union_end
   5  0013              #pragma debug union_end
   5  0013              #pragma debug variable 46 1 ___intc0 "__intc0" 1
   5  0013              #pragma debug struct_end
   5  0013              #pragma debug struct_end
   5  0013              #pragma debug union_end
   5  0013              #pragma debug union_end
   5  0013              #pragma debug variable 48 1 ___pa "__pa" 1
   5  0013              #pragma debug struct_end
   5  0013              #pragma debug struct_end
   5  0013              #pragma debug union_end
   5  0013              #pragma debug union_end
   5  0013              #pragma debug variable 50 1 ___pac "__pac" 1
   5  0013              #pragma debug struct_end
   5  0013              #pragma debug struct_end
   5  0013              #pragma debug union_end
   5  0013              #pragma debug union_end
   5  0013              #pragma debug variable 52 1 ___tmrc "__tmrc" 1
   5  0013              #pragma debug variable 8 1 ___tktmr "__tktmr" 1
   5  0013              #pragma debug struct_end
   5  0013              #pragma debug struct_end
   5  0013              #pragma debug union_end
   5  0013              #pragma debug union_end
   5  0013              #pragma debug variable 54 1 ___tkc0 "__tkc0" 1
   5  0013              #pragma debug struct_end
   5  0013              #pragma debug struct_end
   5  0013              #pragma debug union_end
   5  0013              #pragma debug union_end
   5  0013              #pragma debug variable 56 1 ___tkc1 "__tkc1" 1
   5  0013              #pragma debug variable 8 1 ___tkm016dl "__tkm016dl" 1
   5  0013              #pragma debug variable 8 1 ___tkm016dh "__tkm016dh" 1
   5  0013              #pragma debug variable 8 1 ___tkm0rol "__tkm0rol" 1
   5  0013              #pragma debug variable 8 1 ___tkm0roh "__tkm0roh" 1
   5  0013              #pragma debug struct_end
   5  0013              #pragma debug struct_end
   5  0013              #pragma debug union_end
   5  0013              #pragma debug union_end
   5  0013              #pragma debug variable 58 1 ___tkm0c0 "__tkm0c0" 1
   5  0013              #pragma debug struct_end
   5  0013              #pragma debug struct_end
   5  0013              #pragma debug union_end
   5  0013              #pragma debug union_end
   5  0013              #pragma debug variable 60 1 ___tkm0c1 "__tkm0c1" 1
   5  0013              extern r1:byte
   5  0013              extern r2:byte
 149  0013              #line 149 "C:\Users\hamed\OneDrive\Documents\HTK_Project\touch1 - rgb\prid2.c"
"File: prid2.c       Assembler  Version HGASM0202      Page 18

 149  0000              @code .section at 0 'code'
 149  0000  2800     R  	jmp _main_startup1
 149  0001              
 149  0001              extern _builtin_holtek_udivmodsi4_2:byte
 149  0001              extern _builtin_holtek_udivmodsi4:near
 149  0001              
 149  0001              ; 
 149  0001              ; Generated by holtek-gcc v3.19, Sun Aug 20 18:52:29 2023
 149  0001              ; Rebuild 718
 149  0001              ; end of file


        0 Errors, 0