"File: prid2.c       Assembler  Version HGASM0202      Page 1


   1  0000              ; Generated by holtek-gcc v3.19, Wed Sep 27 18:53:26 2023
   2  0000              ; 
   3  0000              ; Configuration:
   4  0000              ;       without long instruction
   5  0000              ;       Single ROM, Multi-RAM
   6  0000              ;       bits_per_rom_unit:16
   7  0000              ;       with mp1
   8  0000              ;       with tbhp, address(0x9)
   9  0000              ;          Use tabrd-const
  10  0000              ;       
  11  0000              ;       
  12  0000              ;       
  13  0000              ; use 'tabrdc' instead of 'tabrd'
  14  0000              ;       
  15  0000              
  16  0000              #pragma translator "holtek-gcc 4.6.4" "3.19" "build 20130711"
  17  0000              ; Rebuild 718
  18  0000              
  19  0000              ir equ [2]
  20  0000              mp equ [3]
  21  0000              sbp equ [1]
  22  0000              acc equ [5]
  23  0000              bp equ [4]
  24  0000              tblp equ [7]
  25  0000              tbhp equ [9]
  26  0000              status equ [10]
  27  0000              c equ [10].0
  28  0000              ac equ [10].1
  29  0000              z equ [10].2
  30  0000              ov equ [10].3
  31  0000              intc equ [11]
  32  0000              
  33  0000              extern ra:byte
  34  0000              extern rb:byte
  35  0000              extern rc:byte
  36  0000              extern rd:byte
  37  0000              extern re:byte
  38  0000              extern rf:byte
  39  0000              extern rg:byte
  40  0000              extern rh:byte
  41  0000              extern _Crom2Prom:near
  42  0000              extern _Crom2PromNext:near
  43  0000              
  44  0000              RAMBANK 0 @HCCINIT, @HCCINIT0
  45  0000              
  46  0000              RAMBANK 0 @BITDATASEC, @BITDATASEC1
  47  0000              @HCCINIT	.section 'data'
  48  0000              @HCCINIT0	.section 'data'
  49  0000              @BITDATASEC	 .section 'data'
  50  0000              @BITDATASEC1	 .section 'data'
  51  0000              
  52  0000              #pragma debug scope 1 1
  53  0000              	extern __DELAY3:near
  54  0000              	extern __DELAYX3:near
  55  0000              	extern __DELAYX6:near
  56  0000              	extern __DELAYY5:near
  57  0000              	extern __DELAYY3:near
  58  0000              	extern _builtin_holtek_delay_2:byte
  59  0000              ___pa equ [20]
"File: prid2.ASM     Assembler  Version HGASM0202      Page 2

  60  0000              public _int0
  61  0000              #pragma debug scope 2 1

  21  0000              #line 21 "E:\hamed\touch2\touch2 -ir\prid2.c"
  21  0000              @int0_code .section at 4 'code'
  21  0000  0080     E  	mov r1,a
  21  0001  070A        	mov a,status
  21  0002  0080     E  	mov r2,a
  21  0003  2800     R  	jmp _int0
  21  0004              #pragma debug scope 1 1
  21  0004              @dummy4 endp
  21  0004              #pragma debug scope 3 1
  21  0000              _int0 .section 'code'
  21  0000              _int0 proc
  22  0000              #line 22 "E:\hamed\touch2\touch2 -ir\prid2.c"
  22  0000  0700     R  	mov a,_counter[0]
  22  0001  0080     R  	mov _ncount[0],a
  22  0002  0700     R  	mov a,_counter[1]
  22  0003  0080     R  	mov _ncount[1],a
  24  0004              #line 24 "E:\hamed\touch2\touch2 -ir\prid2.c"
  24  0004  1F00     R  	clr _counter[0]
  24  0005  1F00     R  	clr _counter[1]
  27  0006              #line 27 "E:\hamed\touch2\touch2 -ir\prid2.c"
  27  0006  3800     R  	snz _q
  27  0007  2800     R  	jmp _L2
  29  0008              #line 29 "E:\hamed\touch2\touch2 -ir\prid2.c"
  29  0008  0FFE        	mov a,254
  29  0009  0380     R  	addm a,_counter3[0]
  29  000A  0FFF        	mov a,255
  29  000B  1380     R  	adcm a,_counter3[1]
  31  000C              #line 31 "E:\hamed\touch2\touch2 -ir\prid2.c"
  31  000C  3800     R  	snz _counter3[1].7
  31  000D  2800     R  	jmp _L3
  32  000E              #line 32 "E:\hamed\touch2\touch2 -ir\prid2.c"
  32  000E  1F80     R  	set _counter3[0]
  32  000F  1F80     R  	set _counter3[1]
  33  0010              #line 33 "E:\hamed\touch2\touch2 -ir\prid2.c"
  33  0010  3214        	set [20].4
  33  0011  2800     R  	jmp _L2
  33  0012              _L3:
  35  0012              #line 35 "E:\hamed\touch2\touch2 -ir\prid2.c"
  35  0012  3614        	clr [20].4
  35  0013              _L2:
  40  0013              #line 40 "E:\hamed\touch2\touch2 -ir\prid2.c"
  40  0013  3C00     R  	sz _q
  40  0014  2800     R  	jmp _L1
  41  0015              #line 41 "E:\hamed\touch2\touch2 -ir\prid2.c"
  41  0015  3614        	clr [20].4
  42  0016              #line 42 "E:\hamed\touch2\touch2 -ir\prid2.c"
  42  0016  0FA0        	mov a,160
  42  0017  0200     R  	sub a,_counter2[0]
  42  0018  0F00        	mov a,0
  42  0019  1200     R  	sbc a,_counter2[1]
  42  001A  1185        	swap acc
  42  001B  040A        	xor a,status
  42  001C  3D85        	sz acc.3
  42  001D  2800     R  	jmp _L1
  42  001E  0F06        	mov a,6
  42  001F  0380     R  	addm a,_counter2[0]
  42  0020  0F00        	mov a,0
"File: prid2.c       Assembler  Version HGASM0202      Page 3

  42  0021  1380     R  	adcm a,_counter2[1]
  42  0022              _L1:
  42  0022  0700     E  	mov a,r2
  42  0023  008A        	mov status,a
  42  0024  0700     E  	mov a,r1
  42  0025  0004        	reti
  42  0026              _int0 endp
  42  0026              
  42  0026              #line 42 "E:\hamed\touch2\touch2 -ir\prid2.c"
  42  0026              #pragma debug scope 1 1
  42  0026              public _timer
  42  0026              #pragma debug scope 4 1
  56  0026              #line 56 "E:\hamed\touch2\touch2 -ir\prid2.c"
  56  0000              @timer_code .section at 12 'code'
  56  0000  0080     E  	mov r1,a
  56  0001  070A        	mov a,status
  56  0002  0080     E  	mov r2,a
  56  0003  2800     R  	jmp _timer
  56  0004              #pragma debug scope 1 1
  56  0004              @dummy12 endp
  56  0004              #pragma debug scope 5 1
  56  0000              _timer .section 'code'
  56  0000              _timer proc
  58  0000              #line 58 "E:\hamed\touch2\touch2 -ir\prid2.c"
  58  0000  1480     R  	inc _counter[0]
  58  0001  3D0A        	sz z
  58  0002  1480     R  	inc _counter[1]
  62  0003              #line 62 "E:\hamed\touch2\touch2 -ir\prid2.c"
  62  0003  3800     R  	snz _q
  62  0004  2800     R  	jmp _L9
  64  0005              #line 64 "E:\hamed\touch2\touch2 -ir\prid2.c"
  64  0005  0700     R  	mov a,_counter[0]
  64  0006  0200     R  	sub a,_counter3[0]
  64  0007  0700     R  	mov a,_counter[1]
  64  0008  1200     R  	sbc a,_counter3[1]
  64  0009  1185        	swap acc
  64  000A  040A        	xor a,status
  64  000B  3D85        	sz acc.3
  64  000C  2800     R  	jmp _L10
  65  000D              #line 65 "E:\hamed\touch2\touch2 -ir\prid2.c"
  65  000D  3214        	set [20].4
  65  000E              _L10:
  67  000E              #line 67 "E:\hamed\touch2\touch2 -ir\prid2.c"
  67  000E  1F00     R  	clr _counter2[0]
  67  000F  1F00     R  	clr _counter2[1]
  67  0010              _L9:
  70  0010              #line 70 "E:\hamed\touch2\touch2 -ir\prid2.c"
  70  0010  3C00     R  	sz _q
  70  0011  2800     R  	jmp _L11
  72  0012              #line 72 "E:\hamed\touch2\touch2 -ir\prid2.c"
  72  0012  0700     R  	mov a,_counter[0]
  72  0013  0400     R  	xor a,_counter2[0]
  72  0014  0700     R  	mov a,_counter[1]
  72  0015  3D0A        	sz z
  72  0016  0400     R  	xor a,_counter2[1]
  72  0017  390A        	snz z
  72  0018  2800     R  	jmp _L12
  73  0019              #line 73 "E:\hamed\touch2\touch2 -ir\prid2.c"
  73  0019  3214        	set [20].4
  73  001A              _L12:
"File: prid2.c       Assembler  Version HGASM0202      Page 4

  75  001A              #line 75 "E:\hamed\touch2\touch2 -ir\prid2.c"
  75  001A  0700     R  	mov a,_ncount[0]
  75  001B  0080     R  	mov _counter3[0],a
  75  001C  0700     R  	mov a,_ncount[1]
  75  001D  0080     R  	mov _counter3[1],a
  75  001E              _L11:
  83  001E              #line 83 "E:\hamed\touch2\touch2 -ir\prid2.c"
  83  001E  0F01        	mov a,1
  83  001F  0380     R  	addm a,_counterir[0]
  83  0020  0F00        	mov a,0
  83  0021  1380     R  	adcm a,_counterir[1]
  83  0022  1380     R  	adcm a,_counterir[2]
  83  0023  1380     R  	adcm a,_counterir[3]
  85  0024              #line 85 "E:\hamed\touch2\touch2 -ir\prid2.c"
  85  0024  3E94        	sz [20].5
  85  0025  2800     R  	jmp _L13
  85  0026  0F01        	mov a,1
  85  0027  0080     R  	mov _m[0],a
  85  0028  1F00     R  	clr _m[1]
  85  0029              _L13:
  86  0029              #line 86 "E:\hamed\touch2\touch2 -ir\prid2.c"
  86  0029  3A94        	snz [20].5
  86  002A  2800     R  	jmp _L14
  86  002B  0700     R  	mov a,_m[0]
  86  002C  0C01        	xor a,1
  86  002D  0500     R  	or a,_m[1]
  86  002E  390A        	snz z
  86  002F  2800     R  	jmp _L14
  87  0030              #line 87 "E:\hamed\touch2\touch2 -ir\prid2.c"
  87  0030  1F00     R  	clr _m[0]
  87  0031  1F00     R  	clr _m[1]
  88  0032              #line 88 "E:\hamed\touch2\touch2 -ir\prid2.c"
  88  0032  0F01        	mov a,1
  88  0033  0380     R  	addm a,_counterir2[0]
  88  0034  0F00        	mov a,0
  88  0035  1380     R  	adcm a,_counterir2[1]
  88  0036  1380     R  	adcm a,_counterir2[2]
  88  0037  1380     R  	adcm a,_counterir2[3]
  88  0038              _L14:
  93  0038              #line 93 "E:\hamed\touch2\touch2 -ir\prid2.c"
  93  0038  0700     R  	mov a,_counterir[0]
  93  0039  0080     E  	mov rd,a
  93  003A  0700     R  	mov a,_counterir[1]
  93  003B  0080     E  	mov re,a
  93  003C  0700     R  	mov a,_counterir[2]
  93  003D  0080     E  	mov rf,a
  93  003E  0700     R  	mov a,_counterir[3]
  93  003F  0080     E  	mov rg,a
  93  0040  0F00        	mov a,0
  93  0041  0680     E  	andm a,rg
  93  0042  0F00        	mov a,0
  93  0043  0680     E  	andm a,rf
  93  0044  0F00        	mov a,0
  93  0045  0680     E  	andm a,re
  93  0046  0F1F        	mov a,31
  93  0047  0680     E  	andm a,rd
  93  0048  0700     E  	mov a,rd
  93  0049  0500     E  	or a,re
  93  004A  0500     E  	or a,rf
  93  004B  0500     E  	or a,rg
"File: prid2.c       Assembler  Version HGASM0202      Page 5

  93  004C  390A        	snz z
  93  004D  2800     R  	jmp _L15
  94  004E              #line 94 "E:\hamed\touch2\touch2 -ir\prid2.c"
  94  004E  1F00     E  	clr ra
  94  004F  3894        	snz [20].1
  94  0050  3000     E  	set ra.1
  94  0051  3494        	clr [20].1
  94  0052  0700     E  	mov a,ra
  94  0053  0594        	orm a,[20]
  94  0054              _L15:
  99  0054              #line 99 "E:\hamed\touch2\touch2 -ir\prid2.c"
  99  0054  0F20        	mov a,32
  99  0055  0200     R  	sub a,_counterir[0]
  99  0056  0F03        	mov a,3
  99  0057  1200     R  	sbc a,_counterir[1]
  99  0058  0F00        	mov a,0
  99  0059  1200     R  	sbc a,_counterir[2]
  99  005A  0F00        	mov a,0
  99  005B  1200     R  	sbc a,_counterir[3]
  99  005C  1185        	swap acc
  99  005D  040A        	xor a,status
  99  005E  3985        	snz acc.3
  99  005F  2800     R  	jmp _L8
 102  0060              #line 102 "E:\hamed\touch2\touch2 -ir\prid2.c"
 102  0060  3494        	clr [20].1
 104  0061              #line 104 "E:\hamed\touch2\touch2 -ir\prid2.c"
 104  0061  1F00     R  	clr _counterir[0]
 104  0062  1F00     R  	clr _counterir[1]
 104  0063  1F00     R  	clr _counterir[2]
 104  0064  1F00     R  	clr _counterir[3]
 106  0065              #line 106 "E:\hamed\touch2\touch2 -ir\prid2.c"
 106  0065  0F0A        	mov a,10
 106  0066  0200     R  	sub a,_counterir2[0]
 106  0067  0F00        	mov a,0
 106  0068  1200     R  	sbc a,_counterir2[1]
 106  0069  0F00        	mov a,0
 106  006A  1200     R  	sbc a,_counterir2[2]
 106  006B  0F00        	mov a,0
 106  006C  1200     R  	sbc a,_counterir2[3]
 106  006D  1185        	swap acc
 106  006E  040A        	xor a,status
 106  006F  3985        	snz acc.3
 106  0070  2800     R  	jmp _L17
 106  0071  0F13        	mov a,19
 106  0072  0200     R  	sub a,_counterir2[0]
 106  0073  0F00        	mov a,0
 106  0074  1200     R  	sbc a,_counterir2[1]
 106  0075  0F00        	mov a,0
 106  0076  1200     R  	sbc a,_counterir2[2]
 106  0077  0F00        	mov a,0
 106  0078  1200     R  	sbc a,_counterir2[3]
 106  0079  1185        	swap acc
 106  007A  040A        	xor a,status
 106  007B  3D85        	sz acc.3
 106  007C  2800     R  	jmp _L17
 106  007D  3C00     R  	sz _o
 106  007E  2800     R  	jmp _L17
 107  007F              #line 107 "E:\hamed\touch2\touch2 -ir\prid2.c"
 107  007F  3000     R  	set _o
 108  0080              #line 108 "E:\hamed\touch2\touch2 -ir\prid2.c"
"File: prid2.c       Assembler  Version HGASM0202      Page 6

 108  0080  3C00     R  	sz _q
 108  0081  2800     R  	jmp _LI1
 108  0082  3000     R  	set _q
 108  0083  2800     R  	jmp _LI2
 108  0084              _LI1:
 108  0084  3400     R  	clr _q
 108  0085              _LI2:
 108  0085              _L17:
 111  0085              #line 111 "E:\hamed\touch2\touch2 -ir\prid2.c"
 111  0085  0F09        	mov a,9
 111  0086  0200     R  	sub a,_counterir2[0]
 111  0087  0F00        	mov a,0
 111  0088  1200     R  	sbc a,_counterir2[1]
 111  0089  0F00        	mov a,0
 111  008A  1200     R  	sbc a,_counterir2[2]
 111  008B  0F00        	mov a,0
 111  008C  1200     R  	sbc a,_counterir2[3]
 111  008D  1185        	swap acc
 111  008E  040A        	xor a,status
 111  008F  3985        	snz acc.3
 111  0090  2800     R  	jmp _L18
 111  0091  0F14        	mov a,20
 111  0092  0200     R  	sub a,_counterir2[0]
 111  0093  0F00        	mov a,0
 111  0094  1200     R  	sbc a,_counterir2[1]
 111  0095  0F00        	mov a,0
 111  0096  1200     R  	sbc a,_counterir2[2]
 111  0097  0F00        	mov a,0
 111  0098  1200     R  	sbc a,_counterir2[3]
 111  0099  1185        	swap acc
 111  009A  040A        	xor a,status
 111  009B  3985        	snz acc.3
 111  009C  2800     R  	jmp _L19
 111  009D              _L18:
 112  009D              #line 112 "E:\hamed\touch2\touch2 -ir\prid2.c"
 112  009D  3400     R  	clr _o
 112  009E              _L19:
 114  009E              #line 114 "E:\hamed\touch2\touch2 -ir\prid2.c"
 114  009E  1F00     R  	clr _counterir2[0]
 114  009F  1F00     R  	clr _counterir2[1]
 114  00A0  1F00     R  	clr _counterir2[2]
 114  00A1  1F00     R  	clr _counterir2[3]
 114  00A2              _L8:
 114  00A2  0700     E  	mov a,r2
 114  00A3  008A        	mov status,a
 114  00A4  0700     E  	mov a,r1
 114  00A5  0004        	reti
 114  00A6              _timer endp
 114  00A6              
 114  00A6              #line 114 "E:\hamed\touch2\touch2 -ir\prid2.c"
 114  00A6              #pragma debug scope 1 1
 114  00A6              ___integ equ [13]
 114  00A6              ___intc0 equ [14]
 114  00A6              ___tmrc equ [29]
 114  00A6              ___smod equ [11]
 114  00A6              ___pac equ [21]
 114  00A6              public _init
 114  00A6              #pragma debug scope 6 1
 125  00A6              #line 125 "E:\hamed\touch2\touch2 -ir\prid2.c"
 125  0000              _init .section 'code'
"File: prid2.c       Assembler  Version HGASM0202      Page 7

 125  0000              _init proc
 136  0000              #line 136 "E:\hamed\touch2\touch2 -ir\prid2.c"
 136  0000  308D        	set [13].1
 137  0001              #line 137 "E:\hamed\touch2\touch2 -ir\prid2.c"
 137  0001  300D        	set [13].0
 138  0002              #line 138 "E:\hamed\touch2\touch2 -ir\prid2.c"
 138  0002  308E        	set [14].1
 161  0003              #line 161 "E:\hamed\touch2\touch2 -ir\prid2.c"
 161  0003  369D        	clr [29].5
 162  0004              #line 162 "E:\hamed\touch2\touch2 -ir\prid2.c"
 162  0004  321D        	set [29].4
 164  0005              #line 164 "E:\hamed\touch2\touch2 -ir\prid2.c"
 164  0005  301D        	set [29].0
 165  0006              #line 165 "E:\hamed\touch2\touch2 -ir\prid2.c"
 165  0006  349D        	clr [29].1
 166  0007              #line 166 "E:\hamed\touch2\touch2 -ir\prid2.c"
 166  0007  351D        	clr [29].2
 169  0008              #line 169 "E:\hamed\touch2\touch2 -ir\prid2.c"
 169  0008  300E        	set [14].0
 170  0009              #line 170 "E:\hamed\touch2\touch2 -ir\prid2.c"
 170  0009  300B        	set [11].0
 172  000A              #line 172 "E:\hamed\touch2\touch2 -ir\prid2.c"
 172  000A  330E        	set [14].6
 173  000B              #line 173 "E:\hamed\touch2\touch2 -ir\prid2.c"
 173  000B  318E        	set [14].3
 178  000C              #line 178 "E:\hamed\touch2\touch2 -ir\prid2.c"
 178  000C  3495        	clr [21].1
 179  000D              #line 179 "E:\hamed\touch2\touch2 -ir\prid2.c"
 179  000D  3515        	clr [21].2
 180  000E              #line 180 "E:\hamed\touch2\touch2 -ir\prid2.c"
 180  000E  3595        	clr [21].3
 181  000F              #line 181 "E:\hamed\touch2\touch2 -ir\prid2.c"
 181  000F  3615        	clr [21].4
 185  0010              #line 185 "E:\hamed\touch2\touch2 -ir\prid2.c"
 185  0010  3295        	set [21].5
 185  0011  0003        	ret
 185  0012              _init endp
 185  0012              #line 185 "E:\hamed\touch2\touch2 -ir\prid2.c"
 185  0012              #pragma debug scope 1 1
 185  0012              public _main
 185  0012              #pragma debug scope 7 1
 193  0012              #line 193 "E:\hamed\touch2\touch2 -ir\prid2.c"
 193  0012              IFDEF WITH_DEFAULT_STARTUP
 193  0012              extern _main_initial0:near
 193  0012              extern _main_startup:near
 193  0012              ENDIF
 193  0012              
 193  0012              ROMBANK 0 @start
 193  0000              @start .section com_l 'code'
 193  0000              _main_startup1:
 193  0000              @start .section com_e 'code'
 193  0000  2800     R  	jmp _main
 193  0001              
 193  0000              _main .section 'code'
 193  0000              _main proc
 194  0000              #line 194 "E:\hamed\touch2\touch2 -ir\prid2.c"
 194  0000  2000     R  	call _init
 194  0001              _L25:
 199  0001              #line 199 "E:\hamed\touch2\touch2 -ir\prid2.c"
 199  0001              ;# 199 "E:\hamed\touch2\touch2 -ir\prid2.c" 1
"File: prid2.c       Assembler  Version HGASM0202      Page 8

 199  0001  0001        	clr wdt
 199  0002  2800     R  	jmp _L25
 199  0003  2800     R  	jmp $
 199  0004              _main endp
 199  0004              
 199  0004              @dummy endp
 199  0004              
 199  0004              #line 199 "E:\hamed\touch2\touch2 -ir\prid2.c"
 199  0004              #pragma debug scope 1 1
 199  0004              public _o
 199  0000              @HCCINIT	.section 'data'
  14  0000              #line 14 "E:\hamed\touch2\touch2 -ir\prid2.c"
  14  0000              @BITDATASEC .section 'data'
  14  0000  00          _o	dbit 0
  14  0001              #pragma debug variable 2 1 _o "o"
  14  0001              public _q
  14  0001              #line 14 "E:\hamed\touch2\touch2 -ir\prid2.c"
  14  0001              @BITDATASEC .section 'data'
  14  0000              _q	dbit 0
  14  0001              #pragma debug variable 2 1 _q "q"
  14  0001              public _m
  13  0001              #line 13 "E:\hamed\touch2\touch2 -ir\prid2.c"
  13  0000              @HCCINIT .section 'data'
  13  0000              _m label byte
  13  0000              #pragma debug variable 11 1 _m "m"
  13  0000              	db 0
  13  0000              @ROMDATA_BASE .section inpage 'code'
  13  0000              	db 0
  13  0001              @HCCINIT .section 'data'
  13  0001              	db 0
  13  0001              @ROMDATA_BASE .section inpage 'code'
  13  0001              	db 0
  13  0002              @HCCINIT .section 'data'
  13  0002              public _counterir
  12  0002              #line 12 "E:\hamed\touch2\touch2 -ir\prid2.c"
  12  0002              @HCCINIT .section 'data'
  12  0002              _counterir label byte
  12  0002              #pragma debug variable 13 1 _counterir "counterir"
  12  0002              	db 0
  12  0001              @ROMDATA_BASE .section inpage 'code'
  12  0001              	db 0
  12  0003              @HCCINIT .section 'data'
  12  0003              	db 0
  12  0002              @ROMDATA_BASE .section inpage 'code'
  12  0002              	db 0
  12  0004              @HCCINIT .section 'data'
  12  0004              	db 0
  12  0002              @ROMDATA_BASE .section inpage 'code'
  12  0002              	db 0
  12  0005              @HCCINIT .section 'data'
  12  0005              	db 0
  12  0003              @ROMDATA_BASE .section inpage 'code'
  12  0003              	db 0
  12  0006              @HCCINIT .section 'data'
  12  0006              public _counterir2
  11  0006              #line 11 "E:\hamed\touch2\touch2 -ir\prid2.c"
  11  0006              @HCCINIT .section 'data'
  11  0006              _counterir2 label byte
  11  0006              #pragma debug variable 13 1 _counterir2 "counterir2"
  11  0006              	db 0
"File: prid2.c       Assembler  Version HGASM0202      Page 9

  11  0003              @ROMDATA_BASE .section inpage 'code'
  11  0003              	db 0
  11  0007              @HCCINIT .section 'data'
  11  0007              	db 0
  11  0004              @ROMDATA_BASE .section inpage 'code'
  11  0004              	db 0
  11  0008              @HCCINIT .section 'data'
  11  0008              	db 0
  11  0004              @ROMDATA_BASE .section inpage 'code'
  11  0004              	db 0
  11  0009              @HCCINIT .section 'data'
  11  0009              	db 0
  11  0005              @ROMDATA_BASE .section inpage 'code'
  11  0005              	db 0
  11  000A              @HCCINIT .section 'data'
  11  000A              public _counter3
   9  000A              #line 9 "E:\hamed\touch2\touch2 -ir\prid2.c"
   9  000A              @HCCINIT .section 'data'
   9  000A              _counter3 label byte
   9  000A              #pragma debug variable 11 1 _counter3 "counter3"
   9  000A              	db 0
   9  0005              @ROMDATA_BASE .section inpage 'code'
   9  0005              	db 0
   9  000B              @HCCINIT .section 'data'
   9  000B              	db 0
   9  0006              @ROMDATA_BASE .section inpage 'code'
   9  0006              	db 0
   9  000C              @HCCINIT .section 'data'
   9  000C              public _counter2
   8  000C              #line 8 "E:\hamed\touch2\touch2 -ir\prid2.c"
   8  000C              @HCCINIT .section 'data'
   8  000C              _counter2 label byte
   8  000C              #pragma debug variable 11 1 _counter2 "counter2"
   8  000C              	db 0
   8  0006              @ROMDATA_BASE .section inpage 'code'
   8  0006              	db 0
   8  000D              @HCCINIT .section 'data'
   8  000D              	db 0
   8  0007              @ROMDATA_BASE .section inpage 'code'
   8  0007              	db 0
   8  000E              @HCCINIT .section 'data'
   8  000E              public _counter
   7  000E              #line 7 "E:\hamed\touch2\touch2 -ir\prid2.c"
   7  000E              @HCCINIT .section 'data'
   7  000E              _counter label byte
   7  000E              #pragma debug variable 11 1 _counter "counter"
   7  000E              	db 0
   7  0007              @ROMDATA_BASE .section inpage 'code'
   7  0007              	db 0
   7  000F              @HCCINIT .section 'data'
   7  000F              	db 0
   7  0008              @ROMDATA_BASE .section inpage 'code'
   7  0008              	db 0
   7  0010              @HCCINIT .section 'data'
   7  0010              public _ncount
   6  0010              #line 6 "E:\hamed\touch2\touch2 -ir\prid2.c"
   6  0010              @HCCINIT .section 'data'
   6  0010              _ncount label byte
   6  0010              #pragma debug variable 11 1 _ncount "ncount"
   6  0010              	db 0
"File: prid2.c       Assembler  Version HGASM0202      Page 10

   6  0008              @ROMDATA_BASE .section inpage 'code'
   6  0008              	db 0
   6  0011              @HCCINIT .section 'data'
   6  0011              	db 0
   6  0009              @ROMDATA_BASE .section inpage 'code'
   6  0009              	db 0
   6  0012              @HCCINIT .section 'data'
   6  0012              #pragma debug struct_end
   6  0012              #pragma debug struct_end
   6  0012              #pragma debug union_end
   6  0012              #pragma debug union_end
   6  0012              #pragma debug variable 43 1 ___smod "__smod" 1
   6  0012              #pragma debug struct_end
   6  0012              #pragma debug struct_end
   6  0012              #pragma debug union_end
   6  0012              #pragma debug union_end
   6  0012              #pragma debug variable 45 1 ___integ "__integ" 1
   6  0012              #pragma debug struct_end
   6  0012              #pragma debug struct_end
   6  0012              #pragma debug union_end
   6  0012              #pragma debug union_end
   6  0012              #pragma debug variable 47 1 ___intc0 "__intc0" 1
   6  0012              #pragma debug struct_end
   6  0012              #pragma debug struct_end
   6  0012              #pragma debug union_end
   6  0012              #pragma debug union_end
   6  0012              #pragma debug variable 49 1 ___pa "__pa" 1
   6  0012              #pragma debug struct_end
   6  0012              #pragma debug struct_end
   6  0012              #pragma debug union_end
   6  0012              #pragma debug union_end
   6  0012              #pragma debug variable 51 1 ___pac "__pac" 1
   6  0012              #pragma debug struct_end
   6  0012              #pragma debug struct_end
   6  0012              #pragma debug union_end
   6  0012              #pragma debug union_end
   6  0012              #pragma debug variable 53 1 ___tmrc "__tmrc" 1
   6  0012              extern r1:byte
   6  0012              extern r2:byte
 193  0012              #line 193 "E:\hamed\touch2\touch2 -ir\prid2.c"
 193  0000              @code .section at 0 'code'
 193  0000  2800     R  	jmp _main_startup1
 193  0001              
 193  0001              
 193  0001              ; 
 193  0001              ; Generated by holtek-gcc v3.19, Wed Sep 27 18:53:26 2023
 193  0001              ; Rebuild 718
 193  0001              ; end of file


        0 Errors, 0