"File: touch-1ch-change.c  Assembler  Version HGASM0202      Page 1


   1  0000              ; Generated by holtek-gcc v3.19, Fri Oct 25 16:43:26 2024
   2  0000              ; 
   3  0000              ; Configuration:
   4  0000              ;       without long instruction
   5  0000              ;       Single ROM, Multi-RAM
   6  0000              ;       bits_per_rom_unit:16
   7  0000              ;       with mp1
   8  0000              ;       with tbhp, address(0x9)
   9  0000              ;          Use tabrd-const
  10  0000              ;       
  11  0000              ;       
  12  0000              ;       
  13  0000              ; use 'tabrdc' instead of 'tabrd'
  14  0000              ;       
  15  0000              
  16  0000              #pragma translator "holtek-gcc 4.6.4" "3.19" "build 20130711"
  17  0000              ; Rebuild 718
  18  0000              
  19  0000              ir equ [2]
  20  0000              mp equ [3]
  21  0000              sbp equ [1]
  22  0000              acc equ [5]
  23  0000              bp equ [4]
  24  0000              tblp equ [7]
  25  0000              tbhp equ [9]
  26  0000              status equ [10]
  27  0000              c equ [10].0
  28  0000              ac equ [10].1
  29  0000              z equ [10].2
  30  0000              ov equ [10].3
  31  0000              intc equ [11]
  32  0000              
  33  0000              extern ra:byte
  34  0000              extern rb:byte
  35  0000              extern rc:byte
  36  0000              extern rd:byte
  37  0000              extern re:byte
  38  0000              extern rf:byte
  39  0000              extern rg:byte
  40  0000              extern rh:byte
  41  0000              extern _Crom2Prom:near
  42  0000              extern _Crom2PromNext:near
  43  0000              
  44  0000              RAMBANK 0 @HCCINIT, @HCCINIT0
  45  0000              
  46  0000              RAMBANK 0 @BITDATASEC, @BITDATASEC1
  47  0000              @HCCINIT	.section 'data'
  48  0000              @HCCINIT0	.section 'data'
  49  0000              @BITDATASEC	 .section 'data'
  50  0000              @BITDATASEC1	 .section 'data'
  51  0000              
  52  0000              #pragma debug scope 1 1
  53  0000              	extern __DELAY3:near
  54  0000              	extern __DELAYX3:near
  55  0000              	extern __DELAYX6:near
  56  0000              	extern __DELAYY5:near
  57  0000              	extern __DELAYY3:near
  58  0000              	extern _builtin_holtek_delay_2:byte
  59  0000              public _delay_10us
"File: touch-1ch-change.ASM  Assembler  Version HGASM0202      Page 2

  60  0000              #pragma debug scope 2 1

  11  0000              #line 11 "C:\Users\hamed\OneDrive\Documents\HTK_Project\touch2 (5)(1)\touch2\touch-1ch-change\touch-1ch-change - v2\DELAY.h"
  11  0000              _delay_10us .section 'code'
  11  0000              _delay_10us proc
  11  0000              public _delay_10us_2
  11  0000  0004[           local _delay_10us_2 db 4 dup(?)	; 4,0
            00
            ]
  11  0004              #pragma debug variable 14 2 _delay_10us_2+0 "count_u"
  15  0004              #line 15 "C:\Users\hamed\OneDrive\Documents\HTK_Project\touch2 (5)(1)\touch2\touch-1ch-change\touch-1ch-change - v2\DELAY.h"
  15  0000  1F00     E  	clr rd
  15  0001  1F00     E  	clr re
  15  0002  1F00     E  	clr rf
  15  0003  1F00     E  	clr rg
  15  0004  2800     R  	jmp _L2
  15  0005              _L3:
  17  0005              #line 17 "C:\Users\hamed\OneDrive\Documents\HTK_Project\touch2 (5)(1)\touch2\touch-1ch-change\touch-1ch-change - v2\DELAY.h"
  17  0005              ;# 17 "C:\Users\hamed\OneDrive\Documents\HTK_Project\touch2 (5)(1)\touch2\touch-1ch-change\touch-1ch-change - v2\DELAY.h" 1
  17  0005  0001        	clr wdt
  18  0006              #line 18 "C:\Users\hamed\OneDrive\Documents\HTK_Project\touch2 (5)(1)\touch2\touch-1ch-change\touch-1ch-change - v2\DELAY.h"
  18  0006              ;# 18 "C:\Users\hamed\OneDrive\Documents\HTK_Project\touch2 (5)(1)\touch2\touch-1ch-change\touch-1ch-change - v2\DELAY.h" 1
  18  0006  0000        	nop
  19  0007              #line 19 "C:\Users\hamed\OneDrive\Documents\HTK_Project\touch2 (5)(1)\touch2\touch-1ch-change\touch-1ch-change - v2\DELAY.h"
  19  0007              ;# 19 "C:\Users\hamed\OneDrive\Documents\HTK_Project\touch2 (5)(1)\touch2\touch-1ch-change\touch-1ch-change - v2\DELAY.h" 1
  19  0007  0000        	nop
  20  0008              #line 20 "C:\Users\hamed\OneDrive\Documents\HTK_Project\touch2 (5)(1)\touch2\touch-1ch-change\touch-1ch-change - v2\DELAY.h"
  20  0008              ;# 20 "C:\Users\hamed\OneDrive\Documents\HTK_Project\touch2 (5)(1)\touch2\touch-1ch-change\touch-1ch-change - v2\DELAY.h" 1
  20  0008  0000        	nop
  21  0009              #line 21 "C:\Users\hamed\OneDrive\Documents\HTK_Project\touch2 (5)(1)\touch2\touch-1ch-change\touch-1ch-change - v2\DELAY.h"
  21  0009              ;# 21 "C:\Users\hamed\OneDrive\Documents\HTK_Project\touch2 (5)(1)\touch2\touch-1ch-change\touch-1ch-change - v2\DELAY.h" 1
  21  0009  0000        	nop
  15  000A              #line 15 "C:\Users\hamed\OneDrive\Documents\HTK_Project\touch2 (5)(1)\touch2\touch-1ch-change\touch-1ch-change - v2\DELAY.h"
  15  000A  0F01        	mov a,1
  15  000B  0380     E  	addm a,rd
  15  000C  0F00        	mov a,0
  15  000D  1380     E  	adcm a,re
  15  000E  1380     E  	adcm a,rf
  15  000F  1380     E  	adcm a,rg
  15  0010              _L2:
  15  0010  0700     E  	mov a,rd
  15  0011  0400     R  	xor a,_delay_10us_2[0]
  15  0012  0700     E  	mov a,re
  15  0013  3D0A        	sz z
  15  0014  0400     R  	xor a,_delay_10us_2[1]
  15  0015  0700     E  	mov a,rf
  15  0016  3D0A        	sz z
  15  0017  0400     R  	xor a,_delay_10us_2[2]
  15  0018  0700     E  	mov a,rg
  15  0019  3D0A        	sz z
  15  001A  0400     R  	xor a,_delay_10us_2[3]
  15  001B  390A        	snz z
  15  001C  2800     R  	jmp _L3
  15  001D  0003        	ret
  15  001E              _delay_10us endp
  15  001E              #line 15 "C:\Users\hamed\OneDrive\Documents\HTK_Project\touch2 (5)(1)\touch2\touch-1ch-change\touch-1ch-change - v2\DELAY.h"
  15  001E              #pragma debug scope 1 1
  15  001E              public _delay_us
  15  001E              #pragma debug scope 3 1
  28  001E              #line 28 "C:\Users\hamed\OneDrive\Documents\HTK_Project\touch2 (5)(1)\touch2\touch-1ch-change\touch-1ch-change - v2\DELAY.h"
"File: DELAY.h       Assembler  Version HGASM0202      Page 3

  28  0000              _delay_us .section 'code'
  28  0000              _delay_us proc
  28  0000              public _delay_us_2
  28  0000  0004[           local _delay_us_2 db 4 dup(?)	; 4,0
            00
            ]
  28  0004              #pragma debug variable 14 3 _delay_us_2+0 "count_u"
  32  0004              #line 32 "C:\Users\hamed\OneDrive\Documents\HTK_Project\touch2 (5)(1)\touch2\touch-1ch-change\touch-1ch-change - v2\DELAY.h"
  32  0000  1F00     E  	clr rd
  32  0001  1F00     E  	clr re
  32  0002  1F00     E  	clr rf
  32  0003  1F00     E  	clr rg
  32  0004  2800     R  	jmp _L6
  32  0005              _L7:
  34  0005              #line 34 "C:\Users\hamed\OneDrive\Documents\HTK_Project\touch2 (5)(1)\touch2\touch-1ch-change\touch-1ch-change - v2\DELAY.h"
  34  0005              ;# 34 "C:\Users\hamed\OneDrive\Documents\HTK_Project\touch2 (5)(1)\touch2\touch-1ch-change\touch-1ch-change - v2\DELAY.h" 1
  34  0005  0001        	clr wdt
  35  0006              #line 35 "C:\Users\hamed\OneDrive\Documents\HTK_Project\touch2 (5)(1)\touch2\touch-1ch-change\touch-1ch-change - v2\DELAY.h"
  35  0006              ;# 35 "C:\Users\hamed\OneDrive\Documents\HTK_Project\touch2 (5)(1)\touch2\touch-1ch-change\touch-1ch-change - v2\DELAY.h" 1
  35  0006  0000        	nop
  32  0007              #line 32 "C:\Users\hamed\OneDrive\Documents\HTK_Project\touch2 (5)(1)\touch2\touch-1ch-change\touch-1ch-change - v2\DELAY.h"
  32  0007  0F01        	mov a,1
  32  0008  0380     E  	addm a,rd
  32  0009  0F00        	mov a,0
  32  000A  1380     E  	adcm a,re
  32  000B  1380     E  	adcm a,rf
  32  000C  1380     E  	adcm a,rg
  32  000D              _L6:
  32  000D  0700     E  	mov a,rd
  32  000E  0400     R  	xor a,_delay_us_2[0]
  32  000F  0700     E  	mov a,re
  32  0010  3D0A        	sz z
  32  0011  0400     R  	xor a,_delay_us_2[1]
  32  0012  0700     E  	mov a,rf
  32  0013  3D0A        	sz z
  32  0014  0400     R  	xor a,_delay_us_2[2]
  32  0015  0700     E  	mov a,rg
  32  0016  3D0A        	sz z
  32  0017  0400     R  	xor a,_delay_us_2[3]
  32  0018  390A        	snz z
  32  0019  2800     R  	jmp _L7
  32  001A  0003        	ret
  32  001B              _delay_us endp
  32  001B              #line 32 "C:\Users\hamed\OneDrive\Documents\HTK_Project\touch2 (5)(1)\touch2\touch-1ch-change\touch-1ch-change - v2\DELAY.h"
  32  001B              #pragma debug scope 1 1
  32  001B              public _delay_ms
  32  001B              #pragma debug scope 4 1
  42  001B              #line 42 "C:\Users\hamed\OneDrive\Documents\HTK_Project\touch2 (5)(1)\touch2\touch-1ch-change\touch-1ch-change - v2\DELAY.h"
  42  0000              _delay_ms .section 'code'
  42  0000              _delay_ms proc
  42  0000              public _delay_ms_2
  42  0000  0008[           local _delay_ms_2 db 8 dup(?)	; 4,4
            00
            ]
  42  0008              #pragma debug variable 14 4 _delay_ms_2+0 "count_m"
  44  0008              #line 44 "C:\Users\hamed\OneDrive\Documents\HTK_Project\touch2 (5)(1)\touch2\touch-1ch-change\touch-1ch-change - v2\DELAY.h"
  44  0000  0700     R  	mov a,_delay_ms_2[0]
  44  0001  0080     E  	mov _builtin_holtek_mulsi3_2[0],a
  44  0002  0700     R  	mov a,_delay_ms_2[1]
  44  0003  0080     E  	mov _builtin_holtek_mulsi3_2[1],a
"File: DELAY.h       Assembler  Version HGASM0202      Page 4

  44  0004  0700     R  	mov a,_delay_ms_2[2]
  44  0005  0080     E  	mov _builtin_holtek_mulsi3_2[2],a
  44  0006  0700     R  	mov a,_delay_ms_2[3]
  44  0007  0080     E  	mov _builtin_holtek_mulsi3_2[3],a
  44  0008  0F64        	mov a,100
  44  0009  0080     E  	mov _builtin_holtek_mulsi3_2[4],a
  44  000A  0F00        	mov a,0
  44  000B  0080     E  	mov _builtin_holtek_mulsi3_2[5],a
  44  000C  0F00        	mov a,0
  44  000D  0080     E  	mov _builtin_holtek_mulsi3_2[6],a
  44  000E  0F00        	mov a,0
  44  000F  0080     E  	mov _builtin_holtek_mulsi3_2[7],a
  44  0010  2000     E  	call _builtin_holtek_mulsi3
  44  0011  0700     E  	mov a,_builtin_holtek_mulsi3_2[8]
  44  0012  0080     R  	mov _delay_ms_2[4],a
  44  0013  0700     E  	mov a,_builtin_holtek_mulsi3_2[9]
  44  0014  0080     R  	mov _delay_ms_2[5],a
  44  0015  0700     E  	mov a,_builtin_holtek_mulsi3_2[10]
  44  0016  0080     R  	mov _delay_ms_2[6],a
  44  0017  0700     E  	mov a,_builtin_holtek_mulsi3_2[11]
  44  0018  0080     R  	mov _delay_ms_2[7],a
  45  0019              #line 45 "C:\Users\hamed\OneDrive\Documents\HTK_Project\touch2 (5)(1)\touch2\touch-1ch-change\touch-1ch-change - v2\DELAY.h"
  45  0019  1F00     E  	clr rd
  45  001A  1F00     E  	clr re
  45  001B  1F00     E  	clr rf
  45  001C  1F00     E  	clr rg
  45  001D  2800     R  	jmp _L9
  45  001E              _L10:
  47  001E              #line 47 "C:\Users\hamed\OneDrive\Documents\HTK_Project\touch2 (5)(1)\touch2\touch-1ch-change\touch-1ch-change - v2\DELAY.h"
  47  001E              ;# 47 "C:\Users\hamed\OneDrive\Documents\HTK_Project\touch2 (5)(1)\touch2\touch-1ch-change\touch-1ch-change - v2\DELAY.h" 1
  47  001E  0001        	clr wdt
  48  001F              #line 48 "C:\Users\hamed\OneDrive\Documents\HTK_Project\touch2 (5)(1)\touch2\touch-1ch-change\touch-1ch-change - v2\DELAY.h"
  48  001F              ;# 48 "C:\Users\hamed\OneDrive\Documents\HTK_Project\touch2 (5)(1)\touch2\touch-1ch-change\touch-1ch-change - v2\DELAY.h" 1
  48  001F  0000        	nop
  49  0020              #line 49 "C:\Users\hamed\OneDrive\Documents\HTK_Project\touch2 (5)(1)\touch2\touch-1ch-change\touch-1ch-change - v2\DELAY.h"
  49  0020              ;# 49 "C:\Users\hamed\OneDrive\Documents\HTK_Project\touch2 (5)(1)\touch2\touch-1ch-change\touch-1ch-change - v2\DELAY.h" 1
  49  0020  0000        	nop
  50  0021              #line 50 "C:\Users\hamed\OneDrive\Documents\HTK_Project\touch2 (5)(1)\touch2\touch-1ch-change\touch-1ch-change - v2\DELAY.h"
  50  0021              ;# 50 "C:\Users\hamed\OneDrive\Documents\HTK_Project\touch2 (5)(1)\touch2\touch-1ch-change\touch-1ch-change - v2\DELAY.h" 1
  50  0021  0000        	nop
  51  0022              #line 51 "C:\Users\hamed\OneDrive\Documents\HTK_Project\touch2 (5)(1)\touch2\touch-1ch-change\touch-1ch-change - v2\DELAY.h"
  51  0022              ;# 51 "C:\Users\hamed\OneDrive\Documents\HTK_Project\touch2 (5)(1)\touch2\touch-1ch-change\touch-1ch-change - v2\DELAY.h" 1
  51  0022  0000        	nop
  45  0023              #line 45 "C:\Users\hamed\OneDrive\Documents\HTK_Project\touch2 (5)(1)\touch2\touch-1ch-change\touch-1ch-change - v2\DELAY.h"
  45  0023  0F01        	mov a,1
  45  0024  0380     E  	addm a,rd
  45  0025  0F00        	mov a,0
  45  0026  1380     E  	adcm a,re
  45  0027  1380     E  	adcm a,rf
  45  0028  1380     E  	adcm a,rg
  45  0029              _L9:
  45  0029  0700     E  	mov a,rd
  45  002A  0400     R  	xor a,_delay_ms_2[4]
  45  002B  0700     E  	mov a,re
  45  002C  3D0A        	sz z
  45  002D  0400     R  	xor a,_delay_ms_2[5]
  45  002E  0700     E  	mov a,rf
  45  002F  3D0A        	sz z
  45  0030  0400     R  	xor a,_delay_ms_2[6]
  45  0031  0700     E  	mov a,rg
"File: DELAY.h       Assembler  Version HGASM0202      Page 5

  45  0032  3D0A        	sz z
  45  0033  0400     R  	xor a,_delay_ms_2[7]
  45  0034  390A        	snz z
  45  0035  2800     R  	jmp _L10
  45  0036  0003        	ret
  45  0037              _delay_ms endp
  45  0037              #line 45 "C:\Users\hamed\OneDrive\Documents\HTK_Project\touch2 (5)(1)\touch2\touch-1ch-change\touch-1ch-change - v2\DELAY.h"
  45  0037              #pragma debug scope 1 1
  45  0037              ___intc0 equ [14]
  45  0037              ___tktmr equ [67]
  45  0037              ___tkc0 equ [68]
  45  0037              ___tkc1 equ [71]
  45  0037              ___tkm0c1 equ [77]
  45  0037              ___tkm0rol equ [74]
  45  0037              ___tkm0roh equ [75]
  45  0037              ___tkm0c0 equ [76]
  45  0037              public _TuochKeyInit
  45  0037              #pragma debug scope 5 1

  87  0037              #line 87 "C:\Users\hamed\OneDrive\Documents\HTK_Project\touch2 (5)(1)\touch2\touch-1ch-change\touch-1ch-change - v2\TOUCH.h"
  87  0000              _TuochKeyInit .section 'code'
  87  0000              _TuochKeyInit proc
  89  0000              #line 89 "C:\Users\hamed\OneDrive\Documents\HTK_Project\touch2 (5)(1)\touch2\touch-1ch-change\touch-1ch-change - v2\TOUCH.h"
  89  0000  350E        	clr [14].2
  90  0001              #line 90 "C:\Users\hamed\OneDrive\Documents\HTK_Project\touch2 (5)(1)\touch2\touch-1ch-change\touch-1ch-change - v2\TOUCH.h"
  90  0001  368E        	clr [14].5
  91  0002              #line 91 "C:\Users\hamed\OneDrive\Documents\HTK_Project\touch2 (5)(1)\touch2\touch-1ch-change\touch-1ch-change - v2\TOUCH.h"
  91  0002  1F43        	clr [67]
  92  0003              #line 92 "C:\Users\hamed\OneDrive\Documents\HTK_Project\touch2 (5)(1)\touch2\touch-1ch-change\touch-1ch-change - v2\TOUCH.h"
  92  0003  34C4        	clr [68].1
  92  0004  3444        	clr [68].0
  93  0005              #line 93 "C:\Users\hamed\OneDrive\Documents\HTK_Project\touch2 (5)(1)\touch2\touch-1ch-change\touch-1ch-change - v2\TOUCH.h"
  93  0005  30C7        	set [71].1
  93  0006  3047        	set [71].0
  96  0007              #line 96 "C:\Users\hamed\OneDrive\Documents\HTK_Project\touch2 (5)(1)\touch2\touch-1ch-change\touch-1ch-change - v2\TOUCH.h"
  96  0007  35CD        	clr [77].3
  96  0008  354D        	clr [77].2
  96  0009  34CD        	clr [77].1
  96  000A  304D        	set [77].0
  97  000B              #line 97 "C:\Users\hamed\OneDrive\Documents\HTK_Project\touch2 (5)(1)\touch2\touch-1ch-change\touch-1ch-change - v2\TOUCH.h"
  97  000B  0FC8        	mov a,200
  97  000C  00CA        	mov [74],a
  97  000D  1F4B        	clr [75]
  98  000E              #line 98 "C:\Users\hamed\OneDrive\Documents\HTK_Project\touch2 (5)(1)\touch2\touch-1ch-change\touch-1ch-change - v2\TOUCH.h"
  98  000E  32CC        	set [76].5
  99  000F              #line 99 "C:\Users\hamed\OneDrive\Documents\HTK_Project\touch2 (5)(1)\touch2\touch-1ch-change\touch-1ch-change - v2\TOUCH.h"
  99  000F  324C        	set [76].4
 100  0010              #line 100 "C:\Users\hamed\OneDrive\Documents\HTK_Project\touch2 (5)(1)\touch2\touch-1ch-change\touch-1ch-change - v2\TOUCH.h"
 100  0010  35CC        	clr [76].3
 101  0011              #line 101 "C:\Users\hamed\OneDrive\Documents\HTK_Project\touch2 (5)(1)\touch2\touch-1ch-change\touch-1ch-change - v2\TOUCH.h"
 101  0011  314C        	set [76].2
 101  0012  30CC        	set [76].1
 101  0013  304C        	set [76].0
 102  0014              #line 102 "C:\Users\hamed\OneDrive\Documents\HTK_Project\touch2 (5)(1)\touch2\touch-1ch-change\touch-1ch-change - v2\TOUCH.h"
 102  0014  37CD        	clr [77].7
 103  0015              #line 103 "C:\Users\hamed\OneDrive\Documents\HTK_Project\touch2 (5)(1)\touch2\touch-1ch-change\touch-1ch-change - v2\TOUCH.h"
 103  0015  32CD        	set [77].5
 104  0016              #line 104 "C:\Users\hamed\OneDrive\Documents\HTK_Project\touch2 (5)(1)\touch2\touch-1ch-change\touch-1ch-change - v2\TOUCH.h"
 104  0016  324D        	set [77].4
 104  0017  0003        	ret
"File: TOUCH.h       Assembler  Version HGASM0202      Page 6

 104  0018              _TuochKeyInit endp
 104  0018              #line 104 "C:\Users\hamed\OneDrive\Documents\HTK_Project\touch2 (5)(1)\touch2\touch-1ch-change\touch-1ch-change - v2\TOUCH.h"
 104  0018              #pragma debug scope 1 1
 104  0018              ___pa equ [20]
 104  0018              public _Key_Touch
 104  0018              #pragma debug scope 6 1
 108  0018              #line 108 "C:\Users\hamed\OneDrive\Documents\HTK_Project\touch2 (5)(1)\touch2\touch-1ch-change\touch-1ch-change - v2\TOUCH.h"
 108  0000              _Key_Touch .section 'code'
 108  0000              _Key_Touch proc
 110  0000              #line 110 "C:\Users\hamed\OneDrive\Documents\HTK_Project\touch2 (5)(1)\touch2\touch-1ch-change\touch-1ch-change - v2\TOUCH.h"
 110  0000  0FCE        	mov a,206
 110  0001  0300     R  	add a,_Count_C1[0]
 110  0002  0080     E  	mov rd,a
 110  0003  0FFF        	mov a,255
 110  0004  1300     R  	adc a,_Count_C1[1]
 110  0005  0080     E  	mov re,a
 110  0006  0FFF        	mov a,255
 110  0007  1300     R  	adc a,_Count_C1[2]
 110  0008  0080     E  	mov rf,a
 110  0009  0FFF        	mov a,255
 110  000A  1300     R  	adc a,_Count_C1[3]
 110  000B  0080     E  	mov rg,a
 110  000C  0700     R  	mov a,_Count_S1[0]
 110  000D  0200     E  	sub a,rd
 110  000E  0700     R  	mov a,_Count_S1[1]
 110  000F  1200     E  	sbc a,re
 110  0010  1F05        	clr acc
 110  0011  1200     E  	sbc a,rf
 110  0012  1F05        	clr acc
 110  0013  1200     E  	sbc a,rg
 110  0014  3C0A        	sz c
 110  0015  2800     R  	jmp _L13
 112  0016              #line 112 "C:\Users\hamed\OneDrive\Documents\HTK_Project\touch2 (5)(1)\touch2\touch-1ch-change\touch-1ch-change - v2\TOUCH.h"
 112  0016  1480     R  	inc _Count_T1[0]
 112  0017  3D0A        	sz z
 112  0018  1480     R  	inc _Count_T1[1]
 113  0019              #line 113 "C:\Users\hamed\OneDrive\Documents\HTK_Project\touch2 (5)(1)\touch2\touch-1ch-change\touch-1ch-change - v2\TOUCH.h"
 113  0019  0FE8        	mov a,232
 113  001A  0200     R  	sub a,_Count_T1[0]
 113  001B  0F03        	mov a,3
 113  001C  1200     R  	sbc a,_Count_T1[1]
 113  001D  3C0A        	sz c
 113  001E  2800     R  	jmp _L14
 113  001F  0FE8        	mov a,-24
 113  0020  0080     R  	mov _Count_T1[0],a
 113  0021  0F03        	mov a,3
 113  0022  0080     R  	mov _Count_T1[1],a
 113  0023              _L14:
 115  0023              #line 115 "C:\Users\hamed\OneDrive\Documents\HTK_Project\touch2 (5)(1)\touch2\touch-1ch-change\touch-1ch-change - v2\TOUCH.h"
 115  0023  3800     R  	snz _Set
 115  0024  2800     R  	jmp _L15
 117  0025              #line 117 "C:\Users\hamed\OneDrive\Documents\HTK_Project\touch2 (5)(1)\touch2\touch-1ch-change\touch-1ch-change - v2\TOUCH.h"
 117  0025  0F2C        	mov a,44
 117  0026  0200     R  	sub a,_Count_T1[0]
 117  0027  0F01        	mov a,1
 117  0028  1200     R  	sbc a,_Count_T1[1]
 117  0029  3C0A        	sz c
 117  002A  2800     R  	jmp _L12
 117  002B  0700     R  	mov a,_lightchange[0]
 117  002C  0500     R  	or a,_lightchange[1]
"File: TOUCH.h       Assembler  Version HGASM0202      Page 7

 117  002D  390A        	snz z
 117  002E  2800     R  	jmp _L12
 117  002F  1080     R  	sz _Setinoff[0]
 117  0030  2800     R  	jmp _L12
 119  0031              #line 119 "C:\Users\hamed\OneDrive\Documents\HTK_Project\touch2 (5)(1)\touch2\touch-1ch-change\touch-1ch-change - v2\TOUCH.h"
 119  0031  3800     R  	snz _UD
 119  0032  2800     R  	jmp _L19
 119  0033  3400     R  	clr _UD
 119  0034  2800     R  	jmp _L20
 119  0035              _L19:
 120  0035              #line 120 "C:\Users\hamed\OneDrive\Documents\HTK_Project\touch2 (5)(1)\touch2\touch-1ch-change\touch-1ch-change - v2\TOUCH.h"
 120  0035  3000     R  	set _UD
 120  0036              _L20:
 122  0036              #line 122 "C:\Users\hamed\OneDrive\Documents\HTK_Project\touch2 (5)(1)\touch2\touch-1ch-change\touch-1ch-change - v2\TOUCH.h"
 122  0036  0F01        	mov a,1
 122  0037  0080     R  	mov _lightchange[0],a
 122  0038  1F00     R  	clr _lightchange[1]
 123  0039              #line 123 "C:\Users\hamed\OneDrive\Documents\HTK_Project\touch2 (5)(1)\touch2\touch-1ch-change\touch-1ch-change - v2\TOUCH.h"
 123  0039  0FE8        	mov a,-24
 123  003A  0080     R  	mov _Count_T1[0],a
 123  003B  0F03        	mov a,3
 123  003C  0080     R  	mov _Count_T1[1],a
 125  003D              #line 125 "C:\Users\hamed\OneDrive\Documents\HTK_Project\touch2 (5)(1)\touch2\touch-1ch-change\touch-1ch-change - v2\TOUCH.h"
 125  003D  3614        	clr [20].4
 127  003E              #line 127 "C:\Users\hamed\OneDrive\Documents\HTK_Project\touch2 (5)(1)\touch2\touch-1ch-change\touch-1ch-change - v2\TOUCH.h"
 127  003E  0F1E        	mov a,30
 127  003F  0080     R  	mov _counterrgb[0],a
 127  0040  1F00     R  	clr _counterrgb[1]
 127  0041  2800     R  	jmp _L12
 127  0042              _L15:
 132  0042              #line 132 "C:\Users\hamed\OneDrive\Documents\HTK_Project\touch2 (5)(1)\touch2\touch-1ch-change\touch-1ch-change - v2\TOUCH.h"
 132  0042  0700     R  	mov a,_Count_T1[0]
 132  0043  0C3C        	xor a,60
 132  0044  0500     R  	or a,_Count_T1[1]
 132  0045  390A        	snz z
 132  0046  2800     R  	jmp _L12
 134  0047              #line 134 "C:\Users\hamed\OneDrive\Documents\HTK_Project\touch2 (5)(1)\touch2\touch-1ch-change\touch-1ch-change - v2\TOUCH.h"
 134  0047  3000     R  	set _Set
 136  0048              #line 136 "C:\Users\hamed\OneDrive\Documents\HTK_Project\touch2 (5)(1)\touch2\touch-1ch-change\touch-1ch-change - v2\TOUCH.h"
 136  0048  0F01        	mov a,1
 136  0049  0080     R  	mov _Setinoff[0],a
 138  004A              #line 138 "C:\Users\hamed\OneDrive\Documents\HTK_Project\touch2 (5)(1)\touch2\touch-1ch-change\touch-1ch-change - v2\TOUCH.h"
 138  004A  1F00     R  	clr _CalibrCount[0]
 139  004B              #line 139 "C:\Users\hamed\OneDrive\Documents\HTK_Project\touch2 (5)(1)\touch2\touch-1ch-change\touch-1ch-change - v2\TOUCH.h"
 139  004B  1F00     R  	clr _CalibrSample[0]
 140  004C              #line 140 "C:\Users\hamed\OneDrive\Documents\HTK_Project\touch2 (5)(1)\touch2\touch-1ch-change\touch-1ch-change - v2\TOUCH.h"
 140  004C  1F00     R  	clr _Count_C1_Backup[0]
 140  004D  1F00     R  	clr _Count_C1_Backup[1]
 140  004E  1F00     R  	clr _Count_C1_Backup[2]
 140  004F  1F00     R  	clr _Count_C1_Backup[3]
 140  0050  2800     R  	jmp _L12
 140  0051              _L13:
 148  0051              #line 148 "C:\Users\hamed\OneDrive\Documents\HTK_Project\touch2 (5)(1)\touch2\touch-1ch-change\touch-1ch-change - v2\TOUCH.h"
 148  0051  0FF6        	mov a,246
 148  0052  0300     R  	add a,_Count_C1[0]
 148  0053  0080     E  	mov rd,a
 148  0054  0FFF        	mov a,255
 148  0055  1300     R  	adc a,_Count_C1[1]
 148  0056  0080     E  	mov re,a
 148  0057  0FFF        	mov a,255
"File: TOUCH.h       Assembler  Version HGASM0202      Page 8

 148  0058  1300     R  	adc a,_Count_C1[2]
 148  0059  0080     E  	mov rf,a
 148  005A  0FFF        	mov a,255
 148  005B  1300     R  	adc a,_Count_C1[3]
 148  005C  0080     E  	mov rg,a
 148  005D  1080     E  	sz rg
 148  005E  2800     R  	jmp _L12
 148  005F  1080     E  	sz rf
 148  0060  2800     R  	jmp _L12
 148  0061  0700     E  	mov a,rd
 148  0062  0200     R  	sub a,_Count_S1[0]
 148  0063  0700     E  	mov a,re
 148  0064  1200     R  	sbc a,_Count_S1[1]
 148  0065  3C0A        	sz c
 148  0066  2800     R  	jmp _L12
 148  0067  3800     R  	snz _Set
 148  0068  2800     R  	jmp _L12
 150  0069              #line 150 "C:\Users\hamed\OneDrive\Documents\HTK_Project\touch2 (5)(1)\touch2\touch-1ch-change\touch-1ch-change - v2\TOUCH.h"
 150  0069  0F3B        	mov a,59
 150  006A  0200     R  	sub a,_Count_T1[0]
 150  006B  0F00        	mov a,0
 150  006C  1200     R  	sbc a,_Count_T1[1]
 150  006D  3C0A        	sz c
 150  006E  2800     R  	jmp _L21
 150  006F  0F68        	mov a,104
 150  0070  0200     R  	sub a,_Count_T1[0]
 150  0071  0F01        	mov a,1
 150  0072  1200     R  	sbc a,_Count_T1[1]
 150  0073  380A        	snz c
 150  0074  2800     R  	jmp _L21
 150  0075  0700     R  	mov a,_lightchange[0]
 150  0076  0500     R  	or a,_lightchange[1]
 150  0077  390A        	snz z
 150  0078  2800     R  	jmp _L21
 150  0079  1080     R  	sz _Setinoff[0]
 150  007A  2800     R  	jmp _L21
 152  007B              #line 152 "C:\Users\hamed\OneDrive\Documents\HTK_Project\touch2 (5)(1)\touch2\touch-1ch-change\touch-1ch-change - v2\TOUCH.h"
 152  007B  3400     R  	clr _Set
 154  007C              #line 154 "C:\Users\hamed\OneDrive\Documents\HTK_Project\touch2 (5)(1)\touch2\touch-1ch-change\touch-1ch-change - v2\TOUCH.h"
 154  007C  1F00     R  	clr _CalibrCount[0]
 155  007D              #line 155 "C:\Users\hamed\OneDrive\Documents\HTK_Project\touch2 (5)(1)\touch2\touch-1ch-change\touch-1ch-change - v2\TOUCH.h"
 155  007D  1F00     R  	clr _CalibrSample[0]
 156  007E              #line 156 "C:\Users\hamed\OneDrive\Documents\HTK_Project\touch2 (5)(1)\touch2\touch-1ch-change\touch-1ch-change - v2\TOUCH.h"
 156  007E  1F00     R  	clr _Count_C1_Backup[0]
 156  007F  1F00     R  	clr _Count_C1_Backup[1]
 156  0080  1F00     R  	clr _Count_C1_Backup[2]
 156  0081  1F00     R  	clr _Count_C1_Backup[3]
 158  0082              #line 158 "C:\Users\hamed\OneDrive\Documents\HTK_Project\touch2 (5)(1)\touch2\touch-1ch-change\touch-1ch-change - v2\TOUCH.h"
 158  0082  1F00     R  	clr _Count_T1[0]
 158  0083  1F00     R  	clr _Count_T1[1]
 158  0084  2800     R  	jmp _L22
 158  0085              _L21:
 160  0085              #line 160 "C:\Users\hamed\OneDrive\Documents\HTK_Project\touch2 (5)(1)\touch2\touch-1ch-change\touch-1ch-change - v2\TOUCH.h"
 160  0085  1F00     R  	clr _Count_T1[0]
 160  0086  1F00     R  	clr _Count_T1[1]
 160  0087  1F00     R  	clr _Setinoff[0]
 160  0088              _L22:
 162  0088              #line 162 "C:\Users\hamed\OneDrive\Documents\HTK_Project\touch2 (5)(1)\touch2\touch-1ch-change\touch-1ch-change - v2\TOUCH.h"
 162  0088  0F31        	mov a,49
 162  0089  0200     R  	sub a,_counterrgb[0]
"File: TOUCH.h       Assembler  Version HGASM0202      Page 9

 162  008A  0F00        	mov a,0
 162  008B  1200     R  	sbc a,_counterrgb[1]
 162  008C  1185        	swap acc
 162  008D  040A        	xor a,status
 162  008E  3985        	snz acc.3
 162  008F  2800     R  	jmp _L12
 162  0090  1F00     R  	clr _lightchange[0]
 162  0091  1F00     R  	clr _lightchange[1]
 162  0092              _L12:
 162  0092  0003        	ret
 162  0093              _Key_Touch endp
 162  0093              #line 162 "C:\Users\hamed\OneDrive\Documents\HTK_Project\touch2 (5)(1)\touch2\touch-1ch-change\touch-1ch-change - v2\TOUCH.h"
 162  0093              #pragma debug scope 1 1
 162  0093              ___tkm016dh equ [73]
 162  0093              ___tkm016dl equ [72]
 162  0093              public _CalibrTuoch
 162  0093              #pragma debug scope 7 1
 170  0093              #line 170 "C:\Users\hamed\OneDrive\Documents\HTK_Project\touch2 (5)(1)\touch2\touch-1ch-change\touch-1ch-change - v2\TOUCH.h"
 170  0000              _CalibrTuoch .section 'code'
 170  0000              _CalibrTuoch proc
 170  0000  0002[           local _CalibrTuoch_2 db 2 dup(?)	; 0,2
            00
            ]
 172  0002              #line 172 "C:\Users\hamed\OneDrive\Documents\HTK_Project\touch2 (5)(1)\touch2\touch-1ch-change\touch-1ch-change - v2\TOUCH.h"
 172  0000  36C4        	clr [68].5
 173  0001              #line 173 "C:\Users\hamed\OneDrive\Documents\HTK_Project\touch2 (5)(1)\touch2\touch-1ch-change\touch-1ch-change - v2\TOUCH.h"
 173  0001  37CC        	clr [76].7
 173  0002  374C        	clr [76].6
 173  0003  0FF4        	mov a,-12
 173  0004  0080     R  	mov _delay_10us_2[0],a
 173  0005  0F01        	mov a,1
 173  0006  0080     R  	mov _delay_10us_2[1],a
 173  0007  1F00     R  	clr _delay_10us_2[2]
 173  0008  1F00     R  	clr _delay_10us_2[3]
 173  0009  2000     R  	call _delay_10us
 174  000A              #line 174 "C:\Users\hamed\OneDrive\Documents\HTK_Project\touch2 (5)(1)\touch2\touch-1ch-change\touch-1ch-change - v2\TOUCH.h"
 174  000A              ;# 174 "C:\Users\hamed\OneDrive\Documents\HTK_Project\touch2 (5)(1)\touch2\touch-1ch-change\touch-1ch-change - v2\TOUCH.h" 1
 174  000A  0001        	clr wdt
 175  000B              #line 175 "C:\Users\hamed\OneDrive\Documents\HTK_Project\touch2 (5)(1)\touch2\touch-1ch-change\touch-1ch-change - v2\TOUCH.h"
 175  000B  1F00     R  	clr _i[0]
 175  000C              _L24:
 175  000C              #line 175 "C:\Users\hamed\OneDrive\Documents\HTK_Project\touch2 (5)(1)\touch2\touch-1ch-change\touch-1ch-change - v2\TOUCH.h"
 175  000C  0F13        	mov a,19
 175  000D  0200     R  	sub a,_i[0]
 175  000E  380A        	snz c
 175  000F  2800     R  	jmp _L28
 177  0010              #line 177 "C:\Users\hamed\OneDrive\Documents\HTK_Project\touch2 (5)(1)\touch2\touch-1ch-change\touch-1ch-change - v2\TOUCH.h"
 177  0010  32CD        	set [77].5
 178  0011              #line 178 "C:\Users\hamed\OneDrive\Documents\HTK_Project\touch2 (5)(1)\touch2\touch-1ch-change\touch-1ch-change - v2\TOUCH.h"
 178  0011  324D        	set [77].4
 179  0012              #line 179 "C:\Users\hamed\OneDrive\Documents\HTK_Project\touch2 (5)(1)\touch2\touch-1ch-change\touch-1ch-change - v2\TOUCH.h"
 179  0012  32C4        	set [68].5
 181  0013              #line 181 "C:\Users\hamed\OneDrive\Documents\HTK_Project\touch2 (5)(1)\touch2\touch-1ch-change\touch-1ch-change - v2\TOUCH.h"
 181  0013              ;# 181 "C:\Users\hamed\OneDrive\Documents\HTK_Project\touch2 (5)(1)\touch2\touch-1ch-change\touch-1ch-change - v2\TOUCH.h" 1
 181  0013  0001        	clr wdt
 181  0014              _L26:
 182  0014              #line 182 "C:\Users\hamed\OneDrive\Documents\HTK_Project\touch2 (5)(1)\touch2\touch-1ch-change\touch-1ch-change - v2\TOUCH.h"
 182  0014  3B44        	snz [68].6
 182  0015  2800     R  	jmp _L26
 183  0016              #line 183 "C:\Users\hamed\OneDrive\Documents\HTK_Project\touch2 (5)(1)\touch2\touch-1ch-change\touch-1ch-change - v2\TOUCH.h"
"File: TOUCH.h       Assembler  Version HGASM0202      Page 10

 183  0016  0749        	mov a,[73]
 183  0017  0080     R  	mov _CalibrTuoch_2[1],a
 183  0018  1F00     R  	clr _CalibrTuoch_2[0]
 183  0019  0700     R  	mov a,_CalibrTuoch_2[1]
 183  001A  0080     R  	mov _Count_S1[1],a
 183  001B  0748        	mov a,[72]
 183  001C  0500     R  	or a,_CalibrTuoch_2[0]
 183  001D  0080     R  	mov _Count_S1[0],a
 184  001E              #line 184 "C:\Users\hamed\OneDrive\Documents\HTK_Project\touch2 (5)(1)\touch2\touch-1ch-change\touch-1ch-change - v2\TOUCH.h"
 184  001E  0700     R  	mov a,_Count_S1[0]
 184  001F  0380     R  	addm a,_Count_C1[0]
 184  0020  0700     R  	mov a,_Count_S1[1]
 184  0021  1380     R  	adcm a,_Count_C1[1]
 184  0022  1F05        	clr acc
 184  0023  1380     R  	adcm a,_Count_C1[2]
 184  0024  1380     R  	adcm a,_Count_C1[3]
 185  0025              #line 185 "C:\Users\hamed\OneDrive\Documents\HTK_Project\touch2 (5)(1)\touch2\touch-1ch-change\touch-1ch-change - v2\TOUCH.h"
 185  0025  3744        	clr [68].6
 186  0026              #line 186 "C:\Users\hamed\OneDrive\Documents\HTK_Project\touch2 (5)(1)\touch2\touch-1ch-change\touch-1ch-change - v2\TOUCH.h"
 186  0026  36C4        	clr [68].5
 187  0027              #line 187 "C:\Users\hamed\OneDrive\Documents\HTK_Project\touch2 (5)(1)\touch2\touch-1ch-change\touch-1ch-change - v2\TOUCH.h"
 187  0027              ;# 187 "C:\Users\hamed\OneDrive\Documents\HTK_Project\touch2 (5)(1)\touch2\touch-1ch-change\touch-1ch-change - v2\TOUCH.h" 1
 187  0027  0001        	clr wdt
 188  0028              #line 188 "C:\Users\hamed\OneDrive\Documents\HTK_Project\touch2 (5)(1)\touch2\touch-1ch-change\touch-1ch-change - v2\TOUCH.h"
 188  0028  0F05        	mov a,5
 188  0029  0080     R  	mov _delay_ms_2[0],a
 188  002A  1F00     R  	clr _delay_ms_2[1]
 188  002B  1F00     R  	clr _delay_ms_2[2]
 188  002C  1F00     R  	clr _delay_ms_2[3]
 188  002D  2000     R  	call _delay_ms
 175  002E              #line 175 "C:\Users\hamed\OneDrive\Documents\HTK_Project\touch2 (5)(1)\touch2\touch-1ch-change\touch-1ch-change - v2\TOUCH.h"
 175  002E  1480     R  	inc _i[0]
 175  002F  2800     R  	jmp _L24
 175  0030              _L28:
 190  0030              #line 190 "C:\Users\hamed\OneDrive\Documents\HTK_Project\touch2 (5)(1)\touch2\touch-1ch-change\touch-1ch-change - v2\TOUCH.h"
 190  0030  1F00     E  	clr _builtin_holtek_udivmodsi4_2[12]
 190  0031  0700     R  	mov a,_Count_C1[0]  
 190  0032  0080     E  	mov _builtin_holtek_udivmodsi4_2[0],a  
 190  0033  0700     R  	mov a,_Count_C1[1]  
 190  0034  0080     E  	mov _builtin_holtek_udivmodsi4_2[1],a
 190  0035  0700     R  	mov a,_Count_C1[2]  
 190  0036  0080     E  	mov _builtin_holtek_udivmodsi4_2[2],a  
 190  0037  0700     R  	mov a,_Count_C1[3]  
 190  0038  0080     E  	mov _builtin_holtek_udivmodsi4_2[3],a
 190  0039  0F14        	mov a,20  
 190  003A  0080     E  	mov _builtin_holtek_udivmodsi4_2[4],a  
 190  003B  0F00        	mov a,0  
 190  003C  0080     E  	mov _builtin_holtek_udivmodsi4_2[5],a
 190  003D  1F00     E  	clr _builtin_holtek_udivmodsi4_2[6]
 190  003E  1F00     E  	clr _builtin_holtek_udivmodsi4_2[7]
 190  003F  2000     E  	call _builtin_holtek_udivmodsi4
 190  0040  0700     E  	mov a,_builtin_holtek_udivmodsi4_2[0]  
 190  0041  0080     R  	mov _Count_C1[0],a  
 190  0042  0700     E  	mov a,_builtin_holtek_udivmodsi4_2[1]  
 190  0043  0080     R  	mov _Count_C1[1],a
 190  0044  0700     E  	mov a,_builtin_holtek_udivmodsi4_2[2]  
 190  0045  0080     R  	mov _Count_C1[2],a  
 190  0046  0700     E  	mov a,_builtin_holtek_udivmodsi4_2[3]  
 190  0047  0080     R  	mov _Count_C1[3],a
 191  0048              #line 191 "C:\Users\hamed\OneDrive\Documents\HTK_Project\touch2 (5)(1)\touch2\touch-1ch-change\touch-1ch-change - v2\TOUCH.h"
"File: TOUCH.h       Assembler  Version HGASM0202      Page 11

 191  0048              ;# 191 "C:\Users\hamed\OneDrive\Documents\HTK_Project\touch2 (5)(1)\touch2\touch-1ch-change\touch-1ch-change - v2\TOUCH.h" 1
 191  0048  0001        	clr wdt
 191  0049  0003        	ret
 191  004A              _CalibrTuoch endp
 191  004A              #line 191 "C:\Users\hamed\OneDrive\Documents\HTK_Project\touch2 (5)(1)\touch2\touch-1ch-change\touch-1ch-change - v2\TOUCH.h"
 191  004A              #pragma debug scope 1 1
 191  004A              public _Key_Select
 191  004A              #pragma debug scope 8 1
 196  004A              #line 196 "C:\Users\hamed\OneDrive\Documents\HTK_Project\touch2 (5)(1)\touch2\touch-1ch-change\touch-1ch-change - v2\TOUCH.h"
 196  0000              _Key_Select .section 'code'
 196  0000              _Key_Select proc
 197  0000              #line 197 "C:\Users\hamed\OneDrive\Documents\HTK_Project\touch2 (5)(1)\touch2\touch-1ch-change\touch-1ch-change - v2\TOUCH.h"
 197  0000  32CD        	set [77].5
 198  0001              #line 198 "C:\Users\hamed\OneDrive\Documents\HTK_Project\touch2 (5)(1)\touch2\touch-1ch-change\touch-1ch-change - v2\TOUCH.h"
 198  0001  324D        	set [77].4
 199  0002              #line 199 "C:\Users\hamed\OneDrive\Documents\HTK_Project\touch2 (5)(1)\touch2\touch-1ch-change\touch-1ch-change - v2\TOUCH.h"
 199  0002  32C4        	set [68].5
 200  0003              #line 200 "C:\Users\hamed\OneDrive\Documents\HTK_Project\touch2 (5)(1)\touch2\touch-1ch-change\touch-1ch-change - v2\TOUCH.h"
 200  0003  37CC        	clr [76].7
 200  0004  374C        	clr [76].6
 200  0005              _L30:
 201  0005              #line 201 "C:\Users\hamed\OneDrive\Documents\HTK_Project\touch2 (5)(1)\touch2\touch-1ch-change\touch-1ch-change - v2\TOUCH.h"
 201  0005  3F44        	sz [68].6
 201  0006  2800     R  	jmp _L40
 201  0007              ;# 201 "C:\Users\hamed\OneDrive\Documents\HTK_Project\touch2 (5)(1)\touch2\touch-1ch-change\touch-1ch-change - v2\TOUCH.h" 1
 201  0007  0000        	nop
 201  0008  2800     R  	jmp _L30
 201  0009              _L40:
 202  0009              #line 202 "C:\Users\hamed\OneDrive\Documents\HTK_Project\touch2 (5)(1)\touch2\touch-1ch-change\touch-1ch-change - v2\TOUCH.h"
 202  0009  0749        	mov a,[73]
 202  000A  0080     E  	mov rc,a
 202  000B  1F00     E  	clr rb
 202  000C  0700     E  	mov a,rc
 202  000D  0080     R  	mov _Count_S1[1],a
 202  000E  0748        	mov a,[72]
 202  000F  0500     E  	or a,rb
 202  0010  0080     R  	mov _Count_S1[0],a
 203  0011              #line 203 "C:\Users\hamed\OneDrive\Documents\HTK_Project\touch2 (5)(1)\touch2\touch-1ch-change\touch-1ch-change - v2\TOUCH.h"
 203  0011  0700     R  	mov a,_lightchange[0]
 203  0012  0500     R  	or a,_lightchange[1]
 203  0013  3D0A        	sz z
 203  0014  2800     R  	jmp _L32
 203  0015  0F57        	mov a,87
 203  0016  0200     R  	sub a,_counterrgb[0]
 203  0017  0F02        	mov a,2
 203  0018  1200     R  	sbc a,_counterrgb[1]
 203  0019  1185        	swap acc
 203  001A  040A        	xor a,status
 203  001B  3985        	snz acc.3
 203  001C  2800     R  	jmp _L33
 203  001D              _L32:
 203  001D  1480     R  	inc _CalibrCount[0]
 203  001E              _L33:
 204  001E              #line 204 "C:\Users\hamed\OneDrive\Documents\HTK_Project\touch2 (5)(1)\touch2\touch-1ch-change\touch-1ch-change - v2\TOUCH.h"
 204  001E  0F64        	mov a,100
 204  001F  0200     R  	sub a,_CalibrCount[0]
 204  0020  3C0A        	sz c
 204  0021  2800     R  	jmp _L35
 206  0022              #line 206 "C:\Users\hamed\OneDrive\Documents\HTK_Project\touch2 (5)(1)\touch2\touch-1ch-change\touch-1ch-change - v2\TOUCH.h"
 206  0022  1F00     R  	clr _CalibrCount[0]
"File: TOUCH.h       Assembler  Version HGASM0202      Page 12

 207  0023              #line 207 "C:\Users\hamed\OneDrive\Documents\HTK_Project\touch2 (5)(1)\touch2\touch-1ch-change\touch-1ch-change - v2\TOUCH.h"
 207  0023  0700     R  	mov a,_Count_S1[0]
 207  0024  0380     R  	addm a,_Count_C1_Backup[0]
 207  0025  0700     R  	mov a,_Count_S1[1]
 207  0026  1380     R  	adcm a,_Count_C1_Backup[1]
 207  0027  1F05        	clr acc
 207  0028  1380     R  	adcm a,_Count_C1_Backup[2]
 207  0029  1380     R  	adcm a,_Count_C1_Backup[3]
 208  002A              #line 208 "C:\Users\hamed\OneDrive\Documents\HTK_Project\touch2 (5)(1)\touch2\touch-1ch-change\touch-1ch-change - v2\TOUCH.h"
 208  002A  1480     R  	inc _CalibrSample[0]
 209  002B              #line 209 "C:\Users\hamed\OneDrive\Documents\HTK_Project\touch2 (5)(1)\touch2\touch-1ch-change\touch-1ch-change - v2\TOUCH.h"
 209  002B  0F13        	mov a,19
 209  002C  0200     R  	sub a,_CalibrSample[0]
 209  002D  3C0A        	sz c
 209  002E  2800     R  	jmp _L35
 211  002F              #line 211 "C:\Users\hamed\OneDrive\Documents\HTK_Project\touch2 (5)(1)\touch2\touch-1ch-change\touch-1ch-change - v2\TOUCH.h"
 211  002F  1F00     R  	clr _CalibrSample[0]
 212  0030              #line 212 "C:\Users\hamed\OneDrive\Documents\HTK_Project\touch2 (5)(1)\touch2\touch-1ch-change\touch-1ch-change - v2\TOUCH.h"
 212  0030  1F00     E  	clr _builtin_holtek_udivmodsi4_2[12]
 212  0031  0700     R  	mov a,_Count_C1_Backup[0]  
 212  0032  0080     E  	mov _builtin_holtek_udivmodsi4_2[0],a  
 212  0033  0700     R  	mov a,_Count_C1_Backup[1]  
 212  0034  0080     E  	mov _builtin_holtek_udivmodsi4_2[1],a
 212  0035  0700     R  	mov a,_Count_C1_Backup[2]  
 212  0036  0080     E  	mov _builtin_holtek_udivmodsi4_2[2],a  
 212  0037  0700     R  	mov a,_Count_C1_Backup[3]  
 212  0038  0080     E  	mov _builtin_holtek_udivmodsi4_2[3],a
 212  0039  0F14        	mov a,20  
 212  003A  0080     E  	mov _builtin_holtek_udivmodsi4_2[4],a  
 212  003B  0F00        	mov a,0  
 212  003C  0080     E  	mov _builtin_holtek_udivmodsi4_2[5],a
 212  003D  1F00     E  	clr _builtin_holtek_udivmodsi4_2[6]
 212  003E  1F00     E  	clr _builtin_holtek_udivmodsi4_2[7]
 212  003F  2000     E  	call _builtin_holtek_udivmodsi4
 212  0040  0700     E  	mov a,_builtin_holtek_udivmodsi4_2[0]  
 212  0041  0080     R  	mov _Count_C1[0],a  
 212  0042  0700     E  	mov a,_builtin_holtek_udivmodsi4_2[1]  
 212  0043  0080     R  	mov _Count_C1[1],a
 212  0044  0700     E  	mov a,_builtin_holtek_udivmodsi4_2[2]  
 212  0045  0080     R  	mov _Count_C1[2],a  
 212  0046  0700     E  	mov a,_builtin_holtek_udivmodsi4_2[3]  
 212  0047  0080     R  	mov _Count_C1[3],a
 213  0048              #line 213 "C:\Users\hamed\OneDrive\Documents\HTK_Project\touch2 (5)(1)\touch2\touch-1ch-change\touch-1ch-change - v2\TOUCH.h"
 213  0048  1F00     R  	clr _Count_C1_Backup[0]
 213  0049  1F00     R  	clr _Count_C1_Backup[1]
 213  004A  1F00     R  	clr _Count_C1_Backup[2]
 213  004B  1F00     R  	clr _Count_C1_Backup[3]
 213  004C              _L35:
 217  004C              #line 217 "C:\Users\hamed\OneDrive\Documents\HTK_Project\touch2 (5)(1)\touch2\touch-1ch-change\touch-1ch-change - v2\TOUCH.h"
 217  004C  3744        	clr [68].6
 218  004D              #line 218 "C:\Users\hamed\OneDrive\Documents\HTK_Project\touch2 (5)(1)\touch2\touch-1ch-change\touch-1ch-change - v2\TOUCH.h"
 218  004D  36C4        	clr [68].5
 218  004E  0003        	ret
 218  004F              _Key_Select endp
 218  004F              #line 218 "C:\Users\hamed\OneDrive\Documents\HTK_Project\touch2 (5)(1)\touch2\touch-1ch-change\touch-1ch-change - v2\TOUCH.h"
 218  004F              #pragma debug scope 1 1
 218  004F              public _TOUCH_ISR
 218  004F              #pragma debug scope 9 1
 224  004F              #line 224 "C:\Users\hamed\OneDrive\Documents\HTK_Project\touch2 (5)(1)\touch2\touch-1ch-change\touch-1ch-change - v2\TOUCH.h"
 224  0000              @TOUCH_ISR_code .section at 40 'code'
"File: TOUCH.h       Assembler  Version HGASM0202      Page 13

 224  0000              _TOUCH_ISR:
 224  0000  0004        	reti
 224  0001              #line 224 "C:\Users\hamed\OneDrive\Documents\HTK_Project\touch2 (5)(1)\touch2\touch-1ch-change\touch-1ch-change - v2\TOUCH.h"
 224  0001              #pragma debug scope 1 1
 224  0001              public _int0
 224  0001              #pragma debug scope 10 1
 230  0001              #line 230 "C:\Users\hamed\OneDrive\Documents\HTK_Project\touch2 (5)(1)\touch2\touch-1ch-change\touch-1ch-change - v2\TOUCH.h"
 230  0000              @int0_code .section at 4 'code'
 230  0000  0080     E  	mov r1,a
 230  0001  070A        	mov a,status
 230  0002  0080     E  	mov r2,a
 230  0003  2800     R  	jmp _int0
 230  0004              #pragma debug scope 1 1
 230  0004              @dummy4 endp
 230  0004              #pragma debug scope 11 1
 230  0000              _int0 .section 'code'
 230  0000              _int0 proc
 232  0000              #line 232 "C:\Users\hamed\OneDrive\Documents\HTK_Project\touch2 (5)(1)\touch2\touch-1ch-change\touch-1ch-change - v2\TOUCH.h"
 232  0000  0700     R  	mov a,_lightchange[0]
 232  0001  0500     R  	or a,_lightchange[1]
 232  0002  3D0A        	sz z
 232  0003  2800     R  	jmp _L43
 232  0004              #line 232 "C:\Users\hamed\OneDrive\Documents\HTK_Project\touch2 (5)(1)\touch2\touch-1ch-change\touch-1ch-change - v2\TOUCH.h"
 232  0004  1480     R  	inc _counterrgb[0]
 232  0005  3D0A        	sz z
 232  0006  1480     R  	inc _counterrgb[1]
 232  0007              _L43:
 233  0007              #line 233 "C:\Users\hamed\OneDrive\Documents\HTK_Project\touch2 (5)(1)\touch2\touch-1ch-change\touch-1ch-change - v2\TOUCH.h"
 233  0007  0F1F        	mov a,31
 233  0008  0200     R  	sub a,_counterrgb[0]
 233  0009  0F4E        	mov a,78
 233  000A  1200     R  	sbc a,_counterrgb[1]
 233  000B  1185        	swap acc
 233  000C  040A        	xor a,status
 233  000D  3985        	snz acc.3
 233  000E  2800     R  	jmp _L44
 233  000F  0F20        	mov a,32
 233  0010  0080     R  	mov _counterrgb[0],a
 233  0011  0F4E        	mov a,78
 233  0012  0080     R  	mov _counterrgb[1],a
 233  0013              _L44:
 236  0013              #line 236 "C:\Users\hamed\OneDrive\Documents\HTK_Project\touch2 (5)(1)\touch2\touch-1ch-change\touch-1ch-change - v2\TOUCH.h"
 236  0013  0F96        	mov a,150
 236  0014  0200     R  	sub a,_Counter[0]
 236  0015  0F00        	mov a,0
 236  0016  1200     R  	sbc a,_Counter[1]
 236  0017  1185        	swap acc
 236  0018  040A        	xor a,status
 236  0019  3985        	snz acc.3
 236  001A  2800     R  	jmp _L45
 238  001B              #line 238 "C:\Users\hamed\OneDrive\Documents\HTK_Project\touch2 (5)(1)\touch2\touch-1ch-change\touch-1ch-change - v2\TOUCH.h"
 238  001B  1F00     R  	clr _Counter[0]
 238  001C  1F00     R  	clr _Counter[1]
 240  001D              #line 240 "C:\Users\hamed\OneDrive\Documents\HTK_Project\touch2 (5)(1)\touch2\touch-1ch-change\touch-1ch-change - v2\TOUCH.h"
 240  001D  3614        	clr [20].4
 240  001E              _L45:
 244  001E              #line 244 "C:\Users\hamed\OneDrive\Documents\HTK_Project\touch2 (5)(1)\touch2\touch-1ch-change\touch-1ch-change - v2\TOUCH.h"
 244  001E  3C00     R  	sz _UD
 244  001F  2800     R  	jmp _L46
 244  0020  0700     R  	mov a,_lightchange[0]
"File: TOUCH.h       Assembler  Version HGASM0202      Page 14

 244  0021  0500     R  	or a,_lightchange[1]
 244  0022  3D0A        	sz z
 244  0023  2800     R  	jmp _L46
 244  0024  0700     R  	mov a,_counterrgb[0]
 244  0025  0080     E  	mov _builtin_holtek_udivmodhi4_2[0],a
 244  0026  0700     R  	mov a,_counterrgb[1]
 244  0027  0080     E  	mov _builtin_holtek_udivmodhi4_2[1],a
 244  0028  0F06        	mov a,6
 244  0029  0080     E  	mov _builtin_holtek_udivmodhi4_2[2],a
 244  002A  0F00        	mov a,0
 244  002B  0080     E  	mov _builtin_holtek_udivmodhi4_2[3],a
 244  002C  2000     E  	call _builtin_holtek_divmodhi4
 244  002D  0700     E  	mov a,_builtin_holtek_udivmodhi4_2[4]
 244  002E  0080     E  	mov rb,a
 244  002F  0700     E  	mov a,_builtin_holtek_udivmodhi4_2[5]
 244  0030  0080     E  	mov rc,a
 244  0031  0700     E  	mov a,rb
 244  0032  0500     E  	or a,rc
 244  0033  390A        	snz z
 244  0034  2800     R  	jmp _L46
 244  0035  0F31        	mov a,49
 244  0036  0200     R  	sub a,_counterrgb[0]
 244  0037  0F00        	mov a,0
 244  0038  1200     R  	sbc a,_counterrgb[1]
 244  0039  1185        	swap acc
 244  003A  040A        	xor a,status
 244  003B  3985        	snz acc.3
 244  003C  2800     R  	jmp _L46
 244  003D  0F5E        	mov a,94
 244  003E  0200     R  	sub a,_Counter_On_set[0]
 244  003F  0F00        	mov a,0
 244  0040  1200     R  	sbc a,_Counter_On_set[1]
 244  0041  1185        	swap acc
 244  0042  040A        	xor a,status
 244  0043  3D85        	sz acc.3
 244  0044  2800     R  	jmp _L46
 245  0045              #line 245 "C:\Users\hamed\OneDrive\Documents\HTK_Project\touch2 (5)(1)\touch2\touch-1ch-change\touch-1ch-change - v2\TOUCH.h"
 245  0045  0F3B        	mov a,59
 245  0046  0200     R  	sub a,_Counter_On_set[0]
 245  0047  0F00        	mov a,0
 245  0048  1200     R  	sbc a,_Counter_On_set[1]
 245  0049  1185        	swap acc
 245  004A  040A        	xor a,status
 245  004B  3D85        	sz acc.3
 245  004C  2800     R  	jmp _L47
 245  004D  0F46        	mov a,70
 245  004E  0080     R  	mov _Counter_On_set[0],a
 245  004F  1F00     R  	clr _Counter_On_set[1]
 245  0050              _L47:
 246  0050              #line 246 "C:\Users\hamed\OneDrive\Documents\HTK_Project\touch2 (5)(1)\touch2\touch-1ch-change\touch-1ch-change - v2\TOUCH.h"
 246  0050  1480     R  	inc _Counter_On_set[0]
 246  0051  3D0A        	sz z
 246  0052  1480     R  	inc _Counter_On_set[1]
 246  0053              _L46:
 248  0053              #line 248 "C:\Users\hamed\OneDrive\Documents\HTK_Project\touch2 (5)(1)\touch2\touch-1ch-change\touch-1ch-change - v2\TOUCH.h"
 248  0053  3800     R  	snz _UD
 248  0054  2800     R  	jmp _L48
 248  0055  0700     R  	mov a,_lightchange[0]
 248  0056  0500     R  	or a,_lightchange[1]
 248  0057  3D0A        	sz z
"File: TOUCH.h       Assembler  Version HGASM0202      Page 15

 248  0058  2800     R  	jmp _L48
 248  0059  0700     R  	mov a,_counterrgb[0]
 248  005A  0080     E  	mov _builtin_holtek_udivmodhi4_2[0],a
 248  005B  0700     R  	mov a,_counterrgb[1]
 248  005C  0080     E  	mov _builtin_holtek_udivmodhi4_2[1],a
 248  005D  0F06        	mov a,6
 248  005E  0080     E  	mov _builtin_holtek_udivmodhi4_2[2],a
 248  005F  0F00        	mov a,0
 248  0060  0080     E  	mov _builtin_holtek_udivmodhi4_2[3],a
 248  0061  2000     E  	call _builtin_holtek_divmodhi4
 248  0062  0700     E  	mov a,_builtin_holtek_udivmodhi4_2[4]
 248  0063  0080     E  	mov rb,a
 248  0064  0700     E  	mov a,_builtin_holtek_udivmodhi4_2[5]
 248  0065  0080     E  	mov rc,a
 248  0066  0700     E  	mov a,rb
 248  0067  0500     E  	or a,rc
 248  0068  390A        	snz z
 248  0069  2800     R  	jmp _L48
 248  006A  0F31        	mov a,49
 248  006B  0200     R  	sub a,_counterrgb[0]
 248  006C  0F00        	mov a,0
 248  006D  1200     R  	sbc a,_counterrgb[1]
 248  006E  1185        	swap acc
 248  006F  040A        	xor a,status
 248  0070  3985        	snz acc.3
 248  0071  2800     R  	jmp _L48
 248  0072  3C00     R  	sz _Counter_On_set[1].7
 248  0073  2800     R  	jmp _L48
 248  0074  0700     R  	mov a,_Counter_On_set[0]
 248  0075  0500     R  	or a,_Counter_On_set[1]
 248  0076  3D0A        	sz z
 248  0077  2800     R  	jmp _L48
 250  0078              #line 250 "C:\Users\hamed\OneDrive\Documents\HTK_Project\touch2 (5)(1)\touch2\touch-1ch-change\touch-1ch-change - v2\TOUCH.h"
 250  0078  0FFF        	mov a,255
 250  0079  0380     R  	addm a,_Counter_On_set[0]
 250  007A  0FFF        	mov a,255
 250  007B  1380     R  	adcm a,_Counter_On_set[1]
 250  007C              _L48:
 256  007C              #line 256 "C:\Users\hamed\OneDrive\Documents\HTK_Project\touch2 (5)(1)\touch2\touch-1ch-change\touch-1ch-change - v2\TOUCH.h"
 256  007C  3800     R  	snz _Set
 256  007D  2800     R  	jmp _L49
 256  007E  0F31        	mov a,49
 256  007F  0200     R  	sub a,_counterrgb[0]
 256  0080  0F00        	mov a,0
 256  0081  1200     R  	sbc a,_counterrgb[1]
 256  0082  1185        	swap acc
 256  0083  040A        	xor a,status
 256  0084  3985        	snz acc.3
 256  0085  2800     R  	jmp _L49
 257  0086              #line 257 "C:\Users\hamed\OneDrive\Documents\HTK_Project\touch2 (5)(1)\touch2\touch-1ch-change\touch-1ch-change - v2\TOUCH.h"
 257  0086  0700     R  	mov a,_Counter_On_set[0]
 257  0087  0200     R  	sub a,_Counter_On[0]
 257  0088  0700     R  	mov a,_Counter_On_set[1]
 257  0089  1200     R  	sbc a,_Counter_On[1]
 257  008A  1185        	swap acc
 257  008B  040A        	xor a,status
 257  008C  3985        	snz acc.3
 257  008D  2800     R  	jmp _L50
 258  008E              #line 258 "C:\Users\hamed\OneDrive\Documents\HTK_Project\touch2 (5)(1)\touch2\touch-1ch-change\touch-1ch-change - v2\TOUCH.h"
 258  008E  0FFE        	mov a,254
"File: TOUCH.h       Assembler  Version HGASM0202      Page 16

 258  008F  0380     R  	addm a,_Counter_On[0]
 258  0090  0FFF        	mov a,255
 258  0091  1380     R  	adcm a,_Counter_On[1]
 258  0092  2800     R  	jmp _L49
 258  0093              _L50:
 260  0093              #line 260 "C:\Users\hamed\OneDrive\Documents\HTK_Project\touch2 (5)(1)\touch2\touch-1ch-change\touch-1ch-change - v2\TOUCH.h"
 260  0093  0700     R  	mov a,_Counter_On_set[0]
 260  0094  0080     R  	mov _Counter_On[0],a
 260  0095  0700     R  	mov a,_Counter_On_set[1]
 260  0096  0080     R  	mov _Counter_On[1],a
 260  0097              _L49:
 264  0097              #line 264 "C:\Users\hamed\OneDrive\Documents\HTK_Project\touch2 (5)(1)\touch2\touch-1ch-change\touch-1ch-change - v2\TOUCH.h"
 264  0097  3C00     R  	sz _Set
 264  0098  2800     R  	jmp _L42
 264  0099  0FA0        	mov a,160
 264  009A  0200     R  	sub a,_Counter_On[0]
 264  009B  0F00        	mov a,0
 264  009C  1200     R  	sbc a,_Counter_On[1]
 264  009D  1185        	swap acc
 264  009E  040A        	xor a,status
 264  009F  3D85        	sz acc.3
 264  00A0  2800     R  	jmp _L42
 264  00A1  0F31        	mov a,49
 264  00A2  0200     R  	sub a,_counterrgb[0]
 264  00A3  0F00        	mov a,0
 264  00A4  1200     R  	sbc a,_counterrgb[1]
 264  00A5  1185        	swap acc
 264  00A6  040A        	xor a,status
 264  00A7  3985        	snz acc.3
 264  00A8  2800     R  	jmp _L42
 266  00A9              #line 266 "C:\Users\hamed\OneDrive\Documents\HTK_Project\touch2 (5)(1)\touch2\touch-1ch-change\touch-1ch-change - v2\TOUCH.h"
 266  00A9  0F04        	mov a,4
 266  00AA  0380     R  	addm a,_Counter_On[0]
 266  00AB  0F00        	mov a,0
 266  00AC  1380     R  	adcm a,_Counter_On[1]
 266  00AD              _L42:
 266  00AD  0700     E  	mov a,r2
 266  00AE  008A        	mov status,a
 266  00AF  0700     E  	mov a,r1
 266  00B0  0004        	reti
 266  00B1              _int0 endp
 266  00B1              
 266  00B1              #line 266 "C:\Users\hamed\OneDrive\Documents\HTK_Project\touch2 (5)(1)\touch2\touch-1ch-change\touch-1ch-change - v2\TOUCH.h"
 266  00B1              #pragma debug scope 1 1
 266  00B1              public _timer
 266  00B1              #pragma debug scope 12 1
 273  00B1              #line 273 "C:\Users\hamed\OneDrive\Documents\HTK_Project\touch2 (5)(1)\touch2\touch-1ch-change\touch-1ch-change - v2\TOUCH.h"
 273  0000              @timer_code .section at 12 'code'
 273  0000  0080     E  	mov r1,a
 273  0001  070A        	mov a,status
 273  0002  0080     E  	mov r2,a
 273  0003  2800     R  	jmp _timer
 273  0004              #pragma debug scope 1 1
 273  0004              @dummy12 endp
 273  0004              #pragma debug scope 13 1
 273  0000              _timer .section 'code'
 273  0000              _timer proc
 274  0000              #line 274 "C:\Users\hamed\OneDrive\Documents\HTK_Project\touch2 (5)(1)\touch2\touch-1ch-change\touch-1ch-change - v2\TOUCH.h"
 274  0000  1480     R  	inc _Counter[0]
 274  0001  3D0A        	sz z
"File: TOUCH.h       Assembler  Version HGASM0202      Page 17

 274  0002  1480     R  	inc _Counter[1]
 276  0003              #line 276 "C:\Users\hamed\OneDrive\Documents\HTK_Project\touch2 (5)(1)\touch2\touch-1ch-change\touch-1ch-change - v2\TOUCH.h"
 276  0003  0700     R  	mov a,_Counter[0]
 276  0004  0200     R  	sub a,_Counter_On[0]
 276  0005  0700     R  	mov a,_Counter[1]
 276  0006  1200     R  	sbc a,_Counter_On[1]
 276  0007  1185        	swap acc
 276  0008  040A        	xor a,status
 276  0009  3D85        	sz acc.3
 276  000A  2800     R  	jmp _L61
 276  000B              #line 276 "C:\Users\hamed\OneDrive\Documents\HTK_Project\touch2 (5)(1)\touch2\touch-1ch-change\touch-1ch-change - v2\TOUCH.h"
 276  000B  0F31        	mov a,49
 276  000C  0200     R  	sub a,_counterrgb[0]
 276  000D  0F00        	mov a,0
 276  000E  1200     R  	sbc a,_counterrgb[1]
 276  000F  1185        	swap acc
 276  0010  040A        	xor a,status
 276  0011  3985        	snz acc.3
 276  0012  2800     R  	jmp _L61
 278  0013              #line 278 "C:\Users\hamed\OneDrive\Documents\HTK_Project\touch2 (5)(1)\touch2\touch-1ch-change\touch-1ch-change - v2\TOUCH.h"
 278  0013  3214        	set [20].4
 278  0014              _L61:
 278  0014  0700     E  	mov a,r2
 278  0015  008A        	mov status,a
 278  0016  0700     E  	mov a,r1
 278  0017  0004        	reti
 278  0018              _timer endp
 278  0018              
 278  0018              #line 278 "C:\Users\hamed\OneDrive\Documents\HTK_Project\touch2 (5)(1)\touch2\touch-1ch-change\touch-1ch-change - v2\TOUCH.h"
 278  0018              #pragma debug scope 1 1
 278  0018              ___integ equ [13]
 278  0018              ___tmrc equ [29]
 278  0018              ___smod equ [11]
 278  0018              ___pac equ [21]
 278  0018              public _main
 278  0018              #pragma debug scope 14 1

  32  0018              #line 32 "C:\Users\hamed\OneDrive\Documents\HTK_Project\touch2 (5)(1)\touch2\touch-1ch-change\touch-1ch-change - v2\touch-1ch-change.c"
  32  0018              IFDEF WITH_DEFAULT_STARTUP
  32  0018              extern _main_initial0:near
  32  0018              extern _main_startup:near
  32  0018              ENDIF
  32  0018              
  32  0018              ROMBANK 0 @start
  32  0000              @start .section com_l 'code'
  32  0000              _main_startup1:
  32  0000              @start .section com_e 'code'
  32  0000  2800     R  	jmp _main
  32  0001              
  32  0000              _main .section 'code'
  32  0000              _main proc
  39  0000              #line 39 "C:\Users\hamed\OneDrive\Documents\HTK_Project\touch2 (5)(1)\touch2\touch-1ch-change\touch-1ch-change - v2\touch-1ch-change.c"
  39  0000  308D        	set [13].1
  40  0001              #line 40 "C:\Users\hamed\OneDrive\Documents\HTK_Project\touch2 (5)(1)\touch2\touch-1ch-change\touch-1ch-change - v2\touch-1ch-change.c"
  40  0001  300D        	set [13].0
  41  0002              #line 41 "C:\Users\hamed\OneDrive\Documents\HTK_Project\touch2 (5)(1)\touch2\touch-1ch-change\touch-1ch-change - v2\touch-1ch-change.c"
  41  0002  308E        	set [14].1
  48  0003              #line 48 "C:\Users\hamed\OneDrive\Documents\HTK_Project\touch2 (5)(1)\touch2\touch-1ch-change\touch-1ch-change - v2\touch-1ch-change.c"
  48  0003  369D        	clr [29].5
  49  0004              #line 49 "C:\Users\hamed\OneDrive\Documents\HTK_Project\touch2 (5)(1)\touch2\touch-1ch-change\touch-1ch-change - v2\touch-1ch-change.c"
"File: touch-1ch-change.c  Assembler  Version HGASM0202      Page 18

  49  0004  321D        	set [29].4
  51  0005              #line 51 "C:\Users\hamed\OneDrive\Documents\HTK_Project\touch2 (5)(1)\touch2\touch-1ch-change\touch-1ch-change - v2\touch-1ch-change.c"
  51  0005  301D        	set [29].0
  52  0006              #line 52 "C:\Users\hamed\OneDrive\Documents\HTK_Project\touch2 (5)(1)\touch2\touch-1ch-change\touch-1ch-change - v2\touch-1ch-change.c"
  52  0006  349D        	clr [29].1
  53  0007              #line 53 "C:\Users\hamed\OneDrive\Documents\HTK_Project\touch2 (5)(1)\touch2\touch-1ch-change\touch-1ch-change - v2\touch-1ch-change.c"
  53  0007  351D        	clr [29].2
  56  0008              #line 56 "C:\Users\hamed\OneDrive\Documents\HTK_Project\touch2 (5)(1)\touch2\touch-1ch-change\touch-1ch-change - v2\touch-1ch-change.c"
  56  0008  300E        	set [14].0
  57  0009              #line 57 "C:\Users\hamed\OneDrive\Documents\HTK_Project\touch2 (5)(1)\touch2\touch-1ch-change\touch-1ch-change - v2\touch-1ch-change.c"
  57  0009  300B        	set [11].0
  59  000A              #line 59 "C:\Users\hamed\OneDrive\Documents\HTK_Project\touch2 (5)(1)\touch2\touch-1ch-change\touch-1ch-change - v2\touch-1ch-change.c"
  59  000A  330E        	set [14].6
  60  000B              #line 60 "C:\Users\hamed\OneDrive\Documents\HTK_Project\touch2 (5)(1)\touch2\touch-1ch-change\touch-1ch-change - v2\touch-1ch-change.c"
  60  000B  318E        	set [14].3
  64  000C              #line 64 "C:\Users\hamed\OneDrive\Documents\HTK_Project\touch2 (5)(1)\touch2\touch-1ch-change\touch-1ch-change - v2\touch-1ch-change.c"
  64  000C  3615        	clr [21].4
  64  000D  3595        	clr [21].3
  64  000E  3515        	clr [21].2
  65  000F              #line 65 "C:\Users\hamed\OneDrive\Documents\HTK_Project\touch2 (5)(1)\touch2\touch-1ch-change\touch-1ch-change - v2\touch-1ch-change.c"
  65  000F  0F01        	mov a,1
  65  0010  0080     R  	mov _delay_ms_2[0],a
  65  0011  1F00     R  	clr _delay_ms_2[1]
  65  0012  1F00     R  	clr _delay_ms_2[2]
  65  0013  1F00     R  	clr _delay_ms_2[3]
  65  0014  2000     R  	call _delay_ms
  66  0015              #line 66 "C:\Users\hamed\OneDrive\Documents\HTK_Project\touch2 (5)(1)\touch2\touch-1ch-change\touch-1ch-change - v2\touch-1ch-change.c"
  66  0015  2000     R  	call _TuochKeyInit
  67  0016              #line 67 "C:\Users\hamed\OneDrive\Documents\HTK_Project\touch2 (5)(1)\touch2\touch-1ch-change\touch-1ch-change - v2\touch-1ch-change.c"
  67  0016  0F01        	mov a,1
  67  0017  0080     R  	mov _delay_ms_2[0],a
  67  0018  1F00     R  	clr _delay_ms_2[1]
  67  0019  1F00     R  	clr _delay_ms_2[2]
  67  001A  1F00     R  	clr _delay_ms_2[3]
  67  001B  2000     R  	call _delay_ms
  68  001C              #line 68 "C:\Users\hamed\OneDrive\Documents\HTK_Project\touch2 (5)(1)\touch2\touch-1ch-change\touch-1ch-change - v2\touch-1ch-change.c"
  68  001C  2000     R  	call _CalibrTuoch
  70  001D              #line 70 "C:\Users\hamed\OneDrive\Documents\HTK_Project\touch2 (5)(1)\touch2\touch-1ch-change\touch-1ch-change - v2\touch-1ch-change.c"
  70  001D  3000     R  	set _UD
  70  001E              _L64:
  74  001E              #line 74 "C:\Users\hamed\OneDrive\Documents\HTK_Project\touch2 (5)(1)\touch2\touch-1ch-change\touch-1ch-change - v2\touch-1ch-change.c"
  74  001E              ;# 74 "C:\Users\hamed\OneDrive\Documents\HTK_Project\touch2 (5)(1)\touch2\touch-1ch-change\touch-1ch-change - v2\touch-1ch-change.c" 1
  74  001E  0001        	clr wdt
  75  001F              #line 75 "C:\Users\hamed\OneDrive\Documents\HTK_Project\touch2 (5)(1)\touch2\touch-1ch-change\touch-1ch-change - v2\touch-1ch-change.c"
  75  001F  2000     R  	call _Key_Select
  76  0020              #line 76 "C:\Users\hamed\OneDrive\Documents\HTK_Project\touch2 (5)(1)\touch2\touch-1ch-change\touch-1ch-change - v2\touch-1ch-change.c"
  76  0020  2000     R  	call _Key_Touch
  76  0021  2800     R  	jmp _L64
  76  0022  2800     R  	jmp $
  76  0023              _main endp
  76  0023              
  76  0023              @dummy endp
  76  0023              
  76  0023              #line 76 "C:\Users\hamed\OneDrive\Documents\HTK_Project\touch2 (5)(1)\touch2\touch-1ch-change\touch-1ch-change - v2\touch-1ch-change.c"
  76  0023              #pragma debug scope 1 1
  76  0023              public _Setinoff
  76  0000              @HCCINIT	.section 'data'

  12  0000              #line 12 "C:\Users\hamed\OneDrive\Documents\HTK_Project\touch2 (5)(1)\touch2\touch-1ch-change\touch-1ch-change - v2\TOUCH.h"
  12  0000              @HCCINIT .section 'data'
"File: TOUCH.h       Assembler  Version HGASM0202      Page 19

  12  0000              _Setinoff label byte
  12  0000              #pragma debug variable 8 1 _Setinoff "Setinoff"
  12  0000              	db 0
  12  0000              @ROMDATA_BASE .section inpage 'code'
  12  0000              	db 0
  12  0001              @HCCINIT .section 'data'
  12  0001              public _UD
  11  0001              #line 11 "C:\Users\hamed\OneDrive\Documents\HTK_Project\touch2 (5)(1)\touch2\touch-1ch-change\touch-1ch-change - v2\TOUCH.h"
  11  0000              @BITDATASEC1 .section 'data'
  11  0000  00          _UD	dbit 1
  11  0001              #pragma debug variable 2 1 _UD "UD"
  11  0001              public _Set
  11  0001              #line 11 "C:\Users\hamed\OneDrive\Documents\HTK_Project\touch2 (5)(1)\touch2\touch-1ch-change\touch-1ch-change - v2\TOUCH.h"
  11  0000              @BITDATASEC .section 'data'
  11  0000  00          _Set	dbit 0
  11  0001              #pragma debug variable 2 1 _Set "Set"
  11  0001              public _Counter_On_set
  10  0001              #line 10 "C:\Users\hamed\OneDrive\Documents\HTK_Project\touch2 (5)(1)\touch2\touch-1ch-change\touch-1ch-change - v2\TOUCH.h"
  10  0001              @HCCINIT .section 'data'
  10  0001              _Counter_On_set label byte
  10  0001              #pragma debug variable 11 1 _Counter_On_set "Counter_On_set"
  10  0001              	db 0
  10  0001              @ROMDATA_BASE .section inpage 'code'
  10  0001              	db 0
  10  0002              @HCCINIT .section 'data'
  10  0002              	db 0
  10  0001              @ROMDATA_BASE .section inpage 'code'
  10  0001              	db 0
  10  0003              @HCCINIT .section 'data'
  10  0003              public _Counter_On
   9  0003              #line 9 "C:\Users\hamed\OneDrive\Documents\HTK_Project\touch2 (5)(1)\touch2\touch-1ch-change\touch-1ch-change - v2\TOUCH.h"
   9  0003              @HCCINIT .section 'data'
   9  0003              _Counter_On label byte
   9  0003              #pragma debug variable 11 1 _Counter_On "Counter_On"
   9  0003              	db 0
   9  0002              @ROMDATA_BASE .section inpage 'code'
   9  0002              	db 0
   9  0004              @HCCINIT .section 'data'
   9  0004              	db 0
   9  0002              @ROMDATA_BASE .section inpage 'code'
   9  0002              	db 0
   9  0005              @HCCINIT .section 'data'
   9  0005              public _Counter
   8  0005              #line 8 "C:\Users\hamed\OneDrive\Documents\HTK_Project\touch2 (5)(1)\touch2\touch-1ch-change\touch-1ch-change - v2\TOUCH.h"
   8  0005              @HCCINIT .section 'data'
   8  0005              _Counter label byte
   8  0005              #pragma debug variable 11 1 _Counter "Counter"
   8  0005              	db 0
   8  0003              @ROMDATA_BASE .section inpage 'code'
   8  0003              	db 0
   8  0006              @HCCINIT .section 'data'
   8  0006              	db 0
   8  0003              @ROMDATA_BASE .section inpage 'code'
   8  0003              	db 0
   8  0007              @HCCINIT .section 'data'
   8  0007              public _ncount
   7  0007              #line 7 "C:\Users\hamed\OneDrive\Documents\HTK_Project\touch2 (5)(1)\touch2\touch-1ch-change\touch-1ch-change - v2\TOUCH.h"
   7  0007              @HCCINIT .section 'data'
   7  0007              _ncount label byte
   7  0007              #pragma debug variable 11 1 _ncount "ncount"
"File: TOUCH.h       Assembler  Version HGASM0202      Page 20

   7  0007              	db 0
   7  0004              @ROMDATA_BASE .section inpage 'code'
   7  0004              	db 0
   7  0008              @HCCINIT .section 'data'
   7  0008              	db 0
   7  0004              @ROMDATA_BASE .section inpage 'code'
   7  0004              	db 0
   7  0009              @HCCINIT .section 'data'
   7  0009              public _counterrgb
   6  0009              #line 6 "C:\Users\hamed\OneDrive\Documents\HTK_Project\touch2 (5)(1)\touch2\touch-1ch-change\touch-1ch-change - v2\TOUCH.h"
   6  0009              @HCCINIT .section 'data'
   6  0009              _counterrgb label byte
   6  0009              #pragma debug variable 11 1 _counterrgb "counterrgb"
   6  0009              	dw 15000
   6  0005              @ROMDATA_BASE .section inpage 'code'
   6  0005  3A98        	dc 15000
   6  000B              @HCCINIT .section 'data'
   6  000B              public _lightchange
   6  000B              #line 6 "C:\Users\hamed\OneDrive\Documents\HTK_Project\touch2 (5)(1)\touch2\touch-1ch-change\touch-1ch-change - v2\TOUCH.h"
   6  000B              @HCCINIT .section 'data'
   6  000B              _lightchange label byte
   6  000B              #pragma debug variable 11 1 _lightchange "lightchange"
   6  000B              	db 0
   6  0006              @ROMDATA_BASE .section inpage 'code'
   6  0006              	db 0
   6  000C              @HCCINIT .section 'data'
   6  000C              	db 0
   6  0006              @ROMDATA_BASE .section inpage 'code'
   6  0006              	db 0
   6  000D              @HCCINIT .section 'data'
   6  000D              public _CalibrSample
   4  000D              #line 4 "C:\Users\hamed\OneDrive\Documents\HTK_Project\touch2 (5)(1)\touch2\touch-1ch-change\touch-1ch-change - v2\TOUCH.h"
   4  000D              @HCCINIT .section 'data'
   4  000D              _CalibrSample label byte
   4  000D              #pragma debug variable 8 1 _CalibrSample "CalibrSample"
   4  000D              	db 0
   4  0007              @ROMDATA_BASE .section inpage 'code'
   4  0007              	db 0
   4  000E              @HCCINIT .section 'data'
   4  000E              public _CalibrCount
   4  000E              #line 4 "C:\Users\hamed\OneDrive\Documents\HTK_Project\touch2 (5)(1)\touch2\touch-1ch-change\touch-1ch-change - v2\TOUCH.h"
   4  000E              @HCCINIT .section 'data'
   4  000E              _CalibrCount label byte
   4  000E              #pragma debug variable 8 1 _CalibrCount "CalibrCount"
   4  000E              	db 0
   4  0007              @ROMDATA_BASE .section inpage 'code'
   4  0007              	db 0
   4  000F              @HCCINIT .section 'data'
   4  000F              public _i
   4  000F              #line 4 "C:\Users\hamed\OneDrive\Documents\HTK_Project\touch2 (5)(1)\touch2\touch-1ch-change\touch-1ch-change - v2\TOUCH.h"
   4  000F              @HCCINIT .section 'data'
   4  000F              _i label byte
   4  000F              #pragma debug variable 8 1 _i "i"
   4  000F              	db 0
   4  0008              @ROMDATA_BASE .section inpage 'code'
   4  0008              	db 0
   4  0010              @HCCINIT .section 'data'
   4  0010              public _Count_T1
   3  0010              #line 3 "C:\Users\hamed\OneDrive\Documents\HTK_Project\touch2 (5)(1)\touch2\touch-1ch-change\touch-1ch-change - v2\TOUCH.h"
   3  0010              @HCCINIT .section 'data'
"File: TOUCH.h       Assembler  Version HGASM0202      Page 21

   3  0010              _Count_T1 label byte
   3  0010              #pragma debug variable 12 1 _Count_T1 "Count_T1"
   3  0010              	db 0
   3  0008              @ROMDATA_BASE .section inpage 'code'
   3  0008              	db 0
   3  0011              @HCCINIT .section 'data'
   3  0011              	db 0
   3  0009              @ROMDATA_BASE .section inpage 'code'
   3  0009              	db 0
   3  0012              @HCCINIT .section 'data'
   3  0012              public _Count_S1
   2  0012              #line 2 "C:\Users\hamed\OneDrive\Documents\HTK_Project\touch2 (5)(1)\touch2\touch-1ch-change\touch-1ch-change - v2\TOUCH.h"
   2  0012              @HCCINIT .section 'data'
   2  0012              _Count_S1 label byte
   2  0012              #pragma debug variable 12 1 _Count_S1 "Count_S1"
   2  0012              	db 0
   2  0009              @ROMDATA_BASE .section inpage 'code'
   2  0009              	db 0
   2  0013              @HCCINIT .section 'data'
   2  0013              	db 0
   2  000A              @ROMDATA_BASE .section inpage 'code'
   2  000A              	db 0
   2  0014              @HCCINIT .section 'data'
   2  0014              public _Count_C1_Backup
   1  0014              #line 1 "C:\Users\hamed\OneDrive\Documents\HTK_Project\touch2 (5)(1)\touch2\touch-1ch-change\touch-1ch-change - v2\TOUCH.h"
   1  0014              @HCCINIT .section 'data'
   1  0014              _Count_C1_Backup label byte
   1  0014              #pragma debug variable 14 1 _Count_C1_Backup "Count_C1_Backup"
   1  0014              	db 0
   1  000A              @ROMDATA_BASE .section inpage 'code'
   1  000A              	db 0
   1  0015              @HCCINIT .section 'data'
   1  0015              	db 0
   1  000B              @ROMDATA_BASE .section inpage 'code'
   1  000B              	db 0
   1  0016              @HCCINIT .section 'data'
   1  0016              	db 0
   1  000B              @ROMDATA_BASE .section inpage 'code'
   1  000B              	db 0
   1  0017              @HCCINIT .section 'data'
   1  0017              	db 0
   1  000C              @ROMDATA_BASE .section inpage 'code'
   1  000C              	db 0
   1  0018              @HCCINIT .section 'data'
   1  0018              public _Count_C1
   1  0018              #line 1 "C:\Users\hamed\OneDrive\Documents\HTK_Project\touch2 (5)(1)\touch2\touch-1ch-change\touch-1ch-change - v2\TOUCH.h"
   1  0018              @HCCINIT .section 'data'
   1  0018              _Count_C1 label byte
   1  0018              #pragma debug variable 14 1 _Count_C1 "Count_C1"
   1  0018              	db 0
   1  000C              @ROMDATA_BASE .section inpage 'code'
   1  000C              	db 0
   1  0019              @HCCINIT .section 'data'
   1  0019              	db 0
   1  000D              @ROMDATA_BASE .section inpage 'code'
   1  000D              	db 0
   1  001A              @HCCINIT .section 'data'
   1  001A              	db 0
   1  000D              @ROMDATA_BASE .section inpage 'code'
   1  000D              	db 0
"File: TOUCH.h       Assembler  Version HGASM0202      Page 22

   1  001B              @HCCINIT .section 'data'
   1  001B              	db 0
   1  000E              @ROMDATA_BASE .section inpage 'code'
   1  000E              	db 0
   1  001C              @HCCINIT .section 'data'
   1  001C              #pragma debug struct_end
   1  001C              #pragma debug struct_end
   1  001C              #pragma debug union_end
   1  001C              #pragma debug union_end
   1  001C              #pragma debug variable 43 1 ___smod "__smod" 1
   1  001C              #pragma debug struct_end
   1  001C              #pragma debug struct_end
   1  001C              #pragma debug union_end
   1  001C              #pragma debug union_end
   1  001C              #pragma debug variable 45 1 ___integ "__integ" 1
   1  001C              #pragma debug struct_end
   1  001C              #pragma debug struct_end
   1  001C              #pragma debug union_end
   1  001C              #pragma debug union_end
   1  001C              #pragma debug variable 47 1 ___intc0 "__intc0" 1
   1  001C              #pragma debug struct_end
   1  001C              #pragma debug struct_end
   1  001C              #pragma debug union_end
   1  001C              #pragma debug union_end
   1  001C              #pragma debug variable 49 1 ___pa "__pa" 1
   1  001C              #pragma debug struct_end
   1  001C              #pragma debug struct_end
   1  001C              #pragma debug union_end
   1  001C              #pragma debug union_end
   1  001C              #pragma debug variable 51 1 ___pac "__pac" 1
   1  001C              #pragma debug struct_end
   1  001C              #pragma debug struct_end
   1  001C              #pragma debug union_end
   1  001C              #pragma debug union_end
   1  001C              #pragma debug variable 53 1 ___tmrc "__tmrc" 1
   1  001C              #pragma debug variable 8 1 ___tktmr "__tktmr" 1
   1  001C              #pragma debug struct_end
   1  001C              #pragma debug struct_end
   1  001C              #pragma debug union_end
   1  001C              #pragma debug union_end
   1  001C              #pragma debug variable 55 1 ___tkc0 "__tkc0" 1
   1  001C              #pragma debug struct_end
   1  001C              #pragma debug struct_end
   1  001C              #pragma debug union_end
   1  001C              #pragma debug union_end
   1  001C              #pragma debug variable 57 1 ___tkc1 "__tkc1" 1
   1  001C              #pragma debug variable 8 1 ___tkm016dl "__tkm016dl" 1
   1  001C              #pragma debug variable 8 1 ___tkm016dh "__tkm016dh" 1
   1  001C              #pragma debug variable 8 1 ___tkm0rol "__tkm0rol" 1
   1  001C              #pragma debug variable 8 1 ___tkm0roh "__tkm0roh" 1
   1  001C              #pragma debug struct_end
   1  001C              #pragma debug struct_end
   1  001C              #pragma debug union_end
   1  001C              #pragma debug union_end
   1  001C              #pragma debug variable 59 1 ___tkm0c0 "__tkm0c0" 1
   1  001C              #pragma debug struct_end
   1  001C              #pragma debug struct_end
   1  001C              #pragma debug union_end
   1  001C              #pragma debug union_end
   1  001C              #pragma debug variable 61 1 ___tkm0c1 "__tkm0c1" 1
"File: TOUCH.h       Assembler  Version HGASM0202      Page 23

   1  001C              extern r1:byte
   1  001C              extern r2:byte

  32  001C              #line 32 "C:\Users\hamed\OneDrive\Documents\HTK_Project\touch2 (5)(1)\touch2\touch-1ch-change\touch-1ch-change - v2\touch-1ch-change.c"
  32  0000              @code .section at 0 'code'
  32  0000  2800     R  	jmp _main_startup1
  32  0001              
  32  0001              extern _builtin_holtek_mulsi3_2:byte
  32  0001              extern _builtin_holtek_mulsi3:near
  32  0001              extern _builtin_holtek_udivmodsi4_2:byte
  32  0001              extern _builtin_holtek_udivmodsi4:near
  32  0001              extern _builtin_holtek_divmodhi4:near
  32  0001              extern _builtin_holtek_udivmodhi4_2:byte
  32  0001              extern _builtin_holtek_udivmodhi4:near
  32  0001              
  32  0001              ; 
  32  0001              ; Generated by holtek-gcc v3.19, Fri Oct 25 16:43:27 2024
  32  0001              ; Rebuild 718
  32  0001              ; end of file


        0 Errors, 0