"File: prid2.c       Assembler  Version HGASM0202      Page 1


   1  0000              ; Generated by holtek-gcc v3.19, Wed Sep 20 19:05:50 2023
   2  0000              ; 
   3  0000              ; Configuration:
   4  0000              ;       without long instruction
   5  0000              ;       Single ROM, Multi-RAM
   6  0000              ;       bits_per_rom_unit:16
   7  0000              ;       with mp1
   8  0000              ;       with tbhp, address(0x9)
   9  0000              ;          Use tabrd-const
  10  0000              ;       
  11  0000              ;       
  12  0000              ;       
  13  0000              ; use 'tabrdc' instead of 'tabrd'
  14  0000              ;       
  15  0000              
  16  0000              #pragma translator "holtek-gcc 4.6.4" "3.19" "build 20130711"
  17  0000              ; Rebuild 718
  18  0000              
  19  0000              ir equ [2]
  20  0000              mp equ [3]
  21  0000              sbp equ [1]
  22  0000              acc equ [5]
  23  0000              bp equ [4]
  24  0000              tblp equ [7]
  25  0000              tbhp equ [9]
  26  0000              status equ [10]
  27  0000              c equ [10].0
  28  0000              ac equ [10].1
  29  0000              z equ [10].2
  30  0000              ov equ [10].3
  31  0000              intc equ [11]
  32  0000              
  33  0000              extern ra:byte
  34  0000              extern rb:byte
  35  0000              extern rc:byte
  36  0000              extern rd:byte
  37  0000              extern re:byte
  38  0000              extern rf:byte
  39  0000              extern rg:byte
  40  0000              extern rh:byte
  41  0000              extern _Crom2Prom:near
  42  0000              extern _Crom2PromNext:near
  43  0000              
  44  0000              RAMBANK 0 @HCCINIT, @HCCINIT0
  45  0000              
  46  0000              RAMBANK 0 @BITDATASEC, @BITDATASEC1
  47  0000              @HCCINIT	.section 'data'
  48  0000              @HCCINIT0	.section 'data'
  49  0000              @BITDATASEC	 .section 'data'
  50  0000              @BITDATASEC1	 .section 'data'
  51  0000              
  52  0000              #pragma debug scope 1 1
  53  0000              	extern __DELAY3:near
  54  0000              	extern __DELAYX3:near
  55  0000              	extern __DELAYX6:near
  56  0000              	extern __DELAYY5:near
  57  0000              	extern __DELAYY3:near
  58  0000              	extern _builtin_holtek_delay_2:byte
  59  0000              public _timer
"File: prid2.ASM     Assembler  Version HGASM0202      Page 2

  60  0000              #pragma debug scope 2 1

  23  0000              #line 23 "C:\Users\hamed\OneDrive\Documents\HTK_Project\touch2\touch-key\prid2.c"
  23  0000              @timer_code .section at 12 'code'
  23  0000  0080     E  	mov r1,a
  23  0001  070A        	mov a,status
  23  0002  0080     E  	mov r2,a
  23  0003  2800     R  	jmp _timer
  23  0004              #pragma debug scope 1 1
  23  0004              @dummy12 endp
  23  0004              #pragma debug scope 3 1
  23  0000              _timer .section 'code'
  23  0000              _timer proc
  24  0000              #line 24 "C:\Users\hamed\OneDrive\Documents\HTK_Project\touch2\touch-key\prid2.c"
  24  0000  1480     R  	inc _counter[0]
  24  0001  3D0A        	sz z
  24  0002  1480     R  	inc _counter[1]
  25  0003              #line 25 "C:\Users\hamed\OneDrive\Documents\HTK_Project\touch2\touch-key\prid2.c"
  25  0003  0700     R  	mov a,_counter[0]
  25  0004  0CE8        	xor a,232
  25  0005  0700     R  	mov a,_counter[1]
  25  0006  3D0A        	sz z
  25  0007  0C03        	xor a,3
  25  0008  390A        	snz z
  25  0009  2800     R  	jmp _L1
  26  000A              #line 26 "C:\Users\hamed\OneDrive\Documents\HTK_Project\touch2\touch-key\prid2.c"
  26  000A  1F00     R  	clr _counter[0]
  26  000B  1F00     R  	clr _counter[1]
  26  000C              _L1:
  26  000C  0700     E  	mov a,r2
  26  000D  008A        	mov status,a
  26  000E  0700     E  	mov a,r1
  26  000F  0004        	reti
  26  0010              _timer endp
  26  0010              
  26  0010              #line 26 "C:\Users\hamed\OneDrive\Documents\HTK_Project\touch2\touch-key\prid2.c"
  26  0010              #pragma debug scope 1 1
  26  0010              public _Delay
  26  0010              #pragma debug scope 4 1
  35  0010              #line 35 "C:\Users\hamed\OneDrive\Documents\HTK_Project\touch2\touch-key\prid2.c"
  35  0000              _Delay .section 'code'
  35  0000              _Delay proc
  35  0000              public _Delay_2
  35  0000  0008[           local _Delay_2 db 8 dup(?)	; 4,4
            00
            ]
  35  0008              #pragma debug variable 14 4 _Delay_2+0 "count"
  35  0008              #pragma debug variable 14 4 _Delay_2+4 "i"
  37  0008              #line 37 "C:\Users\hamed\OneDrive\Documents\HTK_Project\touch2\touch-key\prid2.c"
  37  0000  1F00     R  	clr _Delay_2[4]
  37  0001  1F00     R  	clr _Delay_2[5]
  37  0002  1F00     R  	clr _Delay_2[6]
  37  0003  1F00     R  	clr _Delay_2[7]
  37  0004  2800     R  	jmp _L5
  37  0005              _L6:
  39  0005              #line 39 "C:\Users\hamed\OneDrive\Documents\HTK_Project\touch2\touch-key\prid2.c"
  39  0005              ;# 39 "C:\Users\hamed\OneDrive\Documents\HTK_Project\touch2\touch-key\prid2.c" 1
  39  0005  0000        	nop
  40  0006              #line 40 "C:\Users\hamed\OneDrive\Documents\HTK_Project\touch2\touch-key\prid2.c"
  40  0006              ;# 40 "C:\Users\hamed\OneDrive\Documents\HTK_Project\touch2\touch-key\prid2.c" 1
"File: prid2.c       Assembler  Version HGASM0202      Page 3

  40  0006  0001        	clr wdt
  37  0007              #line 37 "C:\Users\hamed\OneDrive\Documents\HTK_Project\touch2\touch-key\prid2.c"
  37  0007  0F01        	mov a,1
  37  0008  0380     R  	addm a,_Delay_2[4]
  37  0009  0F00        	mov a,0
  37  000A  1380     R  	adcm a,_Delay_2[5]
  37  000B  1380     R  	adcm a,_Delay_2[6]
  37  000C  1380     R  	adcm a,_Delay_2[7]
  37  000D              _L5:
  37  000D  0700     R  	mov a,_Delay_2[4]
  37  000E  0200     R  	sub a,_Delay_2[0]
  37  000F  0700     R  	mov a,_Delay_2[5]
  37  0010  1200     R  	sbc a,_Delay_2[1]
  37  0011  0700     R  	mov a,_Delay_2[6]
  37  0012  1200     R  	sbc a,_Delay_2[2]
  37  0013  0700     R  	mov a,_Delay_2[7]
  37  0014  1200     R  	sbc a,_Delay_2[3]
  37  0015  380A        	snz c
  37  0016  2800     R  	jmp _L6
  37  0017  0003        	ret
  37  0018              _Delay endp
  37  0018              #line 37 "C:\Users\hamed\OneDrive\Documents\HTK_Project\touch2\touch-key\prid2.c"
  37  0018              #pragma debug scope 1 1
  37  0018              ___tmrc equ [29]
  37  0018              ___intc0 equ [14]
  37  0018              ___smod equ [11]
  37  0018              ___pac equ [21]
  37  0018              ___tktmr equ [67]
  37  0018              ___tkc0 equ [68]
  37  0018              ___tkc1 equ [71]
  37  0018              ___tkm0rol equ [74]
  37  0018              ___tkm0roh equ [75]
  37  0018              ___tkm0c0 equ [76]
  37  0018              ___tkm0c1 equ [77]
  37  0018              public _init
  37  0018              #pragma debug scope 5 1
  47  0018              #line 47 "C:\Users\hamed\OneDrive\Documents\HTK_Project\touch2\touch-key\prid2.c"
  47  0000              _init .section 'code'
  47  0000              _init proc
  53  0000              #line 53 "C:\Users\hamed\OneDrive\Documents\HTK_Project\touch2\touch-key\prid2.c"
  53  0000  369D        	clr [29].5
  54  0001              #line 54 "C:\Users\hamed\OneDrive\Documents\HTK_Project\touch2\touch-key\prid2.c"
  54  0001  321D        	set [29].4
  56  0002              #line 56 "C:\Users\hamed\OneDrive\Documents\HTK_Project\touch2\touch-key\prid2.c"
  56  0002  301D        	set [29].0
  57  0003              #line 57 "C:\Users\hamed\OneDrive\Documents\HTK_Project\touch2\touch-key\prid2.c"
  57  0003  349D        	clr [29].1
  58  0004              #line 58 "C:\Users\hamed\OneDrive\Documents\HTK_Project\touch2\touch-key\prid2.c"
  58  0004  311D        	set [29].2
  61  0005              #line 61 "C:\Users\hamed\OneDrive\Documents\HTK_Project\touch2\touch-key\prid2.c"
  61  0005  300E        	set [14].0
  62  0006              #line 62 "C:\Users\hamed\OneDrive\Documents\HTK_Project\touch2\touch-key\prid2.c"
  62  0006  300B        	set [11].0
  64  0007              #line 64 "C:\Users\hamed\OneDrive\Documents\HTK_Project\touch2\touch-key\prid2.c"
  64  0007  330E        	set [14].6
  65  0008              #line 65 "C:\Users\hamed\OneDrive\Documents\HTK_Project\touch2\touch-key\prid2.c"
  65  0008  318E        	set [14].3
  72  0009              #line 72 "C:\Users\hamed\OneDrive\Documents\HTK_Project\touch2\touch-key\prid2.c"
  72  0009  0F01        	mov a,1
  72  000A  008B        	mov [11],a
"File: prid2.c       Assembler  Version HGASM0202      Page 4

  80  000B              #line 80 "C:\Users\hamed\OneDrive\Documents\HTK_Project\touch2\touch-key\prid2.c"
  80  000B  3415        	clr [21].0
  81  000C              #line 81 "C:\Users\hamed\OneDrive\Documents\HTK_Project\touch2\touch-key\prid2.c"
  81  000C  3515        	clr [21].2
  82  000D              #line 82 "C:\Users\hamed\OneDrive\Documents\HTK_Project\touch2\touch-key\prid2.c"
  82  000D  3615        	clr [21].4
  92  000E              #line 92 "C:\Users\hamed\OneDrive\Documents\HTK_Project\touch2\touch-key\prid2.c"
  92  000E  0F64        	mov a,100
  92  000F  00C3        	mov [67],a
  99  0010              #line 99 "C:\Users\hamed\OneDrive\Documents\HTK_Project\touch2\touch-key\prid2.c"
  99  0010  3044        	set [68].0
 100  0011              #line 100 "C:\Users\hamed\OneDrive\Documents\HTK_Project\touch2\touch-key\prid2.c"
 100  0011  30C4        	set [68].1
 107  0012              #line 107 "C:\Users\hamed\OneDrive\Documents\HTK_Project\touch2\touch-key\prid2.c"
 107  0012  3047        	set [71].0
 108  0013              #line 108 "C:\Users\hamed\OneDrive\Documents\HTK_Project\touch2\touch-key\prid2.c"
 108  0013  30C7        	set [71].1
 112  0014              #line 112 "C:\Users\hamed\OneDrive\Documents\HTK_Project\touch2\touch-key\prid2.c"
 112  0014  0FC8        	mov a,200
 112  0015  00CA        	mov [74],a
 113  0016              #line 113 "C:\Users\hamed\OneDrive\Documents\HTK_Project\touch2\touch-key\prid2.c"
 113  0016  1F4B        	clr [75]
 119  0017              #line 119 "C:\Users\hamed\OneDrive\Documents\HTK_Project\touch2\touch-key\prid2.c"
 119  0017  374C        	clr [76].6
 120  0018              #line 120 "C:\Users\hamed\OneDrive\Documents\HTK_Project\touch2\touch-key\prid2.c"
 120  0018  37CC        	clr [76].7
 125  0019              #line 125 "C:\Users\hamed\OneDrive\Documents\HTK_Project\touch2\touch-key\prid2.c"
 125  0019  36CC        	clr [76].5
 127  001A              #line 127 "C:\Users\hamed\OneDrive\Documents\HTK_Project\touch2\touch-key\prid2.c"
 127  001A  324C        	set [76].4
 131  001B              #line 131 "C:\Users\hamed\OneDrive\Documents\HTK_Project\touch2\touch-key\prid2.c"
 131  001B  31CC        	set [76].3
 136  001C              #line 136 "C:\Users\hamed\OneDrive\Documents\HTK_Project\touch2\touch-key\prid2.c"
 136  001C  314C        	set [76].2
 137  001D              #line 137 "C:\Users\hamed\OneDrive\Documents\HTK_Project\touch2\touch-key\prid2.c"
 137  001D  34CC        	clr [76].1
 138  001E              #line 138 "C:\Users\hamed\OneDrive\Documents\HTK_Project\touch2\touch-key\prid2.c"
 138  001E  344C        	clr [76].0
 141  001F              #line 141 "C:\Users\hamed\OneDrive\Documents\HTK_Project\touch2\touch-key\prid2.c"
 141  001F  37CD        	clr [77].7
 143  0020              #line 143 "C:\Users\hamed\OneDrive\Documents\HTK_Project\touch2\touch-key\prid2.c"
 143  0020  32CD        	set [77].5
 146  0021              #line 146 "C:\Users\hamed\OneDrive\Documents\HTK_Project\touch2\touch-key\prid2.c"
 146  0021  324D        	set [77].4
 152  0022              #line 152 "C:\Users\hamed\OneDrive\Documents\HTK_Project\touch2\touch-key\prid2.c"
 152  0022  304D        	set [77].0
 153  0023              #line 153 "C:\Users\hamed\OneDrive\Documents\HTK_Project\touch2\touch-key\prid2.c"
 153  0023  30CD        	set [77].1
 153  0024  0003        	ret
 153  0025              _init endp
 153  0025              #line 153 "C:\Users\hamed\OneDrive\Documents\HTK_Project\touch2\touch-key\prid2.c"
 153  0025              #pragma debug scope 1 1
 153  0025              ___tkm016dh equ [73]
 153  0025              ___tkm016dl equ [72]
 153  0025              ___pa equ [20]
 153  0025              public _main
 153  0025              #pragma debug scope 6 1
 163  0025              #line 163 "C:\Users\hamed\OneDrive\Documents\HTK_Project\touch2\touch-key\prid2.c"
 163  0025              IFDEF WITH_DEFAULT_STARTUP
 163  0025              extern _main_initial0:near
"File: prid2.c       Assembler  Version HGASM0202      Page 5

 163  0025              extern _main_startup:near
 163  0025              ENDIF
 163  0025              
 163  0025              ROMBANK 0 @start
 163  0000              @start .section com_l 'code'
 163  0000              _main_startup1:
 163  0000              @start .section com_e 'code'
 163  0000  2800     R  	jmp _main
 163  0001              
 163  0000              _main .section 'code'
 163  0000              _main proc
 163  0000  0012[           local _main_2 db 18 dup(?)
            00
            ]
 164  0012              #line 164 "C:\Users\hamed\OneDrive\Documents\HTK_Project\touch2\touch-key\prid2.c"
 164  0000  2000     R  	call _init
 165  0001              #line 165 "C:\Users\hamed\OneDrive\Documents\HTK_Project\touch2\touch-key\prid2.c"
 165  0001  0F10        	mov a,16
 165  0002  0080     R  	mov _Delay_2[0],a
 165  0003  0F27        	mov a,39
 165  0004  0080     R  	mov _Delay_2[1],a
 165  0005  1F00     R  	clr _Delay_2[2]
 165  0006  1F00     R  	clr _Delay_2[3]
 165  0007  2000     R  	call _Delay
 168  0008              #line 168 "C:\Users\hamed\OneDrive\Documents\HTK_Project\touch2\touch-key\prid2.c"
 168  0008  374C        	clr [76].6
 169  0009              #line 169 "C:\Users\hamed\OneDrive\Documents\HTK_Project\touch2\touch-key\prid2.c"
 169  0009  37CC        	clr [76].7
 170  000A              #line 170 "C:\Users\hamed\OneDrive\Documents\HTK_Project\touch2\touch-key\prid2.c"
 170  000A              ;# 170 "C:\Users\hamed\OneDrive\Documents\HTK_Project\touch2\touch-key\prid2.c" 1
 170  000A              	IF 2000>263690
 170  000A              ;# 170 "C:\Users\hamed\OneDrive\Documents\HTK_Project\touch2\touch-key\prid2.c" 1
 170  000A              	ERRMESSAGE 'the value 2000of the argument exceeds the maxinum 263690'
 170  000A              	ENDIF
 170  000A              ;# 170 "C:\Users\hamed\OneDrive\Documents\HTK_Project\touch2\touch-key\prid2.c" 1
 170  000A              	IF 2000<0
 170  000A              ;# 170 "C:\Users\hamed\OneDrive\Documents\HTK_Project\touch2\touch-key\prid2.c" 1
 170  000A              	ERRMESSAGE 'the value 2000 of the argument exceeds the mininum 0'
 170  000A              	ENDIF
 170  000A              ;# 170 "C:\Users\hamed\OneDrive\Documents\HTK_Project\touch2\touch-key\prid2.c" 1
 170  000A              	IF 2000==0
 170  000A              ;# 170 "C:\Users\hamed\OneDrive\Documents\HTK_Project\touch2\touch-key\prid2.c" 1
 170  000A              	JMP $
 170  000A              	ENDIF
 170  000A              ;# 170 "C:\Users\hamed\OneDrive\Documents\HTK_Project\touch2\touch-key\prid2.c" 1
 170  000A              	IF 2000==1
 170  000A              ;# 170 "C:\Users\hamed\OneDrive\Documents\HTK_Project\touch2\touch-key\prid2.c" 1
 170  000A              	NOP
 170  000A              	ENDIF
 170  000A              ;# 170 "C:\Users\hamed\OneDrive\Documents\HTK_Project\touch2\touch-key\prid2.c" 1
 170  000A              	IF 2000==2
 170  000A              ;# 170 "C:\Users\hamed\OneDrive\Documents\HTK_Project\touch2\touch-key\prid2.c" 1
 170  000A              	NOP
 170  000A              ;# 170 "C:\Users\hamed\OneDrive\Documents\HTK_Project\touch2\touch-key\prid2.c" 1
 170  000A              	NOP
 170  000A              	ENDIF
 170  000A              ;# 170 "C:\Users\hamed\OneDrive\Documents\HTK_Project\touch2\touch-key\prid2.c" 1
 170  000A              	IF 2000==3
 170  000A              ;# 170 "C:\Users\hamed\OneDrive\Documents\HTK_Project\touch2\touch-key\prid2.c" 1
 170  000A              	NOP
"File: prid2.c       Assembler  Version HGASM0202      Page 6

 170  000A              ;# 170 "C:\Users\hamed\OneDrive\Documents\HTK_Project\touch2\touch-key\prid2.c" 1
 170  000A              	NOP
 170  000A              ;# 170 "C:\Users\hamed\OneDrive\Documents\HTK_Project\touch2\touch-key\prid2.c" 1
 170  000A              	NOP
 170  000A              	ENDIF
 170  000A              ;# 170 "C:\Users\hamed\OneDrive\Documents\HTK_Project\touch2\touch-key\prid2.c" 1
 170  000A              	IF (2000<8) AND (2000>3)
 170  000A              ;# 170 "C:\Users\hamed\OneDrive\Documents\HTK_Project\touch2\touch-key\prid2.c" 1
 170  000A              	CALL __DELAY3 + 7 -2000
 170  000A              	ENDIF
 170  000A              ;# 170 "C:\Users\hamed\OneDrive\Documents\HTK_Project\touch2\touch-key\prid2.c" 1
 170  000A              	IF (2000< 0404h) AND (2000>7)
 170  000A              ;# 170 "C:\Users\hamed\OneDrive\Documents\HTK_Project\touch2\touch-key\prid2.c" 1
 170  000A              	MOV A,2000/4-1
 170  000A              ;# 170 "C:\Users\hamed\OneDrive\Documents\HTK_Project\touch2\touch-key\prid2.c" 1
 170  000A              	CALL __DELAYX3 + 3 -(2000 MOD 4)
 170  000A              	ENDIF
 170  000A              ;# 170 "C:\Users\hamed\OneDrive\Documents\HTK_Project\touch2\touch-key\prid2.c" 1
 170  000A              	IF (2000< 0x40B) AND (2000> 0403h)
 170  000A              ;# 170 "C:\Users\hamed\OneDrive\Documents\HTK_Project\touch2\touch-key\prid2.c" 1
 170  000A              	MOV A,0 
 170  000A              ;# 170 "C:\Users\hamed\OneDrive\Documents\HTK_Project\touch2\touch-key\prid2.c" 1
 170  000A              	CALL __DELAYX6 + 0x40a -2000
 170  000A              	ENDIF
 170  000A              ;# 170 "C:\Users\hamed\OneDrive\Documents\HTK_Project\touch2\touch-key\prid2.c" 1
 170  000A              	IF (2000 >= 0x40b) AND ((((2000-9)%0402h)/4+1)>256)
 170  000A              ;# 170 "C:\Users\hamed\OneDrive\Documents\HTK_Project\touch2\touch-key\prid2.c" 1
 170  000A              	MOV A,(2000-9)/0402h
 170  000A              ;# 170 "C:\Users\hamed\OneDrive\Documents\HTK_Project\touch2\touch-key\prid2.c" 1
 170  000A              	MOV _builtin_holtek_delay_2,A
 170  000A              ;# 170 "C:\Users\hamed\OneDrive\Documents\HTK_Project\touch2\touch-key\prid2.c" 1
 170  000A              	MOV A,0
 170  000A              ;# 170 "C:\Users\hamed\OneDrive\Documents\HTK_Project\touch2\touch-key\prid2.c" 1
 170  000A              	CALL __DELAYY5 +5- (((2000-9)%0402h)%6)
 170  000A              	ENDIF
 170  000A              ;# 170 "C:\Users\hamed\OneDrive\Documents\HTK_Project\touch2\touch-key\prid2.c" 1
 170  000A              	IF (2000 >= 0x40b) AND ((((2000-9)%0402h)/4+1)<=256)
 170  000A              ;# 170 "C:\Users\hamed\OneDrive\Documents\HTK_Project\touch2\touch-key\prid2.c" 1
 170  000A  0F01        	MOV A,(2000-9)/0402h
 170  000B              ;# 170 "C:\Users\hamed\OneDrive\Documents\HTK_Project\touch2\touch-key\prid2.c" 1
 170  000B  0080     E  	MOV _builtin_holtek_delay_2,A
 170  000C              ;# 170 "C:\Users\hamed\OneDrive\Documents\HTK_Project\touch2\touch-key\prid2.c" 1
 170  000C  0FF2        	MOV A,((2000-9)%0402h)/4+1
 170  000D              ;# 170 "C:\Users\hamed\OneDrive\Documents\HTK_Project\touch2\touch-key\prid2.c" 1
 170  000D  2000     E  	CALL __DELAYY3 +3-(((2000-9)%0402h)%4)
 170  000E              	ENDIF
 172  000E              #line 172 "C:\Users\hamed\OneDrive\Documents\HTK_Project\touch2\touch-key\prid2.c"
 172  000E  36C4        	clr [68].5
 173  000F              #line 173 "C:\Users\hamed\OneDrive\Documents\HTK_Project\touch2\touch-key\prid2.c"
 173  000F  1F00     R  	clr _i[0]
 173  0010  1F00     R  	clr _i[1]
 173  0011              _L9:
 173  0011              #line 173 "C:\Users\hamed\OneDrive\Documents\HTK_Project\touch2\touch-key\prid2.c"
 173  0011  0F13        	mov a,19
 173  0012  0200     R  	sub a,_i[0]
 173  0013  0F00        	mov a,0
 173  0014  1200     R  	sbc a,_i[1]
 173  0015  1185        	swap acc
 173  0016  040A        	xor a,status
 173  0017  3D85        	sz acc.3
"File: prid2.c       Assembler  Version HGASM0202      Page 7

 173  0018  2800     R  	jmp _L34
 175  0019              #line 175 "C:\Users\hamed\OneDrive\Documents\HTK_Project\touch2\touch-key\prid2.c"
 175  0019  32CD        	set [77].5
 176  001A              #line 176 "C:\Users\hamed\OneDrive\Documents\HTK_Project\touch2\touch-key\prid2.c"
 176  001A  324D        	set [77].4
 177  001B              #line 177 "C:\Users\hamed\OneDrive\Documents\HTK_Project\touch2\touch-key\prid2.c"
 177  001B  32C4        	set [68].5
 177  001C              _L11:
 179  001C              #line 179 "C:\Users\hamed\OneDrive\Documents\HTK_Project\touch2\touch-key\prid2.c"
 179  001C  3B44        	snz [68].6
 179  001D  2800     R  	jmp _L11
 181  001E              #line 181 "C:\Users\hamed\OneDrive\Documents\HTK_Project\touch2\touch-key\prid2.c"
 181  001E  0749        	mov a,[73]
 181  001F  0080     R  	mov _main_2[1],a
 181  0020  1F00     R  	clr _main_2[0]
 181  0021  0700     R  	mov a,_main_2[1]
 181  0022  0080     E  	mov rc,a
 181  0023  0748        	mov a,[72]
 181  0024  0500     R  	or a,_main_2[0]
 181  0025  0080     E  	mov rb,a
 181  0026  0700     E  	mov a,rb
 181  0027  0080     R  	mov _touch1[0],a
 181  0028  0700     E  	mov a,rc
 181  0029  0080     R  	mov _touch1[1],a
 182  002A              #line 182 "C:\Users\hamed\OneDrive\Documents\HTK_Project\touch2\touch-key\prid2.c"
 182  002A  0700     E  	mov a,rb
 182  002B  0380     R  	addm a,_touchThreshold1[0]
 182  002C  0700     E  	mov a,rc
 182  002D  1380     R  	adcm a,_touchThreshold1[1]
 182  002E  1F05        	clr acc
 182  002F  1380     R  	adcm a,_touchThreshold1[2]
 182  0030  1380     R  	adcm a,_touchThreshold1[3]
 184  0031              #line 184 "C:\Users\hamed\OneDrive\Documents\HTK_Project\touch2\touch-key\prid2.c"
 184  0031  3744        	clr [68].6
 185  0032              #line 185 "C:\Users\hamed\OneDrive\Documents\HTK_Project\touch2\touch-key\prid2.c"
 185  0032  36C4        	clr [68].5
 188  0033              #line 188 "C:\Users\hamed\OneDrive\Documents\HTK_Project\touch2\touch-key\prid2.c"
 188  0033  0FD0        	mov a,-48
 188  0034  0080     R  	mov _Delay_2[0],a
 188  0035  0F07        	mov a,7
 188  0036  0080     R  	mov _Delay_2[1],a
 188  0037  1F00     R  	clr _Delay_2[2]
 188  0038  1F00     R  	clr _Delay_2[3]
 188  0039  2000     R  	call _Delay
 173  003A              #line 173 "C:\Users\hamed\OneDrive\Documents\HTK_Project\touch2\touch-key\prid2.c"
 173  003A  1480     R  	inc _i[0]
 173  003B  3D0A        	sz z
 173  003C  1480     R  	inc _i[1]
 173  003D  2800     R  	jmp _L9
 173  003E              _L34:
 190  003E              #line 190 "C:\Users\hamed\OneDrive\Documents\HTK_Project\touch2\touch-key\prid2.c"
 190  003E  1F00     E  	clr _builtin_holtek_udivmodsi4_2[12]
 190  003F  0700     R  	mov a,_touchThreshold1[0]  
 190  0040  0080     E  	mov _builtin_holtek_udivmodsi4_2[0],a  
 190  0041  0700     R  	mov a,_touchThreshold1[1]  
 190  0042  0080     E  	mov _builtin_holtek_udivmodsi4_2[1],a
 190  0043  0700     R  	mov a,_touchThreshold1[2]  
 190  0044  0080     E  	mov _builtin_holtek_udivmodsi4_2[2],a  
 190  0045  0700     R  	mov a,_touchThreshold1[3]  
 190  0046  0080     E  	mov _builtin_holtek_udivmodsi4_2[3],a
"File: prid2.c       Assembler  Version HGASM0202      Page 8

 190  0047  0F14        	mov a,20  
 190  0048  0080     E  	mov _builtin_holtek_udivmodsi4_2[4],a  
 190  0049  0F00        	mov a,0  
 190  004A  0080     E  	mov _builtin_holtek_udivmodsi4_2[5],a
 190  004B  1F00     E  	clr _builtin_holtek_udivmodsi4_2[6]
 190  004C  1F00     E  	clr _builtin_holtek_udivmodsi4_2[7]
 190  004D  2000     E  	call _builtin_holtek_udivmodsi4
 190  004E  0700     E  	mov a,_builtin_holtek_udivmodsi4_2[0]  
 190  004F  0080     R  	mov _touchThreshold1[0],a  
 190  0050  0700     E  	mov a,_builtin_holtek_udivmodsi4_2[1]  
 190  0051  0080     R  	mov _touchThreshold1[1],a
 190  0052  0700     E  	mov a,_builtin_holtek_udivmodsi4_2[2]  
 190  0053  0080     R  	mov _touchThreshold1[2],a  
 190  0054  0700     E  	mov a,_builtin_holtek_udivmodsi4_2[3]  
 190  0055  0080     R  	mov _touchThreshold1[3],a
 192  0056              #line 192 "C:\Users\hamed\OneDrive\Documents\HTK_Project\touch2\touch-key\prid2.c"
 192  0056  334C        	set [76].6
 193  0057              #line 193 "C:\Users\hamed\OneDrive\Documents\HTK_Project\touch2\touch-key\prid2.c"
 193  0057  37CC        	clr [76].7
 194  0058              #line 194 "C:\Users\hamed\OneDrive\Documents\HTK_Project\touch2\touch-key\prid2.c"
 194  0058              ;# 194 "C:\Users\hamed\OneDrive\Documents\HTK_Project\touch2\touch-key\prid2.c" 1
 194  0058              	IF 2000>263690
 194  0058              ;# 194 "C:\Users\hamed\OneDrive\Documents\HTK_Project\touch2\touch-key\prid2.c" 1
 194  0058              	ERRMESSAGE 'the value 2000of the argument exceeds the maxinum 263690'
 194  0058              	ENDIF
 194  0058              ;# 194 "C:\Users\hamed\OneDrive\Documents\HTK_Project\touch2\touch-key\prid2.c" 1
 194  0058              	IF 2000<0
 194  0058              ;# 194 "C:\Users\hamed\OneDrive\Documents\HTK_Project\touch2\touch-key\prid2.c" 1
 194  0058              	ERRMESSAGE 'the value 2000 of the argument exceeds the mininum 0'
 194  0058              	ENDIF
 194  0058              ;# 194 "C:\Users\hamed\OneDrive\Documents\HTK_Project\touch2\touch-key\prid2.c" 1
 194  0058              	IF 2000==0
 194  0058              ;# 194 "C:\Users\hamed\OneDrive\Documents\HTK_Project\touch2\touch-key\prid2.c" 1
 194  0058              	JMP $
 194  0058              	ENDIF
 194  0058              ;# 194 "C:\Users\hamed\OneDrive\Documents\HTK_Project\touch2\touch-key\prid2.c" 1
 194  0058              	IF 2000==1
 194  0058              ;# 194 "C:\Users\hamed\OneDrive\Documents\HTK_Project\touch2\touch-key\prid2.c" 1
 194  0058              	NOP
 194  0058              	ENDIF
 194  0058              ;# 194 "C:\Users\hamed\OneDrive\Documents\HTK_Project\touch2\touch-key\prid2.c" 1
 194  0058              	IF 2000==2
 194  0058              ;# 194 "C:\Users\hamed\OneDrive\Documents\HTK_Project\touch2\touch-key\prid2.c" 1
 194  0058              	NOP
 194  0058              ;# 194 "C:\Users\hamed\OneDrive\Documents\HTK_Project\touch2\touch-key\prid2.c" 1
 194  0058              	NOP
 194  0058              	ENDIF
 194  0058              ;# 194 "C:\Users\hamed\OneDrive\Documents\HTK_Project\touch2\touch-key\prid2.c" 1
 194  0058              	IF 2000==3
 194  0058              ;# 194 "C:\Users\hamed\OneDrive\Documents\HTK_Project\touch2\touch-key\prid2.c" 1
 194  0058              	NOP
 194  0058              ;# 194 "C:\Users\hamed\OneDrive\Documents\HTK_Project\touch2\touch-key\prid2.c" 1
 194  0058              	NOP
 194  0058              ;# 194 "C:\Users\hamed\OneDrive\Documents\HTK_Project\touch2\touch-key\prid2.c" 1
 194  0058              	NOP
 194  0058              	ENDIF
 194  0058              ;# 194 "C:\Users\hamed\OneDrive\Documents\HTK_Project\touch2\touch-key\prid2.c" 1
 194  0058              	IF (2000<8) AND (2000>3)
 194  0058              ;# 194 "C:\Users\hamed\OneDrive\Documents\HTK_Project\touch2\touch-key\prid2.c" 1
 194  0058              	CALL __DELAY3 + 7 -2000
"File: prid2.c       Assembler  Version HGASM0202      Page 9

 194  0058              	ENDIF
 194  0058              ;# 194 "C:\Users\hamed\OneDrive\Documents\HTK_Project\touch2\touch-key\prid2.c" 1
 194  0058              	IF (2000< 0404h) AND (2000>7)
 194  0058              ;# 194 "C:\Users\hamed\OneDrive\Documents\HTK_Project\touch2\touch-key\prid2.c" 1
 194  0058              	MOV A,2000/4-1
 194  0058              ;# 194 "C:\Users\hamed\OneDrive\Documents\HTK_Project\touch2\touch-key\prid2.c" 1
 194  0058              	CALL __DELAYX3 + 3 -(2000 MOD 4)
 194  0058              	ENDIF
 194  0058              ;# 194 "C:\Users\hamed\OneDrive\Documents\HTK_Project\touch2\touch-key\prid2.c" 1
 194  0058              	IF (2000< 0x40B) AND (2000> 0403h)
 194  0058              ;# 194 "C:\Users\hamed\OneDrive\Documents\HTK_Project\touch2\touch-key\prid2.c" 1
 194  0058              	MOV A,0 
 194  0058              ;# 194 "C:\Users\hamed\OneDrive\Documents\HTK_Project\touch2\touch-key\prid2.c" 1
 194  0058              	CALL __DELAYX6 + 0x40a -2000
 194  0058              	ENDIF
 194  0058              ;# 194 "C:\Users\hamed\OneDrive\Documents\HTK_Project\touch2\touch-key\prid2.c" 1
 194  0058              	IF (2000 >= 0x40b) AND ((((2000-9)%0402h)/4+1)>256)
 194  0058              ;# 194 "C:\Users\hamed\OneDrive\Documents\HTK_Project\touch2\touch-key\prid2.c" 1
 194  0058              	MOV A,(2000-9)/0402h
 194  0058              ;# 194 "C:\Users\hamed\OneDrive\Documents\HTK_Project\touch2\touch-key\prid2.c" 1
 194  0058              	MOV _builtin_holtek_delay_2,A
 194  0058              ;# 194 "C:\Users\hamed\OneDrive\Documents\HTK_Project\touch2\touch-key\prid2.c" 1
 194  0058              	MOV A,0
 194  0058              ;# 194 "C:\Users\hamed\OneDrive\Documents\HTK_Project\touch2\touch-key\prid2.c" 1
 194  0058              	CALL __DELAYY5 +5- (((2000-9)%0402h)%6)
 194  0058              	ENDIF
 194  0058              ;# 194 "C:\Users\hamed\OneDrive\Documents\HTK_Project\touch2\touch-key\prid2.c" 1
 194  0058              	IF (2000 >= 0x40b) AND ((((2000-9)%0402h)/4+1)<=256)
 194  0058              ;# 194 "C:\Users\hamed\OneDrive\Documents\HTK_Project\touch2\touch-key\prid2.c" 1
 194  0058  0F01        	MOV A,(2000-9)/0402h
 194  0059              ;# 194 "C:\Users\hamed\OneDrive\Documents\HTK_Project\touch2\touch-key\prid2.c" 1
 194  0059  0080     E  	MOV _builtin_holtek_delay_2,A
 194  005A              ;# 194 "C:\Users\hamed\OneDrive\Documents\HTK_Project\touch2\touch-key\prid2.c" 1
 194  005A  0FF2        	MOV A,((2000-9)%0402h)/4+1
 194  005B              ;# 194 "C:\Users\hamed\OneDrive\Documents\HTK_Project\touch2\touch-key\prid2.c" 1
 194  005B  2000     E  	CALL __DELAYY3 +3-(((2000-9)%0402h)%4)
 194  005C              	ENDIF
 196  005C              #line 196 "C:\Users\hamed\OneDrive\Documents\HTK_Project\touch2\touch-key\prid2.c"
 196  005C  36C4        	clr [68].5
 197  005D              #line 197 "C:\Users\hamed\OneDrive\Documents\HTK_Project\touch2\touch-key\prid2.c"
 197  005D  1F00     R  	clr _i[0]
 197  005E  1F00     R  	clr _i[1]
 197  005F              _L13:
 197  005F  0F13        	mov a,19
 197  0060  0200     R  	sub a,_i[0]
 197  0061  0F00        	mov a,0
 197  0062  1200     R  	sbc a,_i[1]
 197  0063  1185        	swap acc
 197  0064  040A        	xor a,status
 197  0065  3D85        	sz acc.3
 197  0066  2800     R  	jmp _L35
 199  0067              #line 199 "C:\Users\hamed\OneDrive\Documents\HTK_Project\touch2\touch-key\prid2.c"
 199  0067  32CD        	set [77].5
 200  0068              #line 200 "C:\Users\hamed\OneDrive\Documents\HTK_Project\touch2\touch-key\prid2.c"
 200  0068  324D        	set [77].4
 201  0069              #line 201 "C:\Users\hamed\OneDrive\Documents\HTK_Project\touch2\touch-key\prid2.c"
 201  0069  32C4        	set [68].5
 201  006A              _L15:
 203  006A              #line 203 "C:\Users\hamed\OneDrive\Documents\HTK_Project\touch2\touch-key\prid2.c"
 203  006A  3B44        	snz [68].6
"File: prid2.c       Assembler  Version HGASM0202      Page 10

 203  006B  2800     R  	jmp _L15
 205  006C              #line 205 "C:\Users\hamed\OneDrive\Documents\HTK_Project\touch2\touch-key\prid2.c"
 205  006C  0749        	mov a,[73]
 205  006D  0080     R  	mov _main_2[5],a
 205  006E  1F00     R  	clr _main_2[4]
 205  006F  0700     R  	mov a,_main_2[5]
 205  0070  0080     E  	mov rc,a
 205  0071  0748        	mov a,[72]
 205  0072  0500     R  	or a,_main_2[4]
 205  0073  0080     E  	mov rb,a
 205  0074  0700     E  	mov a,rb
 205  0075  0080     R  	mov _touch2[0],a
 205  0076  0700     E  	mov a,rc
 205  0077  0080     R  	mov _touch2[1],a
 206  0078              #line 206 "C:\Users\hamed\OneDrive\Documents\HTK_Project\touch2\touch-key\prid2.c"
 206  0078  0700     E  	mov a,rb
 206  0079  0380     R  	addm a,_touchThreshold2[0]
 206  007A  0700     E  	mov a,rc
 206  007B  1380     R  	adcm a,_touchThreshold2[1]
 206  007C  1F05        	clr acc
 206  007D  1380     R  	adcm a,_touchThreshold2[2]
 206  007E  1380     R  	adcm a,_touchThreshold2[3]
 208  007F              #line 208 "C:\Users\hamed\OneDrive\Documents\HTK_Project\touch2\touch-key\prid2.c"
 208  007F  3744        	clr [68].6
 209  0080              #line 209 "C:\Users\hamed\OneDrive\Documents\HTK_Project\touch2\touch-key\prid2.c"
 209  0080  36C4        	clr [68].5
 212  0081              #line 212 "C:\Users\hamed\OneDrive\Documents\HTK_Project\touch2\touch-key\prid2.c"
 212  0081  0FD0        	mov a,-48
 212  0082  0080     R  	mov _Delay_2[0],a
 212  0083  0F07        	mov a,7
 212  0084  0080     R  	mov _Delay_2[1],a
 212  0085  1F00     R  	clr _Delay_2[2]
 212  0086  1F00     R  	clr _Delay_2[3]
 212  0087  2000     R  	call _Delay
 197  0088              #line 197 "C:\Users\hamed\OneDrive\Documents\HTK_Project\touch2\touch-key\prid2.c"
 197  0088  1480     R  	inc _i[0]
 197  0089  3D0A        	sz z
 197  008A  1480     R  	inc _i[1]
 197  008B  2800     R  	jmp _L13
 197  008C              _L35:
 214  008C              #line 214 "C:\Users\hamed\OneDrive\Documents\HTK_Project\touch2\touch-key\prid2.c"
 214  008C  1F00     E  	clr _builtin_holtek_udivmodsi4_2[12]
 214  008D  0700     R  	mov a,_touchThreshold2[0]  
 214  008E  0080     E  	mov _builtin_holtek_udivmodsi4_2[0],a  
 214  008F  0700     R  	mov a,_touchThreshold2[1]  
 214  0090  0080     E  	mov _builtin_holtek_udivmodsi4_2[1],a
 214  0091  0700     R  	mov a,_touchThreshold2[2]  
 214  0092  0080     E  	mov _builtin_holtek_udivmodsi4_2[2],a  
 214  0093  0700     R  	mov a,_touchThreshold2[3]  
 214  0094  0080     E  	mov _builtin_holtek_udivmodsi4_2[3],a
 214  0095  0F14        	mov a,20  
 214  0096  0080     E  	mov _builtin_holtek_udivmodsi4_2[4],a  
 214  0097  0F00        	mov a,0  
 214  0098  0080     E  	mov _builtin_holtek_udivmodsi4_2[5],a
 214  0099  1F00     E  	clr _builtin_holtek_udivmodsi4_2[6]
 214  009A  1F00     E  	clr _builtin_holtek_udivmodsi4_2[7]
 214  009B  2000     E  	call _builtin_holtek_udivmodsi4
 214  009C  0700     E  	mov a,_builtin_holtek_udivmodsi4_2[0]  
 214  009D  0080     E  	mov rd,a  
 214  009E  0700     E  	mov a,_builtin_holtek_udivmodsi4_2[1]  
"File: prid2.c       Assembler  Version HGASM0202      Page 11

 214  009F  0080     E  	mov re,a
 214  00A0  0700     E  	mov a,_builtin_holtek_udivmodsi4_2[2]  
 214  00A1  0080     E  	mov rf,a  
 214  00A2  0700     E  	mov a,_builtin_holtek_udivmodsi4_2[3]  
 214  00A3  0080     E  	mov rg,a
 214  00A4  0700     E  	mov a,rd
 214  00A5  0080     R  	mov _touchThreshold2[0],a
 214  00A6  0700     E  	mov a,re
 214  00A7  0080     R  	mov _touchThreshold2[1],a
 214  00A8  0700     E  	mov a,rf
 214  00A9  0080     R  	mov _touchThreshold2[2],a
 214  00AA  0700     E  	mov a,rg
 214  00AB  0080     R  	mov _touchThreshold2[3],a
 218  00AC              #line 218 "C:\Users\hamed\OneDrive\Documents\HTK_Project\touch2\touch-key\prid2.c"
 218  00AC  32CD        	set [77].5
 219  00AD              #line 219 "C:\Users\hamed\OneDrive\Documents\HTK_Project\touch2\touch-key\prid2.c"
 219  00AD  324D        	set [77].4
 220  00AE              #line 220 "C:\Users\hamed\OneDrive\Documents\HTK_Project\touch2\touch-key\prid2.c"
 220  00AE  32C4        	set [68].5
 261  00AF              #line 261 "C:\Users\hamed\OneDrive\Documents\HTK_Project\touch2\touch-key\prid2.c"
 261  00AF  0700     R  	mov a,_touch2[0]
 261  00B0  0080     R  	mov _main_2[4],a
 261  00B1  0700     R  	mov a,_touch2[1]
 261  00B2  0080     R  	mov _main_2[5],a
 261  00B3  1F00     R  	clr _main_2[6]
 261  00B4  1F00     R  	clr _main_2[7]
 261  00B5  0700     E  	mov a,rd
 261  00B6  0080     R  	mov _main_2[14],a
 261  00B7  0700     E  	mov a,re
 261  00B8  0080     R  	mov _main_2[15],a
 261  00B9  0700     E  	mov a,rf
 261  00BA  0080     R  	mov _main_2[16],a
 261  00BB  0700     E  	mov a,rg
 261  00BC  0080     R  	mov _main_2[17],a
 261  00BD  0700     R  	mov a,_alltouch2[0]
 261  00BE  0080     E  	mov rd,a
 261  00BF  0700     R  	mov a,_alltouch2[1]
 261  00C0  0080     E  	mov re,a
 261  00C1  0700     R  	mov a,_alltouch2[2]
 261  00C2  0080     E  	mov rf,a
 261  00C3  0700     R  	mov a,_alltouch2[3]
 261  00C4  0080     E  	mov rg,a
 261  00C5  0700     R  	mov a,_fingerCounter2[0]
 261  00C6  0080     R  	mov _main_2[0],a
 261  00C7  0700     R  	mov a,_fingerCounter2[1]
 261  00C8  0080     R  	mov _main_2[1],a
 261  00C9  0700     R  	mov a,_fingerCounter2[2]
 261  00CA  0080     R  	mov _main_2[2],a
 261  00CB  0700     R  	mov a,_fingerCounter2[3]
 261  00CC  0080     R  	mov _main_2[3],a
 261  00CD  0700     R  	mov a,_f2[0]
 261  00CE  0080     R  	mov _main_2[12],a
 261  00CF  0700     R  	mov a,_f2[1]
 261  00D0  0080     R  	mov _main_2[13],a
 261  00D1              _L24:
 223  00D1              #line 223 "C:\Users\hamed\OneDrive\Documents\HTK_Project\touch2\touch-key\prid2.c"
 223  00D1              ;# 223 "C:\Users\hamed\OneDrive\Documents\HTK_Project\touch2\touch-key\prid2.c" 1
 223  00D1  0001        	clr wdt
 225  00D2              #line 225 "C:\Users\hamed\OneDrive\Documents\HTK_Project\touch2\touch-key\prid2.c"
 225  00D2  374C        	clr [76].6
"File: prid2.c       Assembler  Version HGASM0202      Page 12

 226  00D3              #line 226 "C:\Users\hamed\OneDrive\Documents\HTK_Project\touch2\touch-key\prid2.c"
 226  00D3  37CC        	clr [76].7
 227  00D4              #line 227 "C:\Users\hamed\OneDrive\Documents\HTK_Project\touch2\touch-key\prid2.c"
 227  00D4              ;# 227 "C:\Users\hamed\OneDrive\Documents\HTK_Project\touch2\touch-key\prid2.c" 1
 227  00D4              	IF 2000>263690
 227  00D4              ;# 227 "C:\Users\hamed\OneDrive\Documents\HTK_Project\touch2\touch-key\prid2.c" 1
 227  00D4              	ERRMESSAGE 'the value 2000of the argument exceeds the maxinum 263690'
 227  00D4              	ENDIF
 227  00D4              ;# 227 "C:\Users\hamed\OneDrive\Documents\HTK_Project\touch2\touch-key\prid2.c" 1
 227  00D4              	IF 2000<0
 227  00D4              ;# 227 "C:\Users\hamed\OneDrive\Documents\HTK_Project\touch2\touch-key\prid2.c" 1
 227  00D4              	ERRMESSAGE 'the value 2000 of the argument exceeds the mininum 0'
 227  00D4              	ENDIF
 227  00D4              ;# 227 "C:\Users\hamed\OneDrive\Documents\HTK_Project\touch2\touch-key\prid2.c" 1
 227  00D4              	IF 2000==0
 227  00D4              ;# 227 "C:\Users\hamed\OneDrive\Documents\HTK_Project\touch2\touch-key\prid2.c" 1
 227  00D4              	JMP $
 227  00D4              	ENDIF
 227  00D4              ;# 227 "C:\Users\hamed\OneDrive\Documents\HTK_Project\touch2\touch-key\prid2.c" 1
 227  00D4              	IF 2000==1
 227  00D4              ;# 227 "C:\Users\hamed\OneDrive\Documents\HTK_Project\touch2\touch-key\prid2.c" 1
 227  00D4              	NOP
 227  00D4              	ENDIF
 227  00D4              ;# 227 "C:\Users\hamed\OneDrive\Documents\HTK_Project\touch2\touch-key\prid2.c" 1
 227  00D4              	IF 2000==2
 227  00D4              ;# 227 "C:\Users\hamed\OneDrive\Documents\HTK_Project\touch2\touch-key\prid2.c" 1
 227  00D4              	NOP
 227  00D4              ;# 227 "C:\Users\hamed\OneDrive\Documents\HTK_Project\touch2\touch-key\prid2.c" 1
 227  00D4              	NOP
 227  00D4              	ENDIF
 227  00D4              ;# 227 "C:\Users\hamed\OneDrive\Documents\HTK_Project\touch2\touch-key\prid2.c" 1
 227  00D4              	IF 2000==3
 227  00D4              ;# 227 "C:\Users\hamed\OneDrive\Documents\HTK_Project\touch2\touch-key\prid2.c" 1
 227  00D4              	NOP
 227  00D4              ;# 227 "C:\Users\hamed\OneDrive\Documents\HTK_Project\touch2\touch-key\prid2.c" 1
 227  00D4              	NOP
 227  00D4              ;# 227 "C:\Users\hamed\OneDrive\Documents\HTK_Project\touch2\touch-key\prid2.c" 1
 227  00D4              	NOP
 227  00D4              	ENDIF
 227  00D4              ;# 227 "C:\Users\hamed\OneDrive\Documents\HTK_Project\touch2\touch-key\prid2.c" 1
 227  00D4              	IF (2000<8) AND (2000>3)
 227  00D4              ;# 227 "C:\Users\hamed\OneDrive\Documents\HTK_Project\touch2\touch-key\prid2.c" 1
 227  00D4              	CALL __DELAY3 + 7 -2000
 227  00D4              	ENDIF
 227  00D4              ;# 227 "C:\Users\hamed\OneDrive\Documents\HTK_Project\touch2\touch-key\prid2.c" 1
 227  00D4              	IF (2000< 0404h) AND (2000>7)
 227  00D4              ;# 227 "C:\Users\hamed\OneDrive\Documents\HTK_Project\touch2\touch-key\prid2.c" 1
 227  00D4              	MOV A,2000/4-1
 227  00D4              ;# 227 "C:\Users\hamed\OneDrive\Documents\HTK_Project\touch2\touch-key\prid2.c" 1
 227  00D4              	CALL __DELAYX3 + 3 -(2000 MOD 4)
 227  00D4              	ENDIF
 227  00D4              ;# 227 "C:\Users\hamed\OneDrive\Documents\HTK_Project\touch2\touch-key\prid2.c" 1
 227  00D4              	IF (2000< 0x40B) AND (2000> 0403h)
 227  00D4              ;# 227 "C:\Users\hamed\OneDrive\Documents\HTK_Project\touch2\touch-key\prid2.c" 1
 227  00D4              	MOV A,0 
 227  00D4              ;# 227 "C:\Users\hamed\OneDrive\Documents\HTK_Project\touch2\touch-key\prid2.c" 1
 227  00D4              	CALL __DELAYX6 + 0x40a -2000
 227  00D4              	ENDIF
 227  00D4              ;# 227 "C:\Users\hamed\OneDrive\Documents\HTK_Project\touch2\touch-key\prid2.c" 1
 227  00D4              	IF (2000 >= 0x40b) AND ((((2000-9)%0402h)/4+1)>256)
"File: prid2.c       Assembler  Version HGASM0202      Page 13

 227  00D4              ;# 227 "C:\Users\hamed\OneDrive\Documents\HTK_Project\touch2\touch-key\prid2.c" 1
 227  00D4              	MOV A,(2000-9)/0402h
 227  00D4              ;# 227 "C:\Users\hamed\OneDrive\Documents\HTK_Project\touch2\touch-key\prid2.c" 1
 227  00D4              	MOV _builtin_holtek_delay_2,A
 227  00D4              ;# 227 "C:\Users\hamed\OneDrive\Documents\HTK_Project\touch2\touch-key\prid2.c" 1
 227  00D4              	MOV A,0
 227  00D4              ;# 227 "C:\Users\hamed\OneDrive\Documents\HTK_Project\touch2\touch-key\prid2.c" 1
 227  00D4              	CALL __DELAYY5 +5- (((2000-9)%0402h)%6)
 227  00D4              	ENDIF
 227  00D4              ;# 227 "C:\Users\hamed\OneDrive\Documents\HTK_Project\touch2\touch-key\prid2.c" 1
 227  00D4              	IF (2000 >= 0x40b) AND ((((2000-9)%0402h)/4+1)<=256)
 227  00D4              ;# 227 "C:\Users\hamed\OneDrive\Documents\HTK_Project\touch2\touch-key\prid2.c" 1
 227  00D4  0F01        	MOV A,(2000-9)/0402h
 227  00D5              ;# 227 "C:\Users\hamed\OneDrive\Documents\HTK_Project\touch2\touch-key\prid2.c" 1
 227  00D5  0080     E  	MOV _builtin_holtek_delay_2,A
 227  00D6              ;# 227 "C:\Users\hamed\OneDrive\Documents\HTK_Project\touch2\touch-key\prid2.c" 1
 227  00D6  0FF2        	MOV A,((2000-9)%0402h)/4+1
 227  00D7              ;# 227 "C:\Users\hamed\OneDrive\Documents\HTK_Project\touch2\touch-key\prid2.c" 1
 227  00D7  2000     E  	CALL __DELAYY3 +3-(((2000-9)%0402h)%4)
 227  00D8              	ENDIF
 228  00D8              #line 228 "C:\Users\hamed\OneDrive\Documents\HTK_Project\touch2\touch-key\prid2.c"
 228  00D8  32CD        	set [77].5
 229  00D9              #line 229 "C:\Users\hamed\OneDrive\Documents\HTK_Project\touch2\touch-key\prid2.c"
 229  00D9  324D        	set [77].4
 230  00DA              #line 230 "C:\Users\hamed\OneDrive\Documents\HTK_Project\touch2\touch-key\prid2.c"
 230  00DA  32C4        	set [68].5
 233  00DB              #line 233 "C:\Users\hamed\OneDrive\Documents\HTK_Project\touch2\touch-key\prid2.c"
 233  00DB  3B44        	snz [68].6
 233  00DC  2800     R  	jmp _L17
 235  00DD              #line 235 "C:\Users\hamed\OneDrive\Documents\HTK_Project\touch2\touch-key\prid2.c"
 235  00DD  0749        	mov a,[73]
 235  00DE  0080     E  	mov ra,a
 235  00DF  0748        	mov a,[72]
 235  00E0  0080     E  	mov ra,a
 237  00E1              #line 237 "C:\Users\hamed\OneDrive\Documents\HTK_Project\touch2\touch-key\prid2.c"
 237  00E1  3744        	clr [68].6
 238  00E2              #line 238 "C:\Users\hamed\OneDrive\Documents\HTK_Project\touch2\touch-key\prid2.c"
 238  00E2  36C4        	clr [68].5
 238  00E3              _L17:
 261  00E3              #line 261 "C:\Users\hamed\OneDrive\Documents\HTK_Project\touch2\touch-key\prid2.c"
 261  00E3  0F0F        	mov a,15
 261  00E4  0300     E  	add a,rd
 261  00E5  0080     R  	mov _main_2[8],a
 261  00E6  0F00        	mov a,0
 261  00E7  1300     E  	adc a,re
 261  00E8  0080     R  	mov _main_2[9],a
 261  00E9  0F00        	mov a,0
 261  00EA  1300     E  	adc a,rf
 261  00EB  0080     R  	mov _main_2[10],a
 261  00EC  0F00        	mov a,0
 261  00ED  1300     E  	adc a,rg
 261  00EE  0080     R  	mov _main_2[11],a
 261  00EF  0700     R  	mov a,_main_2[8]
 261  00F0  0200     R  	sub a,_main_2[4]
 261  00F1  0700     R  	mov a,_main_2[9]
 261  00F2  1200     R  	sbc a,_main_2[5]
 261  00F3  0700     R  	mov a,_main_2[10]
 261  00F4  1200     R  	sbc a,_main_2[6]
 261  00F5  0700     R  	mov a,_main_2[11]
 261  00F6  1200     R  	sbc a,_main_2[7]
"File: prid2.c       Assembler  Version HGASM0202      Page 14

 261  00F7  380A        	snz c
 261  00F8  2800     R  	jmp _L27
 261  00F9  0FF1        	mov a,241
 261  00FA  0300     E  	add a,rd
 261  00FB  0080     R  	mov _main_2[8],a
 261  00FC  0FFF        	mov a,255
 261  00FD  1300     E  	adc a,re
 261  00FE  0080     R  	mov _main_2[9],a
 261  00FF  0FFF        	mov a,255
 261  0100  1300     E  	adc a,rf
 261  0101  0080     R  	mov _main_2[10],a
 261  0102  0FFF        	mov a,255
 261  0103  1300     E  	adc a,rg
 261  0104  0080     R  	mov _main_2[11],a
 261  0105  0700     R  	mov a,_main_2[4]
 261  0106  0200     R  	sub a,_main_2[8]
 261  0107  0700     R  	mov a,_main_2[5]
 261  0108  1200     R  	sbc a,_main_2[9]
 261  0109  0700     R  	mov a,_main_2[6]
 261  010A  1200     R  	sbc a,_main_2[10]
 261  010B  0700     R  	mov a,_main_2[7]
 261  010C  1200     R  	sbc a,_main_2[11]
 261  010D  3C0A        	sz c
 261  010E  2800     R  	jmp _L18
 261  010F              _L27:
 261  010F  0700     R  	mov a,_main_2[4]
 261  0110  0080     E  	mov rd,a
 261  0111  0700     R  	mov a,_main_2[5]
 261  0112  0080     E  	mov re,a
 261  0113  0700     R  	mov a,_main_2[6]
 261  0114  0080     E  	mov rf,a
 261  0115  0700     R  	mov a,_main_2[7]
 261  0116  0080     E  	mov rg,a
 261  0117              _L18:
 328  0117              #line 328 "C:\Users\hamed\OneDrive\Documents\HTK_Project\touch2\touch-key\prid2.c"
 328  0117  0F88        	mov a,136
 328  0118  0300     R  	add a,_main_2[14]
 328  0119  0080     R  	mov _main_2[8],a
 328  011A  0FFF        	mov a,255
 328  011B  1300     R  	adc a,_main_2[15]
 328  011C  0080     R  	mov _main_2[9],a
 328  011D  0FFF        	mov a,255
 328  011E  1300     R  	adc a,_main_2[16]
 328  011F  0080     R  	mov _main_2[10],a
 328  0120  0FFF        	mov a,255
 328  0121  1300     R  	adc a,_main_2[17]
 328  0122  0080     R  	mov _main_2[11],a
 328  0123  0700     E  	mov a,rd
 328  0124  0200     R  	sub a,_main_2[8]
 328  0125  0700     E  	mov a,re
 328  0126  1200     R  	sbc a,_main_2[9]
 328  0127  0700     E  	mov a,rf
 328  0128  1200     R  	sbc a,_main_2[10]
 328  0129  0700     E  	mov a,rg
 328  012A  1200     R  	sbc a,_main_2[11]
 328  012B  3C0A        	sz c
 328  012C  2800     R  	jmp _L19
 330  012D              #line 330 "C:\Users\hamed\OneDrive\Documents\HTK_Project\touch2\touch-key\prid2.c"
 330  012D  0F01        	mov a,1
 330  012E  0380     R  	addm a,_main_2[0]
"File: prid2.c       Assembler  Version HGASM0202      Page 15

 330  012F  0F00        	mov a,0
 330  0130  1380     R  	adcm a,_main_2[1]
 330  0131  1380     R  	adcm a,_main_2[2]
 330  0132  1380     R  	adcm a,_main_2[3]
 331  0133              #line 331 "C:\Users\hamed\OneDrive\Documents\HTK_Project\touch2\touch-key\prid2.c"
 331  0133  0F88        	mov a,136
 331  0134  0200     R  	sub a,_main_2[0]
 331  0135  0F13        	mov a,19
 331  0136  1200     R  	sbc a,_main_2[1]
 331  0137  0F00        	mov a,0
 331  0138  1200     R  	sbc a,_main_2[2]
 331  0139  0F00        	mov a,0
 331  013A  1200     R  	sbc a,_main_2[3]
 331  013B  380A        	snz c
 331  013C  2800     R  	jmp _L20
 331  013D  2800     R  	jmp _L23
 331  013E              _L19:
 337  013E              #line 337 "C:\Users\hamed\OneDrive\Documents\HTK_Project\touch2\touch-key\prid2.c"
 337  013E  0FF6        	mov a,246
 337  013F  0300     R  	add a,_main_2[14]
 337  0140  0080     R  	mov _main_2[8],a
 337  0141  0FFF        	mov a,255
 337  0142  1300     R  	adc a,_main_2[15]
 337  0143  0080     R  	mov _main_2[9],a
 337  0144  0FFF        	mov a,255
 337  0145  1300     R  	adc a,_main_2[16]
 337  0146  0080     R  	mov _main_2[10],a
 337  0147  0FFF        	mov a,255
 337  0148  1300     R  	adc a,_main_2[17]
 337  0149  0080     R  	mov _main_2[11],a
 337  014A  0700     R  	mov a,_main_2[8]
 337  014B  0200     E  	sub a,rd
 337  014C  0700     R  	mov a,_main_2[9]
 337  014D  1200     E  	sbc a,re
 337  014E  0700     R  	mov a,_main_2[10]
 337  014F  1200     E  	sbc a,rf
 337  0150  0700     R  	mov a,_main_2[11]
 337  0151  1200     E  	sbc a,rg
 337  0152  3C0A        	sz c
 337  0153  2800     R  	jmp _L23
 340  0154              #line 340 "C:\Users\hamed\OneDrive\Documents\HTK_Project\touch2\touch-key\prid2.c"
 340  0154  0F01        	mov a,1
 340  0155  0300     R  	add a,_main_2[12]
 340  0156  0080     E  	mov rb,a
 340  0157  0F00        	mov a,0
 340  0158  1300     R  	adc a,_main_2[13]
 340  0159  0080     E  	mov rc,a
 341  015A              #line 341 "C:\Users\hamed\OneDrive\Documents\HTK_Project\touch2\touch-key\prid2.c"
 341  015A  0F64        	mov a,100
 341  015B  0200     E  	sub a,rb
 341  015C  0F00        	mov a,0
 341  015D  1200     E  	sbc a,rc
 341  015E  1185        	swap acc
 341  015F  040A        	xor a,status
 341  0160  3D85        	sz acc.3
 341  0161  2800     R  	jmp _L36
 341  0162  0700     E  	mov a,rb
 341  0163  0080     R  	mov _main_2[12],a
 341  0164  0700     E  	mov a,rc
 341  0165  0080     R  	mov _main_2[13],a
"File: prid2.c       Assembler  Version HGASM0202      Page 16

 341  0166              _L23:
 349  0166              #line 349 "C:\Users\hamed\OneDrive\Documents\HTK_Project\touch2\touch-key\prid2.c"
 349  0166  0700     R  	mov a,_main_2[0]
 349  0167  0C20        	xor a,32
 349  0168  0700     R  	mov a,_main_2[1]
 349  0169  3D0A        	sz z
 349  016A  0C03        	xor a,3
 349  016B  0700     R  	mov a,_main_2[2]
 349  016C  3D0A        	sz z
 349  016D  0C00        	xor a,0
 349  016E  0700     R  	mov a,_main_2[3]
 349  016F  3D0A        	sz z
 349  0170  0C00        	xor a,0
 349  0171  390A        	snz z
 349  0172  2800     R  	jmp _L24
 352  0173              #line 352 "C:\Users\hamed\OneDrive\Documents\HTK_Project\touch2\touch-key\prid2.c"
 352  0173  1F00     E  	clr ra
 352  0174  3914        	snz [20].2
 352  0175  3000     E  	set ra.2
 352  0176  3514        	clr [20].2
 352  0177  0700     E  	mov a,ra
 352  0178  0594        	orm a,[20]
 352  0179  2800     R  	jmp _L24
 352  017A              _L36:
 345  017A              #line 345 "C:\Users\hamed\OneDrive\Documents\HTK_Project\touch2\touch-key\prid2.c"
 345  017A  1F00     R  	clr _main_2[12]
 345  017B  1F00     R  	clr _main_2[13]
 344  017C              #line 344 "C:\Users\hamed\OneDrive\Documents\HTK_Project\touch2\touch-key\prid2.c"
 344  017C  0FE8        	mov a,232
 344  017D  0200     E  	sub a,rb
 344  017E  0F03        	mov a,3
 344  017F  1200     E  	sbc a,rc
 344  0180  1185        	swap acc
 344  0181  040A        	xor a,status
 344  0182  3D85        	sz acc.3
 344  0183  2800     R  	jmp _L20
 344  0184  0700     E  	mov a,rb
 344  0185  0080     R  	mov _main_2[12],a
 344  0186  0700     E  	mov a,rc
 344  0187  0080     R  	mov _main_2[13],a
 344  0188  2800     R  	jmp _L33
 344  0189              _L20:
 342  0189              #line 342 "C:\Users\hamed\OneDrive\Documents\HTK_Project\touch2\touch-key\prid2.c"
 342  0189  0700     E  	mov a,rd
 342  018A  0080     R  	mov _main_2[14],a
 342  018B  0700     E  	mov a,re
 342  018C  0080     R  	mov _main_2[15],a
 342  018D  0700     E  	mov a,rf
 342  018E  0080     R  	mov _main_2[16],a
 342  018F  0700     E  	mov a,rg
 342  0190  0080     R  	mov _main_2[17],a
 342  0191              _L33:
 342  0191  1F00     R  	clr _main_2[0]
 342  0192  1F00     R  	clr _main_2[1]
 342  0193  1F00     R  	clr _main_2[2]
 342  0194  1F00     R  	clr _main_2[3]
 342  0195  2800     R  	jmp _L24
 342  0196  2800     R  	jmp $
 342  0197              _main endp
 342  0197              
"File: prid2.c       Assembler  Version HGASM0202      Page 17

 342  0197              @dummy endp
 342  0197              
 342  0197              #line 342 "C:\Users\hamed\OneDrive\Documents\HTK_Project\touch2\touch-key\prid2.c"
 342  0197              #pragma debug scope 1 1
 342  0197              public _counter
 342  0000              @HCCINIT	.section 'data'
  18  0000              #line 18 "C:\Users\hamed\OneDrive\Documents\HTK_Project\touch2\touch-key\prid2.c"
  18  0000              @HCCINIT .section 'data'
  18  0000              _counter label byte
  18  0000              #pragma debug variable 11 1 _counter "counter"
  18  0000              	db 0
  18  0000              @ROMDATA_BASE .section inpage 'code'
  18  0000              	db 0
  18  0001              @HCCINIT .section 'data'
  18  0001              	db 0
  18  0001              @ROMDATA_BASE .section inpage 'code'
  18  0001              	db 0
  18  0002              @HCCINIT .section 'data'
  18  0002              public _touchThreshold3
  12  0002              #line 12 "C:\Users\hamed\OneDrive\Documents\HTK_Project\touch2\touch-key\prid2.c"
  12  0002              @HCCINIT .section 'data'
  12  0002              _touchThreshold3 label byte
  12  0002              #pragma debug variable 14 1 _touchThreshold3 "touchThreshold3"
  12  0002              	db 0
  12  0001              @ROMDATA_BASE .section inpage 'code'
  12  0001              	db 0
  12  0003              @HCCINIT .section 'data'
  12  0003              	db 0
  12  0002              @ROMDATA_BASE .section inpage 'code'
  12  0002              	db 0
  12  0004              @HCCINIT .section 'data'
  12  0004              	db 0
  12  0002              @ROMDATA_BASE .section inpage 'code'
  12  0002              	db 0
  12  0005              @HCCINIT .section 'data'
  12  0005              	db 0
  12  0003              @ROMDATA_BASE .section inpage 'code'
  12  0003              	db 0
  12  0006              @HCCINIT .section 'data'
  12  0006              public _touchThreshold2
  12  0006              #line 12 "C:\Users\hamed\OneDrive\Documents\HTK_Project\touch2\touch-key\prid2.c"
  12  0006              @HCCINIT .section 'data'
  12  0006              _touchThreshold2 label byte
  12  0006              #pragma debug variable 14 1 _touchThreshold2 "touchThreshold2"
  12  0006              	db 0
  12  0003              @ROMDATA_BASE .section inpage 'code'
  12  0003              	db 0
  12  0007              @HCCINIT .section 'data'
  12  0007              	db 0
  12  0004              @ROMDATA_BASE .section inpage 'code'
  12  0004              	db 0
  12  0008              @HCCINIT .section 'data'
  12  0008              	db 0
  12  0004              @ROMDATA_BASE .section inpage 'code'
  12  0004              	db 0
  12  0009              @HCCINIT .section 'data'
  12  0009              	db 0
  12  0005              @ROMDATA_BASE .section inpage 'code'
  12  0005              	db 0
  12  000A              @HCCINIT .section 'data'
"File: prid2.c       Assembler  Version HGASM0202      Page 18

  12  000A              public _touchThreshold1
  12  000A              #line 12 "C:\Users\hamed\OneDrive\Documents\HTK_Project\touch2\touch-key\prid2.c"
  12  000A              @HCCINIT .section 'data'
  12  000A              _touchThreshold1 label byte
  12  000A              #pragma debug variable 14 1 _touchThreshold1 "touchThreshold1"
  12  000A              	db 0
  12  0005              @ROMDATA_BASE .section inpage 'code'
  12  0005              	db 0
  12  000B              @HCCINIT .section 'data'
  12  000B              	db 0
  12  0006              @ROMDATA_BASE .section inpage 'code'
  12  0006              	db 0
  12  000C              @HCCINIT .section 'data'
  12  000C              	db 0
  12  0006              @ROMDATA_BASE .section inpage 'code'
  12  0006              	db 0
  12  000D              @HCCINIT .section 'data'
  12  000D              	db 0
  12  0007              @ROMDATA_BASE .section inpage 'code'
  12  0007              	db 0
  12  000E              @HCCINIT .section 'data'
  12  000E              public _alltouch3
  11  000E              #line 11 "C:\Users\hamed\OneDrive\Documents\HTK_Project\touch2\touch-key\prid2.c"
  11  000E              @HCCINIT .section 'data'
  11  000E              _alltouch3 label byte
  11  000E              #pragma debug variable 14 1 _alltouch3 "alltouch3"
  11  000E              	db 0
  11  0007              @ROMDATA_BASE .section inpage 'code'
  11  0007              	db 0
  11  000F              @HCCINIT .section 'data'
  11  000F              	db 0
  11  0008              @ROMDATA_BASE .section inpage 'code'
  11  0008              	db 0
  11  0010              @HCCINIT .section 'data'
  11  0010              	db 0
  11  0008              @ROMDATA_BASE .section inpage 'code'
  11  0008              	db 0
  11  0011              @HCCINIT .section 'data'
  11  0011              	db 0
  11  0009              @ROMDATA_BASE .section inpage 'code'
  11  0009              	db 0
  11  0012              @HCCINIT .section 'data'
  11  0012              public _alltouch2
  11  0012              #line 11 "C:\Users\hamed\OneDrive\Documents\HTK_Project\touch2\touch-key\prid2.c"
  11  0012              @HCCINIT .section 'data'
  11  0012              _alltouch2 label byte
  11  0012              #pragma debug variable 14 1 _alltouch2 "alltouch2"
  11  0012              	db 0
  11  0009              @ROMDATA_BASE .section inpage 'code'
  11  0009              	db 0
  11  0013              @HCCINIT .section 'data'
  11  0013              	db 0
  11  000A              @ROMDATA_BASE .section inpage 'code'
  11  000A              	db 0
  11  0014              @HCCINIT .section 'data'
  11  0014              	db 0
  11  000A              @ROMDATA_BASE .section inpage 'code'
  11  000A              	db 0
  11  0015              @HCCINIT .section 'data'
  11  0015              	db 0
"File: prid2.c       Assembler  Version HGASM0202      Page 19

  11  000B              @ROMDATA_BASE .section inpage 'code'
  11  000B              	db 0
  11  0016              @HCCINIT .section 'data'
  11  0016              public _alltouch1
  11  0016              #line 11 "C:\Users\hamed\OneDrive\Documents\HTK_Project\touch2\touch-key\prid2.c"
  11  0016              @HCCINIT .section 'data'
  11  0016              _alltouch1 label byte
  11  0016              #pragma debug variable 14 1 _alltouch1 "alltouch1"
  11  0016              	db 0
  11  000B              @ROMDATA_BASE .section inpage 'code'
  11  000B              	db 0
  11  0017              @HCCINIT .section 'data'
  11  0017              	db 0
  11  000C              @ROMDATA_BASE .section inpage 'code'
  11  000C              	db 0
  11  0018              @HCCINIT .section 'data'
  11  0018              	db 0
  11  000C              @ROMDATA_BASE .section inpage 'code'
  11  000C              	db 0
  11  0019              @HCCINIT .section 'data'
  11  0019              	db 0
  11  000D              @ROMDATA_BASE .section inpage 'code'
  11  000D              	db 0
  11  001A              @HCCINIT .section 'data'
  10  001A              #line 10 "C:\Users\hamed\OneDrive\Documents\HTK_Project\touch2\touch-key\prid2.c"
  10  001A              public _touch2
  10  0000              @HCCINIT0 .section 'data'
  10  0000  0002[       _touch2	db 2 dup(0)
            00
            ]
  10  0002              #pragma debug variable 12 1 _touch2 "touch2"
  10  0002              
  10  001A              @HCCINIT .section 'data'
  10  001A              #line 10 "C:\Users\hamed\OneDrive\Documents\HTK_Project\touch2\touch-key\prid2.c"
  10  001A              public _touch1
  10  0002              @HCCINIT0 .section 'data'
  10  0002  0002[       _touch1	db 2 dup(0)
            00
            ]
  10  0004              #pragma debug variable 12 1 _touch1 "touch1"
  10  0004              
  10  001A              @HCCINIT .section 'data'
  10  001A              public _fingerCounter3
   8  001A              #line 8 "C:\Users\hamed\OneDrive\Documents\HTK_Project\touch2\touch-key\prid2.c"
   8  001A              @HCCINIT .section 'data'
   8  001A              _fingerCounter3 label byte
   8  001A              #pragma debug variable 14 1 _fingerCounter3 "fingerCounter3"
   8  001A              	db 0
   8  000D              @ROMDATA_BASE .section inpage 'code'
   8  000D              	db 0
   8  001B              @HCCINIT .section 'data'
   8  001B              	db 0
   8  000E              @ROMDATA_BASE .section inpage 'code'
   8  000E              	db 0
   8  001C              @HCCINIT .section 'data'
   8  001C              	db 0
   8  000E              @ROMDATA_BASE .section inpage 'code'
   8  000E              	db 0
   8  001D              @HCCINIT .section 'data'
   8  001D              	db 0
"File: prid2.c       Assembler  Version HGASM0202      Page 20

   8  000F              @ROMDATA_BASE .section inpage 'code'
   8  000F              	db 0
   8  001E              @HCCINIT .section 'data'
   8  001E              public _fingerCounter2
   8  001E              #line 8 "C:\Users\hamed\OneDrive\Documents\HTK_Project\touch2\touch-key\prid2.c"
   8  001E              @HCCINIT .section 'data'
   8  001E              _fingerCounter2 label byte
   8  001E              #pragma debug variable 14 1 _fingerCounter2 "fingerCounter2"
   8  001E              	db 0
   8  000F              @ROMDATA_BASE .section inpage 'code'
   8  000F              	db 0
   8  001F              @HCCINIT .section 'data'
   8  001F              	db 0
   8  0010              @ROMDATA_BASE .section inpage 'code'
   8  0010              	db 0
   8  0020              @HCCINIT .section 'data'
   8  0020              	db 0
   8  0010              @ROMDATA_BASE .section inpage 'code'
   8  0010              	db 0
   8  0021              @HCCINIT .section 'data'
   8  0021              	db 0
   8  0011              @ROMDATA_BASE .section inpage 'code'
   8  0011              	db 0
   8  0022              @HCCINIT .section 'data'
   8  0022              public _fingerCounter1
   8  0022              #line 8 "C:\Users\hamed\OneDrive\Documents\HTK_Project\touch2\touch-key\prid2.c"
   8  0022              @HCCINIT .section 'data'
   8  0022              _fingerCounter1 label byte
   8  0022              #pragma debug variable 14 1 _fingerCounter1 "fingerCounter1"
   8  0022              	db 0
   8  0011              @ROMDATA_BASE .section inpage 'code'
   8  0011              	db 0
   8  0023              @HCCINIT .section 'data'
   8  0023              	db 0
   8  0012              @ROMDATA_BASE .section inpage 'code'
   8  0012              	db 0
   8  0024              @HCCINIT .section 'data'
   8  0024              	db 0
   8  0012              @ROMDATA_BASE .section inpage 'code'
   8  0012              	db 0
   8  0025              @HCCINIT .section 'data'
   8  0025              	db 0
   8  0013              @ROMDATA_BASE .section inpage 'code'
   8  0013              	db 0
   8  0026              @HCCINIT .section 'data'
   7  0026              #line 7 "C:\Users\hamed\OneDrive\Documents\HTK_Project\touch2\touch-key\prid2.c"
   7  0026              public _f3
   7  0004              @HCCINIT0 .section 'data'
   7  0004  0002[       _f3	db 2 dup(0)
            00
            ]
   7  0006              #pragma debug variable 11 1 _f3 "f3"
   7  0006              
   7  0026              @HCCINIT .section 'data'
   7  0026              #line 7 "C:\Users\hamed\OneDrive\Documents\HTK_Project\touch2\touch-key\prid2.c"
   7  0026              public _f2
   7  0006              @HCCINIT0 .section 'data'
   7  0006  0002[       _f2	db 2 dup(0)
            00
            ]
"File: prid2.c       Assembler  Version HGASM0202      Page 21

   7  0008              #pragma debug variable 11 1 _f2 "f2"
   7  0008              
   7  0026              @HCCINIT .section 'data'
   7  0026              #line 7 "C:\Users\hamed\OneDrive\Documents\HTK_Project\touch2\touch-key\prid2.c"
   7  0026              public _f1
   7  0008              @HCCINIT0 .section 'data'
   7  0008  0002[       _f1	db 2 dup(0)
            00
            ]
   7  000A              #pragma debug variable 11 1 _f1 "f1"
   7  000A              
   7  0026              @HCCINIT .section 'data'
   7  0026              public _t
   5  0026              #line 5 "C:\Users\hamed\OneDrive\Documents\HTK_Project\touch2\touch-key\prid2.c"
   5  0026              @HCCINIT .section 'data'
   5  0026              _t label byte
   5  0026              #pragma debug variable 11 1 _t "t"
   5  0026              	dw 1
   5  0013              @ROMDATA_BASE .section inpage 'code'
   5  0013  0001        	dc 1
   5  0028              @HCCINIT .section 'data'
   5  0028              #line 5 "C:\Users\hamed\OneDrive\Documents\HTK_Project\touch2\touch-key\prid2.c"
   5  0028              public _n
   5  000A              @HCCINIT0 .section 'data'
   5  000A  0002[       _n	db 2 dup(0)
            00
            ]
   5  000C              #pragma debug variable 11 1 _n "n"
   5  000C              
   5  0028              @HCCINIT .section 'data'
   5  0028              #line 5 "C:\Users\hamed\OneDrive\Documents\HTK_Project\touch2\touch-key\prid2.c"
   5  0028              public _j
   5  000C              @HCCINIT0 .section 'data'
   5  000C  0002[       _j	db 2 dup(0)
            00
            ]
   5  000E              #pragma debug variable 11 1 _j "j"
   5  000E              
   5  0028              @HCCINIT .section 'data'
   5  0028              #line 5 "C:\Users\hamed\OneDrive\Documents\HTK_Project\touch2\touch-key\prid2.c"
   5  0028              public _i
   5  000E              @HCCINIT0 .section 'data'
   5  000E  0002[       _i	db 2 dup(0)
            00
            ]
   5  0010              #pragma debug variable 11 1 _i "i"
   5  0010              
   5  0028              @HCCINIT .section 'data'
   5  0028              #pragma debug struct_end
   5  0028              #pragma debug struct_end
   5  0028              #pragma debug union_end
   5  0028              #pragma debug union_end
   5  0028              #pragma debug variable 43 1 ___smod "__smod" 1
   5  0028              #pragma debug struct_end
   5  0028              #pragma debug struct_end
   5  0028              #pragma debug union_end
   5  0028              #pragma debug union_end
   5  0028              #pragma debug variable 45 1 ___intc0 "__intc0" 1
   5  0028              #pragma debug struct_end
   5  0028              #pragma debug struct_end
"File: prid2.c       Assembler  Version HGASM0202      Page 22

   5  0028              #pragma debug union_end
   5  0028              #pragma debug union_end
   5  0028              #pragma debug variable 47 1 ___pa "__pa" 1
   5  0028              #pragma debug struct_end
   5  0028              #pragma debug struct_end
   5  0028              #pragma debug union_end
   5  0028              #pragma debug union_end
   5  0028              #pragma debug variable 49 1 ___pac "__pac" 1
   5  0028              #pragma debug struct_end
   5  0028              #pragma debug struct_end
   5  0028              #pragma debug union_end
   5  0028              #pragma debug union_end
   5  0028              #pragma debug variable 51 1 ___tmrc "__tmrc" 1
   5  0028              #pragma debug variable 8 1 ___tktmr "__tktmr" 1
   5  0028              #pragma debug struct_end
   5  0028              #pragma debug struct_end
   5  0028              #pragma debug union_end
   5  0028              #pragma debug union_end
   5  0028              #pragma debug variable 53 1 ___tkc0 "__tkc0" 1
   5  0028              #pragma debug struct_end
   5  0028              #pragma debug struct_end
   5  0028              #pragma debug union_end
   5  0028              #pragma debug union_end
   5  0028              #pragma debug variable 55 1 ___tkc1 "__tkc1" 1
   5  0028              #pragma debug variable 8 1 ___tkm016dl "__tkm016dl" 1
   5  0028              #pragma debug variable 8 1 ___tkm016dh "__tkm016dh" 1
   5  0028              #pragma debug variable 8 1 ___tkm0rol "__tkm0rol" 1
   5  0028              #pragma debug variable 8 1 ___tkm0roh "__tkm0roh" 1
   5  0028              #pragma debug struct_end
   5  0028              #pragma debug struct_end
   5  0028              #pragma debug union_end
   5  0028              #pragma debug union_end
   5  0028              #pragma debug variable 57 1 ___tkm0c0 "__tkm0c0" 1
   5  0028              #pragma debug struct_end
   5  0028              #pragma debug struct_end
   5  0028              #pragma debug union_end
   5  0028              #pragma debug union_end
   5  0028              #pragma debug variable 59 1 ___tkm0c1 "__tkm0c1" 1
   5  0028              extern r1:byte
   5  0028              extern r2:byte
 163  0028              #line 163 "C:\Users\hamed\OneDrive\Documents\HTK_Project\touch2\touch-key\prid2.c"
 163  0000              @code .section at 0 'code'
 163  0000  2800     R  	jmp _main_startup1
 163  0001              
 163  0001              extern _builtin_holtek_udivmodsi4_2:byte
 163  0001              extern _builtin_holtek_udivmodsi4:near
 163  0001              
 163  0001              ; 
 163  0001              ; Generated by holtek-gcc v3.19, Wed Sep 20 19:05:50 2023
 163  0001              ; Rebuild 718
 163  0001              ; end of file


        0 Errors, 0