"File: 3ch-3key.c    Assembler  Version HGASM0202      Page 1


   1  0000              ; Generated by holtek-gcc v3.19, Mon Jan 19 18:52:28 2026
   2  0000              ; 
   3  0000              ; Configuration:
   4  0000              ;       without long instruction
   5  0000              ;       Single ROM, Multi-RAM
   6  0000              ;       bits_per_rom_unit:16
   7  0000              ;       with mp1
   8  0000              ;       with tbhp, address(0x9)
   9  0000              ;          Use tabrd-const
  10  0000              ;       
  11  0000              ;       
  12  0000              ;       
  13  0000              ; use 'tabrdc' instead of 'tabrd'
  14  0000              ;       
  15  0000              
  16  0000              #pragma translator "holtek-gcc 4.6.4" "3.19" "build 20130711"
  17  0000              ; Rebuild 718
  18  0000              
  19  0000              ir equ [2]
  20  0000              mp equ [3]
  21  0000              sbp equ [1]
  22  0000              acc equ [5]
  23  0000              bp equ [4]
  24  0000              tblp equ [7]
  25  0000              tbhp equ [9]
  26  0000              status equ [10]
  27  0000              c equ [10].0
  28  0000              ac equ [10].1
  29  0000              z equ [10].2
  30  0000              ov equ [10].3
  31  0000              intc equ [11]
  32  0000              
  33  0000              extern ra:byte
  34  0000              extern rb:byte
  35  0000              extern rc:byte
  36  0000              extern rd:byte
  37  0000              extern re:byte
  38  0000              extern rf:byte
  39  0000              extern rg:byte
  40  0000              extern rh:byte
  41  0000              extern _Crom2Prom:near
  42  0000              extern _Crom2PromNext:near
  43  0000              
  44  0000              RAMBANK 0 @HCCINIT, @HCCINIT0
  45  0000              
  46  0000              RAMBANK 0 @BITDATASEC, @BITDATASEC1
  47  0000              @HCCINIT	.section 'data'
  48  0000              @HCCINIT0	.section 'data'
  49  0000              @BITDATASEC	 .section 'data'
  50  0000              @BITDATASEC1	 .section 'data'
  51  0000              
  52  0000              #pragma debug scope 1 1
  53  0000              	extern __DELAY3:near
  54  0000              	extern __DELAYX3:near
  55  0000              	extern __DELAYX6:near
  56  0000              	extern __DELAYY5:near
  57  0000              	extern __DELAYY3:near
  58  0000              	extern _builtin_holtek_delay_2:byte
  59  0000              public _delay_10us
"File: 3ch-3key.ASM  Assembler  Version HGASM0202      Page 2

  60  0000              #pragma debug scope 2 1

  11  0000              #line 11 "C:\Users\hamed\OneDrive\Documents\HTK_Project\3ch-3key\3ch-3key\DELAY.h"
  11  0000              _delay_10us .section 'code'
  11  0000              _delay_10us proc
  11  0000              public _delay_10us_2
  11  0000  0004[           local _delay_10us_2 db 4 dup(?)	; 4,0
            00
            ]
  11  0004              #pragma debug variable 14 2 _delay_10us_2+0 "count_u"
  15  0004              #line 15 "C:\Users\hamed\OneDrive\Documents\HTK_Project\3ch-3key\3ch-3key\DELAY.h"
  15  0000  1F00     E  	clr rd
  15  0001  1F00     E  	clr re
  15  0002  1F00     E  	clr rf
  15  0003  1F00     E  	clr rg
  15  0004  2800     R  	jmp _L2
  15  0005              _L3:
  17  0005              #line 17 "C:\Users\hamed\OneDrive\Documents\HTK_Project\3ch-3key\3ch-3key\DELAY.h"
  17  0005              ;# 17 "C:\Users\hamed\OneDrive\Documents\HTK_Project\3ch-3key\3ch-3key\DELAY.h" 1
  17  0005  0001        	clr wdt
  18  0006              #line 18 "C:\Users\hamed\OneDrive\Documents\HTK_Project\3ch-3key\3ch-3key\DELAY.h"
  18  0006              ;# 18 "C:\Users\hamed\OneDrive\Documents\HTK_Project\3ch-3key\3ch-3key\DELAY.h" 1
  18  0006  0000        	nop
  19  0007              #line 19 "C:\Users\hamed\OneDrive\Documents\HTK_Project\3ch-3key\3ch-3key\DELAY.h"
  19  0007              ;# 19 "C:\Users\hamed\OneDrive\Documents\HTK_Project\3ch-3key\3ch-3key\DELAY.h" 1
  19  0007  0000        	nop
  20  0008              #line 20 "C:\Users\hamed\OneDrive\Documents\HTK_Project\3ch-3key\3ch-3key\DELAY.h"
  20  0008              ;# 20 "C:\Users\hamed\OneDrive\Documents\HTK_Project\3ch-3key\3ch-3key\DELAY.h" 1
  20  0008  0000        	nop
  21  0009              #line 21 "C:\Users\hamed\OneDrive\Documents\HTK_Project\3ch-3key\3ch-3key\DELAY.h"
  21  0009              ;# 21 "C:\Users\hamed\OneDrive\Documents\HTK_Project\3ch-3key\3ch-3key\DELAY.h" 1
  21  0009  0000        	nop
  15  000A              #line 15 "C:\Users\hamed\OneDrive\Documents\HTK_Project\3ch-3key\3ch-3key\DELAY.h"
  15  000A  0F01        	mov a,1
  15  000B  0380     E  	addm a,rd
  15  000C  0F00        	mov a,0
  15  000D  1380     E  	adcm a,re
  15  000E  1380     E  	adcm a,rf
  15  000F  1380     E  	adcm a,rg
  15  0010              _L2:
  15  0010  0700     E  	mov a,rd
  15  0011  0400     R  	xor a,_delay_10us_2[0]
  15  0012  0700     E  	mov a,re
  15  0013  3D0A        	sz z
  15  0014  0400     R  	xor a,_delay_10us_2[1]
  15  0015  0700     E  	mov a,rf
  15  0016  3D0A        	sz z
  15  0017  0400     R  	xor a,_delay_10us_2[2]
  15  0018  0700     E  	mov a,rg
  15  0019  3D0A        	sz z
  15  001A  0400     R  	xor a,_delay_10us_2[3]
  15  001B  390A        	snz z
  15  001C  2800     R  	jmp _L3
  15  001D  0003        	ret
  15  001E              _delay_10us endp
  15  001E              #line 15 "C:\Users\hamed\OneDrive\Documents\HTK_Project\3ch-3key\3ch-3key\DELAY.h"
  15  001E              #pragma debug scope 1 1
  15  001E              public _delay_us
  15  001E              #pragma debug scope 3 1
  28  001E              #line 28 "C:\Users\hamed\OneDrive\Documents\HTK_Project\3ch-3key\3ch-3key\DELAY.h"
"File: DELAY.h       Assembler  Version HGASM0202      Page 3

  28  0000              _delay_us .section 'code'
  28  0000              _delay_us proc
  28  0000              public _delay_us_2
  28  0000  0004[           local _delay_us_2 db 4 dup(?)	; 4,0
            00
            ]
  28  0004              #pragma debug variable 14 3 _delay_us_2+0 "count_u"
  32  0004              #line 32 "C:\Users\hamed\OneDrive\Documents\HTK_Project\3ch-3key\3ch-3key\DELAY.h"
  32  0000  1F00     E  	clr rd
  32  0001  1F00     E  	clr re
  32  0002  1F00     E  	clr rf
  32  0003  1F00     E  	clr rg
  32  0004  2800     R  	jmp _L6
  32  0005              _L7:
  34  0005              #line 34 "C:\Users\hamed\OneDrive\Documents\HTK_Project\3ch-3key\3ch-3key\DELAY.h"
  34  0005              ;# 34 "C:\Users\hamed\OneDrive\Documents\HTK_Project\3ch-3key\3ch-3key\DELAY.h" 1
  34  0005  0001        	clr wdt
  35  0006              #line 35 "C:\Users\hamed\OneDrive\Documents\HTK_Project\3ch-3key\3ch-3key\DELAY.h"
  35  0006              ;# 35 "C:\Users\hamed\OneDrive\Documents\HTK_Project\3ch-3key\3ch-3key\DELAY.h" 1
  35  0006  0000        	nop
  32  0007              #line 32 "C:\Users\hamed\OneDrive\Documents\HTK_Project\3ch-3key\3ch-3key\DELAY.h"
  32  0007  0F01        	mov a,1
  32  0008  0380     E  	addm a,rd
  32  0009  0F00        	mov a,0
  32  000A  1380     E  	adcm a,re
  32  000B  1380     E  	adcm a,rf
  32  000C  1380     E  	adcm a,rg
  32  000D              _L6:
  32  000D  0700     E  	mov a,rd
  32  000E  0400     R  	xor a,_delay_us_2[0]
  32  000F  0700     E  	mov a,re
  32  0010  3D0A        	sz z
  32  0011  0400     R  	xor a,_delay_us_2[1]
  32  0012  0700     E  	mov a,rf
  32  0013  3D0A        	sz z
  32  0014  0400     R  	xor a,_delay_us_2[2]
  32  0015  0700     E  	mov a,rg
  32  0016  3D0A        	sz z
  32  0017  0400     R  	xor a,_delay_us_2[3]
  32  0018  390A        	snz z
  32  0019  2800     R  	jmp _L7
  32  001A  0003        	ret
  32  001B              _delay_us endp
  32  001B              #line 32 "C:\Users\hamed\OneDrive\Documents\HTK_Project\3ch-3key\3ch-3key\DELAY.h"
  32  001B              #pragma debug scope 1 1
  32  001B              public _delay_ms
  32  001B              #pragma debug scope 4 1
  42  001B              #line 42 "C:\Users\hamed\OneDrive\Documents\HTK_Project\3ch-3key\3ch-3key\DELAY.h"
  42  0000              _delay_ms .section 'code'
  42  0000              _delay_ms proc
  42  0000              public _delay_ms_2
  42  0000  0008[           local _delay_ms_2 db 8 dup(?)	; 4,4
            00
            ]
  42  0008              #pragma debug variable 14 4 _delay_ms_2+0 "count_m"
  44  0008              #line 44 "C:\Users\hamed\OneDrive\Documents\HTK_Project\3ch-3key\3ch-3key\DELAY.h"
  44  0000  0700     R  	mov a,_delay_ms_2[0]
  44  0001  0080     E  	mov _builtin_holtek_mulsi3_2[0],a
  44  0002  0700     R  	mov a,_delay_ms_2[1]
  44  0003  0080     E  	mov _builtin_holtek_mulsi3_2[1],a
"File: DELAY.h       Assembler  Version HGASM0202      Page 4

  44  0004  0700     R  	mov a,_delay_ms_2[2]
  44  0005  0080     E  	mov _builtin_holtek_mulsi3_2[2],a
  44  0006  0700     R  	mov a,_delay_ms_2[3]
  44  0007  0080     E  	mov _builtin_holtek_mulsi3_2[3],a
  44  0008  0F64        	mov a,100
  44  0009  0080     E  	mov _builtin_holtek_mulsi3_2[4],a
  44  000A  0F00        	mov a,0
  44  000B  0080     E  	mov _builtin_holtek_mulsi3_2[5],a
  44  000C  0F00        	mov a,0
  44  000D  0080     E  	mov _builtin_holtek_mulsi3_2[6],a
  44  000E  0F00        	mov a,0
  44  000F  0080     E  	mov _builtin_holtek_mulsi3_2[7],a
  44  0010  2000     E  	call _builtin_holtek_mulsi3
  44  0011  0700     E  	mov a,_builtin_holtek_mulsi3_2[8]
  44  0012  0080     R  	mov _delay_ms_2[4],a
  44  0013  0700     E  	mov a,_builtin_holtek_mulsi3_2[9]
  44  0014  0080     R  	mov _delay_ms_2[5],a
  44  0015  0700     E  	mov a,_builtin_holtek_mulsi3_2[10]
  44  0016  0080     R  	mov _delay_ms_2[6],a
  44  0017  0700     E  	mov a,_builtin_holtek_mulsi3_2[11]
  44  0018  0080     R  	mov _delay_ms_2[7],a
  45  0019              #line 45 "C:\Users\hamed\OneDrive\Documents\HTK_Project\3ch-3key\3ch-3key\DELAY.h"
  45  0019  1F00     E  	clr rd
  45  001A  1F00     E  	clr re
  45  001B  1F00     E  	clr rf
  45  001C  1F00     E  	clr rg
  45  001D  2800     R  	jmp _L9
  45  001E              _L10:
  47  001E              #line 47 "C:\Users\hamed\OneDrive\Documents\HTK_Project\3ch-3key\3ch-3key\DELAY.h"
  47  001E              ;# 47 "C:\Users\hamed\OneDrive\Documents\HTK_Project\3ch-3key\3ch-3key\DELAY.h" 1
  47  001E  0001        	clr wdt
  48  001F              #line 48 "C:\Users\hamed\OneDrive\Documents\HTK_Project\3ch-3key\3ch-3key\DELAY.h"
  48  001F              ;# 48 "C:\Users\hamed\OneDrive\Documents\HTK_Project\3ch-3key\3ch-3key\DELAY.h" 1
  48  001F  0000        	nop
  49  0020              #line 49 "C:\Users\hamed\OneDrive\Documents\HTK_Project\3ch-3key\3ch-3key\DELAY.h"
  49  0020              ;# 49 "C:\Users\hamed\OneDrive\Documents\HTK_Project\3ch-3key\3ch-3key\DELAY.h" 1
  49  0020  0000        	nop
  50  0021              #line 50 "C:\Users\hamed\OneDrive\Documents\HTK_Project\3ch-3key\3ch-3key\DELAY.h"
  50  0021              ;# 50 "C:\Users\hamed\OneDrive\Documents\HTK_Project\3ch-3key\3ch-3key\DELAY.h" 1
  50  0021  0000        	nop
  51  0022              #line 51 "C:\Users\hamed\OneDrive\Documents\HTK_Project\3ch-3key\3ch-3key\DELAY.h"
  51  0022              ;# 51 "C:\Users\hamed\OneDrive\Documents\HTK_Project\3ch-3key\3ch-3key\DELAY.h" 1
  51  0022  0000        	nop
  45  0023              #line 45 "C:\Users\hamed\OneDrive\Documents\HTK_Project\3ch-3key\3ch-3key\DELAY.h"
  45  0023  0F01        	mov a,1
  45  0024  0380     E  	addm a,rd
  45  0025  0F00        	mov a,0
  45  0026  1380     E  	adcm a,re
  45  0027  1380     E  	adcm a,rf
  45  0028  1380     E  	adcm a,rg
  45  0029              _L9:
  45  0029  0700     E  	mov a,rd
  45  002A  0400     R  	xor a,_delay_ms_2[4]
  45  002B  0700     E  	mov a,re
  45  002C  3D0A        	sz z
  45  002D  0400     R  	xor a,_delay_ms_2[5]
  45  002E  0700     E  	mov a,rf
  45  002F  3D0A        	sz z
  45  0030  0400     R  	xor a,_delay_ms_2[6]
  45  0031  0700     E  	mov a,rg
"File: DELAY.h       Assembler  Version HGASM0202      Page 5

  45  0032  3D0A        	sz z
  45  0033  0400     R  	xor a,_delay_ms_2[7]
  45  0034  390A        	snz z
  45  0035  2800     R  	jmp _L10
  45  0036  0003        	ret
  45  0037              _delay_ms endp
  45  0037              #line 45 "C:\Users\hamed\OneDrive\Documents\HTK_Project\3ch-3key\3ch-3key\DELAY.h"
  45  0037              #pragma debug scope 1 1
  45  0037              ___intc0 equ [14]
  45  0037              ___tktmr equ [67]
  45  0037              ___tkc0 equ [68]
  45  0037              ___tkc1 equ [71]
  45  0037              ___tkm0c1 equ [77]
  45  0037              ___tkm0rol equ [74]
  45  0037              ___tkm0roh equ [75]
  45  0037              ___tkm0c0 equ [76]
  45  0037              public _TuochKeyInit
  45  0037              #pragma debug scope 5 1

  92  0037              #line 92 "C:\Users\hamed\OneDrive\Documents\HTK_Project\3ch-3key\3ch-3key\3ch-3key.h"
  92  0000              _TuochKeyInit .section 'code'
  92  0000              _TuochKeyInit proc
  94  0000              #line 94 "C:\Users\hamed\OneDrive\Documents\HTK_Project\3ch-3key\3ch-3key\3ch-3key.h"
  94  0000  350E        	clr [14].2
  95  0001              #line 95 "C:\Users\hamed\OneDrive\Documents\HTK_Project\3ch-3key\3ch-3key\3ch-3key.h"
  95  0001  368E        	clr [14].5
  96  0002              #line 96 "C:\Users\hamed\OneDrive\Documents\HTK_Project\3ch-3key\3ch-3key\3ch-3key.h"
  96  0002  1F43        	clr [67]
  97  0003              #line 97 "C:\Users\hamed\OneDrive\Documents\HTK_Project\3ch-3key\3ch-3key\3ch-3key.h"
  97  0003  34C4        	clr [68].1
  97  0004  3444        	clr [68].0
  98  0005              #line 98 "C:\Users\hamed\OneDrive\Documents\HTK_Project\3ch-3key\3ch-3key\3ch-3key.h"
  98  0005  30C7        	set [71].1
  98  0006  3047        	set [71].0
 101  0007              #line 101 "C:\Users\hamed\OneDrive\Documents\HTK_Project\3ch-3key\3ch-3key\3ch-3key.h"
 101  0007  35CD        	clr [77].3
 101  0008  314D        	set [77].2
 101  0009  30CD        	set [77].1
 101  000A  304D        	set [77].0
 102  000B              #line 102 "C:\Users\hamed\OneDrive\Documents\HTK_Project\3ch-3key\3ch-3key\3ch-3key.h"
 102  000B  0FC8        	mov a,200
 102  000C  00CA        	mov [74],a
 102  000D  1F4B        	clr [75]
 103  000E              #line 103 "C:\Users\hamed\OneDrive\Documents\HTK_Project\3ch-3key\3ch-3key\3ch-3key.h"
 103  000E  32CC        	set [76].5
 104  000F              #line 104 "C:\Users\hamed\OneDrive\Documents\HTK_Project\3ch-3key\3ch-3key\3ch-3key.h"
 104  000F  324C        	set [76].4
 105  0010              #line 105 "C:\Users\hamed\OneDrive\Documents\HTK_Project\3ch-3key\3ch-3key\3ch-3key.h"
 105  0010  35CC        	clr [76].3
 106  0011              #line 106 "C:\Users\hamed\OneDrive\Documents\HTK_Project\3ch-3key\3ch-3key\3ch-3key.h"
 106  0011  314C        	set [76].2
 106  0012  30CC        	set [76].1
 106  0013  304C        	set [76].0
 107  0014              #line 107 "C:\Users\hamed\OneDrive\Documents\HTK_Project\3ch-3key\3ch-3key\3ch-3key.h"
 107  0014  37CD        	clr [77].7
 108  0015              #line 108 "C:\Users\hamed\OneDrive\Documents\HTK_Project\3ch-3key\3ch-3key\3ch-3key.h"
 108  0015  32CD        	set [77].5
 109  0016              #line 109 "C:\Users\hamed\OneDrive\Documents\HTK_Project\3ch-3key\3ch-3key\3ch-3key.h"
 109  0016  324D        	set [77].4
 109  0017  0003        	ret
"File: 3ch-3key.h    Assembler  Version HGASM0202      Page 6

 109  0018              _TuochKeyInit endp
 109  0018              #line 109 "C:\Users\hamed\OneDrive\Documents\HTK_Project\3ch-3key\3ch-3key\3ch-3key.h"
 109  0018              #pragma debug scope 1 1
 109  0018              ___pa equ [20]
 109  0018              public _Key_Touch
 109  0018              #pragma debug scope 6 1
 113  0018              #line 113 "C:\Users\hamed\OneDrive\Documents\HTK_Project\3ch-3key\3ch-3key\3ch-3key.h"
 113  0000              _Key_Touch .section 'code'
 113  0000              _Key_Touch proc
 115  0000              #line 115 "C:\Users\hamed\OneDrive\Documents\HTK_Project\3ch-3key\3ch-3key\3ch-3key.h"
 115  0000  0FCE        	mov a,206
 115  0001  0300     R  	add a,_Count_C1[0]
 115  0002  0080     E  	mov rd,a
 115  0003  0FFF        	mov a,255
 115  0004  1300     R  	adc a,_Count_C1[1]
 115  0005  0080     E  	mov re,a
 115  0006  0FFF        	mov a,255
 115  0007  1300     R  	adc a,_Count_C1[2]
 115  0008  0080     E  	mov rf,a
 115  0009  0FFF        	mov a,255
 115  000A  1300     R  	adc a,_Count_C1[3]
 115  000B  0080     E  	mov rg,a
 115  000C  0700     R  	mov a,_Count_S1[0]
 115  000D  0200     E  	sub a,rd
 115  000E  0700     R  	mov a,_Count_S1[1]
 115  000F  1200     E  	sbc a,re
 115  0010  1F05        	clr acc
 115  0011  1200     E  	sbc a,rf
 115  0012  1F05        	clr acc
 115  0013  1200     E  	sbc a,rg
 115  0014  3C0A        	sz c
 115  0015  2800     R  	jmp _L13
 117  0016              #line 117 "C:\Users\hamed\OneDrive\Documents\HTK_Project\3ch-3key\3ch-3key\3ch-3key.h"
 117  0016  1480     R  	inc _Count_T1[0]
 117  0017  3D0A        	sz z
 117  0018  1480     R  	inc _Count_T1[1]
 117  0019  0FE8        	mov a,232
 117  001A  0200     R  	sub a,_Count_T1[0]
 117  001B  0F03        	mov a,3
 117  001C  1200     R  	sbc a,_Count_T1[1]
 117  001D  3C0A        	sz c
 117  001E  2800     R  	jmp _L15
 117  001F  0FE8        	mov a,-24
 117  0020  0080     R  	mov _Count_T1[0],a
 117  0021  0F03        	mov a,3
 117  0022  0080     R  	mov _Count_T1[1],a
 117  0023  2800     R  	jmp _L15
 117  0024              _L13:
 119  0024              #line 119 "C:\Users\hamed\OneDrive\Documents\HTK_Project\3ch-3key\3ch-3key\3ch-3key.h"
 119  0024  0FF6        	mov a,246
 119  0025  0300     R  	add a,_Count_C1[0]
 119  0026  0080     E  	mov rd,a
 119  0027  0FFF        	mov a,255
 119  0028  1300     R  	adc a,_Count_C1[1]
 119  0029  0080     E  	mov re,a
 119  002A  0FFF        	mov a,255
 119  002B  1300     R  	adc a,_Count_C1[2]
 119  002C  0080     E  	mov rf,a
 119  002D  0FFF        	mov a,255
 119  002E  1300     R  	adc a,_Count_C1[3]
"File: 3ch-3key.h    Assembler  Version HGASM0202      Page 7

 119  002F  0080     E  	mov rg,a
 119  0030  1080     E  	sz rg
 119  0031  2800     R  	jmp _L15
 119  0032  1080     E  	sz rf
 119  0033  2800     R  	jmp _L15
 119  0034  0700     E  	mov a,rd
 119  0035  0200     R  	sub a,_Count_S1[0]
 119  0036  0700     E  	mov a,re
 119  0037  1200     R  	sbc a,_Count_S1[1]
 119  0038  3C0A        	sz c
 119  0039  2800     R  	jmp _L15
 121  003A              #line 121 "C:\Users\hamed\OneDrive\Documents\HTK_Project\3ch-3key\3ch-3key\3ch-3key.h"
 121  003A  1F00     R  	clr _Count_T1[0]
 121  003B  1F00     R  	clr _Count_T1[1]
 123  003C              #line 123 "C:\Users\hamed\OneDrive\Documents\HTK_Project\3ch-3key\3ch-3key\3ch-3key.h"
 123  003C  3214        	set [20].4
 123  003D              _L15:
 126  003D              #line 126 "C:\Users\hamed\OneDrive\Documents\HTK_Project\3ch-3key\3ch-3key\3ch-3key.h"
 126  003D  0700     R  	mov a,_Count_T1[0]
 126  003E  0C50        	xor a,80
 126  003F  0500     R  	or a,_Count_T1[1]
 126  0040  390A        	snz z
 126  0041  2800     R  	jmp _L17
 128  0042              #line 128 "C:\Users\hamed\OneDrive\Documents\HTK_Project\3ch-3key\3ch-3key\3ch-3key.h"
 128  0042  3614        	clr [20].4
 130  0043              #line 130 "C:\Users\hamed\OneDrive\Documents\HTK_Project\3ch-3key\3ch-3key\3ch-3key.h"
 130  0043  1F00     R  	clr _CalibrCount1[0]
 131  0044              #line 131 "C:\Users\hamed\OneDrive\Documents\HTK_Project\3ch-3key\3ch-3key\3ch-3key.h"
 131  0044  1F00     R  	clr _CalibrSample1[0]
 132  0045              #line 132 "C:\Users\hamed\OneDrive\Documents\HTK_Project\3ch-3key\3ch-3key\3ch-3key.h"
 132  0045  1F00     R  	clr _Count_C1_Backup[0]
 132  0046  1F00     R  	clr _Count_C1_Backup[1]
 132  0047  1F00     R  	clr _Count_C1_Backup[2]
 132  0048  1F00     R  	clr _Count_C1_Backup[3]
 132  0049              _L17:
 136  0049              #line 136 "C:\Users\hamed\OneDrive\Documents\HTK_Project\3ch-3key\3ch-3key\3ch-3key.h"
 136  0049  0FCE        	mov a,206
 136  004A  0300     R  	add a,_Count_C2[0]
 136  004B  0080     E  	mov rd,a
 136  004C  0FFF        	mov a,255
 136  004D  1300     R  	adc a,_Count_C2[1]
 136  004E  0080     E  	mov re,a
 136  004F  0FFF        	mov a,255
 136  0050  1300     R  	adc a,_Count_C2[2]
 136  0051  0080     E  	mov rf,a
 136  0052  0FFF        	mov a,255
 136  0053  1300     R  	adc a,_Count_C2[3]
 136  0054  0080     E  	mov rg,a
 136  0055  0700     R  	mov a,_Count_S2[0]
 136  0056  0200     E  	sub a,rd
 136  0057  0700     R  	mov a,_Count_S2[1]
 136  0058  1200     E  	sbc a,re
 136  0059  1F05        	clr acc
 136  005A  1200     E  	sbc a,rf
 136  005B  1F05        	clr acc
 136  005C  1200     E  	sbc a,rg
 136  005D  3C0A        	sz c
 136  005E  2800     R  	jmp _L18
 138  005F              #line 138 "C:\Users\hamed\OneDrive\Documents\HTK_Project\3ch-3key\3ch-3key\3ch-3key.h"
 138  005F  1480     R  	inc _Count_T2[0]
"File: 3ch-3key.h    Assembler  Version HGASM0202      Page 8

 138  0060  3D0A        	sz z
 138  0061  1480     R  	inc _Count_T2[1]
 138  0062  0FE8        	mov a,232
 138  0063  0200     R  	sub a,_Count_T2[0]
 138  0064  0F03        	mov a,3
 138  0065  1200     R  	sbc a,_Count_T2[1]
 138  0066  3C0A        	sz c
 138  0067  2800     R  	jmp _L20
 138  0068  0FE8        	mov a,-24
 138  0069  0080     R  	mov _Count_T2[0],a
 138  006A  0F03        	mov a,3
 138  006B  0080     R  	mov _Count_T2[1],a
 138  006C  2800     R  	jmp _L20
 138  006D              _L18:
 140  006D              #line 140 "C:\Users\hamed\OneDrive\Documents\HTK_Project\3ch-3key\3ch-3key\3ch-3key.h"
 140  006D  0FF6        	mov a,246
 140  006E  0300     R  	add a,_Count_C2[0]
 140  006F  0080     E  	mov rd,a
 140  0070  0FFF        	mov a,255
 140  0071  1300     R  	adc a,_Count_C2[1]
 140  0072  0080     E  	mov re,a
 140  0073  0FFF        	mov a,255
 140  0074  1300     R  	adc a,_Count_C2[2]
 140  0075  0080     E  	mov rf,a
 140  0076  0FFF        	mov a,255
 140  0077  1300     R  	adc a,_Count_C2[3]
 140  0078  0080     E  	mov rg,a
 140  0079  1080     E  	sz rg
 140  007A  2800     R  	jmp _L20
 140  007B  1080     E  	sz rf
 140  007C  2800     R  	jmp _L20
 140  007D  0700     E  	mov a,rd
 140  007E  0200     R  	sub a,_Count_S2[0]
 140  007F  0700     E  	mov a,re
 140  0080  1200     R  	sbc a,_Count_S2[1]
 140  0081  3C0A        	sz c
 140  0082  2800     R  	jmp _L20
 142  0083              #line 142 "C:\Users\hamed\OneDrive\Documents\HTK_Project\3ch-3key\3ch-3key\3ch-3key.h"
 142  0083  1F00     R  	clr _Count_T2[0]
 142  0084  1F00     R  	clr _Count_T2[1]
 144  0085              #line 144 "C:\Users\hamed\OneDrive\Documents\HTK_Project\3ch-3key\3ch-3key\3ch-3key.h"
 144  0085  3114        	set [20].2
 144  0086              _L20:
 147  0086              #line 147 "C:\Users\hamed\OneDrive\Documents\HTK_Project\3ch-3key\3ch-3key\3ch-3key.h"
 147  0086  0700     R  	mov a,_Count_T2[0]
 147  0087  0C50        	xor a,80
 147  0088  0500     R  	or a,_Count_T2[1]
 147  0089  390A        	snz z
 147  008A  2800     R  	jmp _L22
 151  008B              #line 151 "C:\Users\hamed\OneDrive\Documents\HTK_Project\3ch-3key\3ch-3key\3ch-3key.h"
 151  008B  3514        	clr [20].2
 153  008C              #line 153 "C:\Users\hamed\OneDrive\Documents\HTK_Project\3ch-3key\3ch-3key\3ch-3key.h"
 153  008C  1F00     R  	clr _CalibrCount2[0]
 154  008D              #line 154 "C:\Users\hamed\OneDrive\Documents\HTK_Project\3ch-3key\3ch-3key\3ch-3key.h"
 154  008D  1F00     R  	clr _CalibrSample2[0]
 155  008E              #line 155 "C:\Users\hamed\OneDrive\Documents\HTK_Project\3ch-3key\3ch-3key\3ch-3key.h"
 155  008E  1F00     R  	clr _Count_C2_Backup[0]
 155  008F  1F00     R  	clr _Count_C2_Backup[1]
 155  0090  1F00     R  	clr _Count_C2_Backup[2]
 155  0091  1F00     R  	clr _Count_C2_Backup[3]
"File: 3ch-3key.h    Assembler  Version HGASM0202      Page 9

 155  0092              _L22:
 159  0092              #line 159 "C:\Users\hamed\OneDrive\Documents\HTK_Project\3ch-3key\3ch-3key\3ch-3key.h"
 159  0092  0FCE        	mov a,206
 159  0093  0300     R  	add a,_Count_C3[0]
 159  0094  0080     E  	mov rd,a
 159  0095  0FFF        	mov a,255
 159  0096  1300     R  	adc a,_Count_C3[1]
 159  0097  0080     E  	mov re,a
 159  0098  0FFF        	mov a,255
 159  0099  1300     R  	adc a,_Count_C3[2]
 159  009A  0080     E  	mov rf,a
 159  009B  0FFF        	mov a,255
 159  009C  1300     R  	adc a,_Count_C3[3]
 159  009D  0080     E  	mov rg,a
 159  009E  0700     R  	mov a,_Count_S3[0]
 159  009F  0200     E  	sub a,rd
 159  00A0  0700     R  	mov a,_Count_S3[1]
 159  00A1  1200     E  	sbc a,re
 159  00A2  1F05        	clr acc
 159  00A3  1200     E  	sbc a,rf
 159  00A4  1F05        	clr acc
 159  00A5  1200     E  	sbc a,rg
 159  00A6  3C0A        	sz c
 159  00A7  2800     R  	jmp _L23
 161  00A8              #line 161 "C:\Users\hamed\OneDrive\Documents\HTK_Project\3ch-3key\3ch-3key\3ch-3key.h"
 161  00A8  1480     R  	inc _Count_T3[0]
 161  00A9  3D0A        	sz z
 161  00AA  1480     R  	inc _Count_T3[1]
 161  00AB  0FE8        	mov a,232
 161  00AC  0200     R  	sub a,_Count_T3[0]
 161  00AD  0F03        	mov a,3
 161  00AE  1200     R  	sbc a,_Count_T3[1]
 161  00AF  3C0A        	sz c
 161  00B0  2800     R  	jmp _L25
 161  00B1  0FE8        	mov a,-24
 161  00B2  0080     R  	mov _Count_T3[0],a
 161  00B3  0F03        	mov a,3
 161  00B4  0080     R  	mov _Count_T3[1],a
 161  00B5  2800     R  	jmp _L25
 161  00B6              _L23:
 163  00B6              #line 163 "C:\Users\hamed\OneDrive\Documents\HTK_Project\3ch-3key\3ch-3key\3ch-3key.h"
 163  00B6  0FF6        	mov a,246
 163  00B7  0300     R  	add a,_Count_C3[0]
 163  00B8  0080     E  	mov rd,a
 163  00B9  0FFF        	mov a,255
 163  00BA  1300     R  	adc a,_Count_C3[1]
 163  00BB  0080     E  	mov re,a
 163  00BC  0FFF        	mov a,255
 163  00BD  1300     R  	adc a,_Count_C3[2]
 163  00BE  0080     E  	mov rf,a
 163  00BF  0FFF        	mov a,255
 163  00C0  1300     R  	adc a,_Count_C3[3]
 163  00C1  0080     E  	mov rg,a
 163  00C2  1080     E  	sz rg
 163  00C3  2800     R  	jmp _L25
 163  00C4  1080     E  	sz rf
 163  00C5  2800     R  	jmp _L25
 163  00C6  0700     E  	mov a,rd
 163  00C7  0200     R  	sub a,_Count_S3[0]
 163  00C8  0700     E  	mov a,re
"File: 3ch-3key.h    Assembler  Version HGASM0202      Page 10

 163  00C9  1200     R  	sbc a,_Count_S3[1]
 163  00CA  3C0A        	sz c
 163  00CB  2800     R  	jmp _L25
 165  00CC              #line 165 "C:\Users\hamed\OneDrive\Documents\HTK_Project\3ch-3key\3ch-3key\3ch-3key.h"
 165  00CC  1F00     R  	clr _Count_T3[0]
 165  00CD  1F00     R  	clr _Count_T3[1]
 167  00CE              #line 167 "C:\Users\hamed\OneDrive\Documents\HTK_Project\3ch-3key\3ch-3key\3ch-3key.h"
 167  00CE  3014        	set [20].0
 167  00CF              _L25:
 170  00CF              #line 170 "C:\Users\hamed\OneDrive\Documents\HTK_Project\3ch-3key\3ch-3key\3ch-3key.h"
 170  00CF  0700     R  	mov a,_Count_T3[0]
 170  00D0  0C50        	xor a,80
 170  00D1  0500     R  	or a,_Count_T3[1]
 170  00D2  390A        	snz z
 170  00D3  2800     R  	jmp _L12
 173  00D4              #line 173 "C:\Users\hamed\OneDrive\Documents\HTK_Project\3ch-3key\3ch-3key\3ch-3key.h"
 173  00D4  3414        	clr [20].0
 175  00D5              #line 175 "C:\Users\hamed\OneDrive\Documents\HTK_Project\3ch-3key\3ch-3key\3ch-3key.h"
 175  00D5  1F00     R  	clr _CalibrCount3[0]
 176  00D6              #line 176 "C:\Users\hamed\OneDrive\Documents\HTK_Project\3ch-3key\3ch-3key\3ch-3key.h"
 176  00D6  1F00     R  	clr _CalibrSample3[0]
 177  00D7              #line 177 "C:\Users\hamed\OneDrive\Documents\HTK_Project\3ch-3key\3ch-3key\3ch-3key.h"
 177  00D7  1F00     R  	clr _Count_C3_Backup[0]
 177  00D8  1F00     R  	clr _Count_C3_Backup[1]
 177  00D9  1F00     R  	clr _Count_C3_Backup[2]
 177  00DA  1F00     R  	clr _Count_C3_Backup[3]
 177  00DB              _L12:
 177  00DB  0003        	ret
 177  00DC              _Key_Touch endp
 177  00DC              #line 177 "C:\Users\hamed\OneDrive\Documents\HTK_Project\3ch-3key\3ch-3key\3ch-3key.h"
 177  00DC              #pragma debug scope 1 1
 177  00DC              ___tkm016dh equ [73]
 177  00DC              ___tkm016dl equ [72]
 177  00DC              public _CalibrTuoch
 177  00DC              #pragma debug scope 7 1
 183  00DC              #line 183 "C:\Users\hamed\OneDrive\Documents\HTK_Project\3ch-3key\3ch-3key\3ch-3key.h"
 183  0000              _CalibrTuoch .section 'code'
 183  0000              _CalibrTuoch proc
 183  0000  0006[           local _CalibrTuoch_2 db 6 dup(?)	; 0,6
            00
            ]
 185  0006              #line 185 "C:\Users\hamed\OneDrive\Documents\HTK_Project\3ch-3key\3ch-3key\3ch-3key.h"
 185  0000  36C4        	clr [68].5
 186  0001              #line 186 "C:\Users\hamed\OneDrive\Documents\HTK_Project\3ch-3key\3ch-3key\3ch-3key.h"
 186  0001  37CC        	clr [76].7
 186  0002  374C        	clr [76].6
 186  0003  0FF4        	mov a,-12
 186  0004  0080     R  	mov _delay_10us_2[0],a
 186  0005  0F01        	mov a,1
 186  0006  0080     R  	mov _delay_10us_2[1],a
 186  0007  1F00     R  	clr _delay_10us_2[2]
 186  0008  1F00     R  	clr _delay_10us_2[3]
 186  0009  2000     R  	call _delay_10us
 187  000A              #line 187 "C:\Users\hamed\OneDrive\Documents\HTK_Project\3ch-3key\3ch-3key\3ch-3key.h"
 187  000A              ;# 187 "C:\Users\hamed\OneDrive\Documents\HTK_Project\3ch-3key\3ch-3key\3ch-3key.h" 1
 187  000A  0001        	clr wdt
 188  000B              #line 188 "C:\Users\hamed\OneDrive\Documents\HTK_Project\3ch-3key\3ch-3key\3ch-3key.h"
 188  000B  1F00     R  	clr _i[0]
 188  000C              _L29:
 188  000C              #line 188 "C:\Users\hamed\OneDrive\Documents\HTK_Project\3ch-3key\3ch-3key\3ch-3key.h"
"File: 3ch-3key.h    Assembler  Version HGASM0202      Page 11

 188  000C  0F13        	mov a,19
 188  000D  0200     R  	sub a,_i[0]
 188  000E  380A        	snz c
 188  000F  2800     R  	jmp _L41
 190  0010              #line 190 "C:\Users\hamed\OneDrive\Documents\HTK_Project\3ch-3key\3ch-3key\3ch-3key.h"
 190  0010  32CD        	set [77].5
 191  0011              #line 191 "C:\Users\hamed\OneDrive\Documents\HTK_Project\3ch-3key\3ch-3key\3ch-3key.h"
 191  0011  324D        	set [77].4
 192  0012              #line 192 "C:\Users\hamed\OneDrive\Documents\HTK_Project\3ch-3key\3ch-3key\3ch-3key.h"
 192  0012  32C4        	set [68].5
 194  0013              #line 194 "C:\Users\hamed\OneDrive\Documents\HTK_Project\3ch-3key\3ch-3key\3ch-3key.h"
 194  0013              ;# 194 "C:\Users\hamed\OneDrive\Documents\HTK_Project\3ch-3key\3ch-3key\3ch-3key.h" 1
 194  0013  0001        	clr wdt
 194  0014              _L31:
 195  0014              #line 195 "C:\Users\hamed\OneDrive\Documents\HTK_Project\3ch-3key\3ch-3key\3ch-3key.h"
 195  0014  3B44        	snz [68].6
 195  0015  2800     R  	jmp _L31
 196  0016              #line 196 "C:\Users\hamed\OneDrive\Documents\HTK_Project\3ch-3key\3ch-3key\3ch-3key.h"
 196  0016  0749        	mov a,[73]
 196  0017  0080     R  	mov _CalibrTuoch_2[1],a
 196  0018  1F00     R  	clr _CalibrTuoch_2[0]
 196  0019  0700     R  	mov a,_CalibrTuoch_2[1]
 196  001A  0080     R  	mov _Count_S1[1],a
 196  001B  0748        	mov a,[72]
 196  001C  0500     R  	or a,_CalibrTuoch_2[0]
 196  001D  0080     R  	mov _Count_S1[0],a
 197  001E              #line 197 "C:\Users\hamed\OneDrive\Documents\HTK_Project\3ch-3key\3ch-3key\3ch-3key.h"
 197  001E  0700     R  	mov a,_Count_S1[0]
 197  001F  0380     R  	addm a,_Count_C1[0]
 197  0020  0700     R  	mov a,_Count_S1[1]
 197  0021  1380     R  	adcm a,_Count_C1[1]
 197  0022  1F05        	clr acc
 197  0023  1380     R  	adcm a,_Count_C1[2]
 197  0024  1380     R  	adcm a,_Count_C1[3]
 198  0025              #line 198 "C:\Users\hamed\OneDrive\Documents\HTK_Project\3ch-3key\3ch-3key\3ch-3key.h"
 198  0025  3744        	clr [68].6
 199  0026              #line 199 "C:\Users\hamed\OneDrive\Documents\HTK_Project\3ch-3key\3ch-3key\3ch-3key.h"
 199  0026  36C4        	clr [68].5
 200  0027              #line 200 "C:\Users\hamed\OneDrive\Documents\HTK_Project\3ch-3key\3ch-3key\3ch-3key.h"
 200  0027              ;# 200 "C:\Users\hamed\OneDrive\Documents\HTK_Project\3ch-3key\3ch-3key\3ch-3key.h" 1
 200  0027  0001        	clr wdt
 201  0028              #line 201 "C:\Users\hamed\OneDrive\Documents\HTK_Project\3ch-3key\3ch-3key\3ch-3key.h"
 201  0028  0F05        	mov a,5
 201  0029  0080     R  	mov _delay_ms_2[0],a
 201  002A  1F00     R  	clr _delay_ms_2[1]
 201  002B  1F00     R  	clr _delay_ms_2[2]
 201  002C  1F00     R  	clr _delay_ms_2[3]
 201  002D  2000     R  	call _delay_ms
 188  002E              #line 188 "C:\Users\hamed\OneDrive\Documents\HTK_Project\3ch-3key\3ch-3key\3ch-3key.h"
 188  002E  1480     R  	inc _i[0]
 188  002F  2800     R  	jmp _L29
 188  0030              _L41:
 203  0030              #line 203 "C:\Users\hamed\OneDrive\Documents\HTK_Project\3ch-3key\3ch-3key\3ch-3key.h"
 203  0030  1F00     E  	clr _builtin_holtek_udivmodsi4_2[12]
 203  0031  0700     R  	mov a,_Count_C1[0]  
 203  0032  0080     E  	mov _builtin_holtek_udivmodsi4_2[0],a  
 203  0033  0700     R  	mov a,_Count_C1[1]  
 203  0034  0080     E  	mov _builtin_holtek_udivmodsi4_2[1],a
 203  0035  0700     R  	mov a,_Count_C1[2]  
 203  0036  0080     E  	mov _builtin_holtek_udivmodsi4_2[2],a  
"File: 3ch-3key.h    Assembler  Version HGASM0202      Page 12

 203  0037  0700     R  	mov a,_Count_C1[3]  
 203  0038  0080     E  	mov _builtin_holtek_udivmodsi4_2[3],a
 203  0039  0F14        	mov a,20  
 203  003A  0080     E  	mov _builtin_holtek_udivmodsi4_2[4],a  
 203  003B  0F00        	mov a,0  
 203  003C  0080     E  	mov _builtin_holtek_udivmodsi4_2[5],a
 203  003D  1F00     E  	clr _builtin_holtek_udivmodsi4_2[6]
 203  003E  1F00     E  	clr _builtin_holtek_udivmodsi4_2[7]
 203  003F  2000     E  	call _builtin_holtek_udivmodsi4
 203  0040  0700     E  	mov a,_builtin_holtek_udivmodsi4_2[0]  
 203  0041  0080     R  	mov _Count_C1[0],a  
 203  0042  0700     E  	mov a,_builtin_holtek_udivmodsi4_2[1]  
 203  0043  0080     R  	mov _Count_C1[1],a
 203  0044  0700     E  	mov a,_builtin_holtek_udivmodsi4_2[2]  
 203  0045  0080     R  	mov _Count_C1[2],a  
 203  0046  0700     E  	mov a,_builtin_holtek_udivmodsi4_2[3]  
 203  0047  0080     R  	mov _Count_C1[3],a
 206  0048              #line 206 "C:\Users\hamed\OneDrive\Documents\HTK_Project\3ch-3key\3ch-3key\3ch-3key.h"
 206  0048  36C4        	clr [68].5
 207  0049              #line 207 "C:\Users\hamed\OneDrive\Documents\HTK_Project\3ch-3key\3ch-3key\3ch-3key.h"
 207  0049  37CC        	clr [76].7
 207  004A  334C        	set [76].6
 207  004B  0FF4        	mov a,-12
 207  004C  0080     R  	mov _delay_10us_2[0],a
 207  004D  0F01        	mov a,1
 207  004E  0080     R  	mov _delay_10us_2[1],a
 207  004F  1F00     R  	clr _delay_10us_2[2]
 207  0050  1F00     R  	clr _delay_10us_2[3]
 207  0051  2000     R  	call _delay_10us
 208  0052              #line 208 "C:\Users\hamed\OneDrive\Documents\HTK_Project\3ch-3key\3ch-3key\3ch-3key.h"
 208  0052              ;# 208 "C:\Users\hamed\OneDrive\Documents\HTK_Project\3ch-3key\3ch-3key\3ch-3key.h" 1
 208  0052  0001        	clr wdt
 209  0053              #line 209 "C:\Users\hamed\OneDrive\Documents\HTK_Project\3ch-3key\3ch-3key\3ch-3key.h"
 209  0053  1F00     R  	clr _i[0]
 209  0054              _L33:
 209  0054  0F13        	mov a,19
 209  0055  0200     R  	sub a,_i[0]
 209  0056  380A        	snz c
 209  0057  2800     R  	jmp _L42
 211  0058              #line 211 "C:\Users\hamed\OneDrive\Documents\HTK_Project\3ch-3key\3ch-3key\3ch-3key.h"
 211  0058  32CD        	set [77].5
 212  0059              #line 212 "C:\Users\hamed\OneDrive\Documents\HTK_Project\3ch-3key\3ch-3key\3ch-3key.h"
 212  0059  324D        	set [77].4
 213  005A              #line 213 "C:\Users\hamed\OneDrive\Documents\HTK_Project\3ch-3key\3ch-3key\3ch-3key.h"
 213  005A  32C4        	set [68].5
 215  005B              #line 215 "C:\Users\hamed\OneDrive\Documents\HTK_Project\3ch-3key\3ch-3key\3ch-3key.h"
 215  005B              ;# 215 "C:\Users\hamed\OneDrive\Documents\HTK_Project\3ch-3key\3ch-3key\3ch-3key.h" 1
 215  005B  0001        	clr wdt
 215  005C              _L35:
 216  005C              #line 216 "C:\Users\hamed\OneDrive\Documents\HTK_Project\3ch-3key\3ch-3key\3ch-3key.h"
 216  005C  3B44        	snz [68].6
 216  005D  2800     R  	jmp _L35
 217  005E              #line 217 "C:\Users\hamed\OneDrive\Documents\HTK_Project\3ch-3key\3ch-3key\3ch-3key.h"
 217  005E  0749        	mov a,[73]
 217  005F  0080     R  	mov _CalibrTuoch_2[3],a
 217  0060  1F00     R  	clr _CalibrTuoch_2[2]
 217  0061  0700     R  	mov a,_CalibrTuoch_2[3]
 217  0062  0080     R  	mov _Count_S2[1],a
 217  0063  0748        	mov a,[72]
 217  0064  0500     R  	or a,_CalibrTuoch_2[2]
"File: 3ch-3key.h    Assembler  Version HGASM0202      Page 13

 217  0065  0080     R  	mov _Count_S2[0],a
 218  0066              #line 218 "C:\Users\hamed\OneDrive\Documents\HTK_Project\3ch-3key\3ch-3key\3ch-3key.h"
 218  0066  0700     R  	mov a,_Count_S2[0]
 218  0067  0380     R  	addm a,_Count_C2[0]
 218  0068  0700     R  	mov a,_Count_S2[1]
 218  0069  1380     R  	adcm a,_Count_C2[1]
 218  006A  1F05        	clr acc
 218  006B  1380     R  	adcm a,_Count_C2[2]
 218  006C  1380     R  	adcm a,_Count_C2[3]
 219  006D              #line 219 "C:\Users\hamed\OneDrive\Documents\HTK_Project\3ch-3key\3ch-3key\3ch-3key.h"
 219  006D  3744        	clr [68].6
 220  006E              #line 220 "C:\Users\hamed\OneDrive\Documents\HTK_Project\3ch-3key\3ch-3key\3ch-3key.h"
 220  006E  36C4        	clr [68].5
 221  006F              #line 221 "C:\Users\hamed\OneDrive\Documents\HTK_Project\3ch-3key\3ch-3key\3ch-3key.h"
 221  006F              ;# 221 "C:\Users\hamed\OneDrive\Documents\HTK_Project\3ch-3key\3ch-3key\3ch-3key.h" 1
 221  006F  0001        	clr wdt
 222  0070              #line 222 "C:\Users\hamed\OneDrive\Documents\HTK_Project\3ch-3key\3ch-3key\3ch-3key.h"
 222  0070  0F05        	mov a,5
 222  0071  0080     R  	mov _delay_ms_2[0],a
 222  0072  1F00     R  	clr _delay_ms_2[1]
 222  0073  1F00     R  	clr _delay_ms_2[2]
 222  0074  1F00     R  	clr _delay_ms_2[3]
 222  0075  2000     R  	call _delay_ms
 209  0076              #line 209 "C:\Users\hamed\OneDrive\Documents\HTK_Project\3ch-3key\3ch-3key\3ch-3key.h"
 209  0076  1480     R  	inc _i[0]
 209  0077  2800     R  	jmp _L33
 209  0078              _L42:
 224  0078              #line 224 "C:\Users\hamed\OneDrive\Documents\HTK_Project\3ch-3key\3ch-3key\3ch-3key.h"
 224  0078  1F00     E  	clr _builtin_holtek_udivmodsi4_2[12]
 224  0079  0700     R  	mov a,_Count_C2[0]  
 224  007A  0080     E  	mov _builtin_holtek_udivmodsi4_2[0],a  
 224  007B  0700     R  	mov a,_Count_C2[1]  
 224  007C  0080     E  	mov _builtin_holtek_udivmodsi4_2[1],a
 224  007D  0700     R  	mov a,_Count_C2[2]  
 224  007E  0080     E  	mov _builtin_holtek_udivmodsi4_2[2],a  
 224  007F  0700     R  	mov a,_Count_C2[3]  
 224  0080  0080     E  	mov _builtin_holtek_udivmodsi4_2[3],a
 224  0081  0F14        	mov a,20  
 224  0082  0080     E  	mov _builtin_holtek_udivmodsi4_2[4],a  
 224  0083  0F00        	mov a,0  
 224  0084  0080     E  	mov _builtin_holtek_udivmodsi4_2[5],a
 224  0085  1F00     E  	clr _builtin_holtek_udivmodsi4_2[6]
 224  0086  1F00     E  	clr _builtin_holtek_udivmodsi4_2[7]
 224  0087  2000     E  	call _builtin_holtek_udivmodsi4
 224  0088  0700     E  	mov a,_builtin_holtek_udivmodsi4_2[0]  
 224  0089  0080     R  	mov _Count_C2[0],a  
 224  008A  0700     E  	mov a,_builtin_holtek_udivmodsi4_2[1]  
 224  008B  0080     R  	mov _Count_C2[1],a
 224  008C  0700     E  	mov a,_builtin_holtek_udivmodsi4_2[2]  
 224  008D  0080     R  	mov _Count_C2[2],a  
 224  008E  0700     E  	mov a,_builtin_holtek_udivmodsi4_2[3]  
 224  008F  0080     R  	mov _Count_C2[3],a
 227  0090              #line 227 "C:\Users\hamed\OneDrive\Documents\HTK_Project\3ch-3key\3ch-3key\3ch-3key.h"
 227  0090  36C4        	clr [68].5
 228  0091              #line 228 "C:\Users\hamed\OneDrive\Documents\HTK_Project\3ch-3key\3ch-3key\3ch-3key.h"
 228  0091  33CC        	set [76].7
 228  0092  374C        	clr [76].6
 228  0093  0FF4        	mov a,-12
 228  0094  0080     R  	mov _delay_10us_2[0],a
 228  0095  0F01        	mov a,1
"File: 3ch-3key.h    Assembler  Version HGASM0202      Page 14

 228  0096  0080     R  	mov _delay_10us_2[1],a
 228  0097  1F00     R  	clr _delay_10us_2[2]
 228  0098  1F00     R  	clr _delay_10us_2[3]
 228  0099  2000     R  	call _delay_10us
 229  009A              #line 229 "C:\Users\hamed\OneDrive\Documents\HTK_Project\3ch-3key\3ch-3key\3ch-3key.h"
 229  009A              ;# 229 "C:\Users\hamed\OneDrive\Documents\HTK_Project\3ch-3key\3ch-3key\3ch-3key.h" 1
 229  009A  0001        	clr wdt
 230  009B              #line 230 "C:\Users\hamed\OneDrive\Documents\HTK_Project\3ch-3key\3ch-3key\3ch-3key.h"
 230  009B  1F00     R  	clr _i[0]
 230  009C              _L37:
 230  009C  0F13        	mov a,19
 230  009D  0200     R  	sub a,_i[0]
 230  009E  380A        	snz c
 230  009F  2800     R  	jmp _L43
 232  00A0              #line 232 "C:\Users\hamed\OneDrive\Documents\HTK_Project\3ch-3key\3ch-3key\3ch-3key.h"
 232  00A0  32CD        	set [77].5
 233  00A1              #line 233 "C:\Users\hamed\OneDrive\Documents\HTK_Project\3ch-3key\3ch-3key\3ch-3key.h"
 233  00A1  324D        	set [77].4
 234  00A2              #line 234 "C:\Users\hamed\OneDrive\Documents\HTK_Project\3ch-3key\3ch-3key\3ch-3key.h"
 234  00A2  32C4        	set [68].5
 236  00A3              #line 236 "C:\Users\hamed\OneDrive\Documents\HTK_Project\3ch-3key\3ch-3key\3ch-3key.h"
 236  00A3              ;# 236 "C:\Users\hamed\OneDrive\Documents\HTK_Project\3ch-3key\3ch-3key\3ch-3key.h" 1
 236  00A3  0001        	clr wdt
 236  00A4              _L39:
 237  00A4              #line 237 "C:\Users\hamed\OneDrive\Documents\HTK_Project\3ch-3key\3ch-3key\3ch-3key.h"
 237  00A4  3B44        	snz [68].6
 237  00A5  2800     R  	jmp _L39
 238  00A6              #line 238 "C:\Users\hamed\OneDrive\Documents\HTK_Project\3ch-3key\3ch-3key\3ch-3key.h"
 238  00A6  0749        	mov a,[73]
 238  00A7  0080     R  	mov _CalibrTuoch_2[5],a
 238  00A8  1F00     R  	clr _CalibrTuoch_2[4]
 238  00A9  0700     R  	mov a,_CalibrTuoch_2[5]
 238  00AA  0080     R  	mov _Count_S3[1],a
 238  00AB  0748        	mov a,[72]
 238  00AC  0500     R  	or a,_CalibrTuoch_2[4]
 238  00AD  0080     R  	mov _Count_S3[0],a
 239  00AE              #line 239 "C:\Users\hamed\OneDrive\Documents\HTK_Project\3ch-3key\3ch-3key\3ch-3key.h"
 239  00AE  0700     R  	mov a,_Count_S3[0]
 239  00AF  0380     R  	addm a,_Count_C3[0]
 239  00B0  0700     R  	mov a,_Count_S3[1]
 239  00B1  1380     R  	adcm a,_Count_C3[1]
 239  00B2  1F05        	clr acc
 239  00B3  1380     R  	adcm a,_Count_C3[2]
 239  00B4  1380     R  	adcm a,_Count_C3[3]
 240  00B5              #line 240 "C:\Users\hamed\OneDrive\Documents\HTK_Project\3ch-3key\3ch-3key\3ch-3key.h"
 240  00B5  3744        	clr [68].6
 241  00B6              #line 241 "C:\Users\hamed\OneDrive\Documents\HTK_Project\3ch-3key\3ch-3key\3ch-3key.h"
 241  00B6  36C4        	clr [68].5
 242  00B7              #line 242 "C:\Users\hamed\OneDrive\Documents\HTK_Project\3ch-3key\3ch-3key\3ch-3key.h"
 242  00B7              ;# 242 "C:\Users\hamed\OneDrive\Documents\HTK_Project\3ch-3key\3ch-3key\3ch-3key.h" 1
 242  00B7  0001        	clr wdt
 243  00B8              #line 243 "C:\Users\hamed\OneDrive\Documents\HTK_Project\3ch-3key\3ch-3key\3ch-3key.h"
 243  00B8  0F05        	mov a,5
 243  00B9  0080     R  	mov _delay_ms_2[0],a
 243  00BA  1F00     R  	clr _delay_ms_2[1]
 243  00BB  1F00     R  	clr _delay_ms_2[2]
 243  00BC  1F00     R  	clr _delay_ms_2[3]
 243  00BD  2000     R  	call _delay_ms
 230  00BE              #line 230 "C:\Users\hamed\OneDrive\Documents\HTK_Project\3ch-3key\3ch-3key\3ch-3key.h"
 230  00BE  1480     R  	inc _i[0]
"File: 3ch-3key.h    Assembler  Version HGASM0202      Page 15

 230  00BF  2800     R  	jmp _L37
 230  00C0              _L43:
 245  00C0              #line 245 "C:\Users\hamed\OneDrive\Documents\HTK_Project\3ch-3key\3ch-3key\3ch-3key.h"
 245  00C0  1F00     E  	clr _builtin_holtek_udivmodsi4_2[12]
 245  00C1  0700     R  	mov a,_Count_C3[0]  
 245  00C2  0080     E  	mov _builtin_holtek_udivmodsi4_2[0],a  
 245  00C3  0700     R  	mov a,_Count_C3[1]  
 245  00C4  0080     E  	mov _builtin_holtek_udivmodsi4_2[1],a
 245  00C5  0700     R  	mov a,_Count_C3[2]  
 245  00C6  0080     E  	mov _builtin_holtek_udivmodsi4_2[2],a  
 245  00C7  0700     R  	mov a,_Count_C3[3]  
 245  00C8  0080     E  	mov _builtin_holtek_udivmodsi4_2[3],a
 245  00C9  0F14        	mov a,20  
 245  00CA  0080     E  	mov _builtin_holtek_udivmodsi4_2[4],a  
 245  00CB  0F00        	mov a,0  
 245  00CC  0080     E  	mov _builtin_holtek_udivmodsi4_2[5],a
 245  00CD  1F00     E  	clr _builtin_holtek_udivmodsi4_2[6]
 245  00CE  1F00     E  	clr _builtin_holtek_udivmodsi4_2[7]
 245  00CF  2000     E  	call _builtin_holtek_udivmodsi4
 245  00D0  0700     E  	mov a,_builtin_holtek_udivmodsi4_2[0]  
 245  00D1  0080     R  	mov _Count_C3[0],a  
 245  00D2  0700     E  	mov a,_builtin_holtek_udivmodsi4_2[1]  
 245  00D3  0080     R  	mov _Count_C3[1],a
 245  00D4  0700     E  	mov a,_builtin_holtek_udivmodsi4_2[2]  
 245  00D5  0080     R  	mov _Count_C3[2],a  
 245  00D6  0700     E  	mov a,_builtin_holtek_udivmodsi4_2[3]  
 245  00D7  0080     R  	mov _Count_C3[3],a
 248  00D8              #line 248 "C:\Users\hamed\OneDrive\Documents\HTK_Project\3ch-3key\3ch-3key\3ch-3key.h"
 248  00D8              ;# 248 "C:\Users\hamed\OneDrive\Documents\HTK_Project\3ch-3key\3ch-3key\3ch-3key.h" 1
 248  00D8  0001        	clr wdt
 248  00D9  0003        	ret
 248  00DA              _CalibrTuoch endp
 248  00DA              #line 248 "C:\Users\hamed\OneDrive\Documents\HTK_Project\3ch-3key\3ch-3key\3ch-3key.h"
 248  00DA              #pragma debug scope 1 1
 248  00DA              public _Key_Select
 248  00DA              #pragma debug scope 8 1
 253  00DA              #line 253 "C:\Users\hamed\OneDrive\Documents\HTK_Project\3ch-3key\3ch-3key\3ch-3key.h"
 253  0000              _Key_Select .section 'code'
 253  0000              _Key_Select proc
 253  0000  00              local _Key_Select_2 db 1 dup(?)	; 0,1
 253  0000  0080     E  	mov ra,a
 253  0001  0080     R  	mov _Key_Select_2[0],a
 253  0002              #pragma debug variable 7 8 _Key_Select_2+0 "sel"
 255  0002              #line 255 "C:\Users\hamed\OneDrive\Documents\HTK_Project\3ch-3key\3ch-3key\3ch-3key.h"
 255  0002  1080     E  	sz ra
 255  0003  2800     R  	jmp _L45
 256  0004              #line 256 "C:\Users\hamed\OneDrive\Documents\HTK_Project\3ch-3key\3ch-3key\3ch-3key.h"
 256  0004  32CD        	set [77].5
 256  0005  324D        	set [77].4
 256  0006  32C4        	set [68].5
 256  0007  37CC        	clr [76].7
 256  0008  374C        	clr [76].6
 256  0009              _L46:
 258  0009              #line 258 "C:\Users\hamed\OneDrive\Documents\HTK_Project\3ch-3key\3ch-3key\3ch-3key.h"
 258  0009  3F44        	sz [68].6
 258  000A  2800     R  	jmp _L63
 258  000B              ;# 258 "C:\Users\hamed\OneDrive\Documents\HTK_Project\3ch-3key\3ch-3key\3ch-3key.h" 1
 258  000B  0000        	nop
 258  000C  2800     R  	jmp _L46
 258  000D              _L63:
"File: 3ch-3key.h    Assembler  Version HGASM0202      Page 16

 259  000D              #line 259 "C:\Users\hamed\OneDrive\Documents\HTK_Project\3ch-3key\3ch-3key\3ch-3key.h"
 259  000D  0749        	mov a,[73]
 259  000E  0080     E  	mov rc,a
 259  000F  1F00     E  	clr rb
 259  0010  0700     E  	mov a,rc
 259  0011  0080     R  	mov _Count_S1[1],a
 259  0012  0748        	mov a,[72]
 259  0013  0500     E  	or a,rb
 259  0014  0080     R  	mov _Count_S1[0],a
 260  0015              #line 260 "C:\Users\hamed\OneDrive\Documents\HTK_Project\3ch-3key\3ch-3key\3ch-3key.h"
 260  0015  1480     R  	inc _CalibrCount1[0]
 261  0016              #line 261 "C:\Users\hamed\OneDrive\Documents\HTK_Project\3ch-3key\3ch-3key\3ch-3key.h"
 261  0016  0F0A        	mov a,10
 261  0017  0200     R  	sub a,_CalibrCount1[0]
 261  0018  3C0A        	sz c
 261  0019  2800     R  	jmp _L61
 263  001A              #line 263 "C:\Users\hamed\OneDrive\Documents\HTK_Project\3ch-3key\3ch-3key\3ch-3key.h"
 263  001A  1F00     R  	clr _CalibrCount1[0]
 264  001B              #line 264 "C:\Users\hamed\OneDrive\Documents\HTK_Project\3ch-3key\3ch-3key\3ch-3key.h"
 264  001B  0700     R  	mov a,_Count_S1[0]
 264  001C  0380     R  	addm a,_Count_C1_Backup[0]
 264  001D  0700     R  	mov a,_Count_S1[1]
 264  001E  1380     R  	adcm a,_Count_C1_Backup[1]
 264  001F  1F05        	clr acc
 264  0020  1380     R  	adcm a,_Count_C1_Backup[2]
 264  0021  1380     R  	adcm a,_Count_C1_Backup[3]
 265  0022              #line 265 "C:\Users\hamed\OneDrive\Documents\HTK_Project\3ch-3key\3ch-3key\3ch-3key.h"
 265  0022  1480     R  	inc _CalibrSample1[0]
 266  0023              #line 266 "C:\Users\hamed\OneDrive\Documents\HTK_Project\3ch-3key\3ch-3key\3ch-3key.h"
 266  0023  0F13        	mov a,19
 266  0024  0200     R  	sub a,_CalibrSample1[0]
 266  0025  3C0A        	sz c
 266  0026  2800     R  	jmp _L61
 268  0027              #line 268 "C:\Users\hamed\OneDrive\Documents\HTK_Project\3ch-3key\3ch-3key\3ch-3key.h"
 268  0027  1F00     R  	clr _CalibrSample1[0]
 269  0028              #line 269 "C:\Users\hamed\OneDrive\Documents\HTK_Project\3ch-3key\3ch-3key\3ch-3key.h"
 269  0028  1F00     E  	clr _builtin_holtek_udivmodsi4_2[12]
 269  0029  0700     R  	mov a,_Count_C1_Backup[0]  
 269  002A  0080     E  	mov _builtin_holtek_udivmodsi4_2[0],a  
 269  002B  0700     R  	mov a,_Count_C1_Backup[1]  
 269  002C  0080     E  	mov _builtin_holtek_udivmodsi4_2[1],a
 269  002D  0700     R  	mov a,_Count_C1_Backup[2]  
 269  002E  0080     E  	mov _builtin_holtek_udivmodsi4_2[2],a  
 269  002F  0700     R  	mov a,_Count_C1_Backup[3]  
 269  0030  0080     E  	mov _builtin_holtek_udivmodsi4_2[3],a
 269  0031  0F14        	mov a,20  
 269  0032  0080     E  	mov _builtin_holtek_udivmodsi4_2[4],a  
 269  0033  0F00        	mov a,0  
 269  0034  0080     E  	mov _builtin_holtek_udivmodsi4_2[5],a
 269  0035  1F00     E  	clr _builtin_holtek_udivmodsi4_2[6]
 269  0036  1F00     E  	clr _builtin_holtek_udivmodsi4_2[7]
 269  0037  2000     E  	call _builtin_holtek_udivmodsi4
 269  0038  0700     E  	mov a,_builtin_holtek_udivmodsi4_2[0]  
 269  0039  0080     R  	mov _Count_C1[0],a  
 269  003A  0700     E  	mov a,_builtin_holtek_udivmodsi4_2[1]  
 269  003B  0080     R  	mov _Count_C1[1],a
 269  003C  0700     E  	mov a,_builtin_holtek_udivmodsi4_2[2]  
 269  003D  0080     R  	mov _Count_C1[2],a  
 269  003E  0700     E  	mov a,_builtin_holtek_udivmodsi4_2[3]  
 269  003F  0080     R  	mov _Count_C1[3],a
"File: 3ch-3key.h    Assembler  Version HGASM0202      Page 17

 270  0040              #line 270 "C:\Users\hamed\OneDrive\Documents\HTK_Project\3ch-3key\3ch-3key\3ch-3key.h"
 270  0040  1F00     R  	clr _Count_C1_Backup[0]
 270  0041  1F00     R  	clr _Count_C1_Backup[1]
 270  0042  1F00     R  	clr _Count_C1_Backup[2]
 270  0043  1F00     R  	clr _Count_C1_Backup[3]
 270  0044  2800     R  	jmp _L61
 270  0045              _L45:
 278  0045              #line 278 "C:\Users\hamed\OneDrive\Documents\HTK_Project\3ch-3key\3ch-3key\3ch-3key.h"
 278  0045  1700     R  	sdza _Key_Select_2[0]
 278  0046  2800     R  	jmp _L52
 279  0047              #line 279 "C:\Users\hamed\OneDrive\Documents\HTK_Project\3ch-3key\3ch-3key\3ch-3key.h"
 279  0047  32CD        	set [77].5
 279  0048  324D        	set [77].4
 279  0049  32C4        	set [68].5
 279  004A  37CC        	clr [76].7
 279  004B  334C        	set [76].6
 279  004C              _L53:
 281  004C              #line 281 "C:\Users\hamed\OneDrive\Documents\HTK_Project\3ch-3key\3ch-3key\3ch-3key.h"
 281  004C  3F44        	sz [68].6
 281  004D  2800     R  	jmp _L64
 281  004E              ;# 281 "C:\Users\hamed\OneDrive\Documents\HTK_Project\3ch-3key\3ch-3key\3ch-3key.h" 1
 281  004E  0000        	nop
 281  004F  2800     R  	jmp _L53
 281  0050              _L64:
 282  0050              #line 282 "C:\Users\hamed\OneDrive\Documents\HTK_Project\3ch-3key\3ch-3key\3ch-3key.h"
 282  0050  0749        	mov a,[73]
 282  0051  0080     E  	mov rc,a
 282  0052  1F00     E  	clr rb
 282  0053  0700     E  	mov a,rc
 282  0054  0080     R  	mov _Count_S2[1],a
 282  0055  0748        	mov a,[72]
 282  0056  0500     E  	or a,rb
 282  0057  0080     R  	mov _Count_S2[0],a
 283  0058              #line 283 "C:\Users\hamed\OneDrive\Documents\HTK_Project\3ch-3key\3ch-3key\3ch-3key.h"
 283  0058  1480     R  	inc _CalibrCount2[0]
 284  0059              #line 284 "C:\Users\hamed\OneDrive\Documents\HTK_Project\3ch-3key\3ch-3key\3ch-3key.h"
 284  0059  0F0A        	mov a,10
 284  005A  0200     R  	sub a,_CalibrCount2[0]
 284  005B  3C0A        	sz c
 284  005C  2800     R  	jmp _L61
 286  005D              #line 286 "C:\Users\hamed\OneDrive\Documents\HTK_Project\3ch-3key\3ch-3key\3ch-3key.h"
 286  005D  1F00     R  	clr _CalibrCount2[0]
 287  005E              #line 287 "C:\Users\hamed\OneDrive\Documents\HTK_Project\3ch-3key\3ch-3key\3ch-3key.h"
 287  005E  0700     R  	mov a,_Count_S2[0]
 287  005F  0380     R  	addm a,_Count_C2_Backup[0]
 287  0060  0700     R  	mov a,_Count_S2[1]
 287  0061  1380     R  	adcm a,_Count_C2_Backup[1]
 287  0062  1F05        	clr acc
 287  0063  1380     R  	adcm a,_Count_C2_Backup[2]
 287  0064  1380     R  	adcm a,_Count_C2_Backup[3]
 288  0065              #line 288 "C:\Users\hamed\OneDrive\Documents\HTK_Project\3ch-3key\3ch-3key\3ch-3key.h"
 288  0065  1480     R  	inc _CalibrSample2[0]
 289  0066              #line 289 "C:\Users\hamed\OneDrive\Documents\HTK_Project\3ch-3key\3ch-3key\3ch-3key.h"
 289  0066  0F13        	mov a,19
 289  0067  0200     R  	sub a,_CalibrSample2[0]
 289  0068  3C0A        	sz c
 289  0069  2800     R  	jmp _L61
 291  006A              #line 291 "C:\Users\hamed\OneDrive\Documents\HTK_Project\3ch-3key\3ch-3key\3ch-3key.h"
 291  006A  1F00     R  	clr _CalibrSample2[0]
 292  006B              #line 292 "C:\Users\hamed\OneDrive\Documents\HTK_Project\3ch-3key\3ch-3key\3ch-3key.h"
"File: 3ch-3key.h    Assembler  Version HGASM0202      Page 18

 292  006B  1F00     E  	clr _builtin_holtek_udivmodsi4_2[12]
 292  006C  0700     R  	mov a,_Count_C2_Backup[0]  
 292  006D  0080     E  	mov _builtin_holtek_udivmodsi4_2[0],a  
 292  006E  0700     R  	mov a,_Count_C2_Backup[1]  
 292  006F  0080     E  	mov _builtin_holtek_udivmodsi4_2[1],a
 292  0070  0700     R  	mov a,_Count_C2_Backup[2]  
 292  0071  0080     E  	mov _builtin_holtek_udivmodsi4_2[2],a  
 292  0072  0700     R  	mov a,_Count_C2_Backup[3]  
 292  0073  0080     E  	mov _builtin_holtek_udivmodsi4_2[3],a
 292  0074  0F14        	mov a,20  
 292  0075  0080     E  	mov _builtin_holtek_udivmodsi4_2[4],a  
 292  0076  0F00        	mov a,0  
 292  0077  0080     E  	mov _builtin_holtek_udivmodsi4_2[5],a
 292  0078  1F00     E  	clr _builtin_holtek_udivmodsi4_2[6]
 292  0079  1F00     E  	clr _builtin_holtek_udivmodsi4_2[7]
 292  007A  2000     E  	call _builtin_holtek_udivmodsi4
 292  007B  0700     E  	mov a,_builtin_holtek_udivmodsi4_2[0]  
 292  007C  0080     R  	mov _Count_C2[0],a  
 292  007D  0700     E  	mov a,_builtin_holtek_udivmodsi4_2[1]  
 292  007E  0080     R  	mov _Count_C2[1],a
 292  007F  0700     E  	mov a,_builtin_holtek_udivmodsi4_2[2]  
 292  0080  0080     R  	mov _Count_C2[2],a  
 292  0081  0700     E  	mov a,_builtin_holtek_udivmodsi4_2[3]  
 292  0082  0080     R  	mov _Count_C2[3],a
 293  0083              #line 293 "C:\Users\hamed\OneDrive\Documents\HTK_Project\3ch-3key\3ch-3key\3ch-3key.h"
 293  0083  1F00     R  	clr _Count_C2_Backup[0]
 293  0084  1F00     R  	clr _Count_C2_Backup[1]
 293  0085  1F00     R  	clr _Count_C2_Backup[2]
 293  0086  1F00     R  	clr _Count_C2_Backup[3]
 293  0087  2800     R  	jmp _L61
 293  0088              _L52:
 301  0088              #line 301 "C:\Users\hamed\OneDrive\Documents\HTK_Project\3ch-3key\3ch-3key\3ch-3key.h"
 301  0088  0700     R  	mov a,_Key_Select_2[0]
 301  0089  0A02        	sub a,2
 301  008A  390A        	snz z
 301  008B  2800     R  	jmp _L44
 302  008C              #line 302 "C:\Users\hamed\OneDrive\Documents\HTK_Project\3ch-3key\3ch-3key\3ch-3key.h"
 302  008C  32CD        	set [77].5
 302  008D  324D        	set [77].4
 302  008E  32C4        	set [68].5
 302  008F  33CC        	set [76].7
 302  0090  374C        	clr [76].6
 302  0091              _L58:
 304  0091              #line 304 "C:\Users\hamed\OneDrive\Documents\HTK_Project\3ch-3key\3ch-3key\3ch-3key.h"
 304  0091  3F44        	sz [68].6
 304  0092  2800     R  	jmp _L65
 304  0093              ;# 304 "C:\Users\hamed\OneDrive\Documents\HTK_Project\3ch-3key\3ch-3key\3ch-3key.h" 1
 304  0093  0000        	nop
 304  0094  2800     R  	jmp _L58
 304  0095              _L65:
 305  0095              #line 305 "C:\Users\hamed\OneDrive\Documents\HTK_Project\3ch-3key\3ch-3key\3ch-3key.h"
 305  0095  0749        	mov a,[73]
 305  0096  0080     E  	mov rc,a
 305  0097  1F00     E  	clr rb
 305  0098  0700     E  	mov a,rc
 305  0099  0080     R  	mov _Count_S3[1],a
 305  009A  0748        	mov a,[72]
 305  009B  0500     E  	or a,rb
 305  009C  0080     R  	mov _Count_S3[0],a
 306  009D              #line 306 "C:\Users\hamed\OneDrive\Documents\HTK_Project\3ch-3key\3ch-3key\3ch-3key.h"
"File: 3ch-3key.h    Assembler  Version HGASM0202      Page 19

 306  009D  1480     R  	inc _CalibrCount3[0]
 307  009E              #line 307 "C:\Users\hamed\OneDrive\Documents\HTK_Project\3ch-3key\3ch-3key\3ch-3key.h"
 307  009E  0F0A        	mov a,10
 307  009F  0200     R  	sub a,_CalibrCount3[0]
 307  00A0  3C0A        	sz c
 307  00A1  2800     R  	jmp _L61
 309  00A2              #line 309 "C:\Users\hamed\OneDrive\Documents\HTK_Project\3ch-3key\3ch-3key\3ch-3key.h"
 309  00A2  1F00     R  	clr _CalibrCount3[0]
 310  00A3              #line 310 "C:\Users\hamed\OneDrive\Documents\HTK_Project\3ch-3key\3ch-3key\3ch-3key.h"
 310  00A3  0700     R  	mov a,_Count_S3[0]
 310  00A4  0380     R  	addm a,_Count_C3_Backup[0]
 310  00A5  0700     R  	mov a,_Count_S3[1]
 310  00A6  1380     R  	adcm a,_Count_C3_Backup[1]
 310  00A7  1F05        	clr acc
 310  00A8  1380     R  	adcm a,_Count_C3_Backup[2]
 310  00A9  1380     R  	adcm a,_Count_C3_Backup[3]
 311  00AA              #line 311 "C:\Users\hamed\OneDrive\Documents\HTK_Project\3ch-3key\3ch-3key\3ch-3key.h"
 311  00AA  1480     R  	inc _CalibrSample3[0]
 312  00AB              #line 312 "C:\Users\hamed\OneDrive\Documents\HTK_Project\3ch-3key\3ch-3key\3ch-3key.h"
 312  00AB  0F13        	mov a,19
 312  00AC  0200     R  	sub a,_CalibrSample3[0]
 312  00AD  3C0A        	sz c
 312  00AE  2800     R  	jmp _L61
 314  00AF              #line 314 "C:\Users\hamed\OneDrive\Documents\HTK_Project\3ch-3key\3ch-3key\3ch-3key.h"
 314  00AF  1F00     R  	clr _CalibrSample3[0]
 315  00B0              #line 315 "C:\Users\hamed\OneDrive\Documents\HTK_Project\3ch-3key\3ch-3key\3ch-3key.h"
 315  00B0  1F00     E  	clr _builtin_holtek_udivmodsi4_2[12]
 315  00B1  0700     R  	mov a,_Count_C3_Backup[0]  
 315  00B2  0080     E  	mov _builtin_holtek_udivmodsi4_2[0],a  
 315  00B3  0700     R  	mov a,_Count_C3_Backup[1]  
 315  00B4  0080     E  	mov _builtin_holtek_udivmodsi4_2[1],a
 315  00B5  0700     R  	mov a,_Count_C3_Backup[2]  
 315  00B6  0080     E  	mov _builtin_holtek_udivmodsi4_2[2],a  
 315  00B7  0700     R  	mov a,_Count_C3_Backup[3]  
 315  00B8  0080     E  	mov _builtin_holtek_udivmodsi4_2[3],a
 315  00B9  0F14        	mov a,20  
 315  00BA  0080     E  	mov _builtin_holtek_udivmodsi4_2[4],a  
 315  00BB  0F00        	mov a,0  
 315  00BC  0080     E  	mov _builtin_holtek_udivmodsi4_2[5],a
 315  00BD  1F00     E  	clr _builtin_holtek_udivmodsi4_2[6]
 315  00BE  1F00     E  	clr _builtin_holtek_udivmodsi4_2[7]
 315  00BF  2000     E  	call _builtin_holtek_udivmodsi4
 315  00C0  0700     E  	mov a,_builtin_holtek_udivmodsi4_2[0]  
 315  00C1  0080     R  	mov _Count_C3[0],a  
 315  00C2  0700     E  	mov a,_builtin_holtek_udivmodsi4_2[1]  
 315  00C3  0080     R  	mov _Count_C3[1],a
 315  00C4  0700     E  	mov a,_builtin_holtek_udivmodsi4_2[2]  
 315  00C5  0080     R  	mov _Count_C3[2],a  
 315  00C6  0700     E  	mov a,_builtin_holtek_udivmodsi4_2[3]  
 315  00C7  0080     R  	mov _Count_C3[3],a
 316  00C8              #line 316 "C:\Users\hamed\OneDrive\Documents\HTK_Project\3ch-3key\3ch-3key\3ch-3key.h"
 316  00C8  1F00     R  	clr _Count_C3_Backup[0]
 316  00C9  1F00     R  	clr _Count_C3_Backup[1]
 316  00CA  1F00     R  	clr _Count_C3_Backup[2]
 316  00CB  1F00     R  	clr _Count_C3_Backup[3]
 316  00CC              _L61:
 320  00CC              #line 320 "C:\Users\hamed\OneDrive\Documents\HTK_Project\3ch-3key\3ch-3key\3ch-3key.h"
 320  00CC  3744        	clr [68].6
 321  00CD              #line 321 "C:\Users\hamed\OneDrive\Documents\HTK_Project\3ch-3key\3ch-3key\3ch-3key.h"
 321  00CD  36C4        	clr [68].5
"File: 3ch-3key.h    Assembler  Version HGASM0202      Page 20

 321  00CE              _L44:
 321  00CE  0003        	ret
 321  00CF              _Key_Select endp
 321  00CF              #line 321 "C:\Users\hamed\OneDrive\Documents\HTK_Project\3ch-3key\3ch-3key\3ch-3key.h"
 321  00CF              #pragma debug scope 1 1
 321  00CF              public _TOUCH_ISR
 321  00CF              #pragma debug scope 9 1
 328  00CF              #line 328 "C:\Users\hamed\OneDrive\Documents\HTK_Project\3ch-3key\3ch-3key\3ch-3key.h"
 328  0000              @TOUCH_ISR_code .section at 40 'code'
 328  0000              _TOUCH_ISR:
 328  0000  0004        	reti
 328  0001              #line 328 "C:\Users\hamed\OneDrive\Documents\HTK_Project\3ch-3key\3ch-3key\3ch-3key.h"
 328  0001              #pragma debug scope 1 1
 328  0001              public _timer
 328  0001              #pragma debug scope 10 1
 334  0001              #line 334 "C:\Users\hamed\OneDrive\Documents\HTK_Project\3ch-3key\3ch-3key\3ch-3key.h"
 334  0000              @timer_code .section at 12 'code'
 334  0000              _timer:
 334  0000  0004        	reti
 334  0001              #line 334 "C:\Users\hamed\OneDrive\Documents\HTK_Project\3ch-3key\3ch-3key\3ch-3key.h"
 334  0001              #pragma debug scope 1 1
 334  0001              ___tmrc equ [29]
 334  0001              ___smod equ [11]
 334  0001              ___pac equ [21]
 334  0001              public _main
 334  0001              #pragma debug scope 11 1

  16  0001              #line 16 "C:\Users\hamed\OneDrive\Documents\HTK_Project\3ch-3key\3ch-3key\3ch-3key.c"
  16  0001              IFDEF WITH_DEFAULT_STARTUP
  16  0001              extern _main_initial0:near
  16  0001              extern _main_startup:near
  16  0001              ENDIF
  16  0001              
  16  0001              ROMBANK 0 @start
  16  0000              @start .section com_l 'code'
  16  0000              _main_startup1:
  16  0000              @start .section com_e 'code'
  16  0000  2800     R  	jmp _main
  16  0001              
  16  0000              _main .section 'code'
  16  0000              _main proc
  22  0000              #line 22 "C:\Users\hamed\OneDrive\Documents\HTK_Project\3ch-3key\3ch-3key\3ch-3key.c"
  22  0000  369D        	clr [29].5
  23  0001              #line 23 "C:\Users\hamed\OneDrive\Documents\HTK_Project\3ch-3key\3ch-3key\3ch-3key.c"
  23  0001  321D        	set [29].4
  25  0002              #line 25 "C:\Users\hamed\OneDrive\Documents\HTK_Project\3ch-3key\3ch-3key\3ch-3key.c"
  25  0002  301D        	set [29].0
  26  0003              #line 26 "C:\Users\hamed\OneDrive\Documents\HTK_Project\3ch-3key\3ch-3key\3ch-3key.c"
  26  0003  349D        	clr [29].1
  27  0004              #line 27 "C:\Users\hamed\OneDrive\Documents\HTK_Project\3ch-3key\3ch-3key\3ch-3key.c"
  27  0004  351D        	clr [29].2
  30  0005              #line 30 "C:\Users\hamed\OneDrive\Documents\HTK_Project\3ch-3key\3ch-3key\3ch-3key.c"
  30  0005  300E        	set [14].0
  31  0006              #line 31 "C:\Users\hamed\OneDrive\Documents\HTK_Project\3ch-3key\3ch-3key\3ch-3key.c"
  31  0006  300B        	set [11].0
  33  0007              #line 33 "C:\Users\hamed\OneDrive\Documents\HTK_Project\3ch-3key\3ch-3key\3ch-3key.c"
  33  0007  330E        	set [14].6
  34  0008              #line 34 "C:\Users\hamed\OneDrive\Documents\HTK_Project\3ch-3key\3ch-3key\3ch-3key.c"
  34  0008  318E        	set [14].3
  36  0009              #line 36 "C:\Users\hamed\OneDrive\Documents\HTK_Project\3ch-3key\3ch-3key\3ch-3key.c"
"File: 3ch-3key.c    Assembler  Version HGASM0202      Page 21

  36  0009  3615        	clr [21].4
  36  000A  3515        	clr [21].2
  36  000B  3415        	clr [21].0
  37  000C              #line 37 "C:\Users\hamed\OneDrive\Documents\HTK_Project\3ch-3key\3ch-3key\3ch-3key.c"
  37  000C  0F01        	mov a,1
  37  000D  0080     R  	mov _delay_ms_2[0],a
  37  000E  1F00     R  	clr _delay_ms_2[1]
  37  000F  1F00     R  	clr _delay_ms_2[2]
  37  0010  1F00     R  	clr _delay_ms_2[3]
  37  0011  2000     R  	call _delay_ms
  38  0012              #line 38 "C:\Users\hamed\OneDrive\Documents\HTK_Project\3ch-3key\3ch-3key\3ch-3key.c"
  38  0012  2000     R  	call _TuochKeyInit
  39  0013              #line 39 "C:\Users\hamed\OneDrive\Documents\HTK_Project\3ch-3key\3ch-3key\3ch-3key.c"
  39  0013  0F01        	mov a,1
  39  0014  0080     R  	mov _delay_ms_2[0],a
  39  0015  1F00     R  	clr _delay_ms_2[1]
  39  0016  1F00     R  	clr _delay_ms_2[2]
  39  0017  1F00     R  	clr _delay_ms_2[3]
  39  0018  2000     R  	call _delay_ms
  40  0019              #line 40 "C:\Users\hamed\OneDrive\Documents\HTK_Project\3ch-3key\3ch-3key\3ch-3key.c"
  40  0019  2000     R  	call _CalibrTuoch
  43  001A              #line 43 "C:\Users\hamed\OneDrive\Documents\HTK_Project\3ch-3key\3ch-3key\3ch-3key.c"
  43  001A  3214        	set [20].4
  44  001B              #line 44 "C:\Users\hamed\OneDrive\Documents\HTK_Project\3ch-3key\3ch-3key\3ch-3key.c"
  44  001B  3114        	set [20].2
  45  001C              #line 45 "C:\Users\hamed\OneDrive\Documents\HTK_Project\3ch-3key\3ch-3key\3ch-3key.c"
  45  001C  3014        	set [20].0
  45  001D              _L70:
  52  001D              #line 52 "C:\Users\hamed\OneDrive\Documents\HTK_Project\3ch-3key\3ch-3key\3ch-3key.c"
  52  001D              ;# 52 "C:\Users\hamed\OneDrive\Documents\HTK_Project\3ch-3key\3ch-3key\3ch-3key.c" 1
  52  001D  0001        	clr wdt
  53  001E              #line 53 "C:\Users\hamed\OneDrive\Documents\HTK_Project\3ch-3key\3ch-3key\3ch-3key.c"
  53  001E  0700     R  	mov a,_i[0]
  53  001F  0080     E  	mov ra,a
  53  0020  0700     E  	mov a,ra
  53  0021  2000     R  	call _Key_Select
  54  0022              #line 54 "C:\Users\hamed\OneDrive\Documents\HTK_Project\3ch-3key\3ch-3key\3ch-3key.c"
  54  0022  1480     R  	inc _i[0]
  54  0023  0F02        	mov a,2
  54  0024  0200     R  	sub a,_i[0]
  54  0025  3C0A        	sz c
  54  0026  2800     R  	jmp _L69
  54  0027  1F00     R  	clr _i[0]
  54  0028              _L69:
  55  0028              #line 55 "C:\Users\hamed\OneDrive\Documents\HTK_Project\3ch-3key\3ch-3key\3ch-3key.c"
  55  0028  2000     R  	call _Key_Touch
  56  0029              #line 56 "C:\Users\hamed\OneDrive\Documents\HTK_Project\3ch-3key\3ch-3key\3ch-3key.c"
  56  0029  2800     R  	jmp _L70
  56  002A  2800     R  	jmp $
  56  002B              _main endp
  56  002B              
  56  002B              @dummy endp
  56  002B              
  56  002B              #line 56 "C:\Users\hamed\OneDrive\Documents\HTK_Project\3ch-3key\3ch-3key\3ch-3key.c"
  56  002B              #pragma debug scope 1 1
  56  002B              public _q3
  56  0000              @HCCINIT	.section 'data'

  16  0000              #line 16 "C:\Users\hamed\OneDrive\Documents\HTK_Project\3ch-3key\3ch-3key\3ch-3key.h"
  16  0000              @BITDATASEC .section 'data'
"File: 3ch-3key.h    Assembler  Version HGASM0202      Page 22

  16  0000  00          _q3	dbit 0
  16  0001              #pragma debug variable 2 1 _q3 "q3"
  16  0001              public _q2
  16  0001              #line 16 "C:\Users\hamed\OneDrive\Documents\HTK_Project\3ch-3key\3ch-3key\3ch-3key.h"
  16  0001              @BITDATASEC .section 'data'
  16  0000              _q2	dbit 0
  16  0001              #pragma debug variable 2 1 _q2 "q2"
  16  0001              public _q1
  16  0001              #line 16 "C:\Users\hamed\OneDrive\Documents\HTK_Project\3ch-3key\3ch-3key\3ch-3key.h"
  16  0001              @BITDATASEC .section 'data'
  16  0000              _q1	dbit 0
  16  0001              #pragma debug variable 2 1 _q1 "q1"
  16  0001              public _CalibrSample3
  14  0001              #line 14 "C:\Users\hamed\OneDrive\Documents\HTK_Project\3ch-3key\3ch-3key\3ch-3key.h"
  14  0000              @HCCINIT .section 'data'
  14  0000              _CalibrSample3 label byte
  14  0000              #pragma debug variable 8 1 _CalibrSample3 "CalibrSample3"
  14  0000              	db 0
  14  0000              @ROMDATA_BASE .section inpage 'code'
  14  0000              	db 0
  14  0001              @HCCINIT .section 'data'
  14  0001              public _CalibrCount3
  14  0001              #line 14 "C:\Users\hamed\OneDrive\Documents\HTK_Project\3ch-3key\3ch-3key\3ch-3key.h"
  14  0001              @HCCINIT .section 'data'
  14  0001              _CalibrCount3 label byte
  14  0001              #pragma debug variable 8 1 _CalibrCount3 "CalibrCount3"
  14  0001              	db 0
  14  0001              @ROMDATA_BASE .section inpage 'code'
  14  0001              	db 0
  14  0002              @HCCINIT .section 'data'
  14  0002              public _Count_T3
  13  0002              #line 13 "C:\Users\hamed\OneDrive\Documents\HTK_Project\3ch-3key\3ch-3key\3ch-3key.h"
  13  0002              @HCCINIT .section 'data'
  13  0002              _Count_T3 label byte
  13  0002              #pragma debug variable 12 1 _Count_T3 "Count_T3"
  13  0002              	db 0
  13  0001              @ROMDATA_BASE .section inpage 'code'
  13  0001              	db 0
  13  0003              @HCCINIT .section 'data'
  13  0003              	db 0
  13  0002              @ROMDATA_BASE .section inpage 'code'
  13  0002              	db 0
  13  0004              @HCCINIT .section 'data'
  13  0004              public _Count_S3
  12  0004              #line 12 "C:\Users\hamed\OneDrive\Documents\HTK_Project\3ch-3key\3ch-3key\3ch-3key.h"
  12  0004              @HCCINIT .section 'data'
  12  0004              _Count_S3 label byte
  12  0004              #pragma debug variable 12 1 _Count_S3 "Count_S3"
  12  0004              	db 0
  12  0002              @ROMDATA_BASE .section inpage 'code'
  12  0002              	db 0
  12  0005              @HCCINIT .section 'data'
  12  0005              	db 0
  12  0003              @ROMDATA_BASE .section inpage 'code'
  12  0003              	db 0
  12  0006              @HCCINIT .section 'data'
  12  0006              public _Count_C3_Backup
  11  0006              #line 11 "C:\Users\hamed\OneDrive\Documents\HTK_Project\3ch-3key\3ch-3key\3ch-3key.h"
  11  0006              @HCCINIT .section 'data'
  11  0006              _Count_C3_Backup label byte
"File: 3ch-3key.h    Assembler  Version HGASM0202      Page 23

  11  0006              #pragma debug variable 14 1 _Count_C3_Backup "Count_C3_Backup"
  11  0006              	db 0
  11  0003              @ROMDATA_BASE .section inpage 'code'
  11  0003              	db 0
  11  0007              @HCCINIT .section 'data'
  11  0007              	db 0
  11  0004              @ROMDATA_BASE .section inpage 'code'
  11  0004              	db 0
  11  0008              @HCCINIT .section 'data'
  11  0008              	db 0
  11  0004              @ROMDATA_BASE .section inpage 'code'
  11  0004              	db 0
  11  0009              @HCCINIT .section 'data'
  11  0009              	db 0
  11  0005              @ROMDATA_BASE .section inpage 'code'
  11  0005              	db 0
  11  000A              @HCCINIT .section 'data'
  11  000A              public _Count_C3
  11  000A              #line 11 "C:\Users\hamed\OneDrive\Documents\HTK_Project\3ch-3key\3ch-3key\3ch-3key.h"
  11  000A              @HCCINIT .section 'data'
  11  000A              _Count_C3 label byte
  11  000A              #pragma debug variable 14 1 _Count_C3 "Count_C3"
  11  000A              	db 0
  11  0005              @ROMDATA_BASE .section inpage 'code'
  11  0005              	db 0
  11  000B              @HCCINIT .section 'data'
  11  000B              	db 0
  11  0006              @ROMDATA_BASE .section inpage 'code'
  11  0006              	db 0
  11  000C              @HCCINIT .section 'data'
  11  000C              	db 0
  11  0006              @ROMDATA_BASE .section inpage 'code'
  11  0006              	db 0
  11  000D              @HCCINIT .section 'data'
  11  000D              	db 0
  11  0007              @ROMDATA_BASE .section inpage 'code'
  11  0007              	db 0
  11  000E              @HCCINIT .section 'data'
  11  000E              public _CalibrSample2
   9  000E              #line 9 "C:\Users\hamed\OneDrive\Documents\HTK_Project\3ch-3key\3ch-3key\3ch-3key.h"
   9  000E              @HCCINIT .section 'data'
   9  000E              _CalibrSample2 label byte
   9  000E              #pragma debug variable 8 1 _CalibrSample2 "CalibrSample2"
   9  000E              	db 0
   9  0007              @ROMDATA_BASE .section inpage 'code'
   9  0007              	db 0
   9  000F              @HCCINIT .section 'data'
   9  000F              public _CalibrCount2
   9  000F              #line 9 "C:\Users\hamed\OneDrive\Documents\HTK_Project\3ch-3key\3ch-3key\3ch-3key.h"
   9  000F              @HCCINIT .section 'data'
   9  000F              _CalibrCount2 label byte
   9  000F              #pragma debug variable 8 1 _CalibrCount2 "CalibrCount2"
   9  000F              	db 0
   9  0008              @ROMDATA_BASE .section inpage 'code'
   9  0008              	db 0
   9  0010              @HCCINIT .section 'data'
   9  0010              public _Count_T2
   8  0010              #line 8 "C:\Users\hamed\OneDrive\Documents\HTK_Project\3ch-3key\3ch-3key\3ch-3key.h"
   8  0010              @HCCINIT .section 'data'
   8  0010              _Count_T2 label byte
"File: 3ch-3key.h    Assembler  Version HGASM0202      Page 24

   8  0010              #pragma debug variable 12 1 _Count_T2 "Count_T2"
   8  0010              	db 0
   8  0008              @ROMDATA_BASE .section inpage 'code'
   8  0008              	db 0
   8  0011              @HCCINIT .section 'data'
   8  0011              	db 0
   8  0009              @ROMDATA_BASE .section inpage 'code'
   8  0009              	db 0
   8  0012              @HCCINIT .section 'data'
   8  0012              public _Count_S2
   7  0012              #line 7 "C:\Users\hamed\OneDrive\Documents\HTK_Project\3ch-3key\3ch-3key\3ch-3key.h"
   7  0012              @HCCINIT .section 'data'
   7  0012              _Count_S2 label byte
   7  0012              #pragma debug variable 12 1 _Count_S2 "Count_S2"
   7  0012              	db 0
   7  0009              @ROMDATA_BASE .section inpage 'code'
   7  0009              	db 0
   7  0013              @HCCINIT .section 'data'
   7  0013              	db 0
   7  000A              @ROMDATA_BASE .section inpage 'code'
   7  000A              	db 0
   7  0014              @HCCINIT .section 'data'
   7  0014              public _Count_C2_Backup
   6  0014              #line 6 "C:\Users\hamed\OneDrive\Documents\HTK_Project\3ch-3key\3ch-3key\3ch-3key.h"
   6  0014              @HCCINIT .section 'data'
   6  0014              _Count_C2_Backup label byte
   6  0014              #pragma debug variable 14 1 _Count_C2_Backup "Count_C2_Backup"
   6  0014              	db 0
   6  000A              @ROMDATA_BASE .section inpage 'code'
   6  000A              	db 0
   6  0015              @HCCINIT .section 'data'
   6  0015              	db 0
   6  000B              @ROMDATA_BASE .section inpage 'code'
   6  000B              	db 0
   6  0016              @HCCINIT .section 'data'
   6  0016              	db 0
   6  000B              @ROMDATA_BASE .section inpage 'code'
   6  000B              	db 0
   6  0017              @HCCINIT .section 'data'
   6  0017              	db 0
   6  000C              @ROMDATA_BASE .section inpage 'code'
   6  000C              	db 0
   6  0018              @HCCINIT .section 'data'
   6  0018              public _Count_C2
   6  0018              #line 6 "C:\Users\hamed\OneDrive\Documents\HTK_Project\3ch-3key\3ch-3key\3ch-3key.h"
   6  0018              @HCCINIT .section 'data'
   6  0018              _Count_C2 label byte
   6  0018              #pragma debug variable 14 1 _Count_C2 "Count_C2"
   6  0018              	db 0
   6  000C              @ROMDATA_BASE .section inpage 'code'
   6  000C              	db 0
   6  0019              @HCCINIT .section 'data'
   6  0019              	db 0
   6  000D              @ROMDATA_BASE .section inpage 'code'
   6  000D              	db 0
   6  001A              @HCCINIT .section 'data'
   6  001A              	db 0
   6  000D              @ROMDATA_BASE .section inpage 'code'
   6  000D              	db 0
   6  001B              @HCCINIT .section 'data'
"File: 3ch-3key.h    Assembler  Version HGASM0202      Page 25

   6  001B              	db 0
   6  000E              @ROMDATA_BASE .section inpage 'code'
   6  000E              	db 0
   6  001C              @HCCINIT .section 'data'
   6  001C              public _CalibrSample1
   4  001C              #line 4 "C:\Users\hamed\OneDrive\Documents\HTK_Project\3ch-3key\3ch-3key\3ch-3key.h"
   4  001C              @HCCINIT .section 'data'
   4  001C              _CalibrSample1 label byte
   4  001C              #pragma debug variable 8 1 _CalibrSample1 "CalibrSample1"
   4  001C              	db 0
   4  000E              @ROMDATA_BASE .section inpage 'code'
   4  000E              	db 0
   4  001D              @HCCINIT .section 'data'
   4  001D              public _CalibrCount1
   4  001D              #line 4 "C:\Users\hamed\OneDrive\Documents\HTK_Project\3ch-3key\3ch-3key\3ch-3key.h"
   4  001D              @HCCINIT .section 'data'
   4  001D              _CalibrCount1 label byte
   4  001D              #pragma debug variable 8 1 _CalibrCount1 "CalibrCount1"
   4  001D              	db 0
   4  000F              @ROMDATA_BASE .section inpage 'code'
   4  000F              	db 0
   4  001E              @HCCINIT .section 'data'
   4  001E              public _counter
   4  001E              #line 4 "C:\Users\hamed\OneDrive\Documents\HTK_Project\3ch-3key\3ch-3key\3ch-3key.h"
   4  001E              @HCCINIT .section 'data'
   4  001E              _counter label byte
   4  001E              #pragma debug variable 8 1 _counter "counter"
   4  001E              	db 0
   4  000F              @ROMDATA_BASE .section inpage 'code'
   4  000F              	db 0
   4  001F              @HCCINIT .section 'data'
   4  001F              public _i
   4  001F              #line 4 "C:\Users\hamed\OneDrive\Documents\HTK_Project\3ch-3key\3ch-3key\3ch-3key.h"
   4  001F              @HCCINIT .section 'data'
   4  001F              _i label byte
   4  001F              #pragma debug variable 8 1 _i "i"
   4  001F              	db 0
   4  0010              @ROMDATA_BASE .section inpage 'code'
   4  0010              	db 0
   4  0020              @HCCINIT .section 'data'
   4  0020              public _Count_T1
   3  0020              #line 3 "C:\Users\hamed\OneDrive\Documents\HTK_Project\3ch-3key\3ch-3key\3ch-3key.h"
   3  0020              @HCCINIT .section 'data'
   3  0020              _Count_T1 label byte
   3  0020              #pragma debug variable 12 1 _Count_T1 "Count_T1"
   3  0020              	db 0
   3  0010              @ROMDATA_BASE .section inpage 'code'
   3  0010              	db 0
   3  0021              @HCCINIT .section 'data'
   3  0021              	db 0
   3  0011              @ROMDATA_BASE .section inpage 'code'
   3  0011              	db 0
   3  0022              @HCCINIT .section 'data'
   3  0022              public _Count_S1
   2  0022              #line 2 "C:\Users\hamed\OneDrive\Documents\HTK_Project\3ch-3key\3ch-3key\3ch-3key.h"
   2  0022              @HCCINIT .section 'data'
   2  0022              _Count_S1 label byte
   2  0022              #pragma debug variable 12 1 _Count_S1 "Count_S1"
   2  0022              	db 0
   2  0011              @ROMDATA_BASE .section inpage 'code'
"File: 3ch-3key.h    Assembler  Version HGASM0202      Page 26

   2  0011              	db 0
   2  0023              @HCCINIT .section 'data'
   2  0023              	db 0
   2  0012              @ROMDATA_BASE .section inpage 'code'
   2  0012              	db 0
   2  0024              @HCCINIT .section 'data'
   2  0024              public _Count_C1_Backup
   1  0024              #line 1 "C:\Users\hamed\OneDrive\Documents\HTK_Project\3ch-3key\3ch-3key\3ch-3key.h"
   1  0024              @HCCINIT .section 'data'
   1  0024              _Count_C1_Backup label byte
   1  0024              #pragma debug variable 14 1 _Count_C1_Backup "Count_C1_Backup"
   1  0024              	db 0
   1  0012              @ROMDATA_BASE .section inpage 'code'
   1  0012              	db 0
   1  0025              @HCCINIT .section 'data'
   1  0025              	db 0
   1  0013              @ROMDATA_BASE .section inpage 'code'
   1  0013              	db 0
   1  0026              @HCCINIT .section 'data'
   1  0026              	db 0
   1  0013              @ROMDATA_BASE .section inpage 'code'
   1  0013              	db 0
   1  0027              @HCCINIT .section 'data'
   1  0027              	db 0
   1  0014              @ROMDATA_BASE .section inpage 'code'
   1  0014              	db 0
   1  0028              @HCCINIT .section 'data'
   1  0028              public _Count_C1
   1  0028              #line 1 "C:\Users\hamed\OneDrive\Documents\HTK_Project\3ch-3key\3ch-3key\3ch-3key.h"
   1  0028              @HCCINIT .section 'data'
   1  0028              _Count_C1 label byte
   1  0028              #pragma debug variable 14 1 _Count_C1 "Count_C1"
   1  0028              	db 0
   1  0014              @ROMDATA_BASE .section inpage 'code'
   1  0014              	db 0
   1  0029              @HCCINIT .section 'data'
   1  0029              	db 0
   1  0015              @ROMDATA_BASE .section inpage 'code'
   1  0015              	db 0
   1  002A              @HCCINIT .section 'data'
   1  002A              	db 0
   1  0015              @ROMDATA_BASE .section inpage 'code'
   1  0015              	db 0
   1  002B              @HCCINIT .section 'data'
   1  002B              	db 0
   1  0016              @ROMDATA_BASE .section inpage 'code'
   1  0016              	db 0
   1  002C              @HCCINIT .section 'data'
   1  002C              #pragma debug struct_end
   1  002C              #pragma debug struct_end
   1  002C              #pragma debug union_end
   1  002C              #pragma debug union_end
   1  002C              #pragma debug variable 43 1 ___smod "__smod" 1
   1  002C              #pragma debug struct_end
   1  002C              #pragma debug struct_end
   1  002C              #pragma debug union_end
   1  002C              #pragma debug union_end
   1  002C              #pragma debug variable 45 1 ___intc0 "__intc0" 1
   1  002C              #pragma debug struct_end
   1  002C              #pragma debug struct_end
"File: 3ch-3key.h    Assembler  Version HGASM0202      Page 27

   1  002C              #pragma debug union_end
   1  002C              #pragma debug union_end
   1  002C              #pragma debug variable 47 1 ___pa "__pa" 1
   1  002C              #pragma debug struct_end
   1  002C              #pragma debug struct_end
   1  002C              #pragma debug union_end
   1  002C              #pragma debug union_end
   1  002C              #pragma debug variable 49 1 ___pac "__pac" 1
   1  002C              #pragma debug struct_end
   1  002C              #pragma debug struct_end
   1  002C              #pragma debug union_end
   1  002C              #pragma debug union_end
   1  002C              #pragma debug variable 51 1 ___tmrc "__tmrc" 1
   1  002C              #pragma debug variable 8 1 ___tktmr "__tktmr" 1
   1  002C              #pragma debug struct_end
   1  002C              #pragma debug struct_end
   1  002C              #pragma debug union_end
   1  002C              #pragma debug union_end
   1  002C              #pragma debug variable 53 1 ___tkc0 "__tkc0" 1
   1  002C              #pragma debug struct_end
   1  002C              #pragma debug struct_end
   1  002C              #pragma debug union_end
   1  002C              #pragma debug union_end
   1  002C              #pragma debug variable 55 1 ___tkc1 "__tkc1" 1
   1  002C              #pragma debug variable 8 1 ___tkm016dl "__tkm016dl" 1
   1  002C              #pragma debug variable 8 1 ___tkm016dh "__tkm016dh" 1
   1  002C              #pragma debug variable 8 1 ___tkm0rol "__tkm0rol" 1
   1  002C              #pragma debug variable 8 1 ___tkm0roh "__tkm0roh" 1
   1  002C              #pragma debug struct_end
   1  002C              #pragma debug struct_end
   1  002C              #pragma debug union_end
   1  002C              #pragma debug union_end
   1  002C              #pragma debug variable 57 1 ___tkm0c0 "__tkm0c0" 1
   1  002C              #pragma debug struct_end
   1  002C              #pragma debug struct_end
   1  002C              #pragma debug union_end
   1  002C              #pragma debug union_end
   1  002C              #pragma debug variable 59 1 ___tkm0c1 "__tkm0c1" 1

  16  002C              #line 16 "C:\Users\hamed\OneDrive\Documents\HTK_Project\3ch-3key\3ch-3key\3ch-3key.c"
  16  0000              @code .section at 0 'code'
  16  0000  2800     R  	jmp _main_startup1
  16  0001              
  16  0001              extern _builtin_holtek_mulsi3_2:byte
  16  0001              extern _builtin_holtek_mulsi3:near
  16  0001              extern _builtin_holtek_udivmodsi4_2:byte
  16  0001              extern _builtin_holtek_udivmodsi4:near
  16  0001              
  16  0001              ; 
  16  0001              ; Generated by holtek-gcc v3.19, Mon Jan 19 18:52:28 2026
  16  0001              ; Rebuild 718
  16  0001              ; end of file


        0 Errors, 0