
Linker Version 8.7.7.220718
Input Object File: C:\Users\hamed\OneDrive\Documents\HTK_Project\3ch-3key\3ch-3key\3CH-3KEY.OBJ
Input Object File: C:\Users\hamed\OneDrive\Documents\HTK_Project\3ch-3key\3ch-3key\STARTUP1_L.OBJ

Input Library File: C:\Program Files\Holtek MCU Development Tools\HT-IDE3000V8.x\LIB\LIBHOLTEKGCC.LIB
Input Library File: C:\Program Files\Holtek MCU Development Tools\HT-IDE3000V8.x\LIB\v3_tabrd_mrsc.lib


     Bank    Start     End      Length     Class    AvgIns    Name
     00h     0000h     0000h    0001h      CODE               @code (C:\Users\hamed\OneDrive\Documents\HTK_Project\3ch-3key\3ch-3key\3CH-3KEY.OBJ)
     00h     000ch     000ch    0001h      CODE               @timer_code (C:\Users\hamed\OneDrive\Documents\HTK_Project\3ch-3key\3ch-3key\3CH-3KEY.OBJ)
     00h     000dh     0024h    0018h      CODE               _TuochKeyInit (C:\Users\hamed\OneDrive\Documents\HTK_Project\3ch-3key\3ch-3key\3CH-3KEY.OBJ)
     00h     0028h     0028h    0001h      CODE               @TOUCH_ISR_code (C:\Users\hamed\OneDrive\Documents\HTK_Project\3ch-3key\3ch-3key\3CH-3KEY.OBJ)
     00h     0029h     0049h    0021h      CODE               @start (C:\Users\hamed\OneDrive\Documents\HTK_Project\3ch-3key\3ch-3key\3CH-3KEY.OBJ)
     00h     004ah     0067h    001eh      CODE               _delay_10us (C:\Users\hamed\OneDrive\Documents\HTK_Project\3ch-3key\3ch-3key\3CH-3KEY.OBJ)
     00h     0068h     009eh    0037h      CODE               _delay_ms (C:\Users\hamed\OneDrive\Documents\HTK_Project\3ch-3key\3ch-3key\3CH-3KEY.OBJ)
     00h     009fh     017ah    00dch      CODE               _Key_Touch (C:\Users\hamed\OneDrive\Documents\HTK_Project\3ch-3key\3ch-3key\3CH-3KEY.OBJ)
     00h     017bh     0254h    00dah      CODE               _CalibrTuoch (C:\Users\hamed\OneDrive\Documents\HTK_Project\3ch-3key\3ch-3key\3CH-3KEY.OBJ)
     00h     0255h     0323h    00cfh      CODE               _Key_Select (C:\Users\hamed\OneDrive\Documents\HTK_Project\3ch-3key\3ch-3key\3CH-3KEY.OBJ)
     00h     0324h     034eh    002bh      CODE               _main (C:\Users\hamed\OneDrive\Documents\HTK_Project\3ch-3key\3ch-3key\3CH-3KEY.OBJ)
     00h     034fh     0367h    0019h      CODE               @ROMDATA_BASE (C:\Users\hamed\OneDrive\Documents\HTK_Project\3ch-3key\3ch-3key\STARTUP1_L.OBJ)
     00h     0368h     0386h    001fh      CODE               _builtin_holtek_mulsi3_isr00 (C:\Program Files\Holtek MCU Development Tools\HT-IDE3000V8.x\LIB\LIBHOLTEKGCC.LIB)
     00h     0387h     03c9h    0043h      CODE               _builtin_holtek_divmodsi4_isr00 (C:\Program Files\Holtek MCU Development Tools\HT-IDE3000V8.x\LIB\LIBHOLTEKGCC.LIB)
     00h     0060h     008bh    002ch      DATA     5.0682    @HCCINIT (C:\Users\hamed\OneDrive\Documents\HTK_Project\3ch-3key\3ch-3key\3CH-3KEY.OBJ)
     00h     008ch     008ch    0001h      DATA     0         @BITDATASEC (C:\Users\hamed\OneDrive\Documents\HTK_Project\3ch-3key\3ch-3key\STARTUP1_L.OBJ)
     00h     008dh     008dh    0001h      DATA     4         @data_ra (C:\Program Files\Holtek MCU Development Tools\HT-IDE3000V8.x\LIB\LIBHOLTEKGCC.LIB)
     00h     008eh     008eh    0001h      DATA     6         @data_rb (C:\Program Files\Holtek MCU Development Tools\HT-IDE3000V8.x\LIB\LIBHOLTEKGCC.LIB)
     00h     008fh     008fh    0001h      DATA     6         @data_rc (C:\Program Files\Holtek MCU Development Tools\HT-IDE3000V8.x\LIB\LIBHOLTEKGCC.LIB)
     00h     0090h     0090h    0001h      DATA     21        @data_rd (C:\Program Files\Holtek MCU Development Tools\HT-IDE3000V8.x\LIB\LIBHOLTEKGCC.LIB)
     00h     0091h     0091h    0001h      DATA     21        @data_re (C:\Program Files\Holtek MCU Development Tools\HT-IDE3000V8.x\LIB\LIBHOLTEKGCC.LIB)
     00h     0092h     0092h    0001h      DATA     21        @data_rf (C:\Program Files\Holtek MCU Development Tools\HT-IDE3000V8.x\LIB\LIBHOLTEKGCC.LIB)
     00h     0093h     0093h    0001h      DATA     21        @data_rg (C:\Program Files\Holtek MCU Development Tools\HT-IDE3000V8.x\LIB\LIBHOLTEKGCC.LIB)

     Local Sections

     Bank    Start     End      Length     Class    AvgIns    Name
     00h     00aeh     00aeh    0000h      LOCAL    0         @dummy (C:\Users\hamed\OneDrive\Documents\HTK_Project\3ch-3key\3ch-3key\3CH-3KEY.OBJ)
     00h     00aeh     00aeh    0000h      LOCAL    0         _main (C:\Users\hamed\OneDrive\Documents\HTK_Project\3ch-3key\3ch-3key\3CH-3KEY.OBJ)
     00h     00a0h     00a7h    0008h      LOCAL    4         _delay_ms (C:\Users\hamed\OneDrive\Documents\HTK_Project\3ch-3key\3ch-3key\3CH-3KEY.OBJ)
     00h     0094h     009fh    000ch      LOCAL    3.0833    _builtin_holtek_mulsi3_isr00 (C:\Program Files\Holtek MCU Development Tools\HT-IDE3000V8.x\LIB\LIBHOLTEKGCC.LIB)
     00h     0094h     0094h    0000h      LOCAL    0         _TuochKeyInit (C:\Users\hamed\OneDrive\Documents\HTK_Project\3ch-3key\3ch-3key\3CH-3KEY.OBJ)
     00h     00a8h     00adh    0006h      LOCAL    2         _CalibrTuoch (C:\Users\hamed\OneDrive\Documents\HTK_Project\3ch-3key\3ch-3key\3CH-3KEY.OBJ)
     00h     0094h     0097h    0004h      LOCAL    4         _delay_10us (C:\Users\hamed\OneDrive\Documents\HTK_Project\3ch-3key\3ch-3key\3CH-3KEY.OBJ)
     00h     0094h     00a1h    000eh      LOCAL    9.3571    _builtin_holtek_divmodsi4_isr00 (C:\Program Files\Holtek MCU Development Tools\HT-IDE3000V8.x\LIB\LIBHOLTEKGCC.LIB)
     00h     00a2h     00a2h    0001h      LOCAL    3         _Key_Select (C:\Users\hamed\OneDrive\Documents\HTK_Project\3ch-3key\3ch-3key\3CH-3KEY.OBJ)
     00h     0094h     0094h    0000h      LOCAL    0         _Key_Touch (C:\Users\hamed\OneDrive\Documents\HTK_Project\3ch-3key\3ch-3key\3CH-3KEY.OBJ)

     Public Symbols Information
     Address            Public by Name
     007dh              _CalibrCount1
     006fh              _CalibrCount2
     0061h              _CalibrCount3
     007ch              _CalibrSample1
     006eh              _CalibrSample2
     0060h              _CalibrSample3
     017bh              _CalibrTuoch
     0088h              _Count_C1
     0084h              _Count_C1_Backup
     0078h              _Count_C2
     0074h              _Count_C2_Backup
     006ah              _Count_C3
     0066h              _Count_C3_Backup
     0082h              _Count_S1
     0072h              _Count_S2
     0064h              _Count_S3
     0080h              _Count_T1
     0070h              _Count_T2
     0062h              _Count_T3
     0255h              _Key_Select
     009fh              _Key_Touch
     0028h              _TOUCH_ISR
     000dh              _TuochKeyInit
     0368h              _builtin_holtek_mulsi3_isr00
     0098h              _builtin_holtek_mulsi3_isr00_2
     0387h              _builtin_holtek_udivmodsi4_isr00
     007eh              _counter
     004ah              _delay_10us
     0094h              _delay_10us_2
     0068h              _delay_ms
     00a0h              _delay_ms_2
     007fh              _i
     0324h              _main
     008ch[2]           _q1
     008ch[1]           _q2
     008ch[0]           _q3
     000ch              _timer
     008dh              ra
     008eh              rb
     008fh              rc
     0090h              rd
     0091h              re
     0092h              rf
     0093h              rg
     034eh              startup_value_1

     Address            Public by Value
     000ch              _timer
     000dh              _TuochKeyInit
     0028h              _TOUCH_ISR
     004ah              _delay_10us
     0060h              _CalibrSample3
     0061h              _CalibrCount3
     0062h              _Count_T3
     0064h              _Count_S3
     0066h              _Count_C3_Backup
     0068h              _delay_ms
     006ah              _Count_C3
     006eh              _CalibrSample2
     006fh              _CalibrCount2
     0070h              _Count_T2
     0072h              _Count_S2
     0074h              _Count_C2_Backup
     0078h              _Count_C2
     007ch              _CalibrSample1
     007dh              _CalibrCount1
     007eh              _counter
     007fh              _i
     0080h              _Count_T1
     0082h              _Count_S1
     0084h              _Count_C1_Backup
     0088h              _Count_C1
     008dh              ra
     008eh              rb
     008fh              rc
     0090h              rd
     0091h              re
     0092h              rf
     0093h              rg
     0094h              _delay_10us_2
     0098h              _builtin_holtek_mulsi3_isr00_2
     009fh              _Key_Touch
     00a0h              _delay_ms_2
     017bh              _CalibrTuoch
     0255h              _Key_Select
     0324h              _main
     034eh              startup_value_1
     0368h              _builtin_holtek_mulsi3_isr00
     0387h              _builtin_holtek_udivmodsi4_isr00
     008ch[0]           _q3
     008ch[1]           _q2
     008ch[2]           _q1


ROM Usage Statistics
     Size      Used     Percentage
     0800h     03bch    46%

RAM Usage Statistics
    Bank      Size      Used     Percentage
     00h       0080h     004eh    60%
     Total     0080h     004eh    60%

Use Stack Count
_main: 3

Call Tree
    @dummy
        _main (0)
            _delay_ms (1)
                _builtin_holtek_mulsi3_isr00 (2)
            _TuochKeyInit (1)
            _CalibrTuoch (1)
                _delay_10us (2)
                _delay_ms (2)
                    _builtin_holtek_mulsi3_isr00 (3)
                _builtin_holtek_divmodsi4_isr00 (2)
            _Key_Select (1)
                _builtin_holtek_divmodsi4_isr00 (2)
            _Key_Touch (1)

HLINK: Program entry point at section '@code' (address 0) of file 'C:\Users\hamed\OneDrive\Documents\HTK_Project\3ch-3key\3ch-3key\3CH-3KEY.OBJ'

Total 0 error(s), Total 0 Warning(s)
