"File: prid2.c       Assembler  Version HGASM0202      Page 1


   1  0000              ; Generated by holtek-gcc v3.19, Fri Aug 11 22:23:18 2023
   2  0000              ; 
   3  0000              ; Configuration:
   4  0000              ;       without long instruction
   5  0000              ;       Single ROM, Multi-RAM
   6  0000              ;       bits_per_rom_unit:16
   7  0000              ;       with mp1
   8  0000              ;       with tbhp, address(0x9)
   9  0000              ;          Use tabrd-const
  10  0000              ;       
  11  0000              ;       
  12  0000              ;       
  13  0000              ; use 'tabrdc' instead of 'tabrd'
  14  0000              ;       
  15  0000              
  16  0000              #pragma translator "holtek-gcc 4.6.4" "3.19" "build 20130711"
  17  0000              ; Rebuild 718
  18  0000              
  19  0000              ir equ [2]
  20  0000              mp equ [3]
  21  0000              sbp equ [1]
  22  0000              acc equ [5]
  23  0000              bp equ [4]
  24  0000              tblp equ [7]
  25  0000              tbhp equ [9]
  26  0000              status equ [10]
  27  0000              c equ [10].0
  28  0000              ac equ [10].1
  29  0000              z equ [10].2
  30  0000              ov equ [10].3
  31  0000              intc equ [11]
  32  0000              
  33  0000              extern ra:byte
  34  0000              extern rb:byte
  35  0000              extern rc:byte
  36  0000              extern rd:byte
  37  0000              extern re:byte
  38  0000              extern rf:byte
  39  0000              extern rg:byte
  40  0000              extern rh:byte
  41  0000              extern _Crom2Prom:near
  42  0000              extern _Crom2PromNext:near
  43  0000              
  44  0000              RAMBANK 0 @HCCINIT, @HCCINIT0
  45  0000              
  46  0000              RAMBANK 0 @BITDATASEC, @BITDATASEC1
  47  0000              @HCCINIT	.section 'data'
  48  0000              @HCCINIT0	.section 'data'
  49  0000              @BITDATASEC	 .section 'data'
  50  0000              @BITDATASEC1	 .section 'data'
  51  0000              
  52  0000              #pragma debug scope 1 1
  53  0000              	extern __DELAY3:near
  54  0000              	extern __DELAYX3:near
  55  0000              	extern __DELAYX6:near
  56  0000              	extern __DELAYY5:near
  57  0000              	extern __DELAYY3:near
  58  0000              	extern _builtin_holtek_delay_2:byte
  59  0000              public _Delay
"File: prid2.ASM     Assembler  Version HGASM0202      Page 2

  60  0000              #pragma debug scope 2 1

  19  0000              #line 19 "C:\Users\hamed\OneDrive\Documents\HTK_Project\prid2\prid2.c"
  19  0000              _Delay .section 'code'
  19  0000              _Delay proc
  19  0000              public _Delay_2
  19  0000  0008[           local _Delay_2 db 8 dup(?)	; 4,4
            00
            ]
  19  0008              #pragma debug variable 14 2 _Delay_2+0 "count"
  19  0008              #pragma debug variable 14 2 _Delay_2+4 "i"
  21  0008              #line 21 "C:\Users\hamed\OneDrive\Documents\HTK_Project\prid2\prid2.c"
  21  0000  1F00     R  	clr _Delay_2[4]
  21  0001  1F00     R  	clr _Delay_2[5]
  21  0002  1F00     R  	clr _Delay_2[6]
  21  0003  1F00     R  	clr _Delay_2[7]
  21  0004  2800     R  	jmp _L2
  21  0005              _L3:
  23  0005              #line 23 "C:\Users\hamed\OneDrive\Documents\HTK_Project\prid2\prid2.c"
  23  0005              ;# 23 "C:\Users\hamed\OneDrive\Documents\HTK_Project\prid2\prid2.c" 1
  23  0005  0000        	nop
  24  0006              #line 24 "C:\Users\hamed\OneDrive\Documents\HTK_Project\prid2\prid2.c"
  24  0006              ;# 24 "C:\Users\hamed\OneDrive\Documents\HTK_Project\prid2\prid2.c" 1
  24  0006  0001        	clr wdt
  21  0007              #line 21 "C:\Users\hamed\OneDrive\Documents\HTK_Project\prid2\prid2.c"
  21  0007  0F01        	mov a,1
  21  0008  0380     R  	addm a,_Delay_2[4]
  21  0009  0F00        	mov a,0
  21  000A  1380     R  	adcm a,_Delay_2[5]
  21  000B  1380     R  	adcm a,_Delay_2[6]
  21  000C  1380     R  	adcm a,_Delay_2[7]
  21  000D              _L2:
  21  000D  0700     R  	mov a,_Delay_2[4]
  21  000E  0200     R  	sub a,_Delay_2[0]
  21  000F  0700     R  	mov a,_Delay_2[5]
  21  0010  1200     R  	sbc a,_Delay_2[1]
  21  0011  0700     R  	mov a,_Delay_2[6]
  21  0012  1200     R  	sbc a,_Delay_2[2]
  21  0013  0700     R  	mov a,_Delay_2[7]
  21  0014  1200     R  	sbc a,_Delay_2[3]
  21  0015  380A        	snz c
  21  0016  2800     R  	jmp _L3
  21  0017  0003        	ret
  21  0018              _Delay endp
  21  0018              #line 21 "C:\Users\hamed\OneDrive\Documents\HTK_Project\prid2\prid2.c"
  21  0018              #pragma debug scope 1 1
  21  0018              ___smod equ [11]
  21  0018              ___pac equ [21]
  21  0018              ___papu equ [22]
  21  0018              ___tktmr equ [67]
  21  0018              ___tkc0 equ [68]
  21  0018              ___tkc1 equ [71]
  21  0018              ___tkm0rol equ [74]
  21  0018              ___tkm0roh equ [75]
  21  0018              ___tkm0c0 equ [76]
  21  0018              ___tkm0c1 equ [77]
  21  0018              public _init
  21  0018              #pragma debug scope 3 1
  30  0018              #line 30 "C:\Users\hamed\OneDrive\Documents\HTK_Project\prid2\prid2.c"
  30  0000              _init .section 'code'
"File: prid2.c       Assembler  Version HGASM0202      Page 3

  30  0000              _init proc
  32  0000              #line 32 "C:\Users\hamed\OneDrive\Documents\HTK_Project\prid2\prid2.c"
  32  0000  0F01        	mov a,1
  32  0001  008B        	mov [11],a
  35  0002              #line 35 "C:\Users\hamed\OneDrive\Documents\HTK_Project\prid2\prid2.c"
  35  0002  3595        	clr [21].3
  36  0003              #line 36 "C:\Users\hamed\OneDrive\Documents\HTK_Project\prid2\prid2.c"
  36  0003  3515        	clr [21].2
  37  0004              #line 37 "C:\Users\hamed\OneDrive\Documents\HTK_Project\prid2\prid2.c"
  37  0004  3295        	set [21].5
  39  0005              #line 39 "C:\Users\hamed\OneDrive\Documents\HTK_Project\prid2\prid2.c"
  39  0005  3296        	set [22].5
  43  0006              #line 43 "C:\Users\hamed\OneDrive\Documents\HTK_Project\prid2\prid2.c"
  43  0006  0F64        	mov a,100
  43  0007  00C3        	mov [67],a
  50  0008              #line 50 "C:\Users\hamed\OneDrive\Documents\HTK_Project\prid2\prid2.c"
  50  0008  3044        	set [68].0
  51  0009              #line 51 "C:\Users\hamed\OneDrive\Documents\HTK_Project\prid2\prid2.c"
  51  0009  30C4        	set [68].1
  58  000A              #line 58 "C:\Users\hamed\OneDrive\Documents\HTK_Project\prid2\prid2.c"
  58  000A  3047        	set [71].0
  59  000B              #line 59 "C:\Users\hamed\OneDrive\Documents\HTK_Project\prid2\prid2.c"
  59  000B  30C7        	set [71].1
  63  000C              #line 63 "C:\Users\hamed\OneDrive\Documents\HTK_Project\prid2\prid2.c"
  63  000C  0FC8        	mov a,200
  63  000D  00CA        	mov [74],a
  64  000E              #line 64 "C:\Users\hamed\OneDrive\Documents\HTK_Project\prid2\prid2.c"
  64  000E  1F4B        	clr [75]
  67  000F              #line 67 "C:\Users\hamed\OneDrive\Documents\HTK_Project\prid2\prid2.c"
  67  000F  334C        	set [76].6
  68  0010              #line 68 "C:\Users\hamed\OneDrive\Documents\HTK_Project\prid2\prid2.c"
  68  0010  33CC        	set [76].7
  73  0011              #line 73 "C:\Users\hamed\OneDrive\Documents\HTK_Project\prid2\prid2.c"
  73  0011  36CC        	clr [76].5
  75  0012              #line 75 "C:\Users\hamed\OneDrive\Documents\HTK_Project\prid2\prid2.c"
  75  0012  324C        	set [76].4
  79  0013              #line 79 "C:\Users\hamed\OneDrive\Documents\HTK_Project\prid2\prid2.c"
  79  0013  31CC        	set [76].3
  84  0014              #line 84 "C:\Users\hamed\OneDrive\Documents\HTK_Project\prid2\prid2.c"
  84  0014  314C        	set [76].2
  85  0015              #line 85 "C:\Users\hamed\OneDrive\Documents\HTK_Project\prid2\prid2.c"
  85  0015  34CC        	clr [76].1
  86  0016              #line 86 "C:\Users\hamed\OneDrive\Documents\HTK_Project\prid2\prid2.c"
  86  0016  344C        	clr [76].0
  89  0017              #line 89 "C:\Users\hamed\OneDrive\Documents\HTK_Project\prid2\prid2.c"
  89  0017  37CD        	clr [77].7
  91  0018              #line 91 "C:\Users\hamed\OneDrive\Documents\HTK_Project\prid2\prid2.c"
  91  0018  32CD        	set [77].5
  94  0019              #line 94 "C:\Users\hamed\OneDrive\Documents\HTK_Project\prid2\prid2.c"
  94  0019  324D        	set [77].4
  98  001A              #line 98 "C:\Users\hamed\OneDrive\Documents\HTK_Project\prid2\prid2.c"
  98  001A  31CD        	set [77].3
  98  001B  0003        	ret
  98  001C              _init endp
  98  001C              #line 98 "C:\Users\hamed\OneDrive\Documents\HTK_Project\prid2\prid2.c"
  98  001C              #pragma debug scope 1 1
  98  001C              ___tkm016dh equ [73]
  98  001C              ___tkm016dl equ [72]
  98  001C              ___pa equ [20]
  98  001C              public _main
"File: prid2.c       Assembler  Version HGASM0202      Page 4

  98  001C              #pragma debug scope 4 1
 108  001C              #line 108 "C:\Users\hamed\OneDrive\Documents\HTK_Project\prid2\prid2.c"
 108  001C              IFDEF WITH_DEFAULT_STARTUP
 108  001C              extern _main_initial0:near
 108  001C              extern _main_startup:near
 108  001C              ENDIF
 108  001C              
 108  001C              ROMBANK 0 @start
 108  0000              @start .section com_l 'code'
 108  0000              _main_startup1:
 108  0000              @start .section com_e 'code'
 108  0000  2800     R  	jmp _main
 108  0001              
 108  0000              _main .section 'code'
 108  0000              _main proc
 108  0000  0016[           local _main_2 db 22 dup(?)
            00
            ]
 109  0016              #line 109 "C:\Users\hamed\OneDrive\Documents\HTK_Project\prid2\prid2.c"
 109  0000  2000     R  	call _init
 110  0001              #line 110 "C:\Users\hamed\OneDrive\Documents\HTK_Project\prid2\prid2.c"
 110  0001  0F10        	mov a,16
 110  0002  0080     R  	mov _Delay_2[0],a
 110  0003  0F27        	mov a,39
 110  0004  0080     R  	mov _Delay_2[1],a
 110  0005  1F00     R  	clr _Delay_2[2]
 110  0006  1F00     R  	clr _Delay_2[3]
 110  0007  2000     R  	call _Delay
 113  0008              #line 113 "C:\Users\hamed\OneDrive\Documents\HTK_Project\prid2\prid2.c"
 113  0008  36C4        	clr [68].5
 114  0009              #line 114 "C:\Users\hamed\OneDrive\Documents\HTK_Project\prid2\prid2.c"
 114  0009  1F00     R  	clr _i[0]
 114  000A  1F00     R  	clr _i[1]
 114  000B              _L7:
 114  000B              #line 114 "C:\Users\hamed\OneDrive\Documents\HTK_Project\prid2\prid2.c"
 114  000B  0F13        	mov a,19
 114  000C  0200     R  	sub a,_i[0]
 114  000D  0F00        	mov a,0
 114  000E  1200     R  	sbc a,_i[1]
 114  000F  1185        	swap acc
 114  0010  040A        	xor a,status
 114  0011  3D85        	sz acc.3
 114  0012  2800     R  	jmp _L27
 116  0013              #line 116 "C:\Users\hamed\OneDrive\Documents\HTK_Project\prid2\prid2.c"
 116  0013  32CD        	set [77].5
 117  0014              #line 117 "C:\Users\hamed\OneDrive\Documents\HTK_Project\prid2\prid2.c"
 117  0014  324D        	set [77].4
 118  0015              #line 118 "C:\Users\hamed\OneDrive\Documents\HTK_Project\prid2\prid2.c"
 118  0015  32C4        	set [68].5
 118  0016              _L9:
 120  0016              #line 120 "C:\Users\hamed\OneDrive\Documents\HTK_Project\prid2\prid2.c"
 120  0016  3B44        	snz [68].6
 120  0017  2800     R  	jmp _L9
 122  0018              #line 122 "C:\Users\hamed\OneDrive\Documents\HTK_Project\prid2\prid2.c"
 122  0018  0749        	mov a,[73]
 122  0019  0080     R  	mov _main_2[1],a
 122  001A  1F00     R  	clr _main_2[0]
 122  001B  0700     R  	mov a,_main_2[1]
 122  001C  0080     E  	mov rc,a
 122  001D  0748        	mov a,[72]
"File: prid2.c       Assembler  Version HGASM0202      Page 5

 122  001E  0500     R  	or a,_main_2[0]
 122  001F  0080     E  	mov rb,a
 122  0020  0700     E  	mov a,rb
 122  0021  0080     R  	mov _touch[0],a
 122  0022  0700     E  	mov a,rc
 122  0023  0080     R  	mov _touch[1],a
 123  0024              #line 123 "C:\Users\hamed\OneDrive\Documents\HTK_Project\prid2\prid2.c"
 123  0024  0700     E  	mov a,rb
 123  0025  0380     R  	addm a,_touchThreshold[0]
 123  0026  0700     E  	mov a,rc
 123  0027  1380     R  	adcm a,_touchThreshold[1]
 123  0028  1F05        	clr acc
 123  0029  1380     R  	adcm a,_touchThreshold[2]
 123  002A  1380     R  	adcm a,_touchThreshold[3]
 125  002B              #line 125 "C:\Users\hamed\OneDrive\Documents\HTK_Project\prid2\prid2.c"
 125  002B  3744        	clr [68].6
 126  002C              #line 126 "C:\Users\hamed\OneDrive\Documents\HTK_Project\prid2\prid2.c"
 126  002C  36C4        	clr [68].5
 129  002D              #line 129 "C:\Users\hamed\OneDrive\Documents\HTK_Project\prid2\prid2.c"
 129  002D  0FD0        	mov a,-48
 129  002E  0080     R  	mov _Delay_2[0],a
 129  002F  0F07        	mov a,7
 129  0030  0080     R  	mov _Delay_2[1],a
 129  0031  1F00     R  	clr _Delay_2[2]
 129  0032  1F00     R  	clr _Delay_2[3]
 129  0033  2000     R  	call _Delay
 114  0034              #line 114 "C:\Users\hamed\OneDrive\Documents\HTK_Project\prid2\prid2.c"
 114  0034  1480     R  	inc _i[0]
 114  0035  3D0A        	sz z
 114  0036  1480     R  	inc _i[1]
 114  0037  2800     R  	jmp _L7
 114  0038              _L27:
 131  0038              #line 131 "C:\Users\hamed\OneDrive\Documents\HTK_Project\prid2\prid2.c"
 131  0038  1F00     E  	clr _builtin_holtek_udivmodsi4_2[12]
 131  0039  0700     R  	mov a,_touchThreshold[0]  
 131  003A  0080     E  	mov _builtin_holtek_udivmodsi4_2[0],a  
 131  003B  0700     R  	mov a,_touchThreshold[1]  
 131  003C  0080     E  	mov _builtin_holtek_udivmodsi4_2[1],a
 131  003D  0700     R  	mov a,_touchThreshold[2]  
 131  003E  0080     E  	mov _builtin_holtek_udivmodsi4_2[2],a  
 131  003F  0700     R  	mov a,_touchThreshold[3]  
 131  0040  0080     E  	mov _builtin_holtek_udivmodsi4_2[3],a
 131  0041  0F14        	mov a,20  
 131  0042  0080     E  	mov _builtin_holtek_udivmodsi4_2[4],a  
 131  0043  0F00        	mov a,0  
 131  0044  0080     E  	mov _builtin_holtek_udivmodsi4_2[5],a
 131  0045  1F00     E  	clr _builtin_holtek_udivmodsi4_2[6]
 131  0046  1F00     E  	clr _builtin_holtek_udivmodsi4_2[7]
 131  0047  2000     E  	call _builtin_holtek_udivmodsi4
 131  0048  0700     E  	mov a,_builtin_holtek_udivmodsi4_2[0]  
 131  0049  0080     E  	mov rd,a  
 131  004A  0700     E  	mov a,_builtin_holtek_udivmodsi4_2[1]  
 131  004B  0080     E  	mov re,a
 131  004C  0700     E  	mov a,_builtin_holtek_udivmodsi4_2[2]  
 131  004D  0080     E  	mov rf,a  
 131  004E  0700     E  	mov a,_builtin_holtek_udivmodsi4_2[3]  
 131  004F  0080     E  	mov rg,a
 131  0050  0700     E  	mov a,rd
 131  0051  0080     R  	mov _touchThreshold[0],a
 131  0052  0700     E  	mov a,re
"File: prid2.c       Assembler  Version HGASM0202      Page 6

 131  0053  0080     R  	mov _touchThreshold[1],a
 131  0054  0700     E  	mov a,rf
 131  0055  0080     R  	mov _touchThreshold[2],a
 131  0056  0700     E  	mov a,rg
 131  0057  0080     R  	mov _touchThreshold[3],a
 135  0058              #line 135 "C:\Users\hamed\OneDrive\Documents\HTK_Project\prid2\prid2.c"
 135  0058  32CD        	set [77].5
 136  0059              #line 136 "C:\Users\hamed\OneDrive\Documents\HTK_Project\prid2\prid2.c"
 136  0059  324D        	set [77].4
 137  005A              #line 137 "C:\Users\hamed\OneDrive\Documents\HTK_Project\prid2\prid2.c"
 137  005A  32C4        	set [68].5
 137  005B  0700     R  	mov a,_touch[0]
 137  005C  0080     R  	mov _main_2[12],a
 137  005D  0700     R  	mov a,_touch[1]
 137  005E  0080     R  	mov _main_2[13],a
 137  005F  0700     E  	mov a,rd
 137  0060  0080     R  	mov _main_2[8],a
 137  0061  0700     E  	mov a,re
 137  0062  0080     R  	mov _main_2[9],a
 137  0063  0700     E  	mov a,rf
 137  0064  0080     R  	mov _main_2[10],a
 137  0065  0700     E  	mov a,rg
 137  0066  0080     R  	mov _main_2[11],a
 137  0067  0700     R  	mov a,_min[0]
 137  0068  0080     R  	mov _main_2[16],a
 137  0069  0700     R  	mov a,_min[1]
 137  006A  0080     R  	mov _main_2[17],a
 137  006B  0700     R  	mov a,_fingerCounter[0]
 137  006C  0080     R  	mov _main_2[0],a
 137  006D  0700     R  	mov a,_fingerCounter[1]
 137  006E  0080     R  	mov _main_2[1],a
 137  006F  0700     R  	mov a,_fingerCounter[2]
 137  0070  0080     R  	mov _main_2[2],a
 137  0071  0700     R  	mov a,_fingerCounter[3]
 137  0072  0080     R  	mov _main_2[3],a
 137  0073  0700     R  	mov a,_f[0]
 137  0074  0080     R  	mov _main_2[14],a
 137  0075  0700     R  	mov a,_f[1]
 137  0076  0080     R  	mov _main_2[15],a
 137  0077              _L20:
 140  0077              #line 140 "C:\Users\hamed\OneDrive\Documents\HTK_Project\prid2\prid2.c"
 140  0077              ;# 140 "C:\Users\hamed\OneDrive\Documents\HTK_Project\prid2\prid2.c" 1
 140  0077  0001        	clr wdt
 143  0078              #line 143 "C:\Users\hamed\OneDrive\Documents\HTK_Project\prid2\prid2.c"
 143  0078  3B44        	snz [68].6
 143  0079  2800     R  	jmp _L11
 145  007A              #line 145 "C:\Users\hamed\OneDrive\Documents\HTK_Project\prid2\prid2.c"
 145  007A  0749        	mov a,[73]
 145  007B  0080     R  	mov _main_2[21],a
 145  007C  1F00     R  	clr _main_2[20]
 145  007D  0700     R  	mov a,_main_2[21]
 145  007E  0080     E  	mov rc,a
 145  007F  0748        	mov a,[72]
 145  0080  0500     R  	or a,_main_2[20]
 145  0081  0080     E  	mov rb,a
 146  0082              #line 146 "C:\Users\hamed\OneDrive\Documents\HTK_Project\prid2\prid2.c"
 146  0082  3744        	clr [68].6
 147  0083              #line 147 "C:\Users\hamed\OneDrive\Documents\HTK_Project\prid2\prid2.c"
 147  0083  36C4        	clr [68].5
 149  0084              #line 149 "C:\Users\hamed\OneDrive\Documents\HTK_Project\prid2\prid2.c"
"File: prid2.c       Assembler  Version HGASM0202      Page 7

 149  0084  32CD        	set [77].5
 150  0085              #line 150 "C:\Users\hamed\OneDrive\Documents\HTK_Project\prid2\prid2.c"
 150  0085  324D        	set [77].4
 151  0086              #line 151 "C:\Users\hamed\OneDrive\Documents\HTK_Project\prid2\prid2.c"
 151  0086  32C4        	set [68].5
 145  0087              #line 145 "C:\Users\hamed\OneDrive\Documents\HTK_Project\prid2\prid2.c"
 145  0087  0700     E  	mov a,rb
 145  0088  0080     R  	mov _main_2[12],a
 145  0089  0700     E  	mov a,rc
 145  008A  0080     R  	mov _main_2[13],a
 145  008B              _L11:
 158  008B              #line 158 "C:\Users\hamed\OneDrive\Documents\HTK_Project\prid2\prid2.c"
 158  008B  1F00     E  	clr rb
 158  008C  1F00     E  	clr rc
 156  008D              #line 156 "C:\Users\hamed\OneDrive\Documents\HTK_Project\prid2\prid2.c"
 156  008D  1F00     E  	clr rd
 156  008E  1F00     E  	clr re
 156  008F  1F00     E  	clr rf
 156  0090  1F00     E  	clr rg
 156  0091              _L12:
 160  0091              #line 160 "C:\Users\hamed\OneDrive\Documents\HTK_Project\prid2\prid2.c"
 160  0091  0F01        	mov a,1
 160  0092  0300     E  	add a,rb
 160  0093  0080     R  	mov _main_2[4],a
 160  0094  0F00        	mov a,0
 160  0095  1300     E  	adc a,rc
 160  0096  0080     R  	mov _main_2[5],a
 160  0097  340A        	clr c
 160  0098  1A00     R  	rlca _main_2[4]
 160  0099  0080     E  	mov rb,a
 160  009A  1A00     R  	rlca _main_2[5]
 160  009B  0080     E  	mov rc,a
 160  009C  0F00     R  	mov a,low offset _arraytouch
 160  009D  0300     E  	add a,rb
 160  009E  0080     R  	mov _main_2[18],a
 160  009F  0F00     R  	mov a,high offset _arraytouch
 160  00A0  1300     E  	adc a,rc
 160  00A1  0080     R  	mov _main_2[19],a
 160  00A2  0700     R  	mov a,_main_2[18]
 160  00A3  0083        	mov mp,a
 160  00A4  0700     R  	mov a,_main_2[19]
 160  00A5  0081        	mov sbp,a
 160  00A6  2000     E  	call _Crom2Prom
 160  00A7  0080     E  	mov rb,a
 160  00A8  2000     E  	call _Crom2PromNext
 160  00A9  0080     E  	mov rc,a
 160  00AA  0FFE        	mov a,254
 160  00AB  0300     R  	add a,_main_2[18]
 160  00AC  0083        	mov mp,a
 160  00AD  0FFF        	mov a,255
 160  00AE  1300     R  	adc a,_main_2[19]
 160  00AF  0081        	mov sbp,a
 160  00B0  0701        	mov a,sbp
 160  00B1  0084        	mov bp,a
 160  00B2  0700     E  	mov a,rb
 160  00B3  0082        	mov ir,a
 160  00B4  1483        	inc mp
 160  00B5  0700     E  	mov a,rc
 160  00B6  0082        	mov ir,a
 162  00B7              #line 162 "C:\Users\hamed\OneDrive\Documents\HTK_Project\prid2\prid2.c"
"File: prid2.c       Assembler  Version HGASM0202      Page 8

 162  00B7  0700     E  	mov a,rb
 162  00B8  0380     E  	addm a,rd
 162  00B9  0700     E  	mov a,rc
 162  00BA  1380     E  	adcm a,re
 162  00BB  1F05        	clr acc
 162  00BC  1380     E  	adcm a,rf
 162  00BD  1380     E  	adcm a,rg
 162  00BE  0700     E  	mov a,rb
 162  00BF  0200     R  	sub a,_main_2[16]
 162  00C0  0700     E  	mov a,rc
 162  00C1  1200     R  	sbc a,_main_2[17]
 162  00C2  3C0A        	sz c
 162  00C3  2800     R  	jmp _L13
 162  00C4  0700     E  	mov a,rb
 162  00C5  0080     R  	mov _main_2[16],a
 162  00C6  0700     E  	mov a,rc
 162  00C7  0080     R  	mov _main_2[17],a
 162  00C8              _L13:
 158  00C8              #line 158 "C:\Users\hamed\OneDrive\Documents\HTK_Project\prid2\prid2.c"
 158  00C8  0700     R  	mov a,_main_2[4]
 158  00C9  0C13        	xor a,19
 158  00CA  0500     R  	or a,_main_2[5]
 158  00CB  3D0A        	sz z
 158  00CC  2800     R  	jmp _L28
 158  00CD  0700     R  	mov a,_main_2[4]
 158  00CE  0080     E  	mov rb,a
 158  00CF  0700     R  	mov a,_main_2[5]
 158  00D0  0080     E  	mov rc,a
 158  00D1  2800     R  	jmp _L12
 158  00D2              _L28:
 168  00D2              #line 168 "C:\Users\hamed\OneDrive\Documents\HTK_Project\prid2\prid2.c"
 168  00D2  0700     R  	mov a,_main_2[12]
 168  00D3  0080     R  	mov _arraytouch[38],a
 168  00D4  0700     R  	mov a,_main_2[13]
 168  00D5  0080     R  	mov _arraytouch[39],a
 169  00D6              #line 169 "C:\Users\hamed\OneDrive\Documents\HTK_Project\prid2\prid2.c"
 169  00D6  0700     R  	mov a,_main_2[12]
 169  00D7  0380     E  	addm a,rd
 169  00D8  0700     R  	mov a,_main_2[13]
 169  00D9  1380     E  	adcm a,re
 169  00DA  1F05        	clr acc
 169  00DB  1380     E  	adcm a,rf
 169  00DC  1380     E  	adcm a,rg
 170  00DD              #line 170 "C:\Users\hamed\OneDrive\Documents\HTK_Project\prid2\prid2.c"
 170  00DD  1F00     E  	clr _builtin_holtek_udivmodsi4_2[12]
 170  00DE  0700     E  	mov a,rd  
 170  00DF  0080     E  	mov _builtin_holtek_udivmodsi4_2[0],a  
 170  00E0  0700     E  	mov a,re  
 170  00E1  0080     E  	mov _builtin_holtek_udivmodsi4_2[1],a
 170  00E2  0700     E  	mov a,rf  
 170  00E3  0080     E  	mov _builtin_holtek_udivmodsi4_2[2],a  
 170  00E4  0700     E  	mov a,rg  
 170  00E5  0080     E  	mov _builtin_holtek_udivmodsi4_2[3],a
 170  00E6  0F14        	mov a,20  
 170  00E7  0080     E  	mov _builtin_holtek_udivmodsi4_2[4],a  
 170  00E8  0F00        	mov a,0  
 170  00E9  0080     E  	mov _builtin_holtek_udivmodsi4_2[5],a
 170  00EA  1F00     E  	clr _builtin_holtek_udivmodsi4_2[6]
 170  00EB  1F00     E  	clr _builtin_holtek_udivmodsi4_2[7]
 170  00EC  2000     E  	call _builtin_holtek_udivmodsi4
"File: prid2.c       Assembler  Version HGASM0202      Page 9

 170  00ED  0700     E  	mov a,_builtin_holtek_udivmodsi4_2[0]  
 170  00EE  0080     E  	mov rd,a  
 170  00EF  0700     E  	mov a,_builtin_holtek_udivmodsi4_2[1]  
 170  00F0  0080     E  	mov re,a
 170  00F1  0700     E  	mov a,_builtin_holtek_udivmodsi4_2[2]  
 170  00F2  0080     E  	mov rf,a  
 170  00F3  0700     E  	mov a,_builtin_holtek_udivmodsi4_2[3]  
 170  00F4  0080     E  	mov rg,a
 186  00F5              #line 186 "C:\Users\hamed\OneDrive\Documents\HTK_Project\prid2\prid2.c"
 186  00F5  0FD8        	mov a,216
 186  00F6  0300     R  	add a,_main_2[8]
 186  00F7  0080     R  	mov _main_2[4],a
 186  00F8  0FFF        	mov a,255
 186  00F9  1300     R  	adc a,_main_2[9]
 186  00FA  0080     R  	mov _main_2[5],a
 186  00FB  0FFF        	mov a,255
 186  00FC  1300     R  	adc a,_main_2[10]
 186  00FD  0080     R  	mov _main_2[6],a
 186  00FE  0FFF        	mov a,255
 186  00FF  1300     R  	adc a,_main_2[11]
 186  0100  0080     R  	mov _main_2[7],a
 186  0101  0700     E  	mov a,rd
 186  0102  0200     R  	sub a,_main_2[4]
 186  0103  0700     E  	mov a,re
 186  0104  1200     R  	sbc a,_main_2[5]
 186  0105  0700     E  	mov a,rf
 186  0106  1200     R  	sbc a,_main_2[6]
 186  0107  0700     E  	mov a,rg
 186  0108  1200     R  	sbc a,_main_2[7]
 186  0109  3C0A        	sz c
 186  010A  2800     R  	jmp _L15
 188  010B              #line 188 "C:\Users\hamed\OneDrive\Documents\HTK_Project\prid2\prid2.c"
 188  010B  0F01        	mov a,1
 188  010C  0380     R  	addm a,_main_2[0]
 188  010D  0F00        	mov a,0
 188  010E  1380     R  	adcm a,_main_2[1]
 188  010F  1380     R  	adcm a,_main_2[2]
 188  0110  1380     R  	adcm a,_main_2[3]
 189  0111              #line 189 "C:\Users\hamed\OneDrive\Documents\HTK_Project\prid2\prid2.c"
 189  0111  0FDC        	mov a,220
 189  0112  0200     R  	sub a,_main_2[0]
 189  0113  0F05        	mov a,5
 189  0114  1200     R  	sbc a,_main_2[1]
 189  0115  0F00        	mov a,0
 189  0116  1200     R  	sbc a,_main_2[2]
 189  0117  0F00        	mov a,0
 189  0118  1200     R  	sbc a,_main_2[3]
 189  0119  380A        	snz c
 189  011A  2800     R  	jmp _L16
 189  011B              _L19:
 204  011B              #line 204 "C:\Users\hamed\OneDrive\Documents\HTK_Project\prid2\prid2.c"
 204  011B  0700     R  	mov a,_main_2[0]
 204  011C  0C14        	xor a,20
 204  011D  0500     R  	or a,_main_2[3]
 204  011E  0500     R  	or a,_main_2[2]
 204  011F  0500     R  	or a,_main_2[1]
 204  0120  390A        	snz z
 204  0121  2800     R  	jmp _L20
 206  0122              #line 206 "C:\Users\hamed\OneDrive\Documents\HTK_Project\prid2\prid2.c"
 206  0122  1F00     E  	clr ra
"File: prid2.c       Assembler  Version HGASM0202      Page 10

 206  0123  3994        	snz [20].3
 206  0124  3000     E  	set ra.3
 206  0125  3594        	clr [20].3
 206  0126  0700     E  	mov a,ra
 206  0127  0594        	orm a,[20]
 206  0128  2800     R  	jmp _L20
 206  0129              _L15:
 195  0129              #line 195 "C:\Users\hamed\OneDrive\Documents\HTK_Project\prid2\prid2.c"
 195  0129  0FE2        	mov a,226
 195  012A  0300     R  	add a,_main_2[8]
 195  012B  0080     R  	mov _main_2[4],a
 195  012C  0FFF        	mov a,255
 195  012D  1300     R  	adc a,_main_2[9]
 195  012E  0080     R  	mov _main_2[5],a
 195  012F  0FFF        	mov a,255
 195  0130  1300     R  	adc a,_main_2[10]
 195  0131  0080     R  	mov _main_2[6],a
 195  0132  0FFF        	mov a,255
 195  0133  1300     R  	adc a,_main_2[11]
 195  0134  0080     R  	mov _main_2[7],a
 195  0135  0700     R  	mov a,_main_2[4]
 195  0136  0200     E  	sub a,rd
 195  0137  0700     R  	mov a,_main_2[5]
 195  0138  1200     E  	sbc a,re
 195  0139  0700     R  	mov a,_main_2[6]
 195  013A  1200     E  	sbc a,rf
 195  013B  0700     R  	mov a,_main_2[7]
 195  013C  1200     E  	sbc a,rg
 195  013D  3C0A        	sz c
 195  013E  2800     R  	jmp _L19
 198  013F              #line 198 "C:\Users\hamed\OneDrive\Documents\HTK_Project\prid2\prid2.c"
 198  013F  0F01        	mov a,1
 198  0140  0300     R  	add a,_main_2[14]
 198  0141  0080     E  	mov rb,a
 198  0142  0F00        	mov a,0
 198  0143  1300     R  	adc a,_main_2[15]
 198  0144  0080     E  	mov rc,a
 199  0145              #line 199 "C:\Users\hamed\OneDrive\Documents\HTK_Project\prid2\prid2.c"
 199  0145  0FF4        	mov a,244
 199  0146  0200     E  	sub a,rb
 199  0147  0F01        	mov a,1
 199  0148  1200     E  	sbc a,rc
 199  0149  1185        	swap acc
 199  014A  040A        	xor a,status
 199  014B  3D85        	sz acc.3
 199  014C  2800     R  	jmp _L22
 199  014D  0700     E  	mov a,rb
 199  014E  0080     R  	mov _main_2[14],a
 199  014F  0700     E  	mov a,rc
 199  0150  0080     R  	mov _main_2[15],a
 199  0151  2800     R  	jmp _L26
 199  0152              _L22:
 200  0152              #line 200 "C:\Users\hamed\OneDrive\Documents\HTK_Project\prid2\prid2.c"
 200  0152  1F00     R  	clr _main_2[14]
 200  0153  1F00     R  	clr _main_2[15]
 200  0154              _L16:
 197  0154              #line 197 "C:\Users\hamed\OneDrive\Documents\HTK_Project\prid2\prid2.c"
 197  0154  0700     E  	mov a,rd
 197  0155  0080     R  	mov _main_2[8],a
 197  0156  0700     E  	mov a,re
"File: prid2.c       Assembler  Version HGASM0202      Page 11

 197  0157  0080     R  	mov _main_2[9],a
 197  0158  0700     E  	mov a,rf
 197  0159  0080     R  	mov _main_2[10],a
 197  015A  0700     E  	mov a,rg
 197  015B  0080     R  	mov _main_2[11],a
 197  015C              _L26:
 197  015C  1F00     R  	clr _main_2[0]
 197  015D  1F00     R  	clr _main_2[1]
 197  015E  1F00     R  	clr _main_2[2]
 197  015F  1F00     R  	clr _main_2[3]
 197  0160  2800     R  	jmp _L20
 197  0161  2800     R  	jmp $
 197  0162              _main endp
 197  0162              
 197  0162              @dummy endp
 197  0162              
 197  0162              #line 197 "C:\Users\hamed\OneDrive\Documents\HTK_Project\prid2\prid2.c"
 197  0162              #pragma debug scope 1 1
  14  0162              #line 14 "C:\Users\hamed\OneDrive\Documents\HTK_Project\prid2\prid2.c"
  14  0162              public _arraytouch
  14  0000              @HCCINIT0 .section 'data'
  14  0000  0028[       _arraytouch	db 40 dup(0)
            00
            ]
  14  0028              #pragma debug array 42 12 20 1
  14  0028              #pragma debug array 42 12 20 1
  14  0028              #pragma debug variable 42 1 _arraytouch "arraytouch"
  14  0028              
  14  0000              @HCCINIT .section 'data'
  14  0000              public _alltouch
  14  0000              @HCCINIT	.section 'data'
  13  0000              #line 13 "C:\Users\hamed\OneDrive\Documents\HTK_Project\prid2\prid2.c"
  13  0000              @HCCINIT .section 'data'
  13  0000              _alltouch label byte
  13  0000              #pragma debug variable 14 1 _alltouch "alltouch"
  13  0000              	db 0
  13  0000              @ROMDATA_BASE .section inpage 'code'
  13  0000              	db 0
  13  0001              @HCCINIT .section 'data'
  13  0001              	db 0
  13  0001              @ROMDATA_BASE .section inpage 'code'
  13  0001              	db 0
  13  0002              @HCCINIT .section 'data'
  13  0002              	db 0
  13  0001              @ROMDATA_BASE .section inpage 'code'
  13  0001              	db 0
  13  0003              @HCCINIT .section 'data'
  13  0003              	db 0
  13  0002              @ROMDATA_BASE .section inpage 'code'
  13  0002              	db 0
  13  0004              @HCCINIT .section 'data'
  12  0004              #line 12 "C:\Users\hamed\OneDrive\Documents\HTK_Project\prid2\prid2.c"
  12  0004              public _max
  12  0028              @HCCINIT0 .section 'data'
  12  0028  0002[       _max	db 2 dup(0)
            00
            ]
  12  002A              #pragma debug variable 12 1 _max "max"
  12  002A              
  12  0004              @HCCINIT .section 'data'
"File: prid2.c       Assembler  Version HGASM0202      Page 12

  12  0004              #line 12 "C:\Users\hamed\OneDrive\Documents\HTK_Project\prid2\prid2.c"
  12  0004              public _min
  12  002A              @HCCINIT0 .section 'data'
  12  002A  0002[       _min	db 2 dup(0)
            00
            ]
  12  002C              #pragma debug variable 12 1 _min "min"
  12  002C              
  12  0004              @HCCINIT .section 'data'
  11  0004              #line 11 "C:\Users\hamed\OneDrive\Documents\HTK_Project\prid2\prid2.c"
  11  0004              public _touch
  11  002C              @HCCINIT0 .section 'data'
  11  002C  0002[       _touch	db 2 dup(0)
            00
            ]
  11  002E              #pragma debug variable 12 1 _touch "touch"
  11  002E              
  11  0004              @HCCINIT .section 'data'
  11  0004              public _isInDoor
  10  0004              #line 10 "C:\Users\hamed\OneDrive\Documents\HTK_Project\prid2\prid2.c"
  10  0004              @HCCINIT .section 'data'
  10  0004              _isInDoor label byte
  10  0004              #pragma debug variable 8 1 _isInDoor "isInDoor"
  10  0004              	db 0
  10  0002              @ROMDATA_BASE .section inpage 'code'
  10  0002              	db 0
  10  0005              @HCCINIT .section 'data'
  10  0005              public _fingerCounter
   9  0005              #line 9 "C:\Users\hamed\OneDrive\Documents\HTK_Project\prid2\prid2.c"
   9  0005              @HCCINIT .section 'data'
   9  0005              _fingerCounter label byte
   9  0005              #pragma debug variable 14 1 _fingerCounter "fingerCounter"
   9  0005              	db 0
   9  0003              @ROMDATA_BASE .section inpage 'code'
   9  0003              	db 0
   9  0006              @HCCINIT .section 'data'
   9  0006              	db 0
   9  0003              @ROMDATA_BASE .section inpage 'code'
   9  0003              	db 0
   9  0007              @HCCINIT .section 'data'
   9  0007              	db 0
   9  0004              @ROMDATA_BASE .section inpage 'code'
   9  0004              	db 0
   9  0008              @HCCINIT .section 'data'
   9  0008              	db 0
   9  0004              @ROMDATA_BASE .section inpage 'code'
   9  0004              	db 0
   9  0009              @HCCINIT .section 'data'
   8  0009              #line 8 "C:\Users\hamed\OneDrive\Documents\HTK_Project\prid2\prid2.c"
   8  0009              public _f
   8  002E              @HCCINIT0 .section 'data'
   8  002E  0002[       _f	db 2 dup(0)
            00
            ]
   8  0030              #pragma debug variable 11 1 _f "f"
   8  0030              
   8  0009              @HCCINIT .section 'data'
   6  0009              #line 6 "C:\Users\hamed\OneDrive\Documents\HTK_Project\prid2\prid2.c"
   6  0009              public _t
   6  0030              @HCCINIT0 .section 'data'
"File: prid2.c       Assembler  Version HGASM0202      Page 13

   6  0030  0002[       _t	db 2 dup(0)
            00
            ]
   6  0032              #pragma debug variable 11 1 _t "t"
   6  0032              
   6  0009              @HCCINIT .section 'data'
   6  0009              #line 6 "C:\Users\hamed\OneDrive\Documents\HTK_Project\prid2\prid2.c"
   6  0009              public _n
   6  0032              @HCCINIT0 .section 'data'
   6  0032  0002[       _n	db 2 dup(0)
            00
            ]
   6  0034              #pragma debug variable 11 1 _n "n"
   6  0034              
   6  0009              @HCCINIT .section 'data'
   6  0009              #line 6 "C:\Users\hamed\OneDrive\Documents\HTK_Project\prid2\prid2.c"
   6  0009              public _j
   6  0034              @HCCINIT0 .section 'data'
   6  0034  0002[       _j	db 2 dup(0)
            00
            ]
   6  0036              #pragma debug variable 11 1 _j "j"
   6  0036              
   6  0009              @HCCINIT .section 'data'
   6  0009              #line 6 "C:\Users\hamed\OneDrive\Documents\HTK_Project\prid2\prid2.c"
   6  0009              public _i
   6  0036              @HCCINIT0 .section 'data'
   6  0036  0002[       _i	db 2 dup(0)
            00
            ]
   6  0038              #pragma debug variable 11 1 _i "i"
   6  0038              
   6  0009              @HCCINIT .section 'data'
   6  0009              public _touchThreshold
   5  0009              #line 5 "C:\Users\hamed\OneDrive\Documents\HTK_Project\prid2\prid2.c"
   5  0009              @HCCINIT .section 'data'
   5  0009              _touchThreshold label byte
   5  0009              #pragma debug variable 14 1 _touchThreshold "touchThreshold"
   5  0009              	db 0
   5  0005              @ROMDATA_BASE .section inpage 'code'
   5  0005              	db 0
   5  000A              @HCCINIT .section 'data'
   5  000A              	db 0
   5  0005              @ROMDATA_BASE .section inpage 'code'
   5  0005              	db 0
   5  000B              @HCCINIT .section 'data'
   5  000B              	db 0
   5  0006              @ROMDATA_BASE .section inpage 'code'
   5  0006              	db 0
   5  000C              @HCCINIT .section 'data'
   5  000C              	db 0
   5  0006              @ROMDATA_BASE .section inpage 'code'
   5  0006              	db 0
   5  000D              @HCCINIT .section 'data'
   5  000D              #pragma debug struct_end
   5  000D              #pragma debug struct_end
   5  000D              #pragma debug union_end
   5  000D              #pragma debug union_end
   5  000D              #pragma debug variable 44 1 ___smod "__smod" 1
   5  000D              #pragma debug struct_end
"File: prid2.c       Assembler  Version HGASM0202      Page 14

   5  000D              #pragma debug struct_end
   5  000D              #pragma debug union_end
   5  000D              #pragma debug union_end
   5  000D              #pragma debug variable 46 1 ___pa "__pa" 1
   5  000D              #pragma debug struct_end
   5  000D              #pragma debug struct_end
   5  000D              #pragma debug union_end
   5  000D              #pragma debug union_end
   5  000D              #pragma debug variable 48 1 ___pac "__pac" 1
   5  000D              #pragma debug struct_end
   5  000D              #pragma debug struct_end
   5  000D              #pragma debug union_end
   5  000D              #pragma debug union_end
   5  000D              #pragma debug variable 50 1 ___papu "__papu" 1
   5  000D              #pragma debug variable 8 1 ___tktmr "__tktmr" 1
   5  000D              #pragma debug struct_end
   5  000D              #pragma debug struct_end
   5  000D              #pragma debug union_end
   5  000D              #pragma debug union_end
   5  000D              #pragma debug variable 52 1 ___tkc0 "__tkc0" 1
   5  000D              #pragma debug struct_end
   5  000D              #pragma debug struct_end
   5  000D              #pragma debug union_end
   5  000D              #pragma debug union_end
   5  000D              #pragma debug variable 54 1 ___tkc1 "__tkc1" 1
   5  000D              #pragma debug variable 8 1 ___tkm016dl "__tkm016dl" 1
   5  000D              #pragma debug variable 8 1 ___tkm016dh "__tkm016dh" 1
   5  000D              #pragma debug variable 8 1 ___tkm0rol "__tkm0rol" 1
   5  000D              #pragma debug variable 8 1 ___tkm0roh "__tkm0roh" 1
   5  000D              #pragma debug struct_end
   5  000D              #pragma debug struct_end
   5  000D              #pragma debug union_end
   5  000D              #pragma debug union_end
   5  000D              #pragma debug variable 56 1 ___tkm0c0 "__tkm0c0" 1
   5  000D              #pragma debug struct_end
   5  000D              #pragma debug struct_end
   5  000D              #pragma debug union_end
   5  000D              #pragma debug union_end
   5  000D              #pragma debug variable 58 1 ___tkm0c1 "__tkm0c1" 1
 108  000D              #line 108 "C:\Users\hamed\OneDrive\Documents\HTK_Project\prid2\prid2.c"
 108  0000              @code .section at 0 'code'
 108  0000  2800     R  	jmp _main_startup1
 108  0001              
 108  0001              extern _builtin_holtek_udivmodsi4_2:byte
 108  0001              extern _builtin_holtek_udivmodsi4:near
 108  0001              
 108  0001              ; 
 108  0001              ; Generated by holtek-gcc v3.19, Fri Aug 11 22:23:18 2023
 108  0001              ; Rebuild 718
 108  0001              ; end of file


        0 Errors, 0