"File: prid2.c       Assembler  Version HGASM0202      Page 1


   1  0000              ; Generated by holtek-gcc v3.19, Wed Aug 09 23:41:02 2023
   2  0000              ; 
   3  0000              ; Configuration:
   4  0000              ;       without long instruction
   5  0000              ;       Single ROM, Multi-RAM
   6  0000              ;       bits_per_rom_unit:16
   7  0000              ;       with mp1
   8  0000              ;       with tbhp, address(0x9)
   9  0000              ;          Use tabrd-const
  10  0000              ;       
  11  0000              ;       
  12  0000              ;       
  13  0000              ; use 'tabrdc' instead of 'tabrd'
  14  0000              ;       
  15  0000              
  16  0000              #pragma translator "holtek-gcc 4.6.4" "3.19" "build 20130711"
  17  0000              ; Rebuild 718
  18  0000              
  19  0000              ir equ [2]
  20  0000              mp equ [3]
  21  0000              sbp equ [1]
  22  0000              acc equ [5]
  23  0000              bp equ [4]
  24  0000              tblp equ [7]
  25  0000              tbhp equ [9]
  26  0000              status equ [10]
  27  0000              c equ [10].0
  28  0000              ac equ [10].1
  29  0000              z equ [10].2
  30  0000              ov equ [10].3
  31  0000              intc equ [11]
  32  0000              
  33  0000              extern ra:byte
  34  0000              extern rb:byte
  35  0000              extern rc:byte
  36  0000              extern rd:byte
  37  0000              extern re:byte
  38  0000              extern rf:byte
  39  0000              extern rg:byte
  40  0000              extern rh:byte
  41  0000              extern _Crom2Prom:near
  42  0000              extern _Crom2PromNext:near
  43  0000              
  44  0000              RAMBANK 0 @HCCINIT, @HCCINIT0
  45  0000              
  46  0000              RAMBANK 0 @BITDATASEC, @BITDATASEC1
  47  0000              @HCCINIT	.section 'data'
  48  0000              @HCCINIT0	.section 'data'
  49  0000              @BITDATASEC	 .section 'data'
  50  0000              @BITDATASEC1	 .section 'data'
  51  0000              
  52  0000              #pragma debug scope 1 1
  53  0000              	extern __DELAY3:near
  54  0000              	extern __DELAYX3:near
  55  0000              	extern __DELAYX6:near
  56  0000              	extern __DELAYY5:near
  57  0000              	extern __DELAYY3:near
  58  0000              	extern _builtin_holtek_delay_2:byte
  59  0000              public _Delay
"File: prid2.ASM     Assembler  Version HGASM0202      Page 2

  60  0000              #pragma debug scope 2 1

  15  0000              #line 15 "C:\Users\hamed\OneDrive\Documents\HTK_Project\prid2\prid2.c"
  15  0000              _Delay .section 'code'
  15  0000              _Delay proc
  15  0000              public _Delay_2
  15  0000  0008[           local _Delay_2 db 8 dup(?)	; 4,4
            00
            ]
  15  0008              #pragma debug variable 14 2 _Delay_2+0 "count"
  15  0008              #pragma debug variable 14 2 _Delay_2+4 "i"
  17  0008              #line 17 "C:\Users\hamed\OneDrive\Documents\HTK_Project\prid2\prid2.c"
  17  0000  1F00     R  	clr _Delay_2[4]
  17  0001  1F00     R  	clr _Delay_2[5]
  17  0002  1F00     R  	clr _Delay_2[6]
  17  0003  1F00     R  	clr _Delay_2[7]
  17  0004  2800     R  	jmp _L2
  17  0005              _L3:
  19  0005              #line 19 "C:\Users\hamed\OneDrive\Documents\HTK_Project\prid2\prid2.c"
  19  0005              ;# 19 "C:\Users\hamed\OneDrive\Documents\HTK_Project\prid2\prid2.c" 1
  19  0005  0000        	nop
  20  0006              #line 20 "C:\Users\hamed\OneDrive\Documents\HTK_Project\prid2\prid2.c"
  20  0006              ;# 20 "C:\Users\hamed\OneDrive\Documents\HTK_Project\prid2\prid2.c" 1
  20  0006  0001        	clr wdt
  17  0007              #line 17 "C:\Users\hamed\OneDrive\Documents\HTK_Project\prid2\prid2.c"
  17  0007  0F01        	mov a,1
  17  0008  0380     R  	addm a,_Delay_2[4]
  17  0009  0F00        	mov a,0
  17  000A  1380     R  	adcm a,_Delay_2[5]
  17  000B  1380     R  	adcm a,_Delay_2[6]
  17  000C  1380     R  	adcm a,_Delay_2[7]
  17  000D              _L2:
  17  000D  0700     R  	mov a,_Delay_2[4]
  17  000E  0200     R  	sub a,_Delay_2[0]
  17  000F  0700     R  	mov a,_Delay_2[5]
  17  0010  1200     R  	sbc a,_Delay_2[1]
  17  0011  0700     R  	mov a,_Delay_2[6]
  17  0012  1200     R  	sbc a,_Delay_2[2]
  17  0013  0700     R  	mov a,_Delay_2[7]
  17  0014  1200     R  	sbc a,_Delay_2[3]
  17  0015  380A        	snz c
  17  0016  2800     R  	jmp _L3
  17  0017  0003        	ret
  17  0018              _Delay endp
  17  0018              #line 17 "C:\Users\hamed\OneDrive\Documents\HTK_Project\prid2\prid2.c"
  17  0018              #pragma debug scope 1 1
  17  0018              ___smod equ [11]
  17  0018              ___pac equ [21]
  17  0018              ___papu equ [22]
  17  0018              ___tktmr equ [67]
  17  0018              ___tkc0 equ [68]
  17  0018              ___tkc1 equ [71]
  17  0018              ___tkm0rol equ [74]
  17  0018              ___tkm0roh equ [75]
  17  0018              ___tkm0c0 equ [76]
  17  0018              ___tkm0c1 equ [77]
  17  0018              public _init
  17  0018              #pragma debug scope 3 1
  26  0018              #line 26 "C:\Users\hamed\OneDrive\Documents\HTK_Project\prid2\prid2.c"
  26  0000              _init .section 'code'
"File: prid2.c       Assembler  Version HGASM0202      Page 3

  26  0000              _init proc
  28  0000              #line 28 "C:\Users\hamed\OneDrive\Documents\HTK_Project\prid2\prid2.c"
  28  0000  0F01        	mov a,1
  28  0001  008B        	mov [11],a
  31  0002              #line 31 "C:\Users\hamed\OneDrive\Documents\HTK_Project\prid2\prid2.c"
  31  0002  3595        	clr [21].3
  32  0003              #line 32 "C:\Users\hamed\OneDrive\Documents\HTK_Project\prid2\prid2.c"
  32  0003  3515        	clr [21].2
  33  0004              #line 33 "C:\Users\hamed\OneDrive\Documents\HTK_Project\prid2\prid2.c"
  33  0004  3295        	set [21].5
  35  0005              #line 35 "C:\Users\hamed\OneDrive\Documents\HTK_Project\prid2\prid2.c"
  35  0005  3296        	set [22].5
  39  0006              #line 39 "C:\Users\hamed\OneDrive\Documents\HTK_Project\prid2\prid2.c"
  39  0006  0F64        	mov a,100
  39  0007  00C3        	mov [67],a
  46  0008              #line 46 "C:\Users\hamed\OneDrive\Documents\HTK_Project\prid2\prid2.c"
  46  0008  3044        	set [68].0
  47  0009              #line 47 "C:\Users\hamed\OneDrive\Documents\HTK_Project\prid2\prid2.c"
  47  0009  30C4        	set [68].1
  54  000A              #line 54 "C:\Users\hamed\OneDrive\Documents\HTK_Project\prid2\prid2.c"
  54  000A  3047        	set [71].0
  55  000B              #line 55 "C:\Users\hamed\OneDrive\Documents\HTK_Project\prid2\prid2.c"
  55  000B  30C7        	set [71].1
  59  000C              #line 59 "C:\Users\hamed\OneDrive\Documents\HTK_Project\prid2\prid2.c"
  59  000C  0FC8        	mov a,200
  59  000D  00CA        	mov [74],a
  60  000E              #line 60 "C:\Users\hamed\OneDrive\Documents\HTK_Project\prid2\prid2.c"
  60  000E  1F4B        	clr [75]
  63  000F              #line 63 "C:\Users\hamed\OneDrive\Documents\HTK_Project\prid2\prid2.c"
  63  000F  334C        	set [76].6
  64  0010              #line 64 "C:\Users\hamed\OneDrive\Documents\HTK_Project\prid2\prid2.c"
  64  0010  33CC        	set [76].7
  69  0011              #line 69 "C:\Users\hamed\OneDrive\Documents\HTK_Project\prid2\prid2.c"
  69  0011  36CC        	clr [76].5
  71  0012              #line 71 "C:\Users\hamed\OneDrive\Documents\HTK_Project\prid2\prid2.c"
  71  0012  324C        	set [76].4
  75  0013              #line 75 "C:\Users\hamed\OneDrive\Documents\HTK_Project\prid2\prid2.c"
  75  0013  31CC        	set [76].3
  80  0014              #line 80 "C:\Users\hamed\OneDrive\Documents\HTK_Project\prid2\prid2.c"
  80  0014  314C        	set [76].2
  81  0015              #line 81 "C:\Users\hamed\OneDrive\Documents\HTK_Project\prid2\prid2.c"
  81  0015  34CC        	clr [76].1
  82  0016              #line 82 "C:\Users\hamed\OneDrive\Documents\HTK_Project\prid2\prid2.c"
  82  0016  344C        	clr [76].0
  85  0017              #line 85 "C:\Users\hamed\OneDrive\Documents\HTK_Project\prid2\prid2.c"
  85  0017  37CD        	clr [77].7
  87  0018              #line 87 "C:\Users\hamed\OneDrive\Documents\HTK_Project\prid2\prid2.c"
  87  0018  32CD        	set [77].5
  90  0019              #line 90 "C:\Users\hamed\OneDrive\Documents\HTK_Project\prid2\prid2.c"
  90  0019  324D        	set [77].4
  94  001A              #line 94 "C:\Users\hamed\OneDrive\Documents\HTK_Project\prid2\prid2.c"
  94  001A  31CD        	set [77].3
  94  001B  0003        	ret
  94  001C              _init endp
  94  001C              #line 94 "C:\Users\hamed\OneDrive\Documents\HTK_Project\prid2\prid2.c"
  94  001C              #pragma debug scope 1 1
  94  001C              ___tkm016dh equ [73]
  94  001C              ___tkm016dl equ [72]
  94  001C              ___pa equ [20]
  94  001C              public _main
"File: prid2.c       Assembler  Version HGASM0202      Page 4

  94  001C              #pragma debug scope 4 1
 104  001C              #line 104 "C:\Users\hamed\OneDrive\Documents\HTK_Project\prid2\prid2.c"
 104  001C              IFDEF WITH_DEFAULT_STARTUP
 104  001C              extern _main_initial0:near
 104  001C              extern _main_startup:near
 104  001C              ENDIF
 104  001C              
 104  001C              ROMBANK 0 @start
 104  0000              @start .section com_l 'code'
 104  0000              _main_startup1:
 104  0000              @start .section com_e 'code'
 104  0000  2800     R  	jmp _main
 104  0001              
 104  0000              _main .section 'code'
 104  0000              _main proc
 104  0000  0010[           local _main_2 db 16 dup(?)
            00
            ]
 105  0010              #line 105 "C:\Users\hamed\OneDrive\Documents\HTK_Project\prid2\prid2.c"
 105  0000  2000     R  	call _init
 106  0001              #line 106 "C:\Users\hamed\OneDrive\Documents\HTK_Project\prid2\prid2.c"
 106  0001  0F10        	mov a,16
 106  0002  0080     R  	mov _Delay_2[0],a
 106  0003  0F27        	mov a,39
 106  0004  0080     R  	mov _Delay_2[1],a
 106  0005  1F00     R  	clr _Delay_2[2]
 106  0006  1F00     R  	clr _Delay_2[3]
 106  0007  2000     R  	call _Delay
 109  0008              #line 109 "C:\Users\hamed\OneDrive\Documents\HTK_Project\prid2\prid2.c"
 109  0008  36C4        	clr [68].5
 110  0009              #line 110 "C:\Users\hamed\OneDrive\Documents\HTK_Project\prid2\prid2.c"
 110  0009  1F00     R  	clr _i[0]
 110  000A  1F00     R  	clr _i[1]
 110  000B              _L7:
 110  000B              #line 110 "C:\Users\hamed\OneDrive\Documents\HTK_Project\prid2\prid2.c"
 110  000B  0F13        	mov a,19
 110  000C  0200     R  	sub a,_i[0]
 110  000D  0F00        	mov a,0
 110  000E  1200     R  	sbc a,_i[1]
 110  000F  1185        	swap acc
 110  0010  040A        	xor a,status
 110  0011  3D85        	sz acc.3
 110  0012  2800     R  	jmp _L32
 112  0013              #line 112 "C:\Users\hamed\OneDrive\Documents\HTK_Project\prid2\prid2.c"
 112  0013  32CD        	set [77].5
 113  0014              #line 113 "C:\Users\hamed\OneDrive\Documents\HTK_Project\prid2\prid2.c"
 113  0014  324D        	set [77].4
 114  0015              #line 114 "C:\Users\hamed\OneDrive\Documents\HTK_Project\prid2\prid2.c"
 114  0015  32C4        	set [68].5
 114  0016              _L9:
 116  0016              #line 116 "C:\Users\hamed\OneDrive\Documents\HTK_Project\prid2\prid2.c"
 116  0016  3B44        	snz [68].6
 116  0017  2800     R  	jmp _L9
 118  0018              #line 118 "C:\Users\hamed\OneDrive\Documents\HTK_Project\prid2\prid2.c"
 118  0018  0749        	mov a,[73]
 118  0019  0080     R  	mov _main_2[1],a
 118  001A  1F00     R  	clr _main_2[0]
 118  001B  0700     R  	mov a,_main_2[1]
 118  001C  0080     E  	mov rc,a
 118  001D  0748        	mov a,[72]
"File: prid2.c       Assembler  Version HGASM0202      Page 5

 118  001E  0500     R  	or a,_main_2[0]
 118  001F  0080     E  	mov rb,a
 118  0020  0700     E  	mov a,rb
 118  0021  0080     R  	mov _touch[0],a
 118  0022  0700     E  	mov a,rc
 118  0023  0080     R  	mov _touch[1],a
 119  0024              #line 119 "C:\Users\hamed\OneDrive\Documents\HTK_Project\prid2\prid2.c"
 119  0024  0700     E  	mov a,rb
 119  0025  0380     R  	addm a,_touchThreshold[0]
 119  0026  0700     E  	mov a,rc
 119  0027  1380     R  	adcm a,_touchThreshold[1]
 119  0028  1F05        	clr acc
 119  0029  1380     R  	adcm a,_touchThreshold[2]
 119  002A  1380     R  	adcm a,_touchThreshold[3]
 121  002B              #line 121 "C:\Users\hamed\OneDrive\Documents\HTK_Project\prid2\prid2.c"
 121  002B  3744        	clr [68].6
 122  002C              #line 122 "C:\Users\hamed\OneDrive\Documents\HTK_Project\prid2\prid2.c"
 122  002C  36C4        	clr [68].5
 125  002D              #line 125 "C:\Users\hamed\OneDrive\Documents\HTK_Project\prid2\prid2.c"
 125  002D  0FD0        	mov a,-48
 125  002E  0080     R  	mov _Delay_2[0],a
 125  002F  0F07        	mov a,7
 125  0030  0080     R  	mov _Delay_2[1],a
 125  0031  1F00     R  	clr _Delay_2[2]
 125  0032  1F00     R  	clr _Delay_2[3]
 125  0033  2000     R  	call _Delay
 110  0034              #line 110 "C:\Users\hamed\OneDrive\Documents\HTK_Project\prid2\prid2.c"
 110  0034  1480     R  	inc _i[0]
 110  0035  3D0A        	sz z
 110  0036  1480     R  	inc _i[1]
 110  0037  2800     R  	jmp _L7
 110  0038              _L32:
 127  0038              #line 127 "C:\Users\hamed\OneDrive\Documents\HTK_Project\prid2\prid2.c"
 127  0038  1F00     E  	clr _builtin_holtek_udivmodsi4_2[12]
 127  0039  0700     R  	mov a,_touchThreshold[0]  
 127  003A  0080     E  	mov _builtin_holtek_udivmodsi4_2[0],a  
 127  003B  0700     R  	mov a,_touchThreshold[1]  
 127  003C  0080     E  	mov _builtin_holtek_udivmodsi4_2[1],a
 127  003D  0700     R  	mov a,_touchThreshold[2]  
 127  003E  0080     E  	mov _builtin_holtek_udivmodsi4_2[2],a  
 127  003F  0700     R  	mov a,_touchThreshold[3]  
 127  0040  0080     E  	mov _builtin_holtek_udivmodsi4_2[3],a
 127  0041  0F14        	mov a,20  
 127  0042  0080     E  	mov _builtin_holtek_udivmodsi4_2[4],a  
 127  0043  0F00        	mov a,0  
 127  0044  0080     E  	mov _builtin_holtek_udivmodsi4_2[5],a
 127  0045  1F00     E  	clr _builtin_holtek_udivmodsi4_2[6]
 127  0046  1F00     E  	clr _builtin_holtek_udivmodsi4_2[7]
 127  0047  2000     E  	call _builtin_holtek_udivmodsi4
 127  0048  0700     E  	mov a,_builtin_holtek_udivmodsi4_2[0]  
 127  0049  0080     E  	mov rd,a  
 127  004A  0700     E  	mov a,_builtin_holtek_udivmodsi4_2[1]  
 127  004B  0080     E  	mov re,a
 127  004C  0700     E  	mov a,_builtin_holtek_udivmodsi4_2[2]  
 127  004D  0080     E  	mov rf,a  
 127  004E  0700     E  	mov a,_builtin_holtek_udivmodsi4_2[3]  
 127  004F  0080     E  	mov rg,a
 127  0050  0700     E  	mov a,rd
 127  0051  0080     R  	mov _touchThreshold[0],a
 127  0052  0700     E  	mov a,re
"File: prid2.c       Assembler  Version HGASM0202      Page 6

 127  0053  0080     R  	mov _touchThreshold[1],a
 127  0054  0700     E  	mov a,rf
 127  0055  0080     R  	mov _touchThreshold[2],a
 127  0056  0700     E  	mov a,rg
 127  0057  0080     R  	mov _touchThreshold[3],a
 131  0058              #line 131 "C:\Users\hamed\OneDrive\Documents\HTK_Project\prid2\prid2.c"
 131  0058  32CD        	set [77].5
 132  0059              #line 132 "C:\Users\hamed\OneDrive\Documents\HTK_Project\prid2\prid2.c"
 132  0059  324D        	set [77].4
 133  005A              #line 133 "C:\Users\hamed\OneDrive\Documents\HTK_Project\prid2\prid2.c"
 133  005A  32C4        	set [68].5
 133  005B  0700     R  	mov a,_touch[0]
 133  005C  0080     R  	mov _main_2[0],a
 133  005D  0700     R  	mov a,_touch[1]
 133  005E  0080     R  	mov _main_2[1],a
 133  005F  0700     E  	mov a,rd
 133  0060  0080     R  	mov _main_2[6],a
 133  0061  0700     E  	mov a,re
 133  0062  0080     R  	mov _main_2[7],a
 133  0063  0700     E  	mov a,rf
 133  0064  0080     R  	mov _main_2[8],a
 133  0065  0700     E  	mov a,rg
 133  0066  0080     R  	mov _main_2[9],a
 133  0067  0700     R  	mov a,_isInDoor[0]
 133  0068  0080     E  	mov rh,a
 133  0069  0700     R  	mov a,_fingerCounter[0]
 133  006A  0080     E  	mov rd,a
 133  006B  0700     R  	mov a,_fingerCounter[1]
 133  006C  0080     E  	mov re,a
 133  006D  0700     R  	mov a,_fingerCounter[2]
 133  006E  0080     E  	mov rf,a
 133  006F  0700     R  	mov a,_fingerCounter[3]
 133  0070  0080     E  	mov rg,a
 133  0071  0700     R  	mov a,_f[0]
 133  0072  0080     E  	mov rb,a
 133  0073  0700     R  	mov a,_f[1]
 133  0074  0080     E  	mov rc,a
 133  0075              _L19:
 136  0075              #line 136 "C:\Users\hamed\OneDrive\Documents\HTK_Project\prid2\prid2.c"
 136  0075              ;# 136 "C:\Users\hamed\OneDrive\Documents\HTK_Project\prid2\prid2.c" 1
 136  0075  0001        	clr wdt
 139  0076              #line 139 "C:\Users\hamed\OneDrive\Documents\HTK_Project\prid2\prid2.c"
 139  0076  3B44        	snz [68].6
 139  0077  2800     R  	jmp _L11
 141  0078              #line 141 "C:\Users\hamed\OneDrive\Documents\HTK_Project\prid2\prid2.c"
 141  0078  0749        	mov a,[73]
 141  0079  0080     R  	mov _main_2[15],a
 141  007A  1F00     R  	clr _main_2[14]
 141  007B  0700     R  	mov a,_main_2[15]
 141  007C  0080     R  	mov _main_2[1],a
 141  007D  0748        	mov a,[72]
 141  007E  0500     R  	or a,_main_2[14]
 141  007F  0080     R  	mov _main_2[0],a
 142  0080              #line 142 "C:\Users\hamed\OneDrive\Documents\HTK_Project\prid2\prid2.c"
 142  0080  3744        	clr [68].6
 143  0081              #line 143 "C:\Users\hamed\OneDrive\Documents\HTK_Project\prid2\prid2.c"
 143  0081  36C4        	clr [68].5
 145  0082              #line 145 "C:\Users\hamed\OneDrive\Documents\HTK_Project\prid2\prid2.c"
 145  0082  32CD        	set [77].5
 146  0083              #line 146 "C:\Users\hamed\OneDrive\Documents\HTK_Project\prid2\prid2.c"
"File: prid2.c       Assembler  Version HGASM0202      Page 7

 146  0083  324D        	set [77].4
 147  0084              #line 147 "C:\Users\hamed\OneDrive\Documents\HTK_Project\prid2\prid2.c"
 147  0084  32C4        	set [68].5
 147  0085              _L11:
 151  0085              #line 151 "C:\Users\hamed\OneDrive\Documents\HTK_Project\prid2\prid2.c"
 151  0085  3E94        	sz [20].5
 151  0086  2800     R  	jmp _L12
 154  0087              #line 154 "C:\Users\hamed\OneDrive\Documents\HTK_Project\prid2\prid2.c"
 154  0087  3194        	set [20].3
 153  0088              #line 153 "C:\Users\hamed\OneDrive\Documents\HTK_Project\prid2\prid2.c"
 153  0088  0F01        	mov a,1
 153  0089  0080     E  	mov rh,a
 153  008A  2800     R  	jmp _L13
 153  008B              _L12:
 156  008B              #line 156 "C:\Users\hamed\OneDrive\Documents\HTK_Project\prid2\prid2.c"
 156  008B  3A94        	snz [20].5
 156  008C  2800     R  	jmp _L13
 156  008D  1080     E  	sz rh
 156  008E  2800     R  	jmp _LI1
 156  008F  2800     R  	jmp _L13
 156  0090              _LI1:
 159  0090              #line 159 "C:\Users\hamed\OneDrive\Documents\HTK_Project\prid2\prid2.c"
 159  0090  3594        	clr [20].3
 158  0091              #line 158 "C:\Users\hamed\OneDrive\Documents\HTK_Project\prid2\prid2.c"
 158  0091  1F00     E  	clr rh
 158  0092              _L13:
 163  0092              #line 163 "C:\Users\hamed\OneDrive\Documents\HTK_Project\prid2\prid2.c"
 163  0092  0700     R  	mov a,_main_2[0]
 163  0093  0080     R  	mov _main_2[2],a
 163  0094  0700     R  	mov a,_main_2[1]
 163  0095  0080     R  	mov _main_2[3],a
 163  0096  1F00     R  	clr _main_2[4]
 163  0097  1F00     R  	clr _main_2[5]
 163  0098  0FD8        	mov a,216
 163  0099  0300     R  	add a,_main_2[6]
 163  009A  0080     R  	mov _main_2[10],a
 163  009B  0FFF        	mov a,255
 163  009C  1300     R  	adc a,_main_2[7]
 163  009D  0080     R  	mov _main_2[11],a
 163  009E  0FFF        	mov a,255
 163  009F  1300     R  	adc a,_main_2[8]
 163  00A0  0080     R  	mov _main_2[12],a
 163  00A1  0FFF        	mov a,255
 163  00A2  1300     R  	adc a,_main_2[9]
 163  00A3  0080     R  	mov _main_2[13],a
 163  00A4  0700     R  	mov a,_main_2[2]
 163  00A5  0200     R  	sub a,_main_2[10]
 163  00A6  0700     R  	mov a,_main_2[3]
 163  00A7  1200     R  	sbc a,_main_2[11]
 163  00A8  0700     R  	mov a,_main_2[4]
 163  00A9  1200     R  	sbc a,_main_2[12]
 163  00AA  0700     R  	mov a,_main_2[5]
 163  00AB  1200     R  	sbc a,_main_2[13]
 163  00AC  3C0A        	sz c
 163  00AD  2800     R  	jmp _L14
 165  00AE              #line 165 "C:\Users\hamed\OneDrive\Documents\HTK_Project\prid2\prid2.c"
 165  00AE  0F01        	mov a,1
 165  00AF  0380     E  	addm a,rd
 165  00B0  0F00        	mov a,0
 165  00B1  1380     E  	adcm a,re
"File: prid2.c       Assembler  Version HGASM0202      Page 8

 165  00B2  1380     E  	adcm a,rf
 165  00B3  1380     E  	adcm a,rg
 166  00B4              #line 166 "C:\Users\hamed\OneDrive\Documents\HTK_Project\prid2\prid2.c"
 166  00B4  0F30        	mov a,48
 166  00B5  0200     E  	sub a,rd
 166  00B6  0F75        	mov a,117
 166  00B7  1200     E  	sbc a,re
 166  00B8  0F00        	mov a,0
 166  00B9  1200     E  	sbc a,rf
 166  00BA  0F00        	mov a,0
 166  00BB  1200     E  	sbc a,rg
 166  00BC  380A        	snz c
 166  00BD  2800     R  	jmp _L15
 166  00BE              _L18:
 180  00BE              #line 180 "C:\Users\hamed\OneDrive\Documents\HTK_Project\prid2\prid2.c"
 180  00BE  0700     E  	mov a,rd
 180  00BF  0C20        	xor a,32
 180  00C0  0700     E  	mov a,re
 180  00C1  3D0A        	sz z
 180  00C2  0C03        	xor a,3
 180  00C3  0700     E  	mov a,rf
 180  00C4  3D0A        	sz z
 180  00C5  0C00        	xor a,0
 180  00C6  0700     E  	mov a,rg
 180  00C7  3D0A        	sz z
 180  00C8  0C00        	xor a,0
 180  00C9  390A        	snz z
 180  00CA  2800     R  	jmp _L19
 182  00CB              #line 182 "C:\Users\hamed\OneDrive\Documents\HTK_Project\prid2\prid2.c"
 182  00CB  1F00     E  	clr ra
 182  00CC  3994        	snz [20].3
 182  00CD  3000     E  	set ra.3
 182  00CE  3594        	clr [20].3
 182  00CF  0700     E  	mov a,ra
 182  00D0  0594        	orm a,[20]
 182  00D1  2800     R  	jmp _L19
 182  00D2              _L14:
 171  00D2              #line 171 "C:\Users\hamed\OneDrive\Documents\HTK_Project\prid2\prid2.c"
 171  00D2  0FF6        	mov a,246
 171  00D3  0300     R  	add a,_main_2[6]
 171  00D4  0080     R  	mov _main_2[10],a
 171  00D5  0FFF        	mov a,255
 171  00D6  1300     R  	adc a,_main_2[7]
 171  00D7  0080     R  	mov _main_2[11],a
 171  00D8  0FFF        	mov a,255
 171  00D9  1300     R  	adc a,_main_2[8]
 171  00DA  0080     R  	mov _main_2[12],a
 171  00DB  0FFF        	mov a,255
 171  00DC  1300     R  	adc a,_main_2[9]
 171  00DD  0080     R  	mov _main_2[13],a
 171  00DE  0700     R  	mov a,_main_2[10]
 171  00DF  0200     R  	sub a,_main_2[2]
 171  00E0  0700     R  	mov a,_main_2[11]
 171  00E1  1200     R  	sbc a,_main_2[3]
 171  00E2  0700     R  	mov a,_main_2[12]
 171  00E3  1200     R  	sbc a,_main_2[4]
 171  00E4  0700     R  	mov a,_main_2[13]
 171  00E5  1200     R  	sbc a,_main_2[5]
 171  00E6  3C0A        	sz c
 171  00E7  2800     R  	jmp _L18
"File: prid2.c       Assembler  Version HGASM0202      Page 9

 174  00E8              #line 174 "C:\Users\hamed\OneDrive\Documents\HTK_Project\prid2\prid2.c"
 174  00E8  1480     E  	inc rb
 174  00E9  3D0A        	sz z
 174  00EA  1480     E  	inc rc
 175  00EB              #line 175 "C:\Users\hamed\OneDrive\Documents\HTK_Project\prid2\prid2.c"
 175  00EB  0F10        	mov a,16
 175  00EC  0200     E  	sub a,rb
 175  00ED  0F27        	mov a,39
 175  00EE  1200     E  	sbc a,rc
 175  00EF  1185        	swap acc
 175  00F0  040A        	xor a,status
 175  00F1  3985        	snz acc.3
 175  00F2  2800     R  	jmp _L31
 176  00F3              #line 176 "C:\Users\hamed\OneDrive\Documents\HTK_Project\prid2\prid2.c"
 176  00F3  1F00     E  	clr rb
 176  00F4  1F00     E  	clr rc
 176  00F5              _L15:
 173  00F5              #line 173 "C:\Users\hamed\OneDrive\Documents\HTK_Project\prid2\prid2.c"
 173  00F5  0700     R  	mov a,_main_2[2]
 173  00F6  0080     R  	mov _main_2[6],a
 173  00F7  0700     R  	mov a,_main_2[3]
 173  00F8  0080     R  	mov _main_2[7],a
 173  00F9  0700     R  	mov a,_main_2[4]
 173  00FA  0080     R  	mov _main_2[8],a
 173  00FB  0700     R  	mov a,_main_2[5]
 173  00FC  0080     R  	mov _main_2[9],a
 173  00FD              _L31:
 173  00FD  1F00     E  	clr rd
 173  00FE  1F00     E  	clr re
 173  00FF  1F00     E  	clr rf
 173  0100  1F00     E  	clr rg
 173  0101  2800     R  	jmp _L19
 173  0102  2800     R  	jmp $
 173  0103              _main endp
 173  0103              
 173  0103              @dummy endp
 173  0103              
 173  0103              #line 173 "C:\Users\hamed\OneDrive\Documents\HTK_Project\prid2\prid2.c"
 173  0103              #pragma debug scope 1 1
  10  0103              #line 10 "C:\Users\hamed\OneDrive\Documents\HTK_Project\prid2\prid2.c"
  10  0103              public _touch
  10  0000              @HCCINIT0 .section 'data'
  10  0000  0002[       _touch	db 2 dup(0)
            00
            ]
  10  0002              #pragma debug variable 12 1 _touch "touch"
  10  0002              
  10  0000              @HCCINIT .section 'data'
  10  0000              public _isInDoor
  10  0000              @HCCINIT	.section 'data'
   9  0000              #line 9 "C:\Users\hamed\OneDrive\Documents\HTK_Project\prid2\prid2.c"
   9  0000              @HCCINIT .section 'data'
   9  0000              _isInDoor label byte
   9  0000              #pragma debug variable 8 1 _isInDoor "isInDoor"
   9  0000              	db 0
   9  0000              @ROMDATA_BASE .section inpage 'code'
   9  0000              	db 0
   9  0001              @HCCINIT .section 'data'
   9  0001              public _fingerCounter
   8  0001              #line 8 "C:\Users\hamed\OneDrive\Documents\HTK_Project\prid2\prid2.c"
"File: prid2.c       Assembler  Version HGASM0202      Page 10

   8  0001              @HCCINIT .section 'data'
   8  0001              _fingerCounter label byte
   8  0001              #pragma debug variable 14 1 _fingerCounter "fingerCounter"
   8  0001              	db 0
   8  0001              @ROMDATA_BASE .section inpage 'code'
   8  0001              	db 0
   8  0002              @HCCINIT .section 'data'
   8  0002              	db 0
   8  0001              @ROMDATA_BASE .section inpage 'code'
   8  0001              	db 0
   8  0003              @HCCINIT .section 'data'
   8  0003              	db 0
   8  0002              @ROMDATA_BASE .section inpage 'code'
   8  0002              	db 0
   8  0004              @HCCINIT .section 'data'
   8  0004              	db 0
   8  0002              @ROMDATA_BASE .section inpage 'code'
   8  0002              	db 0
   8  0005              @HCCINIT .section 'data'
   7  0005              #line 7 "C:\Users\hamed\OneDrive\Documents\HTK_Project\prid2\prid2.c"
   7  0005              public _f
   7  0002              @HCCINIT0 .section 'data'
   7  0002  0002[       _f	db 2 dup(0)
            00
            ]
   7  0004              #pragma debug variable 11 1 _f "f"
   7  0004              
   7  0005              @HCCINIT .section 'data'
   6  0005              #line 6 "C:\Users\hamed\OneDrive\Documents\HTK_Project\prid2\prid2.c"
   6  0005              public _i
   6  0004              @HCCINIT0 .section 'data'
   6  0004  0002[       _i	db 2 dup(0)
            00
            ]
   6  0006              #pragma debug variable 11 1 _i "i"
   6  0006              
   6  0005              @HCCINIT .section 'data'
   6  0005              public _touchThreshold
   5  0005              #line 5 "C:\Users\hamed\OneDrive\Documents\HTK_Project\prid2\prid2.c"
   5  0005              @HCCINIT .section 'data'
   5  0005              _touchThreshold label byte
   5  0005              #pragma debug variable 14 1 _touchThreshold "touchThreshold"
   5  0005              	db 0
   5  0003              @ROMDATA_BASE .section inpage 'code'
   5  0003              	db 0
   5  0006              @HCCINIT .section 'data'
   5  0006              	db 0
   5  0003              @ROMDATA_BASE .section inpage 'code'
   5  0003              	db 0
   5  0007              @HCCINIT .section 'data'
   5  0007              	db 0
   5  0004              @ROMDATA_BASE .section inpage 'code'
   5  0004              	db 0
   5  0008              @HCCINIT .section 'data'
   5  0008              	db 0
   5  0004              @ROMDATA_BASE .section inpage 'code'
   5  0004              	db 0
   5  0009              @HCCINIT .section 'data'
   5  0009              #pragma debug struct_end
   5  0009              #pragma debug struct_end
"File: prid2.c       Assembler  Version HGASM0202      Page 11

   5  0009              #pragma debug union_end
   5  0009              #pragma debug union_end
   5  0009              #pragma debug variable 43 1 ___smod "__smod" 1
   5  0009              #pragma debug struct_end
   5  0009              #pragma debug struct_end
   5  0009              #pragma debug union_end
   5  0009              #pragma debug union_end
   5  0009              #pragma debug variable 45 1 ___pa "__pa" 1
   5  0009              #pragma debug struct_end
   5  0009              #pragma debug struct_end
   5  0009              #pragma debug union_end
   5  0009              #pragma debug union_end
   5  0009              #pragma debug variable 47 1 ___pac "__pac" 1
   5  0009              #pragma debug struct_end
   5  0009              #pragma debug struct_end
   5  0009              #pragma debug union_end
   5  0009              #pragma debug union_end
   5  0009              #pragma debug variable 49 1 ___papu "__papu" 1
   5  0009              #pragma debug variable 8 1 ___tktmr "__tktmr" 1
   5  0009              #pragma debug struct_end
   5  0009              #pragma debug struct_end
   5  0009              #pragma debug union_end
   5  0009              #pragma debug union_end
   5  0009              #pragma debug variable 51 1 ___tkc0 "__tkc0" 1
   5  0009              #pragma debug struct_end
   5  0009              #pragma debug struct_end
   5  0009              #pragma debug union_end
   5  0009              #pragma debug union_end
   5  0009              #pragma debug variable 53 1 ___tkc1 "__tkc1" 1
   5  0009              #pragma debug variable 8 1 ___tkm016dl "__tkm016dl" 1
   5  0009              #pragma debug variable 8 1 ___tkm016dh "__tkm016dh" 1
   5  0009              #pragma debug variable 8 1 ___tkm0rol "__tkm0rol" 1
   5  0009              #pragma debug variable 8 1 ___tkm0roh "__tkm0roh" 1
   5  0009              #pragma debug struct_end
   5  0009              #pragma debug struct_end
   5  0009              #pragma debug union_end
   5  0009              #pragma debug union_end
   5  0009              #pragma debug variable 55 1 ___tkm0c0 "__tkm0c0" 1
   5  0009              #pragma debug struct_end
   5  0009              #pragma debug struct_end
   5  0009              #pragma debug union_end
   5  0009              #pragma debug union_end
   5  0009              #pragma debug variable 57 1 ___tkm0c1 "__tkm0c1" 1
 104  0009              #line 104 "C:\Users\hamed\OneDrive\Documents\HTK_Project\prid2\prid2.c"
 104  0000              @code .section at 0 'code'
 104  0000  2800     R  	jmp _main_startup1
 104  0001              
 104  0001              extern _builtin_holtek_udivmodsi4_2:byte
 104  0001              extern _builtin_holtek_udivmodsi4:near
 104  0001              
 104  0001              ; 
 104  0001              ; Generated by holtek-gcc v3.19, Wed Aug 09 23:41:02 2023
 104  0001              ; Rebuild 718
 104  0001              ; end of file


        0 Errors, 0