"File: timer.c       Assembler  Version HGASM0202      Page 1


   1  0000              ; Generated by holtek-gcc v3.19, Sun Aug 20 10:33:51 2023
   2  0000              ; 
   3  0000              ; Configuration:
   4  0000              ;       without long instruction
   5  0000              ;       Single ROM, Multi-RAM
   6  0000              ;       bits_per_rom_unit:16
   7  0000              ;       with mp1
   8  0000              ;       with tbhp, address(0x9)
   9  0000              ;          Use tabrd-const
  10  0000              ;       
  11  0000              ;       
  12  0000              ;       
  13  0000              ; use 'tabrdc' instead of 'tabrd'
  14  0000              ;       
  15  0000              
  16  0000              #pragma translator "holtek-gcc 4.6.4" "3.19" "build 20130711"
  17  0000              ; Rebuild 718
  18  0000              
  19  0000              ir equ [2]
  20  0000              mp equ [3]
  21  0000              sbp equ [1]
  22  0000              acc equ [5]
  23  0000              bp equ [4]
  24  0000              tblp equ [7]
  25  0000              tbhp equ [9]
  26  0000              status equ [10]
  27  0000              c equ [10].0
  28  0000              ac equ [10].1
  29  0000              z equ [10].2
  30  0000              ov equ [10].3
  31  0000              intc equ [11]
  32  0000              
  33  0000              extern ra:byte
  34  0000              extern rb:byte
  35  0000              extern rc:byte
  36  0000              extern rd:byte
  37  0000              extern re:byte
  38  0000              extern rf:byte
  39  0000              extern rg:byte
  40  0000              extern rh:byte
  41  0000              extern _Crom2Prom:near
  42  0000              extern _Crom2PromNext:near
  43  0000              
  44  0000              RAMBANK 0 @HCCINIT, @HCCINIT0
  45  0000              
  46  0000              RAMBANK 0 @BITDATASEC, @BITDATASEC1
  47  0000              @HCCINIT	.section 'data'
  48  0000              @HCCINIT0	.section 'data'
  49  0000              @BITDATASEC	 .section 'data'
  50  0000              @BITDATASEC1	 .section 'data'
  51  0000              
  52  0000              #pragma debug scope 1 1
  53  0000              	extern __DELAY3:near
  54  0000              	extern __DELAYX3:near
  55  0000              	extern __DELAYX6:near
  56  0000              	extern __DELAYY5:near
  57  0000              	extern __DELAYY3:near
  58  0000              	extern _builtin_holtek_delay_2:byte
  59  0000              ___pa equ [20]
"File: timer.ASM     Assembler  Version HGASM0202      Page 2

  60  0000              public _timer
  61  0000              #pragma debug scope 2 1

  11  0000              #line 11 "C:\Users\hamed\OneDrive\Documents\HTK_Project\timer\timer.c"
  11  0000              @timer_code .section at 12 'code'
  11  0000  0080     E  	mov r1,a
  11  0001  070A        	mov a,status
  11  0002  0080     E  	mov r2,a
  11  0003  2800     R  	jmp _timer
  11  0004              #pragma debug scope 1 1
  11  0004              @dummy12 endp
  11  0004              #pragma debug scope 3 1
  11  0000              _timer .section 'code'
  11  0000              _timer proc
  12  0000              #line 12 "C:\Users\hamed\OneDrive\Documents\HTK_Project\timer\timer.c"
  12  0000  1480     R  	inc _counter[0]
  12  0001  3D0A        	sz z
  12  0002  1480     R  	inc _counter[1]
  13  0003              #line 13 "C:\Users\hamed\OneDrive\Documents\HTK_Project\timer\timer.c"
  13  0003  0700     R  	mov a,_counter[0]
  13  0004  0CE8        	xor a,232
  13  0005  0700     R  	mov a,_counter[1]
  13  0006  3D0A        	sz z
  13  0007  0C03        	xor a,3
  13  0008  390A        	snz z
  13  0009  2800     R  	jmp _L1
  14  000A              #line 14 "C:\Users\hamed\OneDrive\Documents\HTK_Project\timer\timer.c"
  14  000A  1F00     R  	clr _counter[0]
  14  000B  1F00     R  	clr _counter[1]
  15  000C              #line 15 "C:\Users\hamed\OneDrive\Documents\HTK_Project\timer\timer.c"
  15  000C  1F00     E  	clr ra
  15  000D  3894        	snz [20].1
  15  000E  3000     E  	set ra.1
  15  000F  3494        	clr [20].1
  15  0010  0700     E  	mov a,ra
  15  0011  0594        	orm a,[20]
  15  0012              _L1:
  15  0012  0700     E  	mov a,r2
  15  0013  008A        	mov status,a
  15  0014  0700     E  	mov a,r1
  15  0015  0004        	reti
  15  0016              _timer endp
  15  0016              
  15  0016              #line 15 "C:\Users\hamed\OneDrive\Documents\HTK_Project\timer\timer.c"
  15  0016              #pragma debug scope 1 1
  15  0016              ___tmrc equ [29]
  15  0016              ___intc0 equ [14]
  15  0016              ___smod equ [11]
  15  0016              ___pac equ [21]
  15  0016              public _main
  15  0016              #pragma debug scope 4 1
  24  0016              #line 24 "C:\Users\hamed\OneDrive\Documents\HTK_Project\timer\timer.c"
  24  0016              IFDEF WITH_DEFAULT_STARTUP
  24  0016              extern _main_initial0:near
  24  0016              extern _main_startup:near
  24  0016              ENDIF
  24  0016              
  24  0016              ROMBANK 0 @start
  24  0000              @start .section com_l 'code'
  24  0000              _main_startup1:
"File: timer.c       Assembler  Version HGASM0202      Page 3

  24  0000              @start .section com_e 'code'
  24  0000  2800     R  	jmp _main
  24  0001              
  24  0000              _main .section 'code'
  24  0000              _main proc
  25  0000              #line 25 "C:\Users\hamed\OneDrive\Documents\HTK_Project\timer\timer.c"
  25  0000  369D        	clr [29].5
  26  0001              #line 26 "C:\Users\hamed\OneDrive\Documents\HTK_Project\timer\timer.c"
  26  0001  321D        	set [29].4
  28  0002              #line 28 "C:\Users\hamed\OneDrive\Documents\HTK_Project\timer\timer.c"
  28  0002  301D        	set [29].0
  29  0003              #line 29 "C:\Users\hamed\OneDrive\Documents\HTK_Project\timer\timer.c"
  29  0003  349D        	clr [29].1
  30  0004              #line 30 "C:\Users\hamed\OneDrive\Documents\HTK_Project\timer\timer.c"
  30  0004  311D        	set [29].2
  32  0005              #line 32 "C:\Users\hamed\OneDrive\Documents\HTK_Project\timer\timer.c"
  32  0005  300E        	set [14].0
  33  0006              #line 33 "C:\Users\hamed\OneDrive\Documents\HTK_Project\timer\timer.c"
  33  0006  0F01        	mov a,1
  33  0007  008B        	mov [11],a
  34  0008              #line 34 "C:\Users\hamed\OneDrive\Documents\HTK_Project\timer\timer.c"
  34  0008  300B        	set [11].0
  36  0009              #line 36 "C:\Users\hamed\OneDrive\Documents\HTK_Project\timer\timer.c"
  36  0009  330E        	set [14].6
  37  000A              #line 37 "C:\Users\hamed\OneDrive\Documents\HTK_Project\timer\timer.c"
  37  000A  318E        	set [14].3
  39  000B              #line 39 "C:\Users\hamed\OneDrive\Documents\HTK_Project\timer\timer.c"
  39  000B  3595        	clr [21].3
  40  000C              #line 40 "C:\Users\hamed\OneDrive\Documents\HTK_Project\timer\timer.c"
  40  000C  3495        	clr [21].1
  40  000D              _L5:
  44  000D              #line 44 "C:\Users\hamed\OneDrive\Documents\HTK_Project\timer\timer.c"
  44  000D              ;# 44 "C:\Users\hamed\OneDrive\Documents\HTK_Project\timer\timer.c" 1
  44  000D  0001        	clr wdt
  44  000E  2800     R  	jmp _L5
  44  000F  2800     R  	jmp $
  44  0010              _main endp
  44  0010              
  44  0010              @dummy endp
  44  0010              
  44  0010              #line 44 "C:\Users\hamed\OneDrive\Documents\HTK_Project\timer\timer.c"
  44  0010              #pragma debug scope 1 1
  44  0010              public _counter
  44  0000              @HCCINIT	.section 'data'
   3  0000              #line 3 "C:\Users\hamed\OneDrive\Documents\HTK_Project\timer\timer.c"
   3  0000              @HCCINIT .section 'data'
   3  0000              _counter label byte
   3  0000              #pragma debug variable 11 1 _counter "counter"
   3  0000              	db 0
   3  0000              @ROMDATA_BASE .section inpage 'code'
   3  0000              	db 0
   3  0001              @HCCINIT .section 'data'
   3  0001              	db 0
   3  0001              @ROMDATA_BASE .section inpage 'code'
   3  0001              	db 0
   3  0002              @HCCINIT .section 'data'
   3  0002              #pragma debug struct_end
   3  0002              #pragma debug struct_end
   3  0002              #pragma debug union_end
   3  0002              #pragma debug union_end
"File: timer.c       Assembler  Version HGASM0202      Page 4

   3  0002              #pragma debug variable 43 1 ___smod "__smod" 1
   3  0002              #pragma debug struct_end
   3  0002              #pragma debug struct_end
   3  0002              #pragma debug union_end
   3  0002              #pragma debug union_end
   3  0002              #pragma debug variable 45 1 ___intc0 "__intc0" 1
   3  0002              #pragma debug struct_end
   3  0002              #pragma debug struct_end
   3  0002              #pragma debug union_end
   3  0002              #pragma debug union_end
   3  0002              #pragma debug variable 47 1 ___pa "__pa" 1
   3  0002              #pragma debug struct_end
   3  0002              #pragma debug struct_end
   3  0002              #pragma debug union_end
   3  0002              #pragma debug union_end
   3  0002              #pragma debug variable 49 1 ___pac "__pac" 1
   3  0002              #pragma debug struct_end
   3  0002              #pragma debug struct_end
   3  0002              #pragma debug union_end
   3  0002              #pragma debug union_end
   3  0002              #pragma debug variable 51 1 ___tmrc "__tmrc" 1
   3  0002              extern r1:byte
   3  0002              extern r2:byte
  24  0002              #line 24 "C:\Users\hamed\OneDrive\Documents\HTK_Project\timer\timer.c"
  24  0000              @code .section at 0 'code'
  24  0000  2800     R  	jmp _main_startup1
  24  0001              
  24  0001              
  24  0001              ; 
  24  0001              ; Generated by holtek-gcc v3.19, Sun Aug 20 10:33:51 2023
  24  0001              ; Rebuild 718
  24  0001              ; end of file


        0 Errors, 0