"File: IR-Detector-HR66F002.c  Holtek Cross-Assembler  Version 3.00      Page 1



;   7: {
   7  0000              __stm0ah EQU [02dH]
   7  0000              __stm0al EQU [02cH]
   7  0000              __stm0dh EQU [02bH]
   7  0000              __stm0dl EQU [02aH]
   7  0000              __stm0c1 EQU [029H]
   7  0000              __stm0c0 EQU [028H]
   7  0000              __pasr EQU [026H]
   7  0000              __rstc EQU [025H]
   7  0000              __sadc2 EQU [024H]
   7  0000              __sadc1 EQU [023H]
   7  0000              __sadc0 EQU [022H]
   7  0000              __sadoh EQU [021H]
   7  0000              __sadol EQU [020H]
   7  0000              __eed EQU [01fH]
   7  0000              __eea EQU [01eH]
   7  0000              __smod1 EQU [01cH]
   7  0000              __tbc EQU [01bH]
   7  0000              __wdtc EQU [019H]
   7  0000              __ifs0 EQU [018H]
   7  0000              __pawu EQU [017H]
   7  0000              __papu EQU [016H]
   7  0000              __pac EQU [015H]
   7  0000              __pa EQU [014H]
   7  0000              __mfi0 EQU [011H]
   7  0000              __intc1 EQU [0fH]
   7  0000              __intc0 EQU [0eH]
   7  0000              __integ EQU [0dH]
   7  0000              __smod EQU [0bH]
   7  0000              __status EQU [0aH]
   7  0000              __tblh EQU [08H]
   7  0000              __tblp EQU [07H]
   7  0000              __pcl EQU [06H]
   7  0000              __acc EQU [05H]
   7  0000              __bp EQU [04H]
   7  0000              __mp1 EQU [03H]
   7  0000              __iar1 EQU [02H]
   7  0000              __mp0 EQU [01H]
   7  0000              __iar0 EQU [00H]
   7  0000              @Delay_10us .SECTION 'CODE'
   7  0000              PUBLIC _Delay_10us
   7  0000              _Delay_10us PROC

;  11:     for(i_u=0;i_u<1;i_u++)
  11  0000  3400     R  CLR CR1
  11  0001              L2:

;  13:     	_nop();
  13  0001  0000        NOP

;  14:     	_nop();
  14  0002  0000        NOP

;  15:     	_nop();
  15  0003  0000        NOP

;  16:     	_nop();
"File: IR-Detector-HR66F002.c  Holtek Cross-Assembler  Version 3.00      Page 2 

  16  0004  0000        NOP

;  17:     	_clrwdt();
  17  0005  0001        CLR WDT
  17  0006              L3:

;  11:     for(i_u=0;i_u<1;i_u++)
  11  0006  1F00     R  CLR b0_1
  11  0007  3C00     R  SZ CR1
  11  0008  3000     R  SET b0_1.0
  11  0009  1480     R  INC b0_1
  11  000A  3400     R  CLR CR1
  11  000B  3C00     R  SZ b0_1.0
  11  000C  3000     R  SET CR1
  11  000D  1F00     R  CLR b0_1
  11  000E  3C00     R  SZ CR1
  11  000F  3000     R  SET b0_1.0
  11  0010  0700     R  MOV A,b0_1
  11  0011  0A01        SUB A,01h
  11  0012  380A        SNZ [0Ah].0
  11  0013  2800     R  JMP L2
  11  0014              L1:
  11  0014  0003        RET
  11  0000  00          LOCAL b0_1 DB ?

;   9:  bit i_u;
   9  0001  00          LOCAL CR1 DBIT ; i_u
   9  0015              _Delay_10us ENDP

;  24: {
  24  0000              @Delay_Chek .SECTION 'CODE'
  24  0000              PUBLIC _Delay_Chek
  24  0000              _Delay_Chek PROC

;  26:     for(i=0;i<3
  26  0000  1F00     R  CLR CR2
  26  0001  2800     R  JMP L10
  26  0002              L7:

;  29: 		Delay_10us();
  29  0002  2000     R  CALL _Delay_10us
  29  0003              L8:

;  27:     ;i++)
  27  0003  1480     R  INC CR2
  27  0004              L10:

;  26:     for(i=0;i<3
  26  0004  0700     R  MOV A,CR2
  26  0005  0A03        SUB A,03h
  26  0006  380A        SNZ [0ah].0
  26  0007  2800     R  JMP L7
  26  0008              L6:
  26  0008  0003        RET

;  25:   unsigned char i;
  25  0000  00          LOCAL CR2 DB ? ; i
  25  0009              _Delay_Chek ENDP

;  35: {
"File: IR-Detector-HR66F002.c  Holtek Cross-Assembler  Version 3.00      Page 3 

  35  0000              @Delay_1ms .SECTION 'CODE'
  35  0000              PUBLIC _Delay_1ms
  35  0000              _Delay_1ms PROC

;  37:     for(i_m=0;i_m<100;i_m++)
  37  0000  1F00     R  CLR CR3
  37  0001  2800     R  JMP L15
  37  0002              L12:

;  39:     	_nop();
  39  0002  0000        NOP

;  40:     	_nop();
  40  0003  0000        NOP

;  41:     	_nop();
  41  0004  0000        NOP

;  42:     	_nop();
  42  0005  0000        NOP

;  43:     	_clrwdt();
  43  0006  0001        CLR WDT
  43  0007              L13:

;  37:     for(i_m=0;i_m<100;i_m++)
  37  0007  1480     R  INC CR3
  37  0008              L15:
  37  0008  0700     R  MOV A,CR3
  37  0009  0A64        SUB A,064h
  37  000A  380A        SNZ [0ah].0
  37  000B  2800     R  JMP L12
  37  000C              L11:
  37  000C  0003        RET

;  36:   unsigned char i_m;
  36  0000  00          LOCAL CR3 DB ? ; i_m
  36  000D              _Delay_1ms ENDP

;  48: {
  48  0000              @Delay_ms .SECTION 'CODE'
  48  0000              PUBLIC _Delay_ms
  48  0000              _Delay_ms PROC

;  47: void Delay_ms(unsigned int ms)
  47  0000              PUBLIC Delay_ms0
  47  0000  0002[       LOCAL Delay_ms0 DB 2 DUP (?) ; ms
            00
            ]

;  50:     for(i_m=0;i_m<ms;i_m++)
  50  0000  1F00     R  CLR CR4
  50  0001  1F00     R  CLR CR4[1]
  50  0002  2800     R  JMP L20
  50  0003              L17:

;  52: 		Delay_1ms();
  52  0003  2000     R  CALL _Delay_1ms
  52  0004              L18:

;  50:     for(i_m=0;i_m<ms;i_m++)
"File: IR-Detector-HR66F002.c  Holtek Cross-Assembler  Version 3.00      Page 4 

  50  0004  1480     R  INC CR4
  50  0005  3D0A        SZ [0AH].2
  50  0006  1480     R  INC CR4[1]
  50  0007              L20:
  50  0007  0700     R  MOV A,Delay_ms0[1]
  50  0008  0200     R  SUB A,CR4[1]
  50  0009  380A        SNZ [0AH].0
  50  000A  2800     R  JMP L21
  50  000B  390A        SNZ [0AH].2
  50  000C  2800     R  JMP L17
  50  000D  0700     R  MOV A,Delay_ms0
  50  000E  0200     R  SUB A,CR4
  50  000F  380A        SNZ [0AH].0
  50  0010  2800     R  JMP L21
  50  0011  390A        SNZ [0AH].2
  50  0012  2800     R  JMP L17
  50  0013              L21:
  50  0013              L16:
  50  0013  0003        RET

;  49:   unsigned int i_m;
  49  0002  0002[       LOCAL CR4 DB 2 DUP (?) ; i_m
            00
            ]
  49  0014              _Delay_ms ENDP


;  15: {
  15  0000              @IO_INIT .SECTION 'CODE'
  15  0000              PUBLIC _IO_INIT
  15  0000              _IO_INIT PROC

;  16:  IO();
  16  0000  0FA0        MOV A,0a0h
  16  0001  0095        MOV __pac,A

;  17:  IRTRN=1;
  17  0002  3114        SET [014H].2

;  18:  TRIAC=0;
  18  0003  3714        CLR [014H].6

;  19:  LED_1=0;
  19  0004  3414        CLR [014H].0

;  20:  LED_2=1;
  20  0005  3094        SET [014H].1
  20  0006              L22:
  20  0006  0003        RET
  20  0007              _IO_INIT ENDP


;  37: {
  37  0000              @TB0Init .SECTION 'CODE'
  37  0000              PUBLIC _TB0Init
  37  0000              _TB0Init PROC

;  38:  TB_FRQ(1);
  38  0000  331B        SET [01BH].6

;  39:  TB_ONF(1);
"File: IR-Detector-HR66F002.c  Holtek Cross-Assembler  Version 3.00      Page 5 

  39  0001  339B        SET [01BH].7

;  40:  TB0();
  40  0002  351B        CLR [01BH].2
  40  0003  349B        CLR [01BH].1
  40  0004  341B        CLR [01BH].0

;  41:  TB0_ENB(1);
  41  0005  310E        SET [0EH].2

;  42:  TB0_FLG(0);
  42  0006  368E        CLR [0EH].5

;  43:  TB_EMI(1); 
  43  0007  300E        SET [0EH].0
  43  0008              L23:
  43  0008  0003        RET
  43  0009              _TB0Init ENDP

;  47: {
  47  0000              @TB1Init .SECTION 'CODE'
  47  0000              PUBLIC _TB1Init
  47  0000              _TB1Init PROC

;  48:  TB_FRQ(1);
  48  0000  331B        SET [01BH].6

;  49:  TB_ONF(1);
  49  0001  339B        SET [01BH].7

;  50:  TB1();
  50  0002  369B        CLR [01BH].5
  50  0003  361B        CLR [01BH].4

;  51:  TB1_ENB(1);
  51  0004  318E        SET [0EH].3

;  52:  TB1_FLG(0);
  52  0005  370E        CLR [0EH].6

;  53:  TB_EMI(1); 
  53  0006  300E        SET [0EH].0
  53  0007              L24:
  53  0007  0003        RET
  53  0008              _TB1Init ENDP

;  57: {
  57  0000              @TBINIT .SECTION 'CODE'
  57  0000              PUBLIC _TBINIT
  57  0000              _TBINIT PROC

;  58:  TB_FRQ(0);
  58  0000  371B        CLR [01BH].6

;  59:  TB_ONF(1);
  59  0001  339B        SET [01BH].7

;  60:  TB1();
  60  0002  369B        CLR [01BH].5
  60  0003  361B        CLR [01BH].4
"File: IR-Detector-HR66F002.c  Holtek Cross-Assembler  Version 3.00      Page 6 


;  61:  TB1_ENB(1);
  61  0004  318E        SET [0EH].3

;  62:  TB1_FLG(0);
  62  0005  370E        CLR [0EH].6

;  63:  TB1();
  63  0006  369B        CLR [01BH].5
  63  0007  361B        CLR [01BH].4

;  64:  TB1_ENB(1);
  64  0008  318E        SET [0EH].3

;  65:  TB1_FLG(0);
  65  0009  370E        CLR [0EH].6

;  66:  TB_EMI(1); 
  66  000A  300E        SET [0EH].0
  66  000B              L25:
  66  000B  0003        RET
  66  000C              _TBINIT ENDP

;  70: {
  70  0000              @@ISR_TB0 .SECTION AT 08H 'CODE'
  70  0000  0004        RETI

; 105: {	
 105  0000              @@ISR_TB1 .SECTION AT 0cH 'CODE'
 105  0000  2800     R  JMP _ISR_TB1
 105  0000              @ISR_TB1 .SECTION 'CODE'
 105  0000              _ISR_TB1 PROC
 105  0000  0080     E  MOV V3A,A
 105  0001  070A        MOV A,[0AH]
 105  0002  0080     E  MOV V3S,A

; 106: 	LED_1=!LED_1;
 106  0003  3C14        SZ [014H].0
 106  0004  2800     R  JMP L29
 106  0005  0F01        MOV A,01h
 106  0006  0080     R  MOV CR5,A
 106  0007  2800     R  JMP L30
 106  0008              L29:
 106  0008  1F00     R  CLR CR5
 106  0009              L30:
 106  0009  0714        MOV A,[014H]
 106  000A  3405        CLR [05H].0
 106  000B  1080     R  SZ CR5
 106  000C  3005        SET [05H].0
 106  000D  0094        MOV [014H],A
 106  000E              L27:
 106  000E  0700     E  MOV A,V3S
 106  000F  008A        MOV [0AH],A
 106  0010  0700     E  MOV A,V3A
 106  0011  0004        RETI
 106  0012              _ISR_TB1 ENDP
 106  0012              RAMBANK 0 @ISR_TB1
 106  0000              @ISR_TB1 .SECTION 'DATA'
 106  0000  00          CR5 DB ? ; 28

"File: IR-Detector-HR66F002.c  Holtek Cross-Assembler  Version 3.00      Page 7 


;  24: {
  24  0000              @EXININIT .SECTION 'CODE'
  24  0000              PUBLIC _EXININIT
  24  0000              _EXININIT PROC

;  25: 	EXI_EDGE();
  25  0000  308D        SET [0DH].1
  25  0001  300D        SET [0DH].0

;  26: 	EXI_PIN(0);
  26  0002  3295        SET [015H].5
  26  0003  3696        CLR [016H].5
  26  0004  3498        CLR [018H].1
  26  0005  3418        CLR [018H].0

;  27: 	EXI_E(1);
  27  0006  308E        SET [0EH].1

;  28: 	EXI_F(0);
  28  0007  360E        CLR [0EH].4

;  29: 	EMI(1);
  29  0008  300E        SET [0EH].0
  29  0009              L31:
  29  0009  0003        RET
  29  000A              _EXININIT ENDP

;  34: {
  34  0000              @@ISR_EXINT .SECTION AT 04H 'CODE'
  34  0000  2800     R  JMP _ISR_EXINT
  34  0000              @ISR_EXINT .SECTION 'CODE'
  34  0000              _ISR_EXINT PROC
  34  0000  0080     E  MOV V1A,A
  34  0001  070A        MOV A,[0AH]
  34  0002  0080     E  MOV V1S,A
  34  0003  0703        MOV A,[03H]
  34  0004  0080     E  MOV V1MP1,A
  34  0005  0704        MOV A,[04H]
  34  0006  0080     E  MOV V1BP,A

;  35: 	Backup=Counter;
  35  0007  0F00     R  MOV A,BANK _Counter
  35  0008  0084        MOV [04H],A
  35  0009  0F00     R  MOV A,OFFSET _Counter
  35  000A  0083        MOV [03H],A
  35  000B  0702        MOV A,[02H]
  35  000C  0080     R  MOV b0_12,A
  35  000D  1483        INC [03H]
  35  000E  0702        MOV A,[02H]
  35  000F  0080     R  MOV b0_12[1],A
  35  0010  0F00     R  MOV A,BANK _Backup
  35  0011  0084        MOV [04H],A
  35  0012  0F00     R  MOV A,OFFSET _Backup
  35  0013  0083        MOV [03H],A
  35  0014  0700     R  MOV A,b0_12
  35  0015  0082        MOV [02H],A
  35  0016  0700     R  MOV A,b0_12[1]
  35  0017  1483        INC [03H]
  35  0018  0082        MOV [02H],A
"File: IR-Detector-HR66F002.c  Holtek Cross-Assembler  Version 3.00      Page 8 


;  37: 	Counter=0;
  37  0019  0F00     R  MOV A,BANK _Counter
  37  001A  0084        MOV [04H],A
  37  001B  0F00     R  MOV A,OFFSET _Counter
  37  001C  0083        MOV [03H],A
  37  001D  1F02        CLR [02H]
  37  001E  1483        INC [03H]
  37  001F  1F02        CLR [02H]
  37  0020              L32:
  37  0020  0700     E  MOV A,V1MP1
  37  0021  0083        MOV [03H],A
  37  0022  0700     E  MOV A,V1BP
  37  0023  0084        MOV [04H],A
  37  0024  0700     E  MOV A,V1S
  37  0025  008A        MOV [0AH],A
  37  0026  0700     E  MOV A,V1A
  37  0027  0004        RETI
  37  0028              _ISR_EXINT ENDP
  37  0028              RAMBANK 0 @ISR_EXINT
  37  0000              @ISR_EXINT .SECTION 'DATA'
  37  0000  0002[       b0_12 DB 2 DUP(?)
            00
            ]


;  14: {
  14  0000              @MAIN .SECTION 'CODE'
  14  0000              _main PROC
  14  0000              begin:

;  15:  IO_INIT();
  15  0000  2000     R  CALL _IO_INIT

;  16:  Delay_ms(100);
  16  0001  0F64        MOV A,064h
  16  0002  0080     R  MOV Delay_ms0,A
  16  0003  0F00        MOV A,00h
  16  0004  0080     R  MOV Delay_ms0[1],A
  16  0005  2000     R  CALL _Delay_ms

;  17:  TB0Init();
  17  0006  2000     R  CALL _TB0Init

;  18:  Delay_ms(100);
  18  0007  0F64        MOV A,064h
  18  0008  0080     R  MOV Delay_ms0,A
  18  0009  0F00        MOV A,00h
  18  000A  0080     R  MOV Delay_ms0[1],A
  18  000B  2000     R  CALL _Delay_ms

;  19:  TB1Init();
  19  000C  2000     R  CALL _TB1Init

;  20:  EXININIT();
  20  000D  2000     R  CALL _EXININIT

;  21:  Detect=0;
  21  000E  0F00     R  MOV A,BANK _Detect
  21  000F  0084        MOV [04H],A
"File: IR-Detector-HR66F002.c  Holtek Cross-Assembler  Version 3.00      Page 9 

  21  0010  0F00     R  MOV A,OFFSET _Detect
  21  0011  0083        MOV [03H],A
  21  0012  1F02        CLR [02H]

;  22:  Timer=0;
  22  0013  0F00     R  MOV A,BANK _Timer
  22  0014  0084        MOV [04H],A
  22  0015  0F00     R  MOV A,OFFSET _Timer
  22  0016  0083        MOV [03H],A
  22  0017  1F02        CLR [02H]
  22  0018  1483        INC [03H]
  22  0019  1F02        CLR [02H]
  22  001A  1483        INC [03H]
  22  001B  1F02        CLR [02H]
  22  001C  1483        INC [03H]
  22  001D  1F02        CLR [02H]

;  23:  Puls_Count=0;
  23  001E  0F00     R  MOV A,BANK _Puls_Count
  23  001F  0084        MOV [04H],A
  23  0020  0F00     R  MOV A,OFFSET _Puls_Count
  23  0021  0083        MOV [03H],A
  23  0022  1F02        CLR [02H]

;  24:  Set=0;
  24  0023  0F00     R  MOV A,BANK _Set
  24  0024  0084        MOV [04H],A
  24  0025  0F00     R  MOV A,OFFSET _Set
  24  0026  0083        MOV [03H],A
  24  0027  1F02        CLR [02H]
  24  0028  1483        INC [03H]
  24  0029  1F02        CLR [02H]
  24  002A  2800     R  JMP L35
  24  002B              L34:

;  27: 	_clrwdt();
  27  002B  0001        CLR WDT
  27  002C              L35:

;  25:  while(1)
  25  002C  2800     R  JMP L34
  25  002D              L33:

; 218: }
 218  002D  2800     R  JMP $
 218  002E              _main ENDP

;  10: unsigned char in;
  10  002E              PUBLIC _in
  10  0000              @in .SECTION 'DATA'
  10  0000  00          _in DB ? ; in

;   8: volatile unsigned char Detect,Puls_Count,Lock,Pq;
   8  0001              PUBLIC _Pq
   8  0000              @Pq .SECTION 'DATA'
   8  0000  00          _Pq DB ? ; Pq
   8  0001              PUBLIC _Lock
   8  0000              @Lock .SECTION 'DATA'
   8  0000  00          _Lock DB ? ; Lock
   8  0001              PUBLIC _Puls_Count
"File: IR-Detector-HR66F002.c  Holtek Cross-Assembler  Version 3.00      Page 10 

   8  0000              @Puls_Count .SECTION 'DATA'
   8  0000  00          _Puls_Count DB ? ; Puls_Count
   8  0001              PUBLIC _Detect
   8  0000              @Detect .SECTION 'DATA'
   8  0000  00          _Detect DB ? ; Detect

;   7: volatile unsigned long Timer ,Puls_on,Puls_off;
   7  0001              PUBLIC _Puls_off
   7  0000              @Puls_off .SECTION 'DATA'
   7  0000  0004[       _Puls_off DB 4 DUP (?) ;Puls_off
            00
            ]
   7  0004              PUBLIC _Puls_on
   7  0000              @Puls_on .SECTION 'DATA'
   7  0000  0004[       _Puls_on DB 4 DUP (?) ;Puls_on
            00
            ]
   7  0004              PUBLIC _Timer
   7  0000              @Timer .SECTION 'DATA'
   7  0000  0004[       _Timer DB 4 DUP (?) ;Timer
            00
            ]


;  31: volatile unsigned long m;
  31  0004              PUBLIC _m
  31  0000              @m .SECTION 'DATA'
  31  0000  0004[       _m DB 4 DUP (?) ;m
            00
            ]

;  30: volatile unsigned int Backup,Counter,Counter_On,Counter_Off,Set ;
  30  0004              PUBLIC _Set
  30  0000              @Set .SECTION 'DATA'
  30  0000  0002[       _Set DB 2 DUP (?) ;Set
            00
            ]
  30  0002              PUBLIC _Counter_Off
  30  0000              @Counter_Off .SECTION 'DATA'
  30  0000  0002[       _Counter_Off DB 2 DUP (?) ;Counter_Off
            00
            ]
  30  0002              PUBLIC _Counter_On
  30  0000              @Counter_On .SECTION 'DATA'
  30  0000  0002[       _Counter_On DB 2 DUP (?) ;Counter_On
            00
            ]
  30  0002              PUBLIC _Counter
  30  0000              @Counter .SECTION 'DATA'
  30  0000  0002[       _Counter DB 2 DUP (?) ;Counter
            00
            ]
  30  0002              PUBLIC _Backup
  30  0000              @Backup .SECTION 'DATA'
  30  0000  0002[       _Backup DB 2 DUP (?) ;Backup
            00
            ]


;  13: void main()
"File: IR-Detector-HR66F002.c  Holtek Cross-Assembler  Version 3.00      Page 11 

  13  0000              STARTSEC .SECTION  COM_L 'CODE'
  13  0000              STARTUP:
  13  0000              STARTSEC .SECTION  COM_E 'CODE'
  13  0000  0003        RET
  13  0001              EXTERN V1A:BYTE
  13  0001              EXTERN V1S:BYTE
  13  0001              EXTERN V1MP1:BYTE
  13  0001              EXTERN V1BP:BYTE
  13  0001              EXTERN V3A:BYTE
  13  0001              EXTERN V3S:BYTE
  13  0000              @CODE .SECTION AT 0 'CODE'
  13  0000  2000     R  CALL STARTUP
  13  0001  2800     R  JMP begin
  13  0002              @DUMMY PROC
  13  0002  2000     R  CALL _main
  13  0003              @DUMMY ENDP


        0 Errors
