"File: prid2.c       Assembler  Version HGASM0202      Page 1


   1  0000              ; Generated by holtek-gcc v3.19, Wed Sep 20 13:53:58 2023
   2  0000              ; 
   3  0000              ; Configuration:
   4  0000              ;       without long instruction
   5  0000              ;       Single ROM, Multi-RAM
   6  0000              ;       bits_per_rom_unit:16
   7  0000              ;       with mp1
   8  0000              ;       with tbhp, address(0x9)
   9  0000              ;          Use tabrd-const
  10  0000              ;       
  11  0000              ;       
  12  0000              ;       
  13  0000              ; use 'tabrdc' instead of 'tabrd'
  14  0000              ;       
  15  0000              
  16  0000              #pragma translator "holtek-gcc 4.6.4" "3.19" "build 20130711"
  17  0000              ; Rebuild 718
  18  0000              
  19  0000              ir equ [2]
  20  0000              mp equ [3]
  21  0000              sbp equ [1]
  22  0000              acc equ [5]
  23  0000              bp equ [4]
  24  0000              tblp equ [7]
  25  0000              tbhp equ [9]
  26  0000              status equ [10]
  27  0000              c equ [10].0
  28  0000              ac equ [10].1
  29  0000              z equ [10].2
  30  0000              ov equ [10].3
  31  0000              intc equ [11]
  32  0000              
  33  0000              extern ra:byte
  34  0000              extern rb:byte
  35  0000              extern rc:byte
  36  0000              extern rd:byte
  37  0000              extern re:byte
  38  0000              extern rf:byte
  39  0000              extern rg:byte
  40  0000              extern rh:byte
  41  0000              extern _Crom2Prom:near
  42  0000              extern _Crom2PromNext:near
  43  0000              
  44  0000              RAMBANK 0 @HCCINIT, @HCCINIT0
  45  0000              
  46  0000              RAMBANK 0 @BITDATASEC, @BITDATASEC1
  47  0000              @HCCINIT	.section 'data'
  48  0000              @HCCINIT0	.section 'data'
  49  0000              @BITDATASEC	 .section 'data'
  50  0000              @BITDATASEC1	 .section 'data'
  51  0000              
  52  0000              #pragma debug scope 1 1
  53  0000              	extern __DELAY3:near
  54  0000              	extern __DELAYX3:near
  55  0000              	extern __DELAYX6:near
  56  0000              	extern __DELAYY5:near
  57  0000              	extern __DELAYY3:near
  58  0000              	extern _builtin_holtek_delay_2:byte
  59  0000              public _timer
"File: prid2.ASM     Assembler  Version HGASM0202      Page 2

  60  0000              #pragma debug scope 2 1

  23  0000              #line 23 "E:\hamed\touch2\touch-key\prid2.c"
  23  0000              @timer_code .section at 12 'code'
  23  0000  0080     E  	mov r1,a
  23  0001  070A        	mov a,status
  23  0002  0080     E  	mov r2,a
  23  0003  2800     R  	jmp _timer
  23  0004              #pragma debug scope 1 1
  23  0004              @dummy12 endp
  23  0004              #pragma debug scope 3 1
  23  0000              _timer .section 'code'
  23  0000              _timer proc
  24  0000              #line 24 "E:\hamed\touch2\touch-key\prid2.c"
  24  0000  1480     R  	inc _counter[0]
  24  0001  3D0A        	sz z
  24  0002  1480     R  	inc _counter[1]
  25  0003              #line 25 "E:\hamed\touch2\touch-key\prid2.c"
  25  0003  0700     R  	mov a,_counter[0]
  25  0004  0CE8        	xor a,232
  25  0005  0700     R  	mov a,_counter[1]
  25  0006  3D0A        	sz z
  25  0007  0C03        	xor a,3
  25  0008  390A        	snz z
  25  0009  2800     R  	jmp _L1
  26  000A              #line 26 "E:\hamed\touch2\touch-key\prid2.c"
  26  000A  1F00     R  	clr _counter[0]
  26  000B  1F00     R  	clr _counter[1]
  26  000C              _L1:
  26  000C  0700     E  	mov a,r2
  26  000D  008A        	mov status,a
  26  000E  0700     E  	mov a,r1
  26  000F  0004        	reti
  26  0010              _timer endp
  26  0010              
  26  0010              #line 26 "E:\hamed\touch2\touch-key\prid2.c"
  26  0010              #pragma debug scope 1 1
  26  0010              public _Delay
  26  0010              #pragma debug scope 4 1
  35  0010              #line 35 "E:\hamed\touch2\touch-key\prid2.c"
  35  0000              _Delay .section 'code'
  35  0000              _Delay proc
  35  0000              public _Delay_2
  35  0000  0008[           local _Delay_2 db 8 dup(?)	; 4,4
            00
            ]
  35  0008              #pragma debug variable 14 4 _Delay_2+0 "count"
  35  0008              #pragma debug variable 14 4 _Delay_2+4 "i"
  37  0008              #line 37 "E:\hamed\touch2\touch-key\prid2.c"
  37  0000  1F00     R  	clr _Delay_2[4]
  37  0001  1F00     R  	clr _Delay_2[5]
  37  0002  1F00     R  	clr _Delay_2[6]
  37  0003  1F00     R  	clr _Delay_2[7]
  37  0004  2800     R  	jmp _L5
  37  0005              _L6:
  39  0005              #line 39 "E:\hamed\touch2\touch-key\prid2.c"
  39  0005              ;# 39 "E:\hamed\touch2\touch-key\prid2.c" 1
  39  0005  0000        	nop
  40  0006              #line 40 "E:\hamed\touch2\touch-key\prid2.c"
  40  0006              ;# 40 "E:\hamed\touch2\touch-key\prid2.c" 1
"File: prid2.c       Assembler  Version HGASM0202      Page 3

  40  0006  0001        	clr wdt
  37  0007              #line 37 "E:\hamed\touch2\touch-key\prid2.c"
  37  0007  0F01        	mov a,1
  37  0008  0380     R  	addm a,_Delay_2[4]
  37  0009  0F00        	mov a,0
  37  000A  1380     R  	adcm a,_Delay_2[5]
  37  000B  1380     R  	adcm a,_Delay_2[6]
  37  000C  1380     R  	adcm a,_Delay_2[7]
  37  000D              _L5:
  37  000D  0700     R  	mov a,_Delay_2[4]
  37  000E  0200     R  	sub a,_Delay_2[0]
  37  000F  0700     R  	mov a,_Delay_2[5]
  37  0010  1200     R  	sbc a,_Delay_2[1]
  37  0011  0700     R  	mov a,_Delay_2[6]
  37  0012  1200     R  	sbc a,_Delay_2[2]
  37  0013  0700     R  	mov a,_Delay_2[7]
  37  0014  1200     R  	sbc a,_Delay_2[3]
  37  0015  380A        	snz c
  37  0016  2800     R  	jmp _L6
  37  0017  0003        	ret
  37  0018              _Delay endp
  37  0018              #line 37 "E:\hamed\touch2\touch-key\prid2.c"
  37  0018              #pragma debug scope 1 1
  37  0018              ___tmrc equ [29]
  37  0018              ___intc0 equ [14]
  37  0018              ___smod equ [11]
  37  0018              ___pac equ [21]
  37  0018              ___tktmr equ [67]
  37  0018              ___tkc0 equ [68]
  37  0018              ___tkc1 equ [71]
  37  0018              ___tkm0rol equ [74]
  37  0018              ___tkm0roh equ [75]
  37  0018              ___tkm0c0 equ [76]
  37  0018              ___tkm0c1 equ [77]
  37  0018              public _init
  37  0018              #pragma debug scope 5 1
  47  0018              #line 47 "E:\hamed\touch2\touch-key\prid2.c"
  47  0000              _init .section 'code'
  47  0000              _init proc
  53  0000              #line 53 "E:\hamed\touch2\touch-key\prid2.c"
  53  0000  369D        	clr [29].5
  54  0001              #line 54 "E:\hamed\touch2\touch-key\prid2.c"
  54  0001  321D        	set [29].4
  56  0002              #line 56 "E:\hamed\touch2\touch-key\prid2.c"
  56  0002  301D        	set [29].0
  57  0003              #line 57 "E:\hamed\touch2\touch-key\prid2.c"
  57  0003  349D        	clr [29].1
  58  0004              #line 58 "E:\hamed\touch2\touch-key\prid2.c"
  58  0004  311D        	set [29].2
  61  0005              #line 61 "E:\hamed\touch2\touch-key\prid2.c"
  61  0005  300E        	set [14].0
  62  0006              #line 62 "E:\hamed\touch2\touch-key\prid2.c"
  62  0006  300B        	set [11].0
  64  0007              #line 64 "E:\hamed\touch2\touch-key\prid2.c"
  64  0007  330E        	set [14].6
  65  0008              #line 65 "E:\hamed\touch2\touch-key\prid2.c"
  65  0008  318E        	set [14].3
  72  0009              #line 72 "E:\hamed\touch2\touch-key\prid2.c"
  72  0009  0F01        	mov a,1
  72  000A  008B        	mov [11],a
"File: prid2.c       Assembler  Version HGASM0202      Page 4

  82  000B              #line 82 "E:\hamed\touch2\touch-key\prid2.c"
  82  000B  3615        	clr [21].4
  92  000C              #line 92 "E:\hamed\touch2\touch-key\prid2.c"
  92  000C  0F64        	mov a,100
  92  000D  00C3        	mov [67],a
  99  000E              #line 99 "E:\hamed\touch2\touch-key\prid2.c"
  99  000E  3044        	set [68].0
 100  000F              #line 100 "E:\hamed\touch2\touch-key\prid2.c"
 100  000F  30C4        	set [68].1
 107  0010              #line 107 "E:\hamed\touch2\touch-key\prid2.c"
 107  0010  3047        	set [71].0
 108  0011              #line 108 "E:\hamed\touch2\touch-key\prid2.c"
 108  0011  30C7        	set [71].1
 112  0012              #line 112 "E:\hamed\touch2\touch-key\prid2.c"
 112  0012  0FC8        	mov a,200
 112  0013  00CA        	mov [74],a
 113  0014              #line 113 "E:\hamed\touch2\touch-key\prid2.c"
 113  0014  1F4B        	clr [75]
 119  0015              #line 119 "E:\hamed\touch2\touch-key\prid2.c"
 119  0015  374C        	clr [76].6
 120  0016              #line 120 "E:\hamed\touch2\touch-key\prid2.c"
 120  0016  37CC        	clr [76].7
 125  0017              #line 125 "E:\hamed\touch2\touch-key\prid2.c"
 125  0017  36CC        	clr [76].5
 127  0018              #line 127 "E:\hamed\touch2\touch-key\prid2.c"
 127  0018  324C        	set [76].4
 131  0019              #line 131 "E:\hamed\touch2\touch-key\prid2.c"
 131  0019  31CC        	set [76].3
 136  001A              #line 136 "E:\hamed\touch2\touch-key\prid2.c"
 136  001A  314C        	set [76].2
 137  001B              #line 137 "E:\hamed\touch2\touch-key\prid2.c"
 137  001B  34CC        	clr [76].1
 138  001C              #line 138 "E:\hamed\touch2\touch-key\prid2.c"
 138  001C  344C        	clr [76].0
 141  001D              #line 141 "E:\hamed\touch2\touch-key\prid2.c"
 141  001D  37CD        	clr [77].7
 143  001E              #line 143 "E:\hamed\touch2\touch-key\prid2.c"
 143  001E  32CD        	set [77].5
 146  001F              #line 146 "E:\hamed\touch2\touch-key\prid2.c"
 146  001F  324D        	set [77].4
 152  0020              #line 152 "E:\hamed\touch2\touch-key\prid2.c"
 152  0020  304D        	set [77].0
 153  0021              #line 153 "E:\hamed\touch2\touch-key\prid2.c"
 153  0021  30CD        	set [77].1
 153  0022  0003        	ret
 153  0023              _init endp
 153  0023              #line 153 "E:\hamed\touch2\touch-key\prid2.c"
 153  0023              #pragma debug scope 1 1
 153  0023              ___tkm016dh equ [73]
 153  0023              ___tkm016dl equ [72]
 153  0023              ___pa equ [20]
 153  0023              public _main
 153  0023              #pragma debug scope 6 1
 163  0023              #line 163 "E:\hamed\touch2\touch-key\prid2.c"
 163  0023              IFDEF WITH_DEFAULT_STARTUP
 163  0023              extern _main_initial0:near
 163  0023              extern _main_startup:near
 163  0023              ENDIF
 163  0023              
 163  0023              ROMBANK 0 @start
"File: prid2.c       Assembler  Version HGASM0202      Page 5

 163  0000              @start .section com_l 'code'
 163  0000              _main_startup1:
 163  0000              @start .section com_e 'code'
 163  0000  2800     R  	jmp _main
 163  0001              
 163  0000              _main .section 'code'
 163  0000              _main proc
 163  0000  0024[           local _main_2 db 36 dup(?)
            00
            ]
 164  0024              #line 164 "E:\hamed\touch2\touch-key\prid2.c"
 164  0000  2000     R  	call _init
 165  0001              #line 165 "E:\hamed\touch2\touch-key\prid2.c"
 165  0001  0F10        	mov a,16
 165  0002  0080     R  	mov _Delay_2[0],a
 165  0003  0F27        	mov a,39
 165  0004  0080     R  	mov _Delay_2[1],a
 165  0005  1F00     R  	clr _Delay_2[2]
 165  0006  1F00     R  	clr _Delay_2[3]
 165  0007  2000     R  	call _Delay
 168  0008              #line 168 "E:\hamed\touch2\touch-key\prid2.c"
 168  0008  374C        	clr [76].6
 169  0009              #line 169 "E:\hamed\touch2\touch-key\prid2.c"
 169  0009  37CC        	clr [76].7
 170  000A              #line 170 "E:\hamed\touch2\touch-key\prid2.c"
 170  000A              ;# 170 "E:\hamed\touch2\touch-key\prid2.c" 1
 170  000A              	IF 2000>263690
 170  000A              ;# 170 "E:\hamed\touch2\touch-key\prid2.c" 1
 170  000A              	ERRMESSAGE 'the value 2000of the argument exceeds the maxinum 263690'
 170  000A              	ENDIF
 170  000A              ;# 170 "E:\hamed\touch2\touch-key\prid2.c" 1
 170  000A              	IF 2000<0
 170  000A              ;# 170 "E:\hamed\touch2\touch-key\prid2.c" 1
 170  000A              	ERRMESSAGE 'the value 2000 of the argument exceeds the mininum 0'
 170  000A              	ENDIF
 170  000A              ;# 170 "E:\hamed\touch2\touch-key\prid2.c" 1
 170  000A              	IF 2000==0
 170  000A              ;# 170 "E:\hamed\touch2\touch-key\prid2.c" 1
 170  000A              	JMP $
 170  000A              	ENDIF
 170  000A              ;# 170 "E:\hamed\touch2\touch-key\prid2.c" 1
 170  000A              	IF 2000==1
 170  000A              ;# 170 "E:\hamed\touch2\touch-key\prid2.c" 1
 170  000A              	NOP
 170  000A              	ENDIF
 170  000A              ;# 170 "E:\hamed\touch2\touch-key\prid2.c" 1
 170  000A              	IF 2000==2
 170  000A              ;# 170 "E:\hamed\touch2\touch-key\prid2.c" 1
 170  000A              	NOP
 170  000A              ;# 170 "E:\hamed\touch2\touch-key\prid2.c" 1
 170  000A              	NOP
 170  000A              	ENDIF
 170  000A              ;# 170 "E:\hamed\touch2\touch-key\prid2.c" 1
 170  000A              	IF 2000==3
 170  000A              ;# 170 "E:\hamed\touch2\touch-key\prid2.c" 1
 170  000A              	NOP
 170  000A              ;# 170 "E:\hamed\touch2\touch-key\prid2.c" 1
 170  000A              	NOP
 170  000A              ;# 170 "E:\hamed\touch2\touch-key\prid2.c" 1
 170  000A              	NOP
"File: prid2.c       Assembler  Version HGASM0202      Page 6

 170  000A              	ENDIF
 170  000A              ;# 170 "E:\hamed\touch2\touch-key\prid2.c" 1
 170  000A              	IF (2000<8) AND (2000>3)
 170  000A              ;# 170 "E:\hamed\touch2\touch-key\prid2.c" 1
 170  000A              	CALL __DELAY3 + 7 -2000
 170  000A              	ENDIF
 170  000A              ;# 170 "E:\hamed\touch2\touch-key\prid2.c" 1
 170  000A              	IF (2000< 0404h) AND (2000>7)
 170  000A              ;# 170 "E:\hamed\touch2\touch-key\prid2.c" 1
 170  000A              	MOV A,2000/4-1
 170  000A              ;# 170 "E:\hamed\touch2\touch-key\prid2.c" 1
 170  000A              	CALL __DELAYX3 + 3 -(2000 MOD 4)
 170  000A              	ENDIF
 170  000A              ;# 170 "E:\hamed\touch2\touch-key\prid2.c" 1
 170  000A              	IF (2000< 0x40B) AND (2000> 0403h)
 170  000A              ;# 170 "E:\hamed\touch2\touch-key\prid2.c" 1
 170  000A              	MOV A,0 
 170  000A              ;# 170 "E:\hamed\touch2\touch-key\prid2.c" 1
 170  000A              	CALL __DELAYX6 + 0x40a -2000
 170  000A              	ENDIF
 170  000A              ;# 170 "E:\hamed\touch2\touch-key\prid2.c" 1
 170  000A              	IF (2000 >= 0x40b) AND ((((2000-9)%0402h)/4+1)>256)
 170  000A              ;# 170 "E:\hamed\touch2\touch-key\prid2.c" 1
 170  000A              	MOV A,(2000-9)/0402h
 170  000A              ;# 170 "E:\hamed\touch2\touch-key\prid2.c" 1
 170  000A              	MOV _builtin_holtek_delay_2,A
 170  000A              ;# 170 "E:\hamed\touch2\touch-key\prid2.c" 1
 170  000A              	MOV A,0
 170  000A              ;# 170 "E:\hamed\touch2\touch-key\prid2.c" 1
 170  000A              	CALL __DELAYY5 +5- (((2000-9)%0402h)%6)
 170  000A              	ENDIF
 170  000A              ;# 170 "E:\hamed\touch2\touch-key\prid2.c" 1
 170  000A              	IF (2000 >= 0x40b) AND ((((2000-9)%0402h)/4+1)<=256)
 170  000A              ;# 170 "E:\hamed\touch2\touch-key\prid2.c" 1
 170  000A  0F01        	MOV A,(2000-9)/0402h
 170  000B              ;# 170 "E:\hamed\touch2\touch-key\prid2.c" 1
 170  000B  0080     E  	MOV _builtin_holtek_delay_2,A
 170  000C              ;# 170 "E:\hamed\touch2\touch-key\prid2.c" 1
 170  000C  0FF2        	MOV A,((2000-9)%0402h)/4+1
 170  000D              ;# 170 "E:\hamed\touch2\touch-key\prid2.c" 1
 170  000D  2000     E  	CALL __DELAYY3 +3-(((2000-9)%0402h)%4)
 170  000E              	ENDIF
 172  000E              #line 172 "E:\hamed\touch2\touch-key\prid2.c"
 172  000E  36C4        	clr [68].5
 173  000F              #line 173 "E:\hamed\touch2\touch-key\prid2.c"
 173  000F  1F00     R  	clr _i[0]
 173  0010  1F00     R  	clr _i[1]
 173  0011              _L9:
 173  0011              #line 173 "E:\hamed\touch2\touch-key\prid2.c"
 173  0011  0F13        	mov a,19
 173  0012  0200     R  	sub a,_i[0]
 173  0013  0F00        	mov a,0
 173  0014  1200     R  	sbc a,_i[1]
 173  0015  1185        	swap acc
 173  0016  040A        	xor a,status
 173  0017  3D85        	sz acc.3
 173  0018  2800     R  	jmp _L45
 175  0019              #line 175 "E:\hamed\touch2\touch-key\prid2.c"
 175  0019  32CD        	set [77].5
 176  001A              #line 176 "E:\hamed\touch2\touch-key\prid2.c"
"File: prid2.c       Assembler  Version HGASM0202      Page 7

 176  001A  324D        	set [77].4
 177  001B              #line 177 "E:\hamed\touch2\touch-key\prid2.c"
 177  001B  32C4        	set [68].5
 177  001C              _L11:
 179  001C              #line 179 "E:\hamed\touch2\touch-key\prid2.c"
 179  001C  3B44        	snz [68].6
 179  001D  2800     R  	jmp _L11
 181  001E              #line 181 "E:\hamed\touch2\touch-key\prid2.c"
 181  001E  0749        	mov a,[73]
 181  001F  0080     R  	mov _main_2[1],a
 181  0020  1F00     R  	clr _main_2[0]
 181  0021  0700     R  	mov a,_main_2[1]
 181  0022  0080     E  	mov rc,a
 181  0023  0748        	mov a,[72]
 181  0024  0500     R  	or a,_main_2[0]
 181  0025  0080     E  	mov rb,a
 181  0026  0700     E  	mov a,rb
 181  0027  0080     R  	mov _touch1[0],a
 181  0028  0700     E  	mov a,rc
 181  0029  0080     R  	mov _touch1[1],a
 182  002A              #line 182 "E:\hamed\touch2\touch-key\prid2.c"
 182  002A  0700     E  	mov a,rb
 182  002B  0380     R  	addm a,_touchThreshold1[0]
 182  002C  0700     E  	mov a,rc
 182  002D  1380     R  	adcm a,_touchThreshold1[1]
 182  002E  1F05        	clr acc
 182  002F  1380     R  	adcm a,_touchThreshold1[2]
 182  0030  1380     R  	adcm a,_touchThreshold1[3]
 184  0031              #line 184 "E:\hamed\touch2\touch-key\prid2.c"
 184  0031  3744        	clr [68].6
 185  0032              #line 185 "E:\hamed\touch2\touch-key\prid2.c"
 185  0032  36C4        	clr [68].5
 188  0033              #line 188 "E:\hamed\touch2\touch-key\prid2.c"
 188  0033  0FD0        	mov a,-48
 188  0034  0080     R  	mov _Delay_2[0],a
 188  0035  0F07        	mov a,7
 188  0036  0080     R  	mov _Delay_2[1],a
 188  0037  1F00     R  	clr _Delay_2[2]
 188  0038  1F00     R  	clr _Delay_2[3]
 188  0039  2000     R  	call _Delay
 173  003A              #line 173 "E:\hamed\touch2\touch-key\prid2.c"
 173  003A  1480     R  	inc _i[0]
 173  003B  3D0A        	sz z
 173  003C  1480     R  	inc _i[1]
 173  003D  2800     R  	jmp _L9
 173  003E              _L45:
 190  003E              #line 190 "E:\hamed\touch2\touch-key\prid2.c"
 190  003E  1F00     E  	clr _builtin_holtek_udivmodsi4_2[12]
 190  003F  0700     R  	mov a,_touchThreshold1[0]  
 190  0040  0080     E  	mov _builtin_holtek_udivmodsi4_2[0],a  
 190  0041  0700     R  	mov a,_touchThreshold1[1]  
 190  0042  0080     E  	mov _builtin_holtek_udivmodsi4_2[1],a
 190  0043  0700     R  	mov a,_touchThreshold1[2]  
 190  0044  0080     E  	mov _builtin_holtek_udivmodsi4_2[2],a  
 190  0045  0700     R  	mov a,_touchThreshold1[3]  
 190  0046  0080     E  	mov _builtin_holtek_udivmodsi4_2[3],a
 190  0047  0F14        	mov a,20  
 190  0048  0080     E  	mov _builtin_holtek_udivmodsi4_2[4],a  
 190  0049  0F00        	mov a,0  
 190  004A  0080     E  	mov _builtin_holtek_udivmodsi4_2[5],a
"File: prid2.c       Assembler  Version HGASM0202      Page 8

 190  004B  1F00     E  	clr _builtin_holtek_udivmodsi4_2[6]
 190  004C  1F00     E  	clr _builtin_holtek_udivmodsi4_2[7]
 190  004D  2000     E  	call _builtin_holtek_udivmodsi4
 190  004E  0700     E  	mov a,_builtin_holtek_udivmodsi4_2[0]  
 190  004F  0080     R  	mov _touchThreshold1[0],a  
 190  0050  0700     E  	mov a,_builtin_holtek_udivmodsi4_2[1]  
 190  0051  0080     R  	mov _touchThreshold1[1],a
 190  0052  0700     E  	mov a,_builtin_holtek_udivmodsi4_2[2]  
 190  0053  0080     R  	mov _touchThreshold1[2],a  
 190  0054  0700     E  	mov a,_builtin_holtek_udivmodsi4_2[3]  
 190  0055  0080     R  	mov _touchThreshold1[3],a
 192  0056              #line 192 "E:\hamed\touch2\touch-key\prid2.c"
 192  0056  334C        	set [76].6
 193  0057              #line 193 "E:\hamed\touch2\touch-key\prid2.c"
 193  0057  37CC        	clr [76].7
 194  0058              #line 194 "E:\hamed\touch2\touch-key\prid2.c"
 194  0058              ;# 194 "E:\hamed\touch2\touch-key\prid2.c" 1
 194  0058              	IF 2000>263690
 194  0058              ;# 194 "E:\hamed\touch2\touch-key\prid2.c" 1
 194  0058              	ERRMESSAGE 'the value 2000of the argument exceeds the maxinum 263690'
 194  0058              	ENDIF
 194  0058              ;# 194 "E:\hamed\touch2\touch-key\prid2.c" 1
 194  0058              	IF 2000<0
 194  0058              ;# 194 "E:\hamed\touch2\touch-key\prid2.c" 1
 194  0058              	ERRMESSAGE 'the value 2000 of the argument exceeds the mininum 0'
 194  0058              	ENDIF
 194  0058              ;# 194 "E:\hamed\touch2\touch-key\prid2.c" 1
 194  0058              	IF 2000==0
 194  0058              ;# 194 "E:\hamed\touch2\touch-key\prid2.c" 1
 194  0058              	JMP $
 194  0058              	ENDIF
 194  0058              ;# 194 "E:\hamed\touch2\touch-key\prid2.c" 1
 194  0058              	IF 2000==1
 194  0058              ;# 194 "E:\hamed\touch2\touch-key\prid2.c" 1
 194  0058              	NOP
 194  0058              	ENDIF
 194  0058              ;# 194 "E:\hamed\touch2\touch-key\prid2.c" 1
 194  0058              	IF 2000==2
 194  0058              ;# 194 "E:\hamed\touch2\touch-key\prid2.c" 1
 194  0058              	NOP
 194  0058              ;# 194 "E:\hamed\touch2\touch-key\prid2.c" 1
 194  0058              	NOP
 194  0058              	ENDIF
 194  0058              ;# 194 "E:\hamed\touch2\touch-key\prid2.c" 1
 194  0058              	IF 2000==3
 194  0058              ;# 194 "E:\hamed\touch2\touch-key\prid2.c" 1
 194  0058              	NOP
 194  0058              ;# 194 "E:\hamed\touch2\touch-key\prid2.c" 1
 194  0058              	NOP
 194  0058              ;# 194 "E:\hamed\touch2\touch-key\prid2.c" 1
 194  0058              	NOP
 194  0058              	ENDIF
 194  0058              ;# 194 "E:\hamed\touch2\touch-key\prid2.c" 1
 194  0058              	IF (2000<8) AND (2000>3)
 194  0058              ;# 194 "E:\hamed\touch2\touch-key\prid2.c" 1
 194  0058              	CALL __DELAY3 + 7 -2000
 194  0058              	ENDIF
 194  0058              ;# 194 "E:\hamed\touch2\touch-key\prid2.c" 1
 194  0058              	IF (2000< 0404h) AND (2000>7)
 194  0058              ;# 194 "E:\hamed\touch2\touch-key\prid2.c" 1
"File: prid2.c       Assembler  Version HGASM0202      Page 9

 194  0058              	MOV A,2000/4-1
 194  0058              ;# 194 "E:\hamed\touch2\touch-key\prid2.c" 1
 194  0058              	CALL __DELAYX3 + 3 -(2000 MOD 4)
 194  0058              	ENDIF
 194  0058              ;# 194 "E:\hamed\touch2\touch-key\prid2.c" 1
 194  0058              	IF (2000< 0x40B) AND (2000> 0403h)
 194  0058              ;# 194 "E:\hamed\touch2\touch-key\prid2.c" 1
 194  0058              	MOV A,0 
 194  0058              ;# 194 "E:\hamed\touch2\touch-key\prid2.c" 1
 194  0058              	CALL __DELAYX6 + 0x40a -2000
 194  0058              	ENDIF
 194  0058              ;# 194 "E:\hamed\touch2\touch-key\prid2.c" 1
 194  0058              	IF (2000 >= 0x40b) AND ((((2000-9)%0402h)/4+1)>256)
 194  0058              ;# 194 "E:\hamed\touch2\touch-key\prid2.c" 1
 194  0058              	MOV A,(2000-9)/0402h
 194  0058              ;# 194 "E:\hamed\touch2\touch-key\prid2.c" 1
 194  0058              	MOV _builtin_holtek_delay_2,A
 194  0058              ;# 194 "E:\hamed\touch2\touch-key\prid2.c" 1
 194  0058              	MOV A,0
 194  0058              ;# 194 "E:\hamed\touch2\touch-key\prid2.c" 1
 194  0058              	CALL __DELAYY5 +5- (((2000-9)%0402h)%6)
 194  0058              	ENDIF
 194  0058              ;# 194 "E:\hamed\touch2\touch-key\prid2.c" 1
 194  0058              	IF (2000 >= 0x40b) AND ((((2000-9)%0402h)/4+1)<=256)
 194  0058              ;# 194 "E:\hamed\touch2\touch-key\prid2.c" 1
 194  0058  0F01        	MOV A,(2000-9)/0402h
 194  0059              ;# 194 "E:\hamed\touch2\touch-key\prid2.c" 1
 194  0059  0080     E  	MOV _builtin_holtek_delay_2,A
 194  005A              ;# 194 "E:\hamed\touch2\touch-key\prid2.c" 1
 194  005A  0FF2        	MOV A,((2000-9)%0402h)/4+1
 194  005B              ;# 194 "E:\hamed\touch2\touch-key\prid2.c" 1
 194  005B  2000     E  	CALL __DELAYY3 +3-(((2000-9)%0402h)%4)
 194  005C              	ENDIF
 196  005C              #line 196 "E:\hamed\touch2\touch-key\prid2.c"
 196  005C  36C4        	clr [68].5
 197  005D              #line 197 "E:\hamed\touch2\touch-key\prid2.c"
 197  005D  1F00     R  	clr _i[0]
 197  005E  1F00     R  	clr _i[1]
 197  005F              _L13:
 197  005F  0F13        	mov a,19
 197  0060  0200     R  	sub a,_i[0]
 197  0061  0F00        	mov a,0
 197  0062  1200     R  	sbc a,_i[1]
 197  0063  1185        	swap acc
 197  0064  040A        	xor a,status
 197  0065  3D85        	sz acc.3
 197  0066  2800     R  	jmp _L46
 199  0067              #line 199 "E:\hamed\touch2\touch-key\prid2.c"
 199  0067  32CD        	set [77].5
 200  0068              #line 200 "E:\hamed\touch2\touch-key\prid2.c"
 200  0068  324D        	set [77].4
 201  0069              #line 201 "E:\hamed\touch2\touch-key\prid2.c"
 201  0069  32C4        	set [68].5
 201  006A              _L15:
 203  006A              #line 203 "E:\hamed\touch2\touch-key\prid2.c"
 203  006A  3B44        	snz [68].6
 203  006B  2800     R  	jmp _L15
 205  006C              #line 205 "E:\hamed\touch2\touch-key\prid2.c"
 205  006C  0749        	mov a,[73]
 205  006D  0080     R  	mov _main_2[5],a
"File: prid2.c       Assembler  Version HGASM0202      Page 10

 205  006E  1F00     R  	clr _main_2[4]
 205  006F  0700     R  	mov a,_main_2[5]
 205  0070  0080     E  	mov rc,a
 205  0071  0748        	mov a,[72]
 205  0072  0500     R  	or a,_main_2[4]
 205  0073  0080     E  	mov rb,a
 205  0074  0700     E  	mov a,rb
 205  0075  0080     R  	mov _touch2[0],a
 205  0076  0700     E  	mov a,rc
 205  0077  0080     R  	mov _touch2[1],a
 206  0078              #line 206 "E:\hamed\touch2\touch-key\prid2.c"
 206  0078  0700     E  	mov a,rb
 206  0079  0380     R  	addm a,_touchThreshold2[0]
 206  007A  0700     E  	mov a,rc
 206  007B  1380     R  	adcm a,_touchThreshold2[1]
 206  007C  1F05        	clr acc
 206  007D  1380     R  	adcm a,_touchThreshold2[2]
 206  007E  1380     R  	adcm a,_touchThreshold2[3]
 208  007F              #line 208 "E:\hamed\touch2\touch-key\prid2.c"
 208  007F  3744        	clr [68].6
 209  0080              #line 209 "E:\hamed\touch2\touch-key\prid2.c"
 209  0080  36C4        	clr [68].5
 212  0081              #line 212 "E:\hamed\touch2\touch-key\prid2.c"
 212  0081  0FD0        	mov a,-48
 212  0082  0080     R  	mov _Delay_2[0],a
 212  0083  0F07        	mov a,7
 212  0084  0080     R  	mov _Delay_2[1],a
 212  0085  1F00     R  	clr _Delay_2[2]
 212  0086  1F00     R  	clr _Delay_2[3]
 212  0087  2000     R  	call _Delay
 197  0088              #line 197 "E:\hamed\touch2\touch-key\prid2.c"
 197  0088  1480     R  	inc _i[0]
 197  0089  3D0A        	sz z
 197  008A  1480     R  	inc _i[1]
 197  008B  2800     R  	jmp _L13
 197  008C              _L46:
 214  008C              #line 214 "E:\hamed\touch2\touch-key\prid2.c"
 214  008C  1F00     E  	clr _builtin_holtek_udivmodsi4_2[12]
 214  008D  0700     R  	mov a,_touchThreshold2[0]  
 214  008E  0080     E  	mov _builtin_holtek_udivmodsi4_2[0],a  
 214  008F  0700     R  	mov a,_touchThreshold2[1]  
 214  0090  0080     E  	mov _builtin_holtek_udivmodsi4_2[1],a
 214  0091  0700     R  	mov a,_touchThreshold2[2]  
 214  0092  0080     E  	mov _builtin_holtek_udivmodsi4_2[2],a  
 214  0093  0700     R  	mov a,_touchThreshold2[3]  
 214  0094  0080     E  	mov _builtin_holtek_udivmodsi4_2[3],a
 214  0095  0F14        	mov a,20  
 214  0096  0080     E  	mov _builtin_holtek_udivmodsi4_2[4],a  
 214  0097  0F00        	mov a,0  
 214  0098  0080     E  	mov _builtin_holtek_udivmodsi4_2[5],a
 214  0099  1F00     E  	clr _builtin_holtek_udivmodsi4_2[6]
 214  009A  1F00     E  	clr _builtin_holtek_udivmodsi4_2[7]
 214  009B  2000     E  	call _builtin_holtek_udivmodsi4
 214  009C  0700     E  	mov a,_builtin_holtek_udivmodsi4_2[0]  
 214  009D  0080     E  	mov rd,a  
 214  009E  0700     E  	mov a,_builtin_holtek_udivmodsi4_2[1]  
 214  009F  0080     E  	mov re,a
 214  00A0  0700     E  	mov a,_builtin_holtek_udivmodsi4_2[2]  
 214  00A1  0080     E  	mov rf,a  
 214  00A2  0700     E  	mov a,_builtin_holtek_udivmodsi4_2[3]  
"File: prid2.c       Assembler  Version HGASM0202      Page 11

 214  00A3  0080     E  	mov rg,a
 214  00A4  0700     E  	mov a,rd
 214  00A5  0080     R  	mov _touchThreshold2[0],a
 214  00A6  0700     E  	mov a,re
 214  00A7  0080     R  	mov _touchThreshold2[1],a
 214  00A8  0700     E  	mov a,rf
 214  00A9  0080     R  	mov _touchThreshold2[2],a
 214  00AA  0700     E  	mov a,rg
 214  00AB  0080     R  	mov _touchThreshold2[3],a
 218  00AC              #line 218 "E:\hamed\touch2\touch-key\prid2.c"
 218  00AC  32CD        	set [77].5
 219  00AD              #line 219 "E:\hamed\touch2\touch-key\prid2.c"
 219  00AD  324D        	set [77].4
 220  00AE              #line 220 "E:\hamed\touch2\touch-key\prid2.c"
 220  00AE  32C4        	set [68].5
 220  00AF  0700     R  	mov a,_touchThreshold1[0]
 220  00B0  0080     R  	mov _main_2[28],a
 220  00B1  0700     R  	mov a,_touchThreshold1[1]
 220  00B2  0080     R  	mov _main_2[29],a
 220  00B3  0700     R  	mov a,_touchThreshold1[2]
 220  00B4  0080     R  	mov _main_2[30],a
 220  00B5  0700     R  	mov a,_touchThreshold1[3]
 220  00B6  0080     R  	mov _main_2[31],a
 220  00B7  0700     E  	mov a,rd
 220  00B8  0080     R  	mov _main_2[24],a
 220  00B9  0700     E  	mov a,re
 220  00BA  0080     R  	mov _main_2[25],a
 220  00BB  0700     E  	mov a,rf
 220  00BC  0080     R  	mov _main_2[26],a
 220  00BD  0700     E  	mov a,rg
 220  00BE  0080     R  	mov _main_2[27],a
 220  00BF  0700     R  	mov a,_alltouch1[0]
 220  00C0  0080     R  	mov _main_2[4],a
 220  00C1  0700     R  	mov a,_alltouch1[1]
 220  00C2  0080     R  	mov _main_2[5],a
 220  00C3  0700     R  	mov a,_alltouch1[2]
 220  00C4  0080     R  	mov _main_2[6],a
 220  00C5  0700     R  	mov a,_alltouch1[3]
 220  00C6  0080     R  	mov _main_2[7],a
 220  00C7  0700     R  	mov a,_alltouch2[0]
 220  00C8  0080     R  	mov _main_2[0],a
 220  00C9  0700     R  	mov a,_alltouch2[1]
 220  00CA  0080     R  	mov _main_2[1],a
 220  00CB  0700     R  	mov a,_alltouch2[2]
 220  00CC  0080     R  	mov _main_2[2],a
 220  00CD  0700     R  	mov a,_alltouch2[3]
 220  00CE  0080     R  	mov _main_2[3],a
 220  00CF  0700     R  	mov a,_fingerCounter1[0]
 220  00D0  0080     R  	mov _main_2[12],a
 220  00D1  0700     R  	mov a,_fingerCounter1[1]
 220  00D2  0080     R  	mov _main_2[13],a
 220  00D3  0700     R  	mov a,_fingerCounter1[2]
 220  00D4  0080     R  	mov _main_2[14],a
 220  00D5  0700     R  	mov a,_fingerCounter1[3]
 220  00D6  0080     R  	mov _main_2[15],a
 220  00D7  0700     R  	mov a,_f1[0]
 220  00D8  0080     R  	mov _main_2[20],a
 220  00D9  0700     R  	mov a,_f1[1]
 220  00DA  0080     R  	mov _main_2[21],a
 220  00DB  0700     R  	mov a,_fingerCounter2[0]
"File: prid2.c       Assembler  Version HGASM0202      Page 12

 220  00DC  0080     R  	mov _main_2[16],a
 220  00DD  0700     R  	mov a,_fingerCounter2[1]
 220  00DE  0080     R  	mov _main_2[17],a
 220  00DF  0700     R  	mov a,_fingerCounter2[2]
 220  00E0  0080     R  	mov _main_2[18],a
 220  00E1  0700     R  	mov a,_fingerCounter2[3]
 220  00E2  0080     R  	mov _main_2[19],a
 220  00E3  0700     R  	mov a,_f2[0]
 220  00E4  0080     R  	mov _main_2[22],a
 220  00E5  0700     R  	mov a,_f2[1]
 220  00E6  0080     R  	mov _main_2[23],a
 220  00E7              _L33:
 223  00E7              #line 223 "E:\hamed\touch2\touch-key\prid2.c"
 223  00E7              ;# 223 "E:\hamed\touch2\touch-key\prid2.c" 1
 223  00E7  0001        	clr wdt
 225  00E8              #line 225 "E:\hamed\touch2\touch-key\prid2.c"
 225  00E8  374C        	clr [76].6
 226  00E9              #line 226 "E:\hamed\touch2\touch-key\prid2.c"
 226  00E9  37CC        	clr [76].7
 227  00EA              #line 227 "E:\hamed\touch2\touch-key\prid2.c"
 227  00EA              ;# 227 "E:\hamed\touch2\touch-key\prid2.c" 1
 227  00EA              	IF 2000>263690
 227  00EA              ;# 227 "E:\hamed\touch2\touch-key\prid2.c" 1
 227  00EA              	ERRMESSAGE 'the value 2000of the argument exceeds the maxinum 263690'
 227  00EA              	ENDIF
 227  00EA              ;# 227 "E:\hamed\touch2\touch-key\prid2.c" 1
 227  00EA              	IF 2000<0
 227  00EA              ;# 227 "E:\hamed\touch2\touch-key\prid2.c" 1
 227  00EA              	ERRMESSAGE 'the value 2000 of the argument exceeds the mininum 0'
 227  00EA              	ENDIF
 227  00EA              ;# 227 "E:\hamed\touch2\touch-key\prid2.c" 1
 227  00EA              	IF 2000==0
 227  00EA              ;# 227 "E:\hamed\touch2\touch-key\prid2.c" 1
 227  00EA              	JMP $
 227  00EA              	ENDIF
 227  00EA              ;# 227 "E:\hamed\touch2\touch-key\prid2.c" 1
 227  00EA              	IF 2000==1
 227  00EA              ;# 227 "E:\hamed\touch2\touch-key\prid2.c" 1
 227  00EA              	NOP
 227  00EA              	ENDIF
 227  00EA              ;# 227 "E:\hamed\touch2\touch-key\prid2.c" 1
 227  00EA              	IF 2000==2
 227  00EA              ;# 227 "E:\hamed\touch2\touch-key\prid2.c" 1
 227  00EA              	NOP
 227  00EA              ;# 227 "E:\hamed\touch2\touch-key\prid2.c" 1
 227  00EA              	NOP
 227  00EA              	ENDIF
 227  00EA              ;# 227 "E:\hamed\touch2\touch-key\prid2.c" 1
 227  00EA              	IF 2000==3
 227  00EA              ;# 227 "E:\hamed\touch2\touch-key\prid2.c" 1
 227  00EA              	NOP
 227  00EA              ;# 227 "E:\hamed\touch2\touch-key\prid2.c" 1
 227  00EA              	NOP
 227  00EA              ;# 227 "E:\hamed\touch2\touch-key\prid2.c" 1
 227  00EA              	NOP
 227  00EA              	ENDIF
 227  00EA              ;# 227 "E:\hamed\touch2\touch-key\prid2.c" 1
 227  00EA              	IF (2000<8) AND (2000>3)
 227  00EA              ;# 227 "E:\hamed\touch2\touch-key\prid2.c" 1
 227  00EA              	CALL __DELAY3 + 7 -2000
"File: prid2.c       Assembler  Version HGASM0202      Page 13

 227  00EA              	ENDIF
 227  00EA              ;# 227 "E:\hamed\touch2\touch-key\prid2.c" 1
 227  00EA              	IF (2000< 0404h) AND (2000>7)
 227  00EA              ;# 227 "E:\hamed\touch2\touch-key\prid2.c" 1
 227  00EA              	MOV A,2000/4-1
 227  00EA              ;# 227 "E:\hamed\touch2\touch-key\prid2.c" 1
 227  00EA              	CALL __DELAYX3 + 3 -(2000 MOD 4)
 227  00EA              	ENDIF
 227  00EA              ;# 227 "E:\hamed\touch2\touch-key\prid2.c" 1
 227  00EA              	IF (2000< 0x40B) AND (2000> 0403h)
 227  00EA              ;# 227 "E:\hamed\touch2\touch-key\prid2.c" 1
 227  00EA              	MOV A,0 
 227  00EA              ;# 227 "E:\hamed\touch2\touch-key\prid2.c" 1
 227  00EA              	CALL __DELAYX6 + 0x40a -2000
 227  00EA              	ENDIF
 227  00EA              ;# 227 "E:\hamed\touch2\touch-key\prid2.c" 1
 227  00EA              	IF (2000 >= 0x40b) AND ((((2000-9)%0402h)/4+1)>256)
 227  00EA              ;# 227 "E:\hamed\touch2\touch-key\prid2.c" 1
 227  00EA              	MOV A,(2000-9)/0402h
 227  00EA              ;# 227 "E:\hamed\touch2\touch-key\prid2.c" 1
 227  00EA              	MOV _builtin_holtek_delay_2,A
 227  00EA              ;# 227 "E:\hamed\touch2\touch-key\prid2.c" 1
 227  00EA              	MOV A,0
 227  00EA              ;# 227 "E:\hamed\touch2\touch-key\prid2.c" 1
 227  00EA              	CALL __DELAYY5 +5- (((2000-9)%0402h)%6)
 227  00EA              	ENDIF
 227  00EA              ;# 227 "E:\hamed\touch2\touch-key\prid2.c" 1
 227  00EA              	IF (2000 >= 0x40b) AND ((((2000-9)%0402h)/4+1)<=256)
 227  00EA              ;# 227 "E:\hamed\touch2\touch-key\prid2.c" 1
 227  00EA  0F01        	MOV A,(2000-9)/0402h
 227  00EB              ;# 227 "E:\hamed\touch2\touch-key\prid2.c" 1
 227  00EB  0080     E  	MOV _builtin_holtek_delay_2,A
 227  00EC              ;# 227 "E:\hamed\touch2\touch-key\prid2.c" 1
 227  00EC  0FF2        	MOV A,((2000-9)%0402h)/4+1
 227  00ED              ;# 227 "E:\hamed\touch2\touch-key\prid2.c" 1
 227  00ED  2000     E  	CALL __DELAYY3 +3-(((2000-9)%0402h)%4)
 227  00EE              	ENDIF
 228  00EE              #line 228 "E:\hamed\touch2\touch-key\prid2.c"
 228  00EE  32CD        	set [77].5
 229  00EF              #line 229 "E:\hamed\touch2\touch-key\prid2.c"
 229  00EF  324D        	set [77].4
 230  00F0              #line 230 "E:\hamed\touch2\touch-key\prid2.c"
 230  00F0  32C4        	set [68].5
 230  00F1              _L18:
 232  00F1              #line 232 "E:\hamed\touch2\touch-key\prid2.c"
 232  00F1  3B44        	snz [68].6
 232  00F2  2800     R  	jmp _L18
 234  00F3              #line 234 "E:\hamed\touch2\touch-key\prid2.c"
 234  00F3  0749        	mov a,[73]
 234  00F4  0080     R  	mov _main_2[33],a
 234  00F5  1F00     R  	clr _main_2[32]
 234  00F6  0700     R  	mov a,_main_2[33]
 234  00F7  0080     E  	mov re,a
 234  00F8  0748        	mov a,[72]
 234  00F9  0500     R  	or a,_main_2[32]
 234  00FA  0080     E  	mov rd,a
 236  00FB              #line 236 "E:\hamed\touch2\touch-key\prid2.c"
 236  00FB  3744        	clr [68].6
 237  00FC              #line 237 "E:\hamed\touch2\touch-key\prid2.c"
 237  00FC  36C4        	clr [68].5
"File: prid2.c       Assembler  Version HGASM0202      Page 14

 239  00FD              #line 239 "E:\hamed\touch2\touch-key\prid2.c"
 239  00FD  334C        	set [76].6
 240  00FE              #line 240 "E:\hamed\touch2\touch-key\prid2.c"
 240  00FE  37CC        	clr [76].7
 241  00FF              #line 241 "E:\hamed\touch2\touch-key\prid2.c"
 241  00FF              ;# 241 "E:\hamed\touch2\touch-key\prid2.c" 1
 241  00FF              	IF 2000>263690
 241  00FF              ;# 241 "E:\hamed\touch2\touch-key\prid2.c" 1
 241  00FF              	ERRMESSAGE 'the value 2000of the argument exceeds the maxinum 263690'
 241  00FF              	ENDIF
 241  00FF              ;# 241 "E:\hamed\touch2\touch-key\prid2.c" 1
 241  00FF              	IF 2000<0
 241  00FF              ;# 241 "E:\hamed\touch2\touch-key\prid2.c" 1
 241  00FF              	ERRMESSAGE 'the value 2000 of the argument exceeds the mininum 0'
 241  00FF              	ENDIF
 241  00FF              ;# 241 "E:\hamed\touch2\touch-key\prid2.c" 1
 241  00FF              	IF 2000==0
 241  00FF              ;# 241 "E:\hamed\touch2\touch-key\prid2.c" 1
 241  00FF              	JMP $
 241  00FF              	ENDIF
 241  00FF              ;# 241 "E:\hamed\touch2\touch-key\prid2.c" 1
 241  00FF              	IF 2000==1
 241  00FF              ;# 241 "E:\hamed\touch2\touch-key\prid2.c" 1
 241  00FF              	NOP
 241  00FF              	ENDIF
 241  00FF              ;# 241 "E:\hamed\touch2\touch-key\prid2.c" 1
 241  00FF              	IF 2000==2
 241  00FF              ;# 241 "E:\hamed\touch2\touch-key\prid2.c" 1
 241  00FF              	NOP
 241  00FF              ;# 241 "E:\hamed\touch2\touch-key\prid2.c" 1
 241  00FF              	NOP
 241  00FF              	ENDIF
 241  00FF              ;# 241 "E:\hamed\touch2\touch-key\prid2.c" 1
 241  00FF              	IF 2000==3
 241  00FF              ;# 241 "E:\hamed\touch2\touch-key\prid2.c" 1
 241  00FF              	NOP
 241  00FF              ;# 241 "E:\hamed\touch2\touch-key\prid2.c" 1
 241  00FF              	NOP
 241  00FF              ;# 241 "E:\hamed\touch2\touch-key\prid2.c" 1
 241  00FF              	NOP
 241  00FF              	ENDIF
 241  00FF              ;# 241 "E:\hamed\touch2\touch-key\prid2.c" 1
 241  00FF              	IF (2000<8) AND (2000>3)
 241  00FF              ;# 241 "E:\hamed\touch2\touch-key\prid2.c" 1
 241  00FF              	CALL __DELAY3 + 7 -2000
 241  00FF              	ENDIF
 241  00FF              ;# 241 "E:\hamed\touch2\touch-key\prid2.c" 1
 241  00FF              	IF (2000< 0404h) AND (2000>7)
 241  00FF              ;# 241 "E:\hamed\touch2\touch-key\prid2.c" 1
 241  00FF              	MOV A,2000/4-1
 241  00FF              ;# 241 "E:\hamed\touch2\touch-key\prid2.c" 1
 241  00FF              	CALL __DELAYX3 + 3 -(2000 MOD 4)
 241  00FF              	ENDIF
 241  00FF              ;# 241 "E:\hamed\touch2\touch-key\prid2.c" 1
 241  00FF              	IF (2000< 0x40B) AND (2000> 0403h)
 241  00FF              ;# 241 "E:\hamed\touch2\touch-key\prid2.c" 1
 241  00FF              	MOV A,0 
 241  00FF              ;# 241 "E:\hamed\touch2\touch-key\prid2.c" 1
 241  00FF              	CALL __DELAYX6 + 0x40a -2000
 241  00FF              	ENDIF
"File: prid2.c       Assembler  Version HGASM0202      Page 15

 241  00FF              ;# 241 "E:\hamed\touch2\touch-key\prid2.c" 1
 241  00FF              	IF (2000 >= 0x40b) AND ((((2000-9)%0402h)/4+1)>256)
 241  00FF              ;# 241 "E:\hamed\touch2\touch-key\prid2.c" 1
 241  00FF              	MOV A,(2000-9)/0402h
 241  00FF              ;# 241 "E:\hamed\touch2\touch-key\prid2.c" 1
 241  00FF              	MOV _builtin_holtek_delay_2,A
 241  00FF              ;# 241 "E:\hamed\touch2\touch-key\prid2.c" 1
 241  00FF              	MOV A,0
 241  00FF              ;# 241 "E:\hamed\touch2\touch-key\prid2.c" 1
 241  00FF              	CALL __DELAYY5 +5- (((2000-9)%0402h)%6)
 241  00FF              	ENDIF
 241  00FF              ;# 241 "E:\hamed\touch2\touch-key\prid2.c" 1
 241  00FF              	IF (2000 >= 0x40b) AND ((((2000-9)%0402h)/4+1)<=256)
 241  00FF              ;# 241 "E:\hamed\touch2\touch-key\prid2.c" 1
 241  00FF  0F01        	MOV A,(2000-9)/0402h
 241  0100              ;# 241 "E:\hamed\touch2\touch-key\prid2.c" 1
 241  0100  0080     E  	MOV _builtin_holtek_delay_2,A
 241  0101              ;# 241 "E:\hamed\touch2\touch-key\prid2.c" 1
 241  0101  0FF2        	MOV A,((2000-9)%0402h)/4+1
 241  0102              ;# 241 "E:\hamed\touch2\touch-key\prid2.c" 1
 241  0102  2000     E  	CALL __DELAYY3 +3-(((2000-9)%0402h)%4)
 241  0103              	ENDIF
 242  0103              #line 242 "E:\hamed\touch2\touch-key\prid2.c"
 242  0103  32CD        	set [77].5
 243  0104              #line 243 "E:\hamed\touch2\touch-key\prid2.c"
 243  0104  324D        	set [77].4
 244  0105              #line 244 "E:\hamed\touch2\touch-key\prid2.c"
 244  0105  32C4        	set [68].5
 244  0106              _L20:
 246  0106              #line 246 "E:\hamed\touch2\touch-key\prid2.c"
 246  0106  3B44        	snz [68].6
 246  0107  2800     R  	jmp _L20
 248  0108              #line 248 "E:\hamed\touch2\touch-key\prid2.c"
 248  0108  0749        	mov a,[73]
 248  0109  0080     R  	mov _main_2[35],a
 248  010A  1F00     R  	clr _main_2[34]
 248  010B  0700     R  	mov a,_main_2[35]
 248  010C  0080     E  	mov rc,a
 248  010D  0748        	mov a,[72]
 248  010E  0500     R  	or a,_main_2[34]
 248  010F  0080     E  	mov rb,a
 250  0110              #line 250 "E:\hamed\touch2\touch-key\prid2.c"
 250  0110  3744        	clr [68].6
 251  0111              #line 251 "E:\hamed\touch2\touch-key\prid2.c"
 251  0111  36C4        	clr [68].5
 256  0112              #line 256 "E:\hamed\touch2\touch-key\prid2.c"
 256  0112  0700     E  	mov a,rd
 256  0113  0080     E  	mov rd,a
 256  0114  0700     E  	mov a,re
 256  0115  0080     E  	mov re,a
 256  0116  1F00     E  	clr rf
 256  0117  1F00     E  	clr rg
 256  0118  0F0F        	mov a,15
 256  0119  0300     R  	add a,_main_2[4]
 256  011A  0080     R  	mov _main_2[8],a
 256  011B  0F00        	mov a,0
 256  011C  1300     R  	adc a,_main_2[5]
 256  011D  0080     R  	mov _main_2[9],a
 256  011E  0F00        	mov a,0
 256  011F  1300     R  	adc a,_main_2[6]
"File: prid2.c       Assembler  Version HGASM0202      Page 16

 256  0120  0080     R  	mov _main_2[10],a
 256  0121  0F00        	mov a,0
 256  0122  1300     R  	adc a,_main_2[7]
 256  0123  0080     R  	mov _main_2[11],a
 256  0124  0700     R  	mov a,_main_2[8]
 256  0125  0200     E  	sub a,rd
 256  0126  0700     R  	mov a,_main_2[9]
 256  0127  1200     E  	sbc a,re
 256  0128  0700     R  	mov a,_main_2[10]
 256  0129  1200     E  	sbc a,rf
 256  012A  0700     R  	mov a,_main_2[11]
 256  012B  1200     E  	sbc a,rg
 256  012C  380A        	snz c
 256  012D  2800     R  	jmp _L36
 256  012E  0FF1        	mov a,241
 256  012F  0300     R  	add a,_main_2[4]
 256  0130  0080     R  	mov _main_2[8],a
 256  0131  0FFF        	mov a,255
 256  0132  1300     R  	adc a,_main_2[5]
 256  0133  0080     R  	mov _main_2[9],a
 256  0134  0FFF        	mov a,255
 256  0135  1300     R  	adc a,_main_2[6]
 256  0136  0080     R  	mov _main_2[10],a
 256  0137  0FFF        	mov a,255
 256  0138  1300     R  	adc a,_main_2[7]
 256  0139  0080     R  	mov _main_2[11],a
 256  013A  0700     E  	mov a,rd
 256  013B  0200     R  	sub a,_main_2[8]
 256  013C  0700     E  	mov a,re
 256  013D  1200     R  	sbc a,_main_2[9]
 256  013E  0700     E  	mov a,rf
 256  013F  1200     R  	sbc a,_main_2[10]
 256  0140  0700     E  	mov a,rg
 256  0141  1200     R  	sbc a,_main_2[11]
 256  0142  3C0A        	sz c
 256  0143  2800     R  	jmp _L21
 256  0144              _L36:
 256  0144  0700     E  	mov a,rd
 256  0145  0080     R  	mov _main_2[4],a
 256  0146  0700     E  	mov a,re
 256  0147  0080     R  	mov _main_2[5],a
 256  0148  0700     E  	mov a,rf
 256  0149  0080     R  	mov _main_2[6],a
 256  014A  0700     E  	mov a,rg
 256  014B  0080     R  	mov _main_2[7],a
 256  014C              _L21:
 257  014C              #line 257 "E:\hamed\touch2\touch-key\prid2.c"
 257  014C  0700     E  	mov a,rb
 257  014D  0080     E  	mov rd,a
 257  014E  0700     E  	mov a,rc
 257  014F  0080     E  	mov re,a
 257  0150  1F00     E  	clr rf
 257  0151  1F00     E  	clr rg
 257  0152  0F0F        	mov a,15
 257  0153  0300     R  	add a,_main_2[0]
 257  0154  0080     R  	mov _main_2[8],a
 257  0155  0F00        	mov a,0
 257  0156  1300     R  	adc a,_main_2[1]
 257  0157  0080     R  	mov _main_2[9],a
 257  0158  0F00        	mov a,0
"File: prid2.c       Assembler  Version HGASM0202      Page 17

 257  0159  1300     R  	adc a,_main_2[2]
 257  015A  0080     R  	mov _main_2[10],a
 257  015B  0F00        	mov a,0
 257  015C  1300     R  	adc a,_main_2[3]
 257  015D  0080     R  	mov _main_2[11],a
 257  015E  0700     R  	mov a,_main_2[8]
 257  015F  0200     E  	sub a,rd
 257  0160  0700     R  	mov a,_main_2[9]
 257  0161  1200     E  	sbc a,re
 257  0162  0700     R  	mov a,_main_2[10]
 257  0163  1200     E  	sbc a,rf
 257  0164  0700     R  	mov a,_main_2[11]
 257  0165  1200     E  	sbc a,rg
 257  0166  380A        	snz c
 257  0167  2800     R  	jmp _L38
 257  0168  0FF1        	mov a,241
 257  0169  0300     R  	add a,_main_2[0]
 257  016A  0080     R  	mov _main_2[8],a
 257  016B  0FFF        	mov a,255
 257  016C  1300     R  	adc a,_main_2[1]
 257  016D  0080     R  	mov _main_2[9],a
 257  016E  0FFF        	mov a,255
 257  016F  1300     R  	adc a,_main_2[2]
 257  0170  0080     R  	mov _main_2[10],a
 257  0171  0FFF        	mov a,255
 257  0172  1300     R  	adc a,_main_2[3]
 257  0173  0080     R  	mov _main_2[11],a
 257  0174  0700     E  	mov a,rd
 257  0175  0200     R  	sub a,_main_2[8]
 257  0176  0700     E  	mov a,re
 257  0177  1200     R  	sbc a,_main_2[9]
 257  0178  0700     E  	mov a,rf
 257  0179  1200     R  	sbc a,_main_2[10]
 257  017A  0700     E  	mov a,rg
 257  017B  1200     R  	sbc a,_main_2[11]
 257  017C  3C0A        	sz c
 257  017D  2800     R  	jmp _L22
 257  017E              _L38:
 257  017E  0700     E  	mov a,rd
 257  017F  0080     R  	mov _main_2[0],a
 257  0180  0700     E  	mov a,re
 257  0181  0080     R  	mov _main_2[1],a
 257  0182  0700     E  	mov a,rf
 257  0183  0080     R  	mov _main_2[2],a
 257  0184  0700     E  	mov a,rg
 257  0185  0080     R  	mov _main_2[3],a
 257  0186              _L22:
 294  0186              #line 294 "E:\hamed\touch2\touch-key\prid2.c"
 294  0186  0F88        	mov a,136
 294  0187  0300     R  	add a,_main_2[28]
 294  0188  0080     E  	mov rd,a
 294  0189  0FFF        	mov a,255
 294  018A  1300     R  	adc a,_main_2[29]
 294  018B  0080     E  	mov re,a
 294  018C  0FFF        	mov a,255
 294  018D  1300     R  	adc a,_main_2[30]
 294  018E  0080     E  	mov rf,a
 294  018F  0FFF        	mov a,255
 294  0190  1300     R  	adc a,_main_2[31]
 294  0191  0080     E  	mov rg,a
"File: prid2.c       Assembler  Version HGASM0202      Page 18

 294  0192  0700     R  	mov a,_main_2[4]
 294  0193  0200     E  	sub a,rd
 294  0194  0700     R  	mov a,_main_2[5]
 294  0195  1200     E  	sbc a,re
 294  0196  0700     R  	mov a,_main_2[6]
 294  0197  1200     E  	sbc a,rf
 294  0198  0700     R  	mov a,_main_2[7]
 294  0199  1200     E  	sbc a,rg
 294  019A  3C0A        	sz c
 294  019B  2800     R  	jmp _L23
 296  019C              #line 296 "E:\hamed\touch2\touch-key\prid2.c"
 296  019C  0F01        	mov a,1
 296  019D  0300     R  	add a,_main_2[12]
 296  019E  0080     E  	mov rd,a
 296  019F  0F00        	mov a,0
 296  01A0  1300     R  	adc a,_main_2[13]
 296  01A1  0080     E  	mov re,a
 296  01A2  0F00        	mov a,0
 296  01A3  1300     R  	adc a,_main_2[14]
 296  01A4  0080     E  	mov rf,a
 296  01A5  0F00        	mov a,0
 296  01A6  1300     R  	adc a,_main_2[15]
 296  01A7  0080     E  	mov rg,a
 297  01A8              #line 297 "E:\hamed\touch2\touch-key\prid2.c"
 297  01A8  0F88        	mov a,136
 297  01A9  0200     E  	sub a,rd
 297  01AA  0F13        	mov a,19
 297  01AB  1200     E  	sbc a,re
 297  01AC  0F00        	mov a,0
 297  01AD  1200     E  	sbc a,rf
 297  01AE  0F00        	mov a,0
 297  01AF  1200     E  	sbc a,rg
 297  01B0  380A        	snz c
 297  01B1  2800     R  	jmp _L24
 297  01B2  0700     E  	mov a,rd
 297  01B3  0080     R  	mov _main_2[12],a
 297  01B4  0700     E  	mov a,re
 297  01B5  0080     R  	mov _main_2[13],a
 297  01B6  0700     E  	mov a,rf
 297  01B7  0080     R  	mov _main_2[14],a
 297  01B8  0700     E  	mov a,rg
 297  01B9  0080     R  	mov _main_2[15],a
 297  01BA  2800     R  	jmp _L27
 297  01BB              _L23:
 303  01BB              #line 303 "E:\hamed\touch2\touch-key\prid2.c"
 303  01BB  0FF6        	mov a,246
 303  01BC  0300     R  	add a,_main_2[28]
 303  01BD  0080     E  	mov rd,a
 303  01BE  0FFF        	mov a,255
 303  01BF  1300     R  	adc a,_main_2[29]
 303  01C0  0080     E  	mov re,a
 303  01C1  0FFF        	mov a,255
 303  01C2  1300     R  	adc a,_main_2[30]
 303  01C3  0080     E  	mov rf,a
 303  01C4  0FFF        	mov a,255
 303  01C5  1300     R  	adc a,_main_2[31]
 303  01C6  0080     E  	mov rg,a
 303  01C7  0700     E  	mov a,rd
 303  01C8  0200     R  	sub a,_main_2[4]
 303  01C9  0700     E  	mov a,re
"File: prid2.c       Assembler  Version HGASM0202      Page 19

 303  01CA  1200     R  	sbc a,_main_2[5]
 303  01CB  0700     E  	mov a,rf
 303  01CC  1200     R  	sbc a,_main_2[6]
 303  01CD  0700     E  	mov a,rg
 303  01CE  1200     R  	sbc a,_main_2[7]
 303  01CF  3C0A        	sz c
 303  01D0  2800     R  	jmp _L27
 306  01D1              #line 306 "E:\hamed\touch2\touch-key\prid2.c"
 306  01D1  0F01        	mov a,1
 306  01D2  0300     R  	add a,_main_2[20]
 306  01D3  0080     E  	mov rb,a
 306  01D4  0F00        	mov a,0
 306  01D5  1300     R  	adc a,_main_2[21]
 306  01D6  0080     E  	mov rc,a
 307  01D7              #line 307 "E:\hamed\touch2\touch-key\prid2.c"
 307  01D7  0F64        	mov a,100
 307  01D8  0200     E  	sub a,rb
 307  01D9  0F00        	mov a,0
 307  01DA  1200     E  	sbc a,rc
 307  01DB  1185        	swap acc
 307  01DC  040A        	xor a,status
 307  01DD  3D85        	sz acc.3
 307  01DE  2800     R  	jmp _L47
 307  01DF  0700     E  	mov a,rb
 307  01E0  0080     R  	mov _main_2[20],a
 307  01E1  0700     E  	mov a,rc
 307  01E2  0080     R  	mov _main_2[21],a
 307  01E3              _L27:
 315  01E3              #line 315 "E:\hamed\touch2\touch-key\prid2.c"
 315  01E3  0700     R  	mov a,_main_2[12]
 315  01E4  0C20        	xor a,32
 315  01E5  0700     R  	mov a,_main_2[13]
 315  01E6  3D0A        	sz z
 315  01E7  0C03        	xor a,3
 315  01E8  0700     R  	mov a,_main_2[14]
 315  01E9  3D0A        	sz z
 315  01EA  0C00        	xor a,0
 315  01EB  0700     R  	mov a,_main_2[15]
 315  01EC  3D0A        	sz z
 315  01ED  0C00        	xor a,0
 315  01EE  390A        	snz z
 315  01EF  2800     R  	jmp _L26
 318  01F0              #line 318 "E:\hamed\touch2\touch-key\prid2.c"
 318  01F0  0714        	mov a,[20]
 318  01F1  0E01        	and a,1
 318  01F2  0080     E  	mov ra,a
 318  01F3  0F01        	mov a,1
 318  01F4  0480     E  	xorm a,ra
 318  01F5  3414        	clr [20].0
 318  01F6  0700     E  	mov a,ra
 318  01F7  0594        	orm a,[20]
 318  01F8  2800     R  	jmp _L26
 318  01F9              _L47:
 311  01F9              #line 311 "E:\hamed\touch2\touch-key\prid2.c"
 311  01F9  1F00     R  	clr _main_2[20]
 311  01FA  1F00     R  	clr _main_2[21]
 310  01FB              #line 310 "E:\hamed\touch2\touch-key\prid2.c"
 310  01FB  0FE8        	mov a,232
 310  01FC  0200     E  	sub a,rb
 310  01FD  0F03        	mov a,3
"File: prid2.c       Assembler  Version HGASM0202      Page 20

 310  01FE  1200     E  	sbc a,rc
 310  01FF  1185        	swap acc
 310  0200  040A        	xor a,status
 310  0201  3D85        	sz acc.3
 310  0202  2800     R  	jmp _L24
 310  0203  0700     E  	mov a,rb
 310  0204  0080     R  	mov _main_2[20],a
 310  0205  0700     E  	mov a,rc
 310  0206  0080     R  	mov _main_2[21],a
 310  0207  2800     R  	jmp _L44
 310  0208              _L24:
 308  0208              #line 308 "E:\hamed\touch2\touch-key\prid2.c"
 308  0208  0700     R  	mov a,_main_2[4]
 308  0209  0080     R  	mov _main_2[28],a
 308  020A  0700     R  	mov a,_main_2[5]
 308  020B  0080     R  	mov _main_2[29],a
 308  020C  0700     R  	mov a,_main_2[6]
 308  020D  0080     R  	mov _main_2[30],a
 308  020E  0700     R  	mov a,_main_2[7]
 308  020F  0080     R  	mov _main_2[31],a
 308  0210              _L44:
 308  0210  1F00     R  	clr _main_2[12]
 308  0211  1F00     R  	clr _main_2[13]
 308  0212  1F00     R  	clr _main_2[14]
 308  0213  1F00     R  	clr _main_2[15]
 308  0214              _L26:
 324  0214              #line 324 "E:\hamed\touch2\touch-key\prid2.c"
 324  0214  0F88        	mov a,136
 324  0215  0300     R  	add a,_main_2[24]
 324  0216  0080     E  	mov rd,a
 324  0217  0FFF        	mov a,255
 324  0218  1300     R  	adc a,_main_2[25]
 324  0219  0080     E  	mov re,a
 324  021A  0FFF        	mov a,255
 324  021B  1300     R  	adc a,_main_2[26]
 324  021C  0080     E  	mov rf,a
 324  021D  0FFF        	mov a,255
 324  021E  1300     R  	adc a,_main_2[27]
 324  021F  0080     E  	mov rg,a
 324  0220  0700     R  	mov a,_main_2[0]
 324  0221  0200     E  	sub a,rd
 324  0222  0700     R  	mov a,_main_2[1]
 324  0223  1200     E  	sbc a,re
 324  0224  0700     R  	mov a,_main_2[2]
 324  0225  1200     E  	sbc a,rf
 324  0226  0700     R  	mov a,_main_2[3]
 324  0227  1200     E  	sbc a,rg
 324  0228  3C0A        	sz c
 324  0229  2800     R  	jmp _L28
 326  022A              #line 326 "E:\hamed\touch2\touch-key\prid2.c"
 326  022A  0F01        	mov a,1
 326  022B  0300     R  	add a,_main_2[16]
 326  022C  0080     E  	mov rd,a
 326  022D  0F00        	mov a,0
 326  022E  1300     R  	adc a,_main_2[17]
 326  022F  0080     E  	mov re,a
 326  0230  0F00        	mov a,0
 326  0231  1300     R  	adc a,_main_2[18]
 326  0232  0080     E  	mov rf,a
 326  0233  0F00        	mov a,0
"File: prid2.c       Assembler  Version HGASM0202      Page 21

 326  0234  1300     R  	adc a,_main_2[19]
 326  0235  0080     E  	mov rg,a
 327  0236              #line 327 "E:\hamed\touch2\touch-key\prid2.c"
 327  0236  0F88        	mov a,136
 327  0237  0200     E  	sub a,rd
 327  0238  0F13        	mov a,19
 327  0239  1200     E  	sbc a,re
 327  023A  0F00        	mov a,0
 327  023B  1200     E  	sbc a,rf
 327  023C  0F00        	mov a,0
 327  023D  1200     E  	sbc a,rg
 327  023E  380A        	snz c
 327  023F  2800     R  	jmp _L29
 327  0240  0700     E  	mov a,rd
 327  0241  0080     R  	mov _main_2[16],a
 327  0242  0700     E  	mov a,re
 327  0243  0080     R  	mov _main_2[17],a
 327  0244  0700     E  	mov a,rf
 327  0245  0080     R  	mov _main_2[18],a
 327  0246  0700     E  	mov a,rg
 327  0247  0080     R  	mov _main_2[19],a
 327  0248  2800     R  	jmp _L32
 327  0249              _L28:
 333  0249              #line 333 "E:\hamed\touch2\touch-key\prid2.c"
 333  0249  0FF6        	mov a,246
 333  024A  0300     R  	add a,_main_2[24]
 333  024B  0080     E  	mov rd,a
 333  024C  0FFF        	mov a,255
 333  024D  1300     R  	adc a,_main_2[25]
 333  024E  0080     E  	mov re,a
 333  024F  0FFF        	mov a,255
 333  0250  1300     R  	adc a,_main_2[26]
 333  0251  0080     E  	mov rf,a
 333  0252  0FFF        	mov a,255
 333  0253  1300     R  	adc a,_main_2[27]
 333  0254  0080     E  	mov rg,a
 333  0255  0700     E  	mov a,rd
 333  0256  0200     R  	sub a,_main_2[0]
 333  0257  0700     E  	mov a,re
 333  0258  1200     R  	sbc a,_main_2[1]
 333  0259  0700     E  	mov a,rf
 333  025A  1200     R  	sbc a,_main_2[2]
 333  025B  0700     E  	mov a,rg
 333  025C  1200     R  	sbc a,_main_2[3]
 333  025D  3C0A        	sz c
 333  025E  2800     R  	jmp _L32
 336  025F              #line 336 "E:\hamed\touch2\touch-key\prid2.c"
 336  025F  0F01        	mov a,1
 336  0260  0300     R  	add a,_main_2[22]
 336  0261  0080     E  	mov rb,a
 336  0262  0F00        	mov a,0
 336  0263  1300     R  	adc a,_main_2[23]
 336  0264  0080     E  	mov rc,a
 337  0265              #line 337 "E:\hamed\touch2\touch-key\prid2.c"
 337  0265  0F64        	mov a,100
 337  0266  0200     E  	sub a,rb
 337  0267  0F00        	mov a,0
 337  0268  1200     E  	sbc a,rc
 337  0269  1185        	swap acc
 337  026A  040A        	xor a,status
"File: prid2.c       Assembler  Version HGASM0202      Page 22

 337  026B  3D85        	sz acc.3
 337  026C  2800     R  	jmp _L48
 337  026D  0700     E  	mov a,rb
 337  026E  0080     R  	mov _main_2[22],a
 337  026F  0700     E  	mov a,rc
 337  0270  0080     R  	mov _main_2[23],a
 337  0271              _L32:
 345  0271              #line 345 "E:\hamed\touch2\touch-key\prid2.c"
 345  0271  0700     R  	mov a,_main_2[16]
 345  0272  0C20        	xor a,32
 345  0273  0700     R  	mov a,_main_2[17]
 345  0274  3D0A        	sz z
 345  0275  0C03        	xor a,3
 345  0276  0700     R  	mov a,_main_2[18]
 345  0277  3D0A        	sz z
 345  0278  0C00        	xor a,0
 345  0279  0700     R  	mov a,_main_2[19]
 345  027A  3D0A        	sz z
 345  027B  0C00        	xor a,0
 345  027C  390A        	snz z
 345  027D  2800     R  	jmp _L33
 348  027E              #line 348 "E:\hamed\touch2\touch-key\prid2.c"
 348  027E  1F00     E  	clr ra
 348  027F  3914        	snz [20].2
 348  0280  3000     E  	set ra.2
 348  0281  3514        	clr [20].2
 348  0282  0700     E  	mov a,ra
 348  0283  0594        	orm a,[20]
 348  0284  2800     R  	jmp _L33
 348  0285              _L48:
 341  0285              #line 341 "E:\hamed\touch2\touch-key\prid2.c"
 341  0285  1F00     R  	clr _main_2[22]
 341  0286  1F00     R  	clr _main_2[23]
 340  0287              #line 340 "E:\hamed\touch2\touch-key\prid2.c"
 340  0287  0FE8        	mov a,232
 340  0288  0200     E  	sub a,rb
 340  0289  0F03        	mov a,3
 340  028A  1200     E  	sbc a,rc
 340  028B  1185        	swap acc
 340  028C  040A        	xor a,status
 340  028D  3D85        	sz acc.3
 340  028E  2800     R  	jmp _L29
 340  028F  0700     E  	mov a,rb
 340  0290  0080     R  	mov _main_2[22],a
 340  0291  0700     E  	mov a,rc
 340  0292  0080     R  	mov _main_2[23],a
 340  0293  2800     R  	jmp _L43
 340  0294              _L29:
 338  0294              #line 338 "E:\hamed\touch2\touch-key\prid2.c"
 338  0294  0700     R  	mov a,_main_2[0]
 338  0295  0080     R  	mov _main_2[24],a
 338  0296  0700     R  	mov a,_main_2[1]
 338  0297  0080     R  	mov _main_2[25],a
 338  0298  0700     R  	mov a,_main_2[2]
 338  0299  0080     R  	mov _main_2[26],a
 338  029A  0700     R  	mov a,_main_2[3]
 338  029B  0080     R  	mov _main_2[27],a
 338  029C              _L43:
 338  029C  1F00     R  	clr _main_2[16]
 338  029D  1F00     R  	clr _main_2[17]
"File: prid2.c       Assembler  Version HGASM0202      Page 23

 338  029E  1F00     R  	clr _main_2[18]
 338  029F  1F00     R  	clr _main_2[19]
 338  02A0  2800     R  	jmp _L33
 338  02A1  2800     R  	jmp $
 338  02A2              _main endp
 338  02A2              
 338  02A2              @dummy endp
 338  02A2              
 338  02A2              #line 338 "E:\hamed\touch2\touch-key\prid2.c"
 338  02A2              #pragma debug scope 1 1
 338  02A2              public _counter
 338  0000              @HCCINIT	.section 'data'
  18  0000              #line 18 "E:\hamed\touch2\touch-key\prid2.c"
  18  0000              @HCCINIT .section 'data'
  18  0000              _counter label byte
  18  0000              #pragma debug variable 11 1 _counter "counter"
  18  0000              	db 0
  18  0000              @ROMDATA_BASE .section inpage 'code'
  18  0000              	db 0
  18  0001              @HCCINIT .section 'data'
  18  0001              	db 0
  18  0001              @ROMDATA_BASE .section inpage 'code'
  18  0001              	db 0
  18  0002              @HCCINIT .section 'data'
  18  0002              public _touchThreshold3
  12  0002              #line 12 "E:\hamed\touch2\touch-key\prid2.c"
  12  0002              @HCCINIT .section 'data'
  12  0002              _touchThreshold3 label byte
  12  0002              #pragma debug variable 14 1 _touchThreshold3 "touchThreshold3"
  12  0002              	db 0
  12  0001              @ROMDATA_BASE .section inpage 'code'
  12  0001              	db 0
  12  0003              @HCCINIT .section 'data'
  12  0003              	db 0
  12  0002              @ROMDATA_BASE .section inpage 'code'
  12  0002              	db 0
  12  0004              @HCCINIT .section 'data'
  12  0004              	db 0
  12  0002              @ROMDATA_BASE .section inpage 'code'
  12  0002              	db 0
  12  0005              @HCCINIT .section 'data'
  12  0005              	db 0
  12  0003              @ROMDATA_BASE .section inpage 'code'
  12  0003              	db 0
  12  0006              @HCCINIT .section 'data'
  12  0006              public _touchThreshold2
  12  0006              #line 12 "E:\hamed\touch2\touch-key\prid2.c"
  12  0006              @HCCINIT .section 'data'
  12  0006              _touchThreshold2 label byte
  12  0006              #pragma debug variable 14 1 _touchThreshold2 "touchThreshold2"
  12  0006              	db 0
  12  0003              @ROMDATA_BASE .section inpage 'code'
  12  0003              	db 0
  12  0007              @HCCINIT .section 'data'
  12  0007              	db 0
  12  0004              @ROMDATA_BASE .section inpage 'code'
  12  0004              	db 0
  12  0008              @HCCINIT .section 'data'
  12  0008              	db 0
  12  0004              @ROMDATA_BASE .section inpage 'code'
"File: prid2.c       Assembler  Version HGASM0202      Page 24

  12  0004              	db 0
  12  0009              @HCCINIT .section 'data'
  12  0009              	db 0
  12  0005              @ROMDATA_BASE .section inpage 'code'
  12  0005              	db 0
  12  000A              @HCCINIT .section 'data'
  12  000A              public _touchThreshold1
  12  000A              #line 12 "E:\hamed\touch2\touch-key\prid2.c"
  12  000A              @HCCINIT .section 'data'
  12  000A              _touchThreshold1 label byte
  12  000A              #pragma debug variable 14 1 _touchThreshold1 "touchThreshold1"
  12  000A              	db 0
  12  0005              @ROMDATA_BASE .section inpage 'code'
  12  0005              	db 0
  12  000B              @HCCINIT .section 'data'
  12  000B              	db 0
  12  0006              @ROMDATA_BASE .section inpage 'code'
  12  0006              	db 0
  12  000C              @HCCINIT .section 'data'
  12  000C              	db 0
  12  0006              @ROMDATA_BASE .section inpage 'code'
  12  0006              	db 0
  12  000D              @HCCINIT .section 'data'
  12  000D              	db 0
  12  0007              @ROMDATA_BASE .section inpage 'code'
  12  0007              	db 0
  12  000E              @HCCINIT .section 'data'
  12  000E              public _alltouch3
  11  000E              #line 11 "E:\hamed\touch2\touch-key\prid2.c"
  11  000E              @HCCINIT .section 'data'
  11  000E              _alltouch3 label byte
  11  000E              #pragma debug variable 14 1 _alltouch3 "alltouch3"
  11  000E              	db 0
  11  0007              @ROMDATA_BASE .section inpage 'code'
  11  0007              	db 0
  11  000F              @HCCINIT .section 'data'
  11  000F              	db 0
  11  0008              @ROMDATA_BASE .section inpage 'code'
  11  0008              	db 0
  11  0010              @HCCINIT .section 'data'
  11  0010              	db 0
  11  0008              @ROMDATA_BASE .section inpage 'code'
  11  0008              	db 0
  11  0011              @HCCINIT .section 'data'
  11  0011              	db 0
  11  0009              @ROMDATA_BASE .section inpage 'code'
  11  0009              	db 0
  11  0012              @HCCINIT .section 'data'
  11  0012              public _alltouch2
  11  0012              #line 11 "E:\hamed\touch2\touch-key\prid2.c"
  11  0012              @HCCINIT .section 'data'
  11  0012              _alltouch2 label byte
  11  0012              #pragma debug variable 14 1 _alltouch2 "alltouch2"
  11  0012              	db 0
  11  0009              @ROMDATA_BASE .section inpage 'code'
  11  0009              	db 0
  11  0013              @HCCINIT .section 'data'
  11  0013              	db 0
  11  000A              @ROMDATA_BASE .section inpage 'code'
  11  000A              	db 0
"File: prid2.c       Assembler  Version HGASM0202      Page 25

  11  0014              @HCCINIT .section 'data'
  11  0014              	db 0
  11  000A              @ROMDATA_BASE .section inpage 'code'
  11  000A              	db 0
  11  0015              @HCCINIT .section 'data'
  11  0015              	db 0
  11  000B              @ROMDATA_BASE .section inpage 'code'
  11  000B              	db 0
  11  0016              @HCCINIT .section 'data'
  11  0016              public _alltouch1
  11  0016              #line 11 "E:\hamed\touch2\touch-key\prid2.c"
  11  0016              @HCCINIT .section 'data'
  11  0016              _alltouch1 label byte
  11  0016              #pragma debug variable 14 1 _alltouch1 "alltouch1"
  11  0016              	db 0
  11  000B              @ROMDATA_BASE .section inpage 'code'
  11  000B              	db 0
  11  0017              @HCCINIT .section 'data'
  11  0017              	db 0
  11  000C              @ROMDATA_BASE .section inpage 'code'
  11  000C              	db 0
  11  0018              @HCCINIT .section 'data'
  11  0018              	db 0
  11  000C              @ROMDATA_BASE .section inpage 'code'
  11  000C              	db 0
  11  0019              @HCCINIT .section 'data'
  11  0019              	db 0
  11  000D              @ROMDATA_BASE .section inpage 'code'
  11  000D              	db 0
  11  001A              @HCCINIT .section 'data'
  10  001A              #line 10 "E:\hamed\touch2\touch-key\prid2.c"
  10  001A              public _touch2
  10  0000              @HCCINIT0 .section 'data'
  10  0000  0002[       _touch2	db 2 dup(0)
            00
            ]
  10  0002              #pragma debug variable 12 1 _touch2 "touch2"
  10  0002              
  10  001A              @HCCINIT .section 'data'
  10  001A              #line 10 "E:\hamed\touch2\touch-key\prid2.c"
  10  001A              public _touch1
  10  0002              @HCCINIT0 .section 'data'
  10  0002  0002[       _touch1	db 2 dup(0)
            00
            ]
  10  0004              #pragma debug variable 12 1 _touch1 "touch1"
  10  0004              
  10  001A              @HCCINIT .section 'data'
  10  001A              public _fingerCounter3
   8  001A              #line 8 "E:\hamed\touch2\touch-key\prid2.c"
   8  001A              @HCCINIT .section 'data'
   8  001A              _fingerCounter3 label byte
   8  001A              #pragma debug variable 14 1 _fingerCounter3 "fingerCounter3"
   8  001A              	db 0
   8  000D              @ROMDATA_BASE .section inpage 'code'
   8  000D              	db 0
   8  001B              @HCCINIT .section 'data'
   8  001B              	db 0
   8  000E              @ROMDATA_BASE .section inpage 'code'
   8  000E              	db 0
"File: prid2.c       Assembler  Version HGASM0202      Page 26

   8  001C              @HCCINIT .section 'data'
   8  001C              	db 0
   8  000E              @ROMDATA_BASE .section inpage 'code'
   8  000E              	db 0
   8  001D              @HCCINIT .section 'data'
   8  001D              	db 0
   8  000F              @ROMDATA_BASE .section inpage 'code'
   8  000F              	db 0
   8  001E              @HCCINIT .section 'data'
   8  001E              public _fingerCounter2
   8  001E              #line 8 "E:\hamed\touch2\touch-key\prid2.c"
   8  001E              @HCCINIT .section 'data'
   8  001E              _fingerCounter2 label byte
   8  001E              #pragma debug variable 14 1 _fingerCounter2 "fingerCounter2"
   8  001E              	db 0
   8  000F              @ROMDATA_BASE .section inpage 'code'
   8  000F              	db 0
   8  001F              @HCCINIT .section 'data'
   8  001F              	db 0
   8  0010              @ROMDATA_BASE .section inpage 'code'
   8  0010              	db 0
   8  0020              @HCCINIT .section 'data'
   8  0020              	db 0
   8  0010              @ROMDATA_BASE .section inpage 'code'
   8  0010              	db 0
   8  0021              @HCCINIT .section 'data'
   8  0021              	db 0
   8  0011              @ROMDATA_BASE .section inpage 'code'
   8  0011              	db 0
   8  0022              @HCCINIT .section 'data'
   8  0022              public _fingerCounter1
   8  0022              #line 8 "E:\hamed\touch2\touch-key\prid2.c"
   8  0022              @HCCINIT .section 'data'
   8  0022              _fingerCounter1 label byte
   8  0022              #pragma debug variable 14 1 _fingerCounter1 "fingerCounter1"
   8  0022              	db 0
   8  0011              @ROMDATA_BASE .section inpage 'code'
   8  0011              	db 0
   8  0023              @HCCINIT .section 'data'
   8  0023              	db 0
   8  0012              @ROMDATA_BASE .section inpage 'code'
   8  0012              	db 0
   8  0024              @HCCINIT .section 'data'
   8  0024              	db 0
   8  0012              @ROMDATA_BASE .section inpage 'code'
   8  0012              	db 0
   8  0025              @HCCINIT .section 'data'
   8  0025              	db 0
   8  0013              @ROMDATA_BASE .section inpage 'code'
   8  0013              	db 0
   8  0026              @HCCINIT .section 'data'
   7  0026              #line 7 "E:\hamed\touch2\touch-key\prid2.c"
   7  0026              public _f3
   7  0004              @HCCINIT0 .section 'data'
   7  0004  0002[       _f3	db 2 dup(0)
            00
            ]
   7  0006              #pragma debug variable 11 1 _f3 "f3"
   7  0006              
   7  0026              @HCCINIT .section 'data'
"File: prid2.c       Assembler  Version HGASM0202      Page 27

   7  0026              #line 7 "E:\hamed\touch2\touch-key\prid2.c"
   7  0026              public _f2
   7  0006              @HCCINIT0 .section 'data'
   7  0006  0002[       _f2	db 2 dup(0)
            00
            ]
   7  0008              #pragma debug variable 11 1 _f2 "f2"
   7  0008              
   7  0026              @HCCINIT .section 'data'
   7  0026              #line 7 "E:\hamed\touch2\touch-key\prid2.c"
   7  0026              public _f1
   7  0008              @HCCINIT0 .section 'data'
   7  0008  0002[       _f1	db 2 dup(0)
            00
            ]
   7  000A              #pragma debug variable 11 1 _f1 "f1"
   7  000A              
   7  0026              @HCCINIT .section 'data'
   7  0026              public _t
   5  0026              #line 5 "E:\hamed\touch2\touch-key\prid2.c"
   5  0026              @HCCINIT .section 'data'
   5  0026              _t label byte
   5  0026              #pragma debug variable 11 1 _t "t"
   5  0026              	dw 1
   5  0013              @ROMDATA_BASE .section inpage 'code'
   5  0013  0001        	dc 1
   5  0028              @HCCINIT .section 'data'
   5  0028              #line 5 "E:\hamed\touch2\touch-key\prid2.c"
   5  0028              public _n
   5  000A              @HCCINIT0 .section 'data'
   5  000A  0002[       _n	db 2 dup(0)
            00
            ]
   5  000C              #pragma debug variable 11 1 _n "n"
   5  000C              
   5  0028              @HCCINIT .section 'data'
   5  0028              #line 5 "E:\hamed\touch2\touch-key\prid2.c"
   5  0028              public _j
   5  000C              @HCCINIT0 .section 'data'
   5  000C  0002[       _j	db 2 dup(0)
            00
            ]
   5  000E              #pragma debug variable 11 1 _j "j"
   5  000E              
   5  0028              @HCCINIT .section 'data'
   5  0028              #line 5 "E:\hamed\touch2\touch-key\prid2.c"
   5  0028              public _i
   5  000E              @HCCINIT0 .section 'data'
   5  000E  0002[       _i	db 2 dup(0)
            00
            ]
   5  0010              #pragma debug variable 11 1 _i "i"
   5  0010              
   5  0028              @HCCINIT .section 'data'
   5  0028              #pragma debug struct_end
   5  0028              #pragma debug struct_end
   5  0028              #pragma debug union_end
   5  0028              #pragma debug union_end
   5  0028              #pragma debug variable 43 1 ___smod "__smod" 1
   5  0028              #pragma debug struct_end
"File: prid2.c       Assembler  Version HGASM0202      Page 28

   5  0028              #pragma debug struct_end
   5  0028              #pragma debug union_end
   5  0028              #pragma debug union_end
   5  0028              #pragma debug variable 45 1 ___intc0 "__intc0" 1
   5  0028              #pragma debug struct_end
   5  0028              #pragma debug struct_end
   5  0028              #pragma debug union_end
   5  0028              #pragma debug union_end
   5  0028              #pragma debug variable 47 1 ___pa "__pa" 1
   5  0028              #pragma debug struct_end
   5  0028              #pragma debug struct_end
   5  0028              #pragma debug union_end
   5  0028              #pragma debug union_end
   5  0028              #pragma debug variable 49 1 ___pac "__pac" 1
   5  0028              #pragma debug struct_end
   5  0028              #pragma debug struct_end
   5  0028              #pragma debug union_end
   5  0028              #pragma debug union_end
   5  0028              #pragma debug variable 51 1 ___tmrc "__tmrc" 1
   5  0028              #pragma debug variable 8 1 ___tktmr "__tktmr" 1
   5  0028              #pragma debug struct_end
   5  0028              #pragma debug struct_end
   5  0028              #pragma debug union_end
   5  0028              #pragma debug union_end
   5  0028              #pragma debug variable 53 1 ___tkc0 "__tkc0" 1
   5  0028              #pragma debug struct_end
   5  0028              #pragma debug struct_end
   5  0028              #pragma debug union_end
   5  0028              #pragma debug union_end
   5  0028              #pragma debug variable 55 1 ___tkc1 "__tkc1" 1
   5  0028              #pragma debug variable 8 1 ___tkm016dl "__tkm016dl" 1
   5  0028              #pragma debug variable 8 1 ___tkm016dh "__tkm016dh" 1
   5  0028              #pragma debug variable 8 1 ___tkm0rol "__tkm0rol" 1
   5  0028              #pragma debug variable 8 1 ___tkm0roh "__tkm0roh" 1
   5  0028              #pragma debug struct_end
   5  0028              #pragma debug struct_end
   5  0028              #pragma debug union_end
   5  0028              #pragma debug union_end
   5  0028              #pragma debug variable 57 1 ___tkm0c0 "__tkm0c0" 1
   5  0028              #pragma debug struct_end
   5  0028              #pragma debug struct_end
   5  0028              #pragma debug union_end
   5  0028              #pragma debug union_end
   5  0028              #pragma debug variable 59 1 ___tkm0c1 "__tkm0c1" 1
   5  0028              extern r1:byte
   5  0028              extern r2:byte
 163  0028              #line 163 "E:\hamed\touch2\touch-key\prid2.c"
 163  0000              @code .section at 0 'code'
 163  0000  2800     R  	jmp _main_startup1
 163  0001              
 163  0001              extern _builtin_holtek_udivmodsi4_2:byte
 163  0001              extern _builtin_holtek_udivmodsi4:near
 163  0001              
 163  0001              ; 
 163  0001              ; Generated by holtek-gcc v3.19, Wed Sep 20 13:53:58 2023
 163  0001              ; Rebuild 718
 163  0001              ; end of file


        0 Errors, 0