"File: prid2.c       Assembler  Version HGASM0202      Page 1


   1  0000              ; Generated by holtek-gcc v3.19, Mon Sep 25 14:07:26 2023
   2  0000              ; 
   3  0000              ; Configuration:
   4  0000              ;       without long instruction
   5  0000              ;       Single ROM, Multi-RAM
   6  0000              ;       bits_per_rom_unit:16
   7  0000              ;       with mp1
   8  0000              ;       with tbhp, address(0x9)
   9  0000              ;          Use tabrd-const
  10  0000              ;       
  11  0000              ;       
  12  0000              ;       
  13  0000              ; use 'tabrdc' instead of 'tabrd'
  14  0000              ;       
  15  0000              
  16  0000              #pragma translator "holtek-gcc 4.6.4" "3.19" "build 20130711"
  17  0000              ; Rebuild 718
  18  0000              
  19  0000              ir equ [2]
  20  0000              mp equ [3]
  21  0000              sbp equ [1]
  22  0000              acc equ [5]
  23  0000              bp equ [4]
  24  0000              tblp equ [7]
  25  0000              tbhp equ [9]
  26  0000              status equ [10]
  27  0000              c equ [10].0
  28  0000              ac equ [10].1
  29  0000              z equ [10].2
  30  0000              ov equ [10].3
  31  0000              intc equ [11]
  32  0000              
  33  0000              extern ra:byte
  34  0000              extern rb:byte
  35  0000              extern rc:byte
  36  0000              extern rd:byte
  37  0000              extern re:byte
  38  0000              extern rf:byte
  39  0000              extern rg:byte
  40  0000              extern rh:byte
  41  0000              extern _Crom2Prom:near
  42  0000              extern _Crom2PromNext:near
  43  0000              
  44  0000              RAMBANK 0 @HCCINIT, @HCCINIT0
  45  0000              
  46  0000              RAMBANK 0 @BITDATASEC, @BITDATASEC1
  47  0000              @HCCINIT	.section 'data'
  48  0000              @HCCINIT0	.section 'data'
  49  0000              @BITDATASEC	 .section 'data'
  50  0000              @BITDATASEC1	 .section 'data'
  51  0000              
  52  0000              #pragma debug scope 1 1
  53  0000              	extern __DELAY3:near
  54  0000              	extern __DELAYX3:near
  55  0000              	extern __DELAYX6:near
  56  0000              	extern __DELAYY5:near
  57  0000              	extern __DELAYY3:near
  58  0000              	extern _builtin_holtek_delay_2:byte
  59  0000              public _Delay
"File: prid2.ASM     Assembler  Version HGASM0202      Page 2

  60  0000              #pragma debug scope 2 1

  29  0000              #line 29 "E:\hamed\touch2\touch2 -int - rgb\prid2.c"
  29  0000              _Delay .section 'code'
  29  0000              _Delay proc
  29  0000              public _Delay_2
  29  0000  0008[           local _Delay_2 db 8 dup(?)	; 4,4
            00
            ]
  29  0008              #pragma debug variable 14 2 _Delay_2+0 "count"
  29  0008              #pragma debug variable 14 2 _Delay_2+4 "i"
  31  0008              #line 31 "E:\hamed\touch2\touch2 -int - rgb\prid2.c"
  31  0000  1F00     R  	clr _Delay_2[4]
  31  0001  1F00     R  	clr _Delay_2[5]
  31  0002  1F00     R  	clr _Delay_2[6]
  31  0003  1F00     R  	clr _Delay_2[7]
  31  0004  2800     R  	jmp _L2
  31  0005              _L3:
  34  0005              #line 34 "E:\hamed\touch2\touch2 -int - rgb\prid2.c"
  34  0005              ;# 34 "E:\hamed\touch2\touch2 -int - rgb\prid2.c" 1
  34  0005  0001        	clr wdt
  35  0006              #line 35 "E:\hamed\touch2\touch2 -int - rgb\prid2.c"
  35  0006              ;# 35 "E:\hamed\touch2\touch2 -int - rgb\prid2.c" 1
  35  0006  0000        	nop
  36  0007              #line 36 "E:\hamed\touch2\touch2 -int - rgb\prid2.c"
  36  0007              ;# 36 "E:\hamed\touch2\touch2 -int - rgb\prid2.c" 1
  36  0007  0000        	nop
  37  0008              #line 37 "E:\hamed\touch2\touch2 -int - rgb\prid2.c"
  37  0008              ;# 37 "E:\hamed\touch2\touch2 -int - rgb\prid2.c" 1
  37  0008  0000        	nop
  38  0009              #line 38 "E:\hamed\touch2\touch2 -int - rgb\prid2.c"
  38  0009              ;# 38 "E:\hamed\touch2\touch2 -int - rgb\prid2.c" 1
  38  0009  0000        	nop
  31  000A              #line 31 "E:\hamed\touch2\touch2 -int - rgb\prid2.c"
  31  000A  0F01        	mov a,1
  31  000B  0380     R  	addm a,_Delay_2[4]
  31  000C  0F00        	mov a,0
  31  000D  1380     R  	adcm a,_Delay_2[5]
  31  000E  1380     R  	adcm a,_Delay_2[6]
  31  000F  1380     R  	adcm a,_Delay_2[7]
  31  0010              _L2:
  31  0010  0700     R  	mov a,_Delay_2[4]
  31  0011  0200     R  	sub a,_Delay_2[0]
  31  0012  0700     R  	mov a,_Delay_2[5]
  31  0013  1200     R  	sbc a,_Delay_2[1]
  31  0014  0700     R  	mov a,_Delay_2[6]
  31  0015  1200     R  	sbc a,_Delay_2[2]
  31  0016  0700     R  	mov a,_Delay_2[7]
  31  0017  1200     R  	sbc a,_Delay_2[3]
  31  0018  380A        	snz c
  31  0019  2800     R  	jmp _L3
  31  001A  0003        	ret
  31  001B              _Delay endp
  31  001B              #line 31 "E:\hamed\touch2\touch2 -int - rgb\prid2.c"
  31  001B              #pragma debug scope 1 1
  31  001B              ___pa equ [20]
  31  001B              public _int0
  31  001B              #pragma debug scope 3 1
  47  001B              #line 47 "E:\hamed\touch2\touch2 -int - rgb\prid2.c"
  47  0000              @int0_code .section at 4 'code'
"File: prid2.c       Assembler  Version HGASM0202      Page 3

  47  0000  0080     E  	mov r1,a
  47  0001  070A        	mov a,status
  47  0002  0080     E  	mov r2,a
  47  0003  2800     R  	jmp _int0
  47  0004              #pragma debug scope 1 1
  47  0004              @dummy4 endp
  47  0004              #pragma debug scope 4 1
  47  0000              _int0 .section 'code'
  47  0000              _int0 proc
  47  0000  0704        	mov a,bp
  47  0001  0080     E  	mov r3,a
  47  0002  0703        	mov a,mp
  47  0003  0080     E  	mov r4,a
  47  0004  0701        	mov a,sbp
  47  0005  0080     E  	mov r5,a
  47  0006  0707        	mov a,tblp
  47  0007  0080     E  	mov r6,a
  47  0008  0709        	mov a,tbhp
  47  0009  0080     E  	mov r7,a
  48  000A              #line 48 "E:\hamed\touch2\touch2 -int - rgb\prid2.c"
  48  000A  1480     R  	inc _counterrgb[0]
  48  000B  3D0A        	sz z
  48  000C  1480     R  	inc _counterrgb[1]
  49  000D              #line 49 "E:\hamed\touch2\touch2 -int - rgb\prid2.c"
  49  000D  0FC8        	mov a,200
  49  000E  0200     R  	sub a,_counterrgb[0]
  49  000F  0F00        	mov a,0
  49  0010  1200     R  	sbc a,_counterrgb[1]
  49  0011  1185        	swap acc
  49  0012  040A        	xor a,status
  49  0013  3985        	snz acc.3
  49  0014  2800     R  	jmp _L6
  50  0015              #line 50 "E:\hamed\touch2\touch2 -int - rgb\prid2.c"
  50  0015  1F00     R  	clr _counterrgb[0]
  50  0016  1F00     R  	clr _counterrgb[1]
  51  0017              #line 51 "E:\hamed\touch2\touch2 -int - rgb\prid2.c"
  51  0017  1F00     R  	clr _rgbpals[0]
  51  0018  1F00     R  	clr _rgbpals[1]
  51  0019              _L6:
  53  0019              #line 53 "E:\hamed\touch2\touch2 -int - rgb\prid2.c"
  53  0019  0F04        	mov a,4
  53  001A  0200     R  	sub a,_rgbpals[0]
  53  001B  0F00        	mov a,0
  53  001C  1200     R  	sbc a,_rgbpals[1]
  53  001D  1185        	swap acc
  53  001E  040A        	xor a,status
  53  001F  3985        	snz acc.3
  53  0020  2800     R  	jmp _L7
  53  0021  3C00     R  	sz _rgb
  53  0022  2800     R  	jmp _L7
  54  0023              #line 54 "E:\hamed\touch2\touch2 -int - rgb\prid2.c"
  54  0023  3000     R  	set _rgb
  55  0024              #line 55 "E:\hamed\touch2\touch2 -int - rgb\prid2.c"
  55  0024  3214        	set [20].4
  56  0025              #line 56 "E:\hamed\touch2\touch2 -int - rgb\prid2.c"
  56  0025  3194        	set [20].3
  57  0026              #line 57 "E:\hamed\touch2\touch2 -int - rgb\prid2.c"
  57  0026  3114        	set [20].2
  58  0027              #line 58 "E:\hamed\touch2\touch2 -int - rgb\prid2.c"
  58  0027  0F20        	mov a,32
"File: prid2.c       Assembler  Version HGASM0202      Page 4

  58  0028  0080     R  	mov _Delay_2[0],a
  58  0029  0F4E        	mov a,78
  58  002A  0080     R  	mov _Delay_2[1],a
  58  002B  1F00     R  	clr _Delay_2[2]
  58  002C  1F00     R  	clr _Delay_2[3]
  58  002D  2000     R  	call _Delay
  58  002E              _L7:
  61  002E              #line 61 "E:\hamed\touch2\touch2 -int - rgb\prid2.c"
  61  002E  0700     R  	mov a,_counter[0]
  61  002F  0080     R  	mov _ncount[0],a
  61  0030  0700     R  	mov a,_counter[1]
  61  0031  0080     R  	mov _ncount[1],a
  63  0032              #line 63 "E:\hamed\touch2\touch2 -int - rgb\prid2.c"
  63  0032  1F00     R  	clr _counter[0]
  63  0033  1F00     R  	clr _counter[1]
  65  0034              #line 65 "E:\hamed\touch2\touch2 -int - rgb\prid2.c"
  65  0034  0700     R  	mov a,_m[0]
  65  0035  0C01        	xor a,1
  65  0036  0500     R  	or a,_m[1]
  65  0037  3D0A        	sz z
  65  0038  2800     R  	jmp _L8
  65  0039  3800     R  	snz _rgb
  65  003A  2800     R  	jmp _L9
  65  003B              _L8:
  65  003B  3800     R  	snz _q
  65  003C  2800     R  	jmp _L9
  67  003D              #line 67 "E:\hamed\touch2\touch2 -int - rgb\prid2.c"
  67  003D  0700     R  	mov a,_m[0]
  67  003E  0C01        	xor a,1
  67  003F  0500     R  	or a,_m[1]
  67  0040  390A        	snz z
  67  0041  2800     R  	jmp _L11
  67  0042  1480     R  	inc _m2[0]
  67  0043  3D0A        	sz z
  67  0044  1480     R  	inc _m2[1]
  67  0045              _L11:
  68  0045              #line 68 "E:\hamed\touch2\touch2 -int - rgb\prid2.c"
  68  0045  3800     R  	snz _rgb
  68  0046  2800     R  	jmp _L12
  68  0047  1480     R  	inc _rgb2[0]
  68  0048  3D0A        	sz z
  68  0049  1480     R  	inc _rgb2[1]
  68  004A              _L12:
  70  004A              #line 70 "E:\hamed\touch2\touch2 -int - rgb\prid2.c"
  70  004A  0F01        	mov a,1
  70  004B  0200     R  	sub a,_m2[0]
  70  004C  0F00        	mov a,0
  70  004D  1200     R  	sbc a,_m2[1]
  70  004E  1185        	swap acc
  70  004F  040A        	xor a,status
  70  0050  3D85        	sz acc.3
  70  0051  2800     R  	jmp _L13
  70  0052  0F06        	mov a,6
  70  0053  0200     R  	sub a,_rgb2[0]
  70  0054  0F00        	mov a,0
  70  0055  1200     R  	sbc a,_rgb2[1]
  70  0056  1185        	swap acc
  70  0057  040A        	xor a,status
  70  0058  3985        	snz acc.3
  70  0059  2800     R  	jmp _L9
"File: prid2.c       Assembler  Version HGASM0202      Page 5

  70  005A              _L13:
  72  005A              #line 72 "E:\hamed\touch2\touch2 -int - rgb\prid2.c"
  72  005A  1F00     R  	clr _m2[0]
  72  005B  1F00     R  	clr _m2[1]
  73  005C              #line 73 "E:\hamed\touch2\touch2 -int - rgb\prid2.c"
  73  005C  1F00     R  	clr _rgb2[0]
  73  005D  1F00     R  	clr _rgb2[1]
  75  005E              #line 75 "E:\hamed\touch2\touch2 -int - rgb\prid2.c"
  75  005E  0700     R  	mov a,_G[0]
  75  005F  0400     R  	xor a,_nsicl[0]
  75  0060  0700     R  	mov a,_G[1]
  75  0061  3D0A        	sz z
  75  0062  0400     R  	xor a,_nsicl[1]
  75  0063  390A        	snz z
  75  0064  2800     R  	jmp _L14
  76  0065              #line 76 "E:\hamed\touch2\touch2 -int - rgb\prid2.c"
  76  0065  0FFF        	mov a,255
  76  0066  0380     R  	addm a,_R[0]
  76  0067  0FFF        	mov a,255
  76  0068  1380     R  	adcm a,_R[1]
  77  0069              #line 77 "E:\hamed\touch2\touch2 -int - rgb\prid2.c"
  77  0069  0700     R  	mov a,_nsicl[0]
  77  006A  0200     R  	sub a,_R[0]
  77  006B  0080     E  	mov ra,a
  77  006C  0700     R  	mov a,_nsicl[1]
  77  006D  1200     R  	sbc a,_R[1]
  77  006E  0080     E  	mov rb,a
  77  006F  0700     E  	mov a,ra
  77  0070  0080     R  	mov _B[0],a
  77  0071  0700     E  	mov a,rb
  77  0072  0080     R  	mov _B[1],a
  77  0073              _L14:
  79  0073              #line 79 "E:\hamed\touch2\touch2 -int - rgb\prid2.c"
  79  0073  0700     R  	mov a,_R[0]
  79  0074  0400     R  	xor a,_nsicl[0]
  79  0075  0700     R  	mov a,_R[1]
  79  0076  3D0A        	sz z
  79  0077  0400     R  	xor a,_nsicl[1]
  79  0078  390A        	snz z
  79  0079  2800     R  	jmp _L15
  80  007A              #line 80 "E:\hamed\touch2\touch2 -int - rgb\prid2.c"
  80  007A  0FFF        	mov a,255
  80  007B  0380     R  	addm a,_B[0]
  80  007C  0FFF        	mov a,255
  80  007D  1380     R  	adcm a,_B[1]
  81  007E              #line 81 "E:\hamed\touch2\touch2 -int - rgb\prid2.c"
  81  007E  0700     R  	mov a,_nsicl[0]
  81  007F  0200     R  	sub a,_B[0]
  81  0080  0080     E  	mov ra,a
  81  0081  0700     R  	mov a,_nsicl[1]
  81  0082  1200     R  	sbc a,_B[1]
  81  0083  0080     E  	mov rb,a
  81  0084  0700     E  	mov a,ra
  81  0085  0080     R  	mov _G[0],a
  81  0086  0700     E  	mov a,rb
  81  0087  0080     R  	mov _G[1],a
  81  0088              _L15:
  83  0088              #line 83 "E:\hamed\touch2\touch2 -int - rgb\prid2.c"
  83  0088  0700     R  	mov a,_B[0]
  83  0089  0400     R  	xor a,_nsicl[0]
"File: prid2.c       Assembler  Version HGASM0202      Page 6

  83  008A  0700     R  	mov a,_B[1]
  83  008B  3D0A        	sz z
  83  008C  0400     R  	xor a,_nsicl[1]
  83  008D  390A        	snz z
  83  008E  2800     R  	jmp _L9
  84  008F              #line 84 "E:\hamed\touch2\touch2 -int - rgb\prid2.c"
  84  008F  0FFF        	mov a,255
  84  0090  0380     R  	addm a,_G[0]
  84  0091  0FFF        	mov a,255
  84  0092  1380     R  	adcm a,_G[1]
  85  0093              #line 85 "E:\hamed\touch2\touch2 -int - rgb\prid2.c"
  85  0093  0700     R  	mov a,_nsicl[0]
  85  0094  0200     R  	sub a,_G[0]
  85  0095  0080     E  	mov ra,a
  85  0096  0700     R  	mov a,_nsicl[1]
  85  0097  1200     R  	sbc a,_G[1]
  85  0098  0080     E  	mov rb,a
  85  0099  0700     E  	mov a,ra
  85  009A  0080     R  	mov _R[0],a
  85  009B  0700     E  	mov a,rb
  85  009C  0080     R  	mov _R[1],a
  85  009D              _L9:
  90  009D              #line 90 "E:\hamed\touch2\touch2 -int - rgb\prid2.c"
  90  009D  3800     R  	snz _q
  90  009E  2800     R  	jmp _L16
  92  009F              #line 92 "E:\hamed\touch2\touch2 -int - rgb\prid2.c"
  92  009F  0FFE        	mov a,254
  92  00A0  0380     R  	addm a,_counter3[0]
  92  00A1  0FFF        	mov a,255
  92  00A2  1380     R  	adcm a,_counter3[1]
  94  00A3              #line 94 "E:\hamed\touch2\touch2 -int - rgb\prid2.c"
  94  00A3  3800     R  	snz _counter3[1].7
  94  00A4  2800     R  	jmp _L17
  95  00A5              #line 95 "E:\hamed\touch2\touch2 -int - rgb\prid2.c"
  95  00A5  1F80     R  	set _counter3[0]
  95  00A6  1F80     R  	set _counter3[1]
  97  00A7              #line 97 "E:\hamed\touch2\touch2 -int - rgb\prid2.c"
  97  00A7  3C00     R  	sz _R[1].7
  97  00A8  2800     R  	jmp _LI1
  97  00A9  0700     R  	mov a,_R[0]
  97  00AA  0500     R  	or a,_R[1]
  97  00AB  390A        	snz z
  97  00AC  2800     R  	jmp _L18
  97  00AD              _LI1:
  98  00AD              #line 98 "E:\hamed\touch2\touch2 -int - rgb\prid2.c"
  98  00AD  3214        	set [20].4
  98  00AE  2800     R  	jmp _L19
  98  00AF              _L18:
  99  00AF              #line 99 "E:\hamed\touch2\touch2 -int - rgb\prid2.c"
  99  00AF  3614        	clr [20].4
  99  00B0              _L19:
 100  00B0              #line 100 "E:\hamed\touch2\touch2 -int - rgb\prid2.c"
 100  00B0  3C00     R  	sz _G[1].7
 100  00B1  2800     R  	jmp _LI2
 100  00B2  0700     R  	mov a,_G[0]
 100  00B3  0500     R  	or a,_G[1]
 100  00B4  390A        	snz z
 100  00B5  2800     R  	jmp _L20
 100  00B6              _LI2:
 101  00B6              #line 101 "E:\hamed\touch2\touch2 -int - rgb\prid2.c"
"File: prid2.c       Assembler  Version HGASM0202      Page 7

 101  00B6  3194        	set [20].3
 101  00B7  2800     R  	jmp _L21
 101  00B8              _L20:
 102  00B8              #line 102 "E:\hamed\touch2\touch2 -int - rgb\prid2.c"
 102  00B8  3594        	clr [20].3
 102  00B9              _L21:
 103  00B9              #line 103 "E:\hamed\touch2\touch2 -int - rgb\prid2.c"
 103  00B9  3C00     R  	sz _B[1].7
 103  00BA  2800     R  	jmp _LI3
 103  00BB  0700     R  	mov a,_B[0]
 103  00BC  0500     R  	or a,_B[1]
 103  00BD  390A        	snz z
 103  00BE  2800     R  	jmp _L29
 103  00BF              _LI3:
 104  00BF              #line 104 "E:\hamed\touch2\touch2 -int - rgb\prid2.c"
 104  00BF  3114        	set [20].2
 104  00C0  2800     R  	jmp _L16
 104  00C1              _L17:
 108  00C1              #line 108 "E:\hamed\touch2\touch2 -int - rgb\prid2.c"
 108  00C1  3614        	clr [20].4
 109  00C2              #line 109 "E:\hamed\touch2\touch2 -int - rgb\prid2.c"
 109  00C2  3594        	clr [20].3
 109  00C3              _L29:
 110  00C3              #line 110 "E:\hamed\touch2\touch2 -int - rgb\prid2.c"
 110  00C3  3514        	clr [20].2
 110  00C4              _L16:
 114  00C4              #line 114 "E:\hamed\touch2\touch2 -int - rgb\prid2.c"
 114  00C4  3C00     R  	sz _q
 114  00C5  2800     R  	jmp _L5
 115  00C6              #line 115 "E:\hamed\touch2\touch2 -int - rgb\prid2.c"
 115  00C6  3614        	clr [20].4
 116  00C7              #line 116 "E:\hamed\touch2\touch2 -int - rgb\prid2.c"
 116  00C7  3594        	clr [20].3
 117  00C8              #line 117 "E:\hamed\touch2\touch2 -int - rgb\prid2.c"
 117  00C8  3514        	clr [20].2
 118  00C9              #line 118 "E:\hamed\touch2\touch2 -int - rgb\prid2.c"
 118  00C9  0FA0        	mov a,160
 118  00CA  0200     R  	sub a,_counter2[0]
 118  00CB  0F00        	mov a,0
 118  00CC  1200     R  	sbc a,_counter2[1]
 118  00CD  1185        	swap acc
 118  00CE  040A        	xor a,status
 118  00CF  3D85        	sz acc.3
 118  00D0  2800     R  	jmp _L5
 118  00D1  0F04        	mov a,4
 118  00D2  0380     R  	addm a,_counter2[0]
 118  00D3  0F00        	mov a,0
 118  00D4  1380     R  	adcm a,_counter2[1]
 118  00D5              _L5:
 118  00D5  0700     E  	mov a,r2
 118  00D6  008A        	mov status,a
 118  00D7  0700     E  	mov a,r3
 118  00D8  0084        	mov bp,a
 118  00D9  0700     E  	mov a,r4
 118  00DA  0083        	mov mp,a
 118  00DB  0700     E  	mov a,r5
 118  00DC  0081        	mov sbp,a
 118  00DD  0700     E  	mov a,r6
 118  00DE  0087        	mov tblp,a
 118  00DF  0700     E  	mov a,r7
"File: prid2.c       Assembler  Version HGASM0202      Page 8

 118  00E0  0089        	mov tbhp,a
 118  00E1  1D05        	tabrdc acc
 118  00E2  0700     E  	mov a,r1
 118  00E3  0004        	reti
 118  00E4              _int0 endp
 118  00E4              
 118  00E4              #line 118 "E:\hamed\touch2\touch2 -int - rgb\prid2.c"
 118  00E4              #pragma debug scope 1 1
 118  00E4              public _timer
 118  00E4              #pragma debug scope 5 1
 127  00E4              #line 127 "E:\hamed\touch2\touch2 -int - rgb\prid2.c"
 127  0000              @timer_code .section at 12 'code'
 127  0000  0080     E  	mov r1,a
 127  0001  070A        	mov a,status
 127  0002  0080     E  	mov r2,a
 127  0003  2800     R  	jmp _timer
 127  0004              #pragma debug scope 1 1
 127  0004              @dummy12 endp
 127  0004              #pragma debug scope 6 1
 127  0000              _timer .section 'code'
 127  0000              _timer proc
 129  0000              #line 129 "E:\hamed\touch2\touch2 -int - rgb\prid2.c"
 129  0000  1480     R  	inc _counter[0]
 129  0001  3D0A        	sz z
 129  0002  1480     R  	inc _counter[1]
 132  0003              #line 132 "E:\hamed\touch2\touch2 -int - rgb\prid2.c"
 132  0003  3800     R  	snz _q
 132  0004  2800     R  	jmp _L31
 134  0005              #line 134 "E:\hamed\touch2\touch2 -int - rgb\prid2.c"
 134  0005  0700     R  	mov a,_counter[0]
 134  0006  0200     R  	sub a,_counter3[0]
 134  0007  0700     R  	mov a,_counter[1]
 134  0008  1200     R  	sbc a,_counter3[1]
 134  0009  1185        	swap acc
 134  000A  040A        	xor a,status
 134  000B  3D85        	sz acc.3
 134  000C  2800     R  	jmp _L32
 136  000D              #line 136 "E:\hamed\touch2\touch2 -int - rgb\prid2.c"
 136  000D  0700     R  	mov a,_counter[0]
 136  000E  0200     R  	sub a,_R[0]
 136  000F  0700     R  	mov a,_counter[1]
 136  0010  1200     R  	sbc a,_R[1]
 136  0011  1185        	swap acc
 136  0012  040A        	xor a,status
 136  0013  3D85        	sz acc.3
 136  0014  2800     R  	jmp _L33
 137  0015              #line 137 "E:\hamed\touch2\touch2 -int - rgb\prid2.c"
 137  0015  3214        	set [20].4
 137  0016  2800     R  	jmp _L34
 137  0017              _L33:
 138  0017              #line 138 "E:\hamed\touch2\touch2 -int - rgb\prid2.c"
 138  0017  3614        	clr [20].4
 138  0018              _L34:
 139  0018              #line 139 "E:\hamed\touch2\touch2 -int - rgb\prid2.c"
 139  0018  0700     R  	mov a,_counter[0]
 139  0019  0200     R  	sub a,_G[0]
 139  001A  0700     R  	mov a,_counter[1]
 139  001B  1200     R  	sbc a,_G[1]
 139  001C  1185        	swap acc
 139  001D  040A        	xor a,status
"File: prid2.c       Assembler  Version HGASM0202      Page 9

 139  001E  3D85        	sz acc.3
 139  001F  2800     R  	jmp _L35
 140  0020              #line 140 "E:\hamed\touch2\touch2 -int - rgb\prid2.c"
 140  0020  3194        	set [20].3
 140  0021  2800     R  	jmp _L36
 140  0022              _L35:
 141  0022              #line 141 "E:\hamed\touch2\touch2 -int - rgb\prid2.c"
 141  0022  3594        	clr [20].3
 141  0023              _L36:
 142  0023              #line 142 "E:\hamed\touch2\touch2 -int - rgb\prid2.c"
 142  0023  0700     R  	mov a,_counter[0]
 142  0024  0200     R  	sub a,_B[0]
 142  0025  0700     R  	mov a,_counter[1]
 142  0026  1200     R  	sbc a,_B[1]
 142  0027  1185        	swap acc
 142  0028  040A        	xor a,status
 142  0029  3D85        	sz acc.3
 142  002A  2800     R  	jmp _L37
 143  002B              #line 143 "E:\hamed\touch2\touch2 -int - rgb\prid2.c"
 143  002B  3114        	set [20].2
 143  002C  2800     R  	jmp _L32
 143  002D              _L37:
 144  002D              #line 144 "E:\hamed\touch2\touch2 -int - rgb\prid2.c"
 144  002D  3514        	clr [20].2
 144  002E              _L32:
 147  002E              #line 147 "E:\hamed\touch2\touch2 -int - rgb\prid2.c"
 147  002E  1F00     R  	clr _counter2[0]
 147  002F  1F00     R  	clr _counter2[1]
 147  0030              _L31:
 150  0030              #line 150 "E:\hamed\touch2\touch2 -int - rgb\prid2.c"
 150  0030  3C00     R  	sz _q
 150  0031  2800     R  	jmp _L30
 152  0032              #line 152 "E:\hamed\touch2\touch2 -int - rgb\prid2.c"
 152  0032  0700     R  	mov a,_counter[0]
 152  0033  0200     R  	sub a,_counter2[0]
 152  0034  0700     R  	mov a,_counter[1]
 152  0035  1200     R  	sbc a,_counter2[1]
 152  0036  1185        	swap acc
 152  0037  040A        	xor a,status
 152  0038  3D85        	sz acc.3
 152  0039  2800     R  	jmp _L39
 153  003A              #line 153 "E:\hamed\touch2\touch2 -int - rgb\prid2.c"
 153  003A  0700     R  	mov a,_counter[0]
 153  003B  0200     R  	sub a,_R[0]
 153  003C  0700     R  	mov a,_counter[1]
 153  003D  1200     R  	sbc a,_R[1]
 153  003E  1185        	swap acc
 153  003F  040A        	xor a,status
 153  0040  3D85        	sz acc.3
 153  0041  2800     R  	jmp _L40
 154  0042              #line 154 "E:\hamed\touch2\touch2 -int - rgb\prid2.c"
 154  0042  3214        	set [20].4
 154  0043  2800     R  	jmp _L41
 154  0044              _L40:
 155  0044              #line 155 "E:\hamed\touch2\touch2 -int - rgb\prid2.c"
 155  0044  3614        	clr [20].4
 155  0045              _L41:
 156  0045              #line 156 "E:\hamed\touch2\touch2 -int - rgb\prid2.c"
 156  0045  0700     R  	mov a,_counter[0]
 156  0046  0200     R  	sub a,_G[0]
"File: prid2.c       Assembler  Version HGASM0202      Page 10

 156  0047  0700     R  	mov a,_counter[1]
 156  0048  1200     R  	sbc a,_G[1]
 156  0049  1185        	swap acc
 156  004A  040A        	xor a,status
 156  004B  3D85        	sz acc.3
 156  004C  2800     R  	jmp _L42
 157  004D              #line 157 "E:\hamed\touch2\touch2 -int - rgb\prid2.c"
 157  004D  3194        	set [20].3
 157  004E  2800     R  	jmp _L43
 157  004F              _L42:
 158  004F              #line 158 "E:\hamed\touch2\touch2 -int - rgb\prid2.c"
 158  004F  3594        	clr [20].3
 158  0050              _L43:
 159  0050              #line 159 "E:\hamed\touch2\touch2 -int - rgb\prid2.c"
 159  0050  0700     R  	mov a,_counter[0]
 159  0051  0200     R  	sub a,_B[0]
 159  0052  0700     R  	mov a,_counter[1]
 159  0053  1200     R  	sbc a,_B[1]
 159  0054  1185        	swap acc
 159  0055  040A        	xor a,status
 159  0056  3D85        	sz acc.3
 159  0057  2800     R  	jmp _L44
 160  0058              #line 160 "E:\hamed\touch2\touch2 -int - rgb\prid2.c"
 160  0058  3114        	set [20].2
 160  0059  2800     R  	jmp _L39
 160  005A              _L44:
 161  005A              #line 161 "E:\hamed\touch2\touch2 -int - rgb\prid2.c"
 161  005A  3514        	clr [20].2
 161  005B              _L39:
 164  005B              #line 164 "E:\hamed\touch2\touch2 -int - rgb\prid2.c"
 164  005B  0700     R  	mov a,_ncount[0]
 164  005C  0080     R  	mov _counter3[0],a
 164  005D  0700     R  	mov a,_ncount[1]
 164  005E  0080     R  	mov _counter3[1],a
 164  005F              _L30:
 164  005F  0700     E  	mov a,r2
 164  0060  008A        	mov status,a
 164  0061  0700     E  	mov a,r1
 164  0062  0004        	reti
 164  0063              _timer endp
 164  0063              
 164  0063              #line 164 "E:\hamed\touch2\touch2 -int - rgb\prid2.c"
 164  0063              #pragma debug scope 1 1
 164  0063              ___integ equ [13]
 164  0063              ___intc0 equ [14]
 164  0063              ___tmrc equ [29]
 164  0063              ___smod equ [11]
 164  0063              ___pac equ [21]
 164  0063              ___tktmr equ [67]
 164  0063              ___tkc0 equ [68]
 164  0063              ___tkc1 equ [71]
 164  0063              ___tkm0rol equ [74]
 164  0063              ___tkm0roh equ [75]
 164  0063              ___tkm0c0 equ [76]
 164  0063              ___tkm0c1 equ [77]
 164  0063              public _init
 164  0063              #pragma debug scope 7 1
 177  0063              #line 177 "E:\hamed\touch2\touch2 -int - rgb\prid2.c"
 177  0000              _init .section 'code'
 177  0000              _init proc
"File: prid2.c       Assembler  Version HGASM0202      Page 11

 188  0000              #line 188 "E:\hamed\touch2\touch2 -int - rgb\prid2.c"
 188  0000  308D        	set [13].1
 189  0001              #line 189 "E:\hamed\touch2\touch2 -int - rgb\prid2.c"
 189  0001  300D        	set [13].0
 190  0002              #line 190 "E:\hamed\touch2\touch2 -int - rgb\prid2.c"
 190  0002  308E        	set [14].1
 199  0003              #line 199 "E:\hamed\touch2\touch2 -int - rgb\prid2.c"
 199  0003  369D        	clr [29].5
 200  0004              #line 200 "E:\hamed\touch2\touch2 -int - rgb\prid2.c"
 200  0004  321D        	set [29].4
 202  0005              #line 202 "E:\hamed\touch2\touch2 -int - rgb\prid2.c"
 202  0005  301D        	set [29].0
 203  0006              #line 203 "E:\hamed\touch2\touch2 -int - rgb\prid2.c"
 203  0006  349D        	clr [29].1
 204  0007              #line 204 "E:\hamed\touch2\touch2 -int - rgb\prid2.c"
 204  0007  351D        	clr [29].2
 207  0008              #line 207 "E:\hamed\touch2\touch2 -int - rgb\prid2.c"
 207  0008  300E        	set [14].0
 208  0009              #line 208 "E:\hamed\touch2\touch2 -int - rgb\prid2.c"
 208  0009  300B        	set [11].0
 210  000A              #line 210 "E:\hamed\touch2\touch2 -int - rgb\prid2.c"
 210  000A  330E        	set [14].6
 211  000B              #line 211 "E:\hamed\touch2\touch2 -int - rgb\prid2.c"
 211  000B  318E        	set [14].3
 217  000C              #line 217 "E:\hamed\touch2\touch2 -int - rgb\prid2.c"
 217  000C  0F01        	mov a,1
 217  000D  008B        	mov [11],a
 221  000E              #line 221 "E:\hamed\touch2\touch2 -int - rgb\prid2.c"
 221  000E  3615        	clr [21].4
 222  000F              #line 222 "E:\hamed\touch2\touch2 -int - rgb\prid2.c"
 222  000F  3595        	clr [21].3
 223  0010              #line 223 "E:\hamed\touch2\touch2 -int - rgb\prid2.c"
 223  0010  3515        	clr [21].2
 229  0011              #line 229 "E:\hamed\touch2\touch2 -int - rgb\prid2.c"
 229  0011  0F64        	mov a,100
 229  0012  00C3        	mov [67],a
 236  0013              #line 236 "E:\hamed\touch2\touch2 -int - rgb\prid2.c"
 236  0013  3044        	set [68].0
 237  0014              #line 237 "E:\hamed\touch2\touch2 -int - rgb\prid2.c"
 237  0014  30C4        	set [68].1
 244  0015              #line 244 "E:\hamed\touch2\touch2 -int - rgb\prid2.c"
 244  0015  3047        	set [71].0
 245  0016              #line 245 "E:\hamed\touch2\touch2 -int - rgb\prid2.c"
 245  0016  30C7        	set [71].1
 249  0017              #line 249 "E:\hamed\touch2\touch2 -int - rgb\prid2.c"
 249  0017  0FC8        	mov a,200
 249  0018  00CA        	mov [74],a
 250  0019              #line 250 "E:\hamed\touch2\touch2 -int - rgb\prid2.c"
 250  0019  1F4B        	clr [75]
 253  001A              #line 253 "E:\hamed\touch2\touch2 -int - rgb\prid2.c"
 253  001A  374C        	clr [76].6
 254  001B              #line 254 "E:\hamed\touch2\touch2 -int - rgb\prid2.c"
 254  001B  37CC        	clr [76].7
 259  001C              #line 259 "E:\hamed\touch2\touch2 -int - rgb\prid2.c"
 259  001C  36CC        	clr [76].5
 261  001D              #line 261 "E:\hamed\touch2\touch2 -int - rgb\prid2.c"
 261  001D  324C        	set [76].4
 265  001E              #line 265 "E:\hamed\touch2\touch2 -int - rgb\prid2.c"
 265  001E  31CC        	set [76].3
 270  001F              #line 270 "E:\hamed\touch2\touch2 -int - rgb\prid2.c"
"File: prid2.c       Assembler  Version HGASM0202      Page 12

 270  001F  314C        	set [76].2
 271  0020              #line 271 "E:\hamed\touch2\touch2 -int - rgb\prid2.c"
 271  0020  34CC        	clr [76].1
 272  0021              #line 272 "E:\hamed\touch2\touch2 -int - rgb\prid2.c"
 272  0021  344C        	clr [76].0
 275  0022              #line 275 "E:\hamed\touch2\touch2 -int - rgb\prid2.c"
 275  0022  37CD        	clr [77].7
 277  0023              #line 277 "E:\hamed\touch2\touch2 -int - rgb\prid2.c"
 277  0023  32CD        	set [77].5
 280  0024              #line 280 "E:\hamed\touch2\touch2 -int - rgb\prid2.c"
 280  0024  324D        	set [77].4
 284  0025              #line 284 "E:\hamed\touch2\touch2 -int - rgb\prid2.c"
 284  0025  304D        	set [77].0
 284  0026  0003        	ret
 284  0027              _init endp
 284  0027              #line 284 "E:\hamed\touch2\touch2 -int - rgb\prid2.c"
 284  0027              #pragma debug scope 1 1
 284  0027              ___tkm016dh equ [73]
 284  0027              ___tkm016dl equ [72]
 284  0027              public _main
 284  0027              #pragma debug scope 8 1
 296  0027              #line 296 "E:\hamed\touch2\touch2 -int - rgb\prid2.c"
 296  0027              IFDEF WITH_DEFAULT_STARTUP
 296  0027              extern _main_initial0:near
 296  0027              extern _main_startup:near
 296  0027              ENDIF
 296  0027              
 296  0027              ROMBANK 0 @start
 296  0000              @start .section com_l 'code'
 296  0000              _main_startup1:
 296  0000              @start .section com_e 'code'
 296  0000  2800     R  	jmp _main
 296  0001              
 296  0000              _main .section 'code'
 296  0000              _main proc
 296  0000  000A[           local _main_2 db 10 dup(?)
            00
            ]
 297  000A              #line 297 "E:\hamed\touch2\touch2 -int - rgb\prid2.c"
 297  0000  2000     R  	call _init
 298  0001              #line 298 "E:\hamed\touch2\touch2 -int - rgb\prid2.c"
 298  0001  0F10        	mov a,16
 298  0002  0080     R  	mov _Delay_2[0],a
 298  0003  0F27        	mov a,39
 298  0004  0080     R  	mov _Delay_2[1],a
 298  0005  1F00     R  	clr _Delay_2[2]
 298  0006  1F00     R  	clr _Delay_2[3]
 298  0007  2000     R  	call _Delay
 301  0008              #line 301 "E:\hamed\touch2\touch2 -int - rgb\prid2.c"
 301  0008  36C4        	clr [68].5
 302  0009              #line 302 "E:\hamed\touch2\touch2 -int - rgb\prid2.c"
 302  0009  1F00     R  	clr _i[0]
 302  000A  1F00     R  	clr _i[1]
 302  000B              _L47:
 302  000B              #line 302 "E:\hamed\touch2\touch2 -int - rgb\prid2.c"
 302  000B  0F13        	mov a,19
 302  000C  0200     R  	sub a,_i[0]
 302  000D  0F00        	mov a,0
 302  000E  1200     R  	sbc a,_i[1]
 302  000F  1185        	swap acc
"File: prid2.c       Assembler  Version HGASM0202      Page 13

 302  0010  040A        	xor a,status
 302  0011  3D85        	sz acc.3
 302  0012  2800     R  	jmp _L67
 304  0013              #line 304 "E:\hamed\touch2\touch2 -int - rgb\prid2.c"
 304  0013  32CD        	set [77].5
 305  0014              #line 305 "E:\hamed\touch2\touch2 -int - rgb\prid2.c"
 305  0014  324D        	set [77].4
 306  0015              #line 306 "E:\hamed\touch2\touch2 -int - rgb\prid2.c"
 306  0015  32C4        	set [68].5
 306  0016              _L49:
 308  0016              #line 308 "E:\hamed\touch2\touch2 -int - rgb\prid2.c"
 308  0016  3B44        	snz [68].6
 308  0017  2800     R  	jmp _L49
 310  0018              #line 310 "E:\hamed\touch2\touch2 -int - rgb\prid2.c"
 310  0018  0749        	mov a,[73]
 310  0019  0080     R  	mov _main_2[1],a
 310  001A  1F00     R  	clr _main_2[0]
 310  001B  0700     R  	mov a,_main_2[1]
 310  001C  0080     E  	mov rc,a
 310  001D  0748        	mov a,[72]
 310  001E  0500     R  	or a,_main_2[0]
 310  001F  0080     E  	mov rb,a
 310  0020  0700     E  	mov a,rb
 310  0021  0080     R  	mov _touch[0],a
 310  0022  0700     E  	mov a,rc
 310  0023  0080     R  	mov _touch[1],a
 311  0024              #line 311 "E:\hamed\touch2\touch2 -int - rgb\prid2.c"
 311  0024  0700     E  	mov a,rb
 311  0025  0380     R  	addm a,_touchThreshold[0]
 311  0026  0700     E  	mov a,rc
 311  0027  1380     R  	adcm a,_touchThreshold[1]
 311  0028  1F05        	clr acc
 311  0029  1380     R  	adcm a,_touchThreshold[2]
 311  002A  1380     R  	adcm a,_touchThreshold[3]
 313  002B              #line 313 "E:\hamed\touch2\touch2 -int - rgb\prid2.c"
 313  002B  3744        	clr [68].6
 314  002C              #line 314 "E:\hamed\touch2\touch2 -int - rgb\prid2.c"
 314  002C  36C4        	clr [68].5
 317  002D              #line 317 "E:\hamed\touch2\touch2 -int - rgb\prid2.c"
 317  002D  0FD0        	mov a,-48
 317  002E  0080     R  	mov _Delay_2[0],a
 317  002F  0F07        	mov a,7
 317  0030  0080     R  	mov _Delay_2[1],a
 317  0031  1F00     R  	clr _Delay_2[2]
 317  0032  1F00     R  	clr _Delay_2[3]
 317  0033  2000     R  	call _Delay
 302  0034              #line 302 "E:\hamed\touch2\touch2 -int - rgb\prid2.c"
 302  0034  1480     R  	inc _i[0]
 302  0035  3D0A        	sz z
 302  0036  1480     R  	inc _i[1]
 302  0037  2800     R  	jmp _L47
 302  0038              _L67:
 319  0038              #line 319 "E:\hamed\touch2\touch2 -int - rgb\prid2.c"
 319  0038  1F00     E  	clr _builtin_holtek_udivmodsi4_2[12]
 319  0039  0700     R  	mov a,_touchThreshold[0]  
 319  003A  0080     E  	mov _builtin_holtek_udivmodsi4_2[0],a  
 319  003B  0700     R  	mov a,_touchThreshold[1]  
 319  003C  0080     E  	mov _builtin_holtek_udivmodsi4_2[1],a
 319  003D  0700     R  	mov a,_touchThreshold[2]  
 319  003E  0080     E  	mov _builtin_holtek_udivmodsi4_2[2],a  
"File: prid2.c       Assembler  Version HGASM0202      Page 14

 319  003F  0700     R  	mov a,_touchThreshold[3]  
 319  0040  0080     E  	mov _builtin_holtek_udivmodsi4_2[3],a
 319  0041  0F14        	mov a,20  
 319  0042  0080     E  	mov _builtin_holtek_udivmodsi4_2[4],a  
 319  0043  0F00        	mov a,0  
 319  0044  0080     E  	mov _builtin_holtek_udivmodsi4_2[5],a
 319  0045  1F00     E  	clr _builtin_holtek_udivmodsi4_2[6]
 319  0046  1F00     E  	clr _builtin_holtek_udivmodsi4_2[7]
 319  0047  2000     E  	call _builtin_holtek_udivmodsi4
 319  0048  0700     E  	mov a,_builtin_holtek_udivmodsi4_2[0]  
 319  0049  0080     R  	mov _touchThreshold[0],a  
 319  004A  0700     E  	mov a,_builtin_holtek_udivmodsi4_2[1]  
 319  004B  0080     R  	mov _touchThreshold[1],a
 319  004C  0700     E  	mov a,_builtin_holtek_udivmodsi4_2[2]  
 319  004D  0080     R  	mov _touchThreshold[2],a  
 319  004E  0700     E  	mov a,_builtin_holtek_udivmodsi4_2[3]  
 319  004F  0080     R  	mov _touchThreshold[3],a
 323  0050              #line 323 "E:\hamed\touch2\touch2 -int - rgb\prid2.c"
 323  0050  32CD        	set [77].5
 324  0051              #line 324 "E:\hamed\touch2\touch2 -int - rgb\prid2.c"
 324  0051  324D        	set [77].4
 325  0052              #line 325 "E:\hamed\touch2\touch2 -int - rgb\prid2.c"
 325  0052  32C4        	set [68].5
 325  0053              _L51:
 328  0053              #line 328 "E:\hamed\touch2\touch2 -int - rgb\prid2.c"
 328  0053              ;# 328 "E:\hamed\touch2\touch2 -int - rgb\prid2.c" 1
 328  0053  0001        	clr wdt
 331  0054              #line 331 "E:\hamed\touch2\touch2 -int - rgb\prid2.c"
 331  0054  3B44        	snz [68].6
 331  0055  2800     R  	jmp _L52
 333  0056              #line 333 "E:\hamed\touch2\touch2 -int - rgb\prid2.c"
 333  0056  0749        	mov a,[73]
 333  0057  0080     R  	mov _main_2[9],a
 333  0058  1F00     R  	clr _main_2[8]
 333  0059  0700     R  	mov a,_main_2[9]
 333  005A  0080     R  	mov _touch[1],a
 333  005B  0748        	mov a,[72]
 333  005C  0500     R  	or a,_main_2[8]
 333  005D  0080     R  	mov _touch[0],a
 334  005E              #line 334 "E:\hamed\touch2\touch2 -int - rgb\prid2.c"
 334  005E  3744        	clr [68].6
 335  005F              #line 335 "E:\hamed\touch2\touch2 -int - rgb\prid2.c"
 335  005F  36C4        	clr [68].5
 337  0060              #line 337 "E:\hamed\touch2\touch2 -int - rgb\prid2.c"
 337  0060  32CD        	set [77].5
 338  0061              #line 338 "E:\hamed\touch2\touch2 -int - rgb\prid2.c"
 338  0061  324D        	set [77].4
 339  0062              #line 339 "E:\hamed\touch2\touch2 -int - rgb\prid2.c"
 339  0062  32C4        	set [68].5
 339  0063              _L52:
 344  0063              #line 344 "E:\hamed\touch2\touch2 -int - rgb\prid2.c"
 344  0063  0700     R  	mov a,_touch[0]
 344  0064  0080     E  	mov rd,a
 344  0065  0700     R  	mov a,_touch[1]
 344  0066  0080     E  	mov re,a
 344  0067  1F00     E  	clr rf
 344  0068  1F00     E  	clr rg
 344  0069  0700     R  	mov a,_alltouch[0]
 344  006A  0080     R  	mov _main_2[0],a
 344  006B  0700     R  	mov a,_alltouch[1]
"File: prid2.c       Assembler  Version HGASM0202      Page 15

 344  006C  0080     R  	mov _main_2[1],a
 344  006D  0700     R  	mov a,_alltouch[2]
 344  006E  0080     R  	mov _main_2[2],a
 344  006F  0700     R  	mov a,_alltouch[3]
 344  0070  0080     R  	mov _main_2[3],a
 344  0071  0F0F        	mov a,15
 344  0072  0300     R  	add a,_main_2[0]
 344  0073  0080     R  	mov _main_2[4],a
 344  0074  0F00        	mov a,0
 344  0075  1300     R  	adc a,_main_2[1]
 344  0076  0080     R  	mov _main_2[5],a
 344  0077  0F00        	mov a,0
 344  0078  1300     R  	adc a,_main_2[2]
 344  0079  0080     R  	mov _main_2[6],a
 344  007A  0F00        	mov a,0
 344  007B  1300     R  	adc a,_main_2[3]
 344  007C  0080     R  	mov _main_2[7],a
 344  007D  0700     R  	mov a,_main_2[4]
 344  007E  0200     E  	sub a,rd
 344  007F  0700     R  	mov a,_main_2[5]
 344  0080  1200     E  	sbc a,re
 344  0081  0700     R  	mov a,_main_2[6]
 344  0082  1200     E  	sbc a,rf
 344  0083  0700     R  	mov a,_main_2[7]
 344  0084  1200     E  	sbc a,rg
 344  0085  380A        	snz c
 344  0086  2800     R  	jmp _L53
 344  0087  0FF1        	mov a,241
 344  0088  0380     R  	addm a,_main_2[0]
 344  0089  0FFF        	mov a,255
 344  008A  1380     R  	adcm a,_main_2[1]
 344  008B  1380     R  	adcm a,_main_2[2]
 344  008C  1380     R  	adcm a,_main_2[3]
 344  008D  0700     E  	mov a,rd
 344  008E  0200     R  	sub a,_main_2[0]
 344  008F  0700     E  	mov a,re
 344  0090  1200     R  	sbc a,_main_2[1]
 344  0091  0700     E  	mov a,rf
 344  0092  1200     R  	sbc a,_main_2[2]
 344  0093  0700     E  	mov a,rg
 344  0094  1200     R  	sbc a,_main_2[3]
 344  0095  3C0A        	sz c
 344  0096  2800     R  	jmp _L54
 344  0097              _L53:
 344  0097  0700     E  	mov a,rd
 344  0098  0080     R  	mov _alltouch[0],a
 344  0099  0700     E  	mov a,re
 344  009A  0080     R  	mov _alltouch[1],a
 344  009B  0700     E  	mov a,rf
 344  009C  0080     R  	mov _alltouch[2],a
 344  009D  0700     E  	mov a,rg
 344  009E  0080     R  	mov _alltouch[3],a
 344  009F              _L54:
 348  009F              #line 348 "E:\hamed\touch2\touch2 -int - rgb\prid2.c"
 348  009F  0700     R  	mov a,_alltouch[0]
 348  00A0  0080     E  	mov rd,a
 348  00A1  0700     R  	mov a,_alltouch[1]
 348  00A2  0080     E  	mov re,a
 348  00A3  0700     R  	mov a,_alltouch[2]
 348  00A4  0080     E  	mov rf,a
"File: prid2.c       Assembler  Version HGASM0202      Page 16

 348  00A5  0700     R  	mov a,_alltouch[3]
 348  00A6  0080     E  	mov rg,a
 348  00A7  0700     R  	mov a,_touchThreshold[0]
 348  00A8  0080     R  	mov _main_2[0],a
 348  00A9  0700     R  	mov a,_touchThreshold[1]
 348  00AA  0080     R  	mov _main_2[1],a
 348  00AB  0700     R  	mov a,_touchThreshold[2]
 348  00AC  0080     R  	mov _main_2[2],a
 348  00AD  0700     R  	mov a,_touchThreshold[3]
 348  00AE  0080     R  	mov _main_2[3],a
 348  00AF  0FD8        	mov a,216
 348  00B0  0300     R  	add a,_main_2[0]
 348  00B1  0080     R  	mov _main_2[4],a
 348  00B2  0FFF        	mov a,255
 348  00B3  1300     R  	adc a,_main_2[1]
 348  00B4  0080     R  	mov _main_2[5],a
 348  00B5  0FFF        	mov a,255
 348  00B6  1300     R  	adc a,_main_2[2]
 348  00B7  0080     R  	mov _main_2[6],a
 348  00B8  0FFF        	mov a,255
 348  00B9  1300     R  	adc a,_main_2[3]
 348  00BA  0080     R  	mov _main_2[7],a
 348  00BB  0700     E  	mov a,rd
 348  00BC  0200     R  	sub a,_main_2[4]
 348  00BD  0700     E  	mov a,re
 348  00BE  1200     R  	sbc a,_main_2[5]
 348  00BF  0700     E  	mov a,rf
 348  00C0  1200     R  	sbc a,_main_2[6]
 348  00C1  0700     E  	mov a,rg
 348  00C2  1200     R  	sbc a,_main_2[7]
 348  00C3  3C0A        	sz c
 348  00C4  2800     R  	jmp _L55
 350  00C5              #line 350 "E:\hamed\touch2\touch2 -int - rgb\prid2.c"
 350  00C5  0F01        	mov a,1
 350  00C6  0300     R  	add a,_fingerCounter[0]
 350  00C7  0080     E  	mov rd,a
 350  00C8  0F00        	mov a,0
 350  00C9  1300     R  	adc a,_fingerCounter[1]
 350  00CA  0080     E  	mov re,a
 350  00CB  0F00        	mov a,0
 350  00CC  1300     R  	adc a,_fingerCounter[2]
 350  00CD  0080     E  	mov rf,a
 350  00CE  0F00        	mov a,0
 350  00CF  1300     R  	adc a,_fingerCounter[3]
 350  00D0  0080     E  	mov rg,a
 350  00D1  0700     E  	mov a,rd
 350  00D2  0080     R  	mov _fingerCounter[0],a
 350  00D3  0700     E  	mov a,re
 350  00D4  0080     R  	mov _fingerCounter[1],a
 350  00D5  0700     E  	mov a,rf
 350  00D6  0080     R  	mov _fingerCounter[2],a
 350  00D7  0700     E  	mov a,rg
 350  00D8  0080     R  	mov _fingerCounter[3],a
 353  00D9              #line 353 "E:\hamed\touch2\touch2 -int - rgb\prid2.c"
 353  00D9  0F98        	mov a,152
 353  00DA  0200     E  	sub a,rd
 353  00DB  0F3A        	mov a,58
 353  00DC  1200     E  	sbc a,re
 353  00DD  0F00        	mov a,0
 353  00DE  1200     E  	sbc a,rf
"File: prid2.c       Assembler  Version HGASM0202      Page 17

 353  00DF  0F00        	mov a,0
 353  00E0  1200     E  	sbc a,rg
 353  00E1  3C0A        	sz c
 353  00E2  2800     R  	jmp _L56
 353  00E3  3800     R  	snz _q
 353  00E4  2800     R  	jmp _L56
 353  00E5  0700     R  	mov a,_m[0]
 353  00E6  0500     R  	or a,_m[1]
 353  00E7  390A        	snz z
 353  00E8  2800     R  	jmp _L56
 354  00E9              #line 354 "E:\hamed\touch2\touch2 -int - rgb\prid2.c"
 354  00E9  0F01        	mov a,1
 354  00EA  0080     R  	mov _m[0],a
 354  00EB  1F00     R  	clr _m[1]
 355  00EC              #line 355 "E:\hamed\touch2\touch2 -int - rgb\prid2.c"
 355  00EC  3400     R  	clr _rgb
 356  00ED              #line 356 "E:\hamed\touch2\touch2 -int - rgb\prid2.c"
 356  00ED  0FE8        	mov a,-24
 356  00EE  0080     R  	mov _fingerCounter[0],a
 356  00EF  0F03        	mov a,3
 356  00F0  0080     R  	mov _fingerCounter[1],a
 356  00F1  1F00     R  	clr _fingerCounter[2]
 356  00F2  1F00     R  	clr _fingerCounter[3]
 357  00F3              #line 357 "E:\hamed\touch2\touch2 -int - rgb\prid2.c"
 357  00F3  3214        	set [20].4
 358  00F4              #line 358 "E:\hamed\touch2\touch2 -int - rgb\prid2.c"
 358  00F4  3194        	set [20].3
 359  00F5              #line 359 "E:\hamed\touch2\touch2 -int - rgb\prid2.c"
 359  00F5  3114        	set [20].2
 360  00F6              #line 360 "E:\hamed\touch2\touch2 -int - rgb\prid2.c"
 360  00F6  0F20        	mov a,32
 360  00F7  0080     R  	mov _Delay_2[0],a
 360  00F8  0F4E        	mov a,78
 360  00F9  0080     R  	mov _Delay_2[1],a
 360  00FA  1F00     R  	clr _Delay_2[2]
 360  00FB  1F00     R  	clr _Delay_2[3]
 360  00FC  2000     R  	call _Delay
 360  00FD              _L56:
 364  00FD              #line 364 "E:\hamed\touch2\touch2 -int - rgb\prid2.c"
 364  00FD  0F30        	mov a,48
 364  00FE  0200     R  	sub a,_fingerCounter[0]
 364  00FF  0F75        	mov a,117
 364  0100  1200     R  	sbc a,_fingerCounter[1]
 364  0101  0F00        	mov a,0
 364  0102  1200     R  	sbc a,_fingerCounter[2]
 364  0103  0F00        	mov a,0
 364  0104  1200     R  	sbc a,_fingerCounter[3]
 364  0105  3C0A        	sz c
 364  0106  2800     R  	jmp _L51
 364  0107  3C00     R  	sz _q
 364  0108  2800     R  	jmp _L51
 365  0109              #line 365 "E:\hamed\touch2\touch2 -int - rgb\prid2.c"
 365  0109  1F00     R  	clr _fingerCounter[0]
 365  010A  1F00     R  	clr _fingerCounter[1]
 365  010B  1F00     R  	clr _fingerCounter[2]
 365  010C  1F00     R  	clr _fingerCounter[3]
 366  010D              #line 366 "E:\hamed\touch2\touch2 -int - rgb\prid2.c"
 366  010D  0700     R  	mov a,_alltouch[0]
 366  010E  0080     R  	mov _touchThreshold[0],a
 366  010F  0700     R  	mov a,_alltouch[1]
"File: prid2.c       Assembler  Version HGASM0202      Page 18

 366  0110  0080     R  	mov _touchThreshold[1],a
 366  0111  0700     R  	mov a,_alltouch[2]
 366  0112  0080     R  	mov _touchThreshold[2],a
 366  0113  0700     R  	mov a,_alltouch[3]
 366  0114  0080     R  	mov _touchThreshold[3],a
 366  0115  2800     R  	jmp _L51
 366  0116              _L55:
 370  0116              #line 370 "E:\hamed\touch2\touch2 -int - rgb\prid2.c"
 370  0116  0FF6        	mov a,246
 370  0117  0380     R  	addm a,_main_2[0]
 370  0118  0FFF        	mov a,255
 370  0119  1380     R  	adcm a,_main_2[1]
 370  011A  1380     R  	adcm a,_main_2[2]
 370  011B  1380     R  	adcm a,_main_2[3]
 370  011C  0700     R  	mov a,_main_2[0]
 370  011D  0200     E  	sub a,rd
 370  011E  0700     R  	mov a,_main_2[1]
 370  011F  1200     E  	sbc a,re
 370  0120  0700     R  	mov a,_main_2[2]
 370  0121  1200     E  	sbc a,rf
 370  0122  0700     R  	mov a,_main_2[3]
 370  0123  1200     E  	sbc a,rg
 370  0124  3C0A        	sz c
 370  0125  2800     R  	jmp _L51
 374  0126              #line 374 "E:\hamed\touch2\touch2 -int - rgb\prid2.c"
 374  0126  0F44        	mov a,68
 374  0127  0300     R  	add a,_fingerCounter[0]
 374  0128  0080     R  	mov _main_2[0],a
 374  0129  0FFD        	mov a,253
 374  012A  1300     R  	adc a,_fingerCounter[1]
 374  012B  0080     R  	mov _main_2[1],a
 374  012C  0FFF        	mov a,255
 374  012D  1300     R  	adc a,_fingerCounter[2]
 374  012E  0080     R  	mov _main_2[2],a
 374  012F  0FFF        	mov a,255
 374  0130  1300     R  	adc a,_fingerCounter[3]
 374  0131  0080     R  	mov _main_2[3],a
 374  0132  0F88        	mov a,136
 374  0133  0200     R  	sub a,_main_2[0]
 374  0134  0F13        	mov a,19
 374  0135  1200     R  	sbc a,_main_2[1]
 374  0136  0F00        	mov a,0
 374  0137  1200     R  	sbc a,_main_2[2]
 374  0138  0F00        	mov a,0
 374  0139  1200     R  	sbc a,_main_2[3]
 374  013A  380A        	snz c
 374  013B  2800     R  	jmp _L59
 374  013C  0700     R  	mov a,_m[0]
 374  013D  0500     R  	or a,_m[1]
 374  013E  390A        	snz z
 374  013F  2800     R  	jmp _L59
 376  0140              #line 376 "E:\hamed\touch2\touch2 -int - rgb\prid2.c"
 376  0140  3C00     R  	sz _q
 376  0141  2800     R  	jmp _LI4
 376  0142  3000     R  	set _q
 376  0143  2800     R  	jmp _LI5
 376  0144              _LI4:
 376  0144  3400     R  	clr _q
 376  0145              _LI5:
 377  0145              #line 377 "E:\hamed\touch2\touch2 -int - rgb\prid2.c"
"File: prid2.c       Assembler  Version HGASM0202      Page 19

 377  0145  3800     R  	snz _q
 377  0146  2800     R  	jmp _L60
 377  0147  1480     R  	inc _rgbpals[0]
 377  0148  3D0A        	sz z
 377  0149  1480     R  	inc _rgbpals[1]
 377  014A              _L60:
 378  014A              #line 378 "E:\hamed\touch2\touch2 -int - rgb\prid2.c"
 378  014A  1F00     R  	clr _counterrgb[0]
 378  014B  1F00     R  	clr _counterrgb[1]
 378  014C              _L59:
 380  014C              #line 380 "E:\hamed\touch2\touch2 -int - rgb\prid2.c"
 380  014C  1F00     R  	clr _m[0]
 380  014D  1F00     R  	clr _m[1]
 382  014E              #line 382 "E:\hamed\touch2\touch2 -int - rgb\prid2.c"
 382  014E  0F01        	mov a,1
 382  014F  0300     R  	add a,_f[0]
 382  0150  0080     E  	mov rb,a
 382  0151  0F00        	mov a,0
 382  0152  1300     R  	adc a,_f[1]
 382  0153  0080     E  	mov rc,a
 382  0154  0700     E  	mov a,rb
 382  0155  0080     R  	mov _f[0],a
 382  0156  0700     E  	mov a,rc
 382  0157  0080     R  	mov _f[1],a
 383  0158              #line 383 "E:\hamed\touch2\touch2 -int - rgb\prid2.c"
 383  0158  0F64        	mov a,100
 383  0159  0200     E  	sub a,rb
 383  015A  0F00        	mov a,0
 383  015B  1200     E  	sbc a,rc
 383  015C  1185        	swap acc
 383  015D  040A        	xor a,status
 383  015E  3985        	snz acc.3
 383  015F  2800     R  	jmp _L51
 384  0160              #line 384 "E:\hamed\touch2\touch2 -int - rgb\prid2.c"
 384  0160  1F00     R  	clr _fingerCounter[0]
 384  0161  1F00     R  	clr _fingerCounter[1]
 384  0162  1F00     R  	clr _fingerCounter[2]
 384  0163  1F00     R  	clr _fingerCounter[3]
 386  0164              #line 386 "E:\hamed\touch2\touch2 -int - rgb\prid2.c"
 386  0164  0FE8        	mov a,232
 386  0165  0200     E  	sub a,rb
 386  0166  0F03        	mov a,3
 386  0167  1200     E  	sbc a,rc
 386  0168  1185        	swap acc
 386  0169  040A        	xor a,status
 386  016A  3985        	snz acc.3
 386  016B  2800     R  	jmp _L51
 387  016C              #line 387 "E:\hamed\touch2\touch2 -int - rgb\prid2.c"
 387  016C  1F00     R  	clr _f[0]
 387  016D  1F00     R  	clr _f[1]
 388  016E              #line 388 "E:\hamed\touch2\touch2 -int - rgb\prid2.c"
 388  016E  0700     E  	mov a,rd
 388  016F  0080     R  	mov _touchThreshold[0],a
 388  0170  0700     E  	mov a,re
 388  0171  0080     R  	mov _touchThreshold[1],a
 388  0172  0700     E  	mov a,rf
 388  0173  0080     R  	mov _touchThreshold[2],a
 388  0174  0700     E  	mov a,rg
 388  0175  0080     R  	mov _touchThreshold[3],a
 388  0176  2800     R  	jmp _L51
"File: prid2.c       Assembler  Version HGASM0202      Page 20

 388  0177  2800     R  	jmp $
 388  0178              _main endp
 388  0178              
 388  0178              @dummy endp
 388  0178              
 388  0178              #line 388 "E:\hamed\touch2\touch2 -int - rgb\prid2.c"
 388  0178              #pragma debug scope 1 1
 388  0178              public _rgb
 388  0000              @HCCINIT	.section 'data'
  21  0000              #line 21 "E:\hamed\touch2\touch2 -int - rgb\prid2.c"
  21  0000              @BITDATASEC .section 'data'
  21  0000  00          _rgb	dbit 0
  21  0001              #pragma debug variable 2 1 _rgb "rgb"
  21  0001              public _q
  21  0001              #line 21 "E:\hamed\touch2\touch2 -int - rgb\prid2.c"
  21  0001              @BITDATASEC .section 'data'
  21  0000              _q	dbit 0
  21  0001              #pragma debug variable 2 1 _q "q"
  21  0001              public _counter3
  20  0001              #line 20 "E:\hamed\touch2\touch2 -int - rgb\prid2.c"
  20  0000              @HCCINIT .section 'data'
  20  0000              _counter3 label byte
  20  0000              #pragma debug variable 11 1 _counter3 "counter3"
  20  0000              	db 0
  20  0000              @ROMDATA_BASE .section inpage 'code'
  20  0000              	db 0
  20  0001              @HCCINIT .section 'data'
  20  0001              	db 0
  20  0001              @ROMDATA_BASE .section inpage 'code'
  20  0001              	db 0
  20  0002              @HCCINIT .section 'data'
  20  0002              public _counter2
  19  0002              #line 19 "E:\hamed\touch2\touch2 -int - rgb\prid2.c"
  19  0002              @HCCINIT .section 'data'
  19  0002              _counter2 label byte
  19  0002              #pragma debug variable 11 1 _counter2 "counter2"
  19  0002              	db 0
  19  0001              @ROMDATA_BASE .section inpage 'code'
  19  0001              	db 0
  19  0003              @HCCINIT .section 'data'
  19  0003              	db 0
  19  0002              @ROMDATA_BASE .section inpage 'code'
  19  0002              	db 0
  19  0004              @HCCINIT .section 'data'
  19  0004              public _counter
  18  0004              #line 18 "E:\hamed\touch2\touch2 -int - rgb\prid2.c"
  18  0004              @HCCINIT .section 'data'
  18  0004              _counter label byte
  18  0004              #pragma debug variable 11 1 _counter "counter"
  18  0004              	db 0
  18  0002              @ROMDATA_BASE .section inpage 'code'
  18  0002              	db 0
  18  0005              @HCCINIT .section 'data'
  18  0005              	db 0
  18  0003              @ROMDATA_BASE .section inpage 'code'
  18  0003              	db 0
  18  0006              @HCCINIT .section 'data'
  18  0006              public _ncount
  17  0006              #line 17 "E:\hamed\touch2\touch2 -int - rgb\prid2.c"
  17  0006              @HCCINIT .section 'data'
"File: prid2.c       Assembler  Version HGASM0202      Page 21

  17  0006              _ncount label byte
  17  0006              #pragma debug variable 11 1 _ncount "ncount"
  17  0006              	db 0
  17  0003              @ROMDATA_BASE .section inpage 'code'
  17  0003              	db 0
  17  0007              @HCCINIT .section 'data'
  17  0007              	db 0
  17  0004              @ROMDATA_BASE .section inpage 'code'
  17  0004              	db 0
  17  0008              @HCCINIT .section 'data'
  17  0008              public _counterrgb
  16  0008              #line 16 "E:\hamed\touch2\touch2 -int - rgb\prid2.c"
  16  0008              @HCCINIT .section 'data'
  16  0008              _counterrgb label byte
  16  0008              #pragma debug variable 11 1 _counterrgb "counterrgb"
  16  0008              	db 0
  16  0004              @ROMDATA_BASE .section inpage 'code'
  16  0004              	db 0
  16  0009              @HCCINIT .section 'data'
  16  0009              	db 0
  16  0005              @ROMDATA_BASE .section inpage 'code'
  16  0005              	db 0
  16  000A              @HCCINIT .section 'data'
  16  000A              public _rgbpals
  16  000A              #line 16 "E:\hamed\touch2\touch2 -int - rgb\prid2.c"
  16  000A              @HCCINIT .section 'data'
  16  000A              _rgbpals label byte
  16  000A              #pragma debug variable 11 1 _rgbpals "rgbpals"
  16  000A              	db 0
  16  0005              @ROMDATA_BASE .section inpage 'code'
  16  0005              	db 0
  16  000B              @HCCINIT .section 'data'
  16  000B              	db 0
  16  0006              @ROMDATA_BASE .section inpage 'code'
  16  0006              	db 0
  16  000C              @HCCINIT .section 'data'
  16  000C              public _rgb2
  16  000C              #line 16 "E:\hamed\touch2\touch2 -int - rgb\prid2.c"
  16  000C              @HCCINIT .section 'data'
  16  000C              _rgb2 label byte
  16  000C              #pragma debug variable 11 1 _rgb2 "rgb2"
  16  000C              	db 0
  16  0006              @ROMDATA_BASE .section inpage 'code'
  16  0006              	db 0
  16  000D              @HCCINIT .section 'data'
  16  000D              	db 0
  16  0007              @ROMDATA_BASE .section inpage 'code'
  16  0007              	db 0
  16  000E              @HCCINIT .section 'data'
  16  000E              public _m2
  16  000E              #line 16 "E:\hamed\touch2\touch2 -int - rgb\prid2.c"
  16  000E              @HCCINIT .section 'data'
  16  000E              _m2 label byte
  16  000E              #pragma debug variable 11 1 _m2 "m2"
  16  000E              	db 0
  16  0007              @ROMDATA_BASE .section inpage 'code'
  16  0007              	db 0
  16  000F              @HCCINIT .section 'data'
  16  000F              	db 0
  16  0008              @ROMDATA_BASE .section inpage 'code'
"File: prid2.c       Assembler  Version HGASM0202      Page 22

  16  0008              	db 0
  16  0010              @HCCINIT .section 'data'
  16  0010              public _m
  16  0010              #line 16 "E:\hamed\touch2\touch2 -int - rgb\prid2.c"
  16  0010              @HCCINIT .section 'data'
  16  0010              _m label byte
  16  0010              #pragma debug variable 11 1 _m "m"
  16  0010              	db 0
  16  0008              @ROMDATA_BASE .section inpage 'code'
  16  0008              	db 0
  16  0011              @HCCINIT .section 'data'
  16  0011              	db 0
  16  0009              @ROMDATA_BASE .section inpage 'code'
  16  0009              	db 0
  16  0012              @HCCINIT .section 'data'
  16  0012              public _B
  16  0012              #line 16 "E:\hamed\touch2\touch2 -int - rgb\prid2.c"
  16  0012              @HCCINIT .section 'data'
  16  0012              _B label byte
  16  0012              #pragma debug variable 11 1 _B "B"
  16  0012              	dw 160
  16  0009              @ROMDATA_BASE .section inpage 'code'
  16  0009  00A0        	dc 160
  16  0014              @HCCINIT .section 'data'
  16  0014              public _G
  16  0014              #line 16 "E:\hamed\touch2\touch2 -int - rgb\prid2.c"
  16  0014              @HCCINIT .section 'data'
  16  0014              _G label byte
  16  0014              #pragma debug variable 11 1 _G "G"
  16  0014              	db 0
  16  000A              @ROMDATA_BASE .section inpage 'code'
  16  000A              	db 0
  16  0015              @HCCINIT .section 'data'
  16  0015              	db 0
  16  000B              @ROMDATA_BASE .section inpage 'code'
  16  000B              	db 0
  16  0016              @HCCINIT .section 'data'
  16  0016              public _R
  16  0016              #line 16 "E:\hamed\touch2\touch2 -int - rgb\prid2.c"
  16  0016              @HCCINIT .section 'data'
  16  0016              _R label byte
  16  0016              #pragma debug variable 11 1 _R "R"
  16  0016              	dw 160
  16  000B              @ROMDATA_BASE .section inpage 'code'
  16  000B  00A0        	dc 160
  16  0018              @HCCINIT .section 'data'
  16  0018              public _nsicl
  14  0018              #line 14 "E:\hamed\touch2\touch2 -int - rgb\prid2.c"
  14  0018              @HCCINIT .section 'data'
  14  0018              _nsicl label byte
  14  0018              #pragma debug variable 11 1 _nsicl "nsicl"
  14  0018              	dw 160
  14  000C              @ROMDATA_BASE .section inpage 'code'
  14  000C  00A0        	dc 160
  14  001A              @HCCINIT .section 'data'
  14  001A              public _alltouch
  12  001A              #line 12 "E:\hamed\touch2\touch2 -int - rgb\prid2.c"
  12  001A              @HCCINIT .section 'data'
  12  001A              _alltouch label byte
  12  001A              #pragma debug variable 14 1 _alltouch "alltouch"
"File: prid2.c       Assembler  Version HGASM0202      Page 23

  12  001A              	db 0
  12  000D              @ROMDATA_BASE .section inpage 'code'
  12  000D              	db 0
  12  001B              @HCCINIT .section 'data'
  12  001B              	db 0
  12  000E              @ROMDATA_BASE .section inpage 'code'
  12  000E              	db 0
  12  001C              @HCCINIT .section 'data'
  12  001C              	db 0
  12  000E              @ROMDATA_BASE .section inpage 'code'
  12  000E              	db 0
  12  001D              @HCCINIT .section 'data'
  12  001D              	db 0
  12  000F              @ROMDATA_BASE .section inpage 'code'
  12  000F              	db 0
  12  001E              @HCCINIT .section 'data'
  11  001E              #line 11 "E:\hamed\touch2\touch2 -int - rgb\prid2.c"
  11  001E              public _touch
  11  0000              @HCCINIT0 .section 'data'
  11  0000  0002[       _touch	db 2 dup(0)
            00
            ]
  11  0002              #pragma debug variable 12 1 _touch "touch"
  11  0002              
  11  001E              @HCCINIT .section 'data'
  11  001E              public _isInDoor
  10  001E              #line 10 "E:\hamed\touch2\touch2 -int - rgb\prid2.c"
  10  001E              @HCCINIT .section 'data'
  10  001E              _isInDoor label byte
  10  001E              #pragma debug variable 8 1 _isInDoor "isInDoor"
  10  001E              	db 0
  10  000F              @ROMDATA_BASE .section inpage 'code'
  10  000F              	db 0
  10  001F              @HCCINIT .section 'data'
  10  001F              public _fingerCounter
   9  001F              #line 9 "E:\hamed\touch2\touch2 -int - rgb\prid2.c"
   9  001F              @HCCINIT .section 'data'
   9  001F              _fingerCounter label byte
   9  001F              #pragma debug variable 14 1 _fingerCounter "fingerCounter"
   9  001F              	db 0
   9  0010              @ROMDATA_BASE .section inpage 'code'
   9  0010              	db 0
   9  0020              @HCCINIT .section 'data'
   9  0020              	db 0
   9  0010              @ROMDATA_BASE .section inpage 'code'
   9  0010              	db 0
   9  0021              @HCCINIT .section 'data'
   9  0021              	db 0
   9  0011              @ROMDATA_BASE .section inpage 'code'
   9  0011              	db 0
   9  0022              @HCCINIT .section 'data'
   9  0022              	db 0
   9  0011              @ROMDATA_BASE .section inpage 'code'
   9  0011              	db 0
   9  0023              @HCCINIT .section 'data'
   8  0023              #line 8 "E:\hamed\touch2\touch2 -int - rgb\prid2.c"
   8  0023              public _f
   8  0002              @HCCINIT0 .section 'data'
   8  0002  0002[       _f	db 2 dup(0)
            00
"File: prid2.c       Assembler  Version HGASM0202      Page 24

            ]
   8  0004              #pragma debug variable 11 1 _f "f"
   8  0004              
   8  0023              @HCCINIT .section 'data'
   6  0023              #line 6 "E:\hamed\touch2\touch2 -int - rgb\prid2.c"
   6  0023              public _t
   6  0004              @HCCINIT0 .section 'data'
   6  0004  0002[       _t	db 2 dup(0)
            00
            ]
   6  0006              #pragma debug variable 11 1 _t "t"
   6  0006              
   6  0023              @HCCINIT .section 'data'
   6  0023              #line 6 "E:\hamed\touch2\touch2 -int - rgb\prid2.c"
   6  0023              public _n
   6  0006              @HCCINIT0 .section 'data'
   6  0006  0002[       _n	db 2 dup(0)
            00
            ]
   6  0008              #pragma debug variable 11 1 _n "n"
   6  0008              
   6  0023              @HCCINIT .section 'data'
   6  0023              #line 6 "E:\hamed\touch2\touch2 -int - rgb\prid2.c"
   6  0023              public _j
   6  0008              @HCCINIT0 .section 'data'
   6  0008  0002[       _j	db 2 dup(0)
            00
            ]
   6  000A              #pragma debug variable 11 1 _j "j"
   6  000A              
   6  0023              @HCCINIT .section 'data'
   6  0023              #line 6 "E:\hamed\touch2\touch2 -int - rgb\prid2.c"
   6  0023              public _i
   6  000A              @HCCINIT0 .section 'data'
   6  000A  0002[       _i	db 2 dup(0)
            00
            ]
   6  000C              #pragma debug variable 11 1 _i "i"
   6  000C              
   6  0023              @HCCINIT .section 'data'
   6  0023              public _touchThreshold
   5  0023              #line 5 "E:\hamed\touch2\touch2 -int - rgb\prid2.c"
   5  0023              @HCCINIT .section 'data'
   5  0023              _touchThreshold label byte
   5  0023              #pragma debug variable 14 1 _touchThreshold "touchThreshold"
   5  0023              	db 0
   5  0012              @ROMDATA_BASE .section inpage 'code'
   5  0012              	db 0
   5  0024              @HCCINIT .section 'data'
   5  0024              	db 0
   5  0012              @ROMDATA_BASE .section inpage 'code'
   5  0012              	db 0
   5  0025              @HCCINIT .section 'data'
   5  0025              	db 0
   5  0013              @ROMDATA_BASE .section inpage 'code'
   5  0013              	db 0
   5  0026              @HCCINIT .section 'data'
   5  0026              	db 0
   5  0013              @ROMDATA_BASE .section inpage 'code'
   5  0013              	db 0
"File: prid2.c       Assembler  Version HGASM0202      Page 25

   5  0027              @HCCINIT .section 'data'
   5  0027              #pragma debug struct_end
   5  0027              #pragma debug struct_end
   5  0027              #pragma debug union_end
   5  0027              #pragma debug union_end
   5  0027              #pragma debug variable 43 1 ___smod "__smod" 1
   5  0027              #pragma debug struct_end
   5  0027              #pragma debug struct_end
   5  0027              #pragma debug union_end
   5  0027              #pragma debug union_end
   5  0027              #pragma debug variable 45 1 ___integ "__integ" 1
   5  0027              #pragma debug struct_end
   5  0027              #pragma debug struct_end
   5  0027              #pragma debug union_end
   5  0027              #pragma debug union_end
   5  0027              #pragma debug variable 47 1 ___intc0 "__intc0" 1
   5  0027              #pragma debug struct_end
   5  0027              #pragma debug struct_end
   5  0027              #pragma debug union_end
   5  0027              #pragma debug union_end
   5  0027              #pragma debug variable 49 1 ___pa "__pa" 1
   5  0027              #pragma debug struct_end
   5  0027              #pragma debug struct_end
   5  0027              #pragma debug union_end
   5  0027              #pragma debug union_end
   5  0027              #pragma debug variable 51 1 ___pac "__pac" 1
   5  0027              #pragma debug struct_end
   5  0027              #pragma debug struct_end
   5  0027              #pragma debug union_end
   5  0027              #pragma debug union_end
   5  0027              #pragma debug variable 53 1 ___tmrc "__tmrc" 1
   5  0027              #pragma debug variable 8 1 ___tktmr "__tktmr" 1
   5  0027              #pragma debug struct_end
   5  0027              #pragma debug struct_end
   5  0027              #pragma debug union_end
   5  0027              #pragma debug union_end
   5  0027              #pragma debug variable 55 1 ___tkc0 "__tkc0" 1
   5  0027              #pragma debug struct_end
   5  0027              #pragma debug struct_end
   5  0027              #pragma debug union_end
   5  0027              #pragma debug union_end
   5  0027              #pragma debug variable 57 1 ___tkc1 "__tkc1" 1
   5  0027              #pragma debug variable 8 1 ___tkm016dl "__tkm016dl" 1
   5  0027              #pragma debug variable 8 1 ___tkm016dh "__tkm016dh" 1
   5  0027              #pragma debug variable 8 1 ___tkm0rol "__tkm0rol" 1
   5  0027              #pragma debug variable 8 1 ___tkm0roh "__tkm0roh" 1
   5  0027              #pragma debug struct_end
   5  0027              #pragma debug struct_end
   5  0027              #pragma debug union_end
   5  0027              #pragma debug union_end
   5  0027              #pragma debug variable 59 1 ___tkm0c0 "__tkm0c0" 1
   5  0027              #pragma debug struct_end
   5  0027              #pragma debug struct_end
   5  0027              #pragma debug union_end
   5  0027              #pragma debug union_end
   5  0027              #pragma debug variable 61 1 ___tkm0c1 "__tkm0c1" 1
   5  0027              extern r1:byte
   5  0027              extern r2:byte
   5  0027              extern r3:byte
   5  0027              extern r4:byte
"File: prid2.c       Assembler  Version HGASM0202      Page 26

   5  0027              extern r5:byte
   5  0027              extern r6:byte
   5  0027              extern r7:byte
 296  0027              #line 296 "E:\hamed\touch2\touch2 -int - rgb\prid2.c"
 296  0000              @code .section at 0 'code'
 296  0000  2800     R  	jmp _main_startup1
 296  0001              
 296  0001              extern _builtin_holtek_udivmodsi4_2:byte
 296  0001              extern _builtin_holtek_udivmodsi4:near
 296  0001              
 296  0001              ; 
 296  0001              ; Generated by holtek-gcc v3.19, Mon Sep 25 14:07:26 2023
 296  0001              ; Rebuild 718
 296  0001              ; end of file


        0 Errors, 0