"File: segment1.c    Assembler  Version HGASM0202      Page 1


   1  0000              ; Generated by holtek-gcc v3.19, Sat Feb 01 00:09:49 2025
   2  0000              ; 
   3  0000              ; Configuration:
   4  0000              ;       with long instruction
   5  0000              ;       Single ROM, Multi-RAM
   6  0000              ;       bits_per_rom_unit:16
   7  0000              ;       with mp1
   8  0000              ;       with tbhp, address(0x9)
   9  0000              ;          Use tabrd-const
  10  0000              ;       
  11  0000              ; SFR address of long-instruction arch:
  12  0000              ;    mp0 = -1,1,0
  13  0000              ;    mp1 = 4,3,2
  14  0000              ;    mp2 = 14,13,12
  15  0000              ;    tbp = 9,7,8
  16  0000              ;    acc = 5
  17  0000              ;    pcl = 6
  18  0000              ;    status = 10
  19  0000              ;    bp = 11
  20  0000              ;    intc = 16
  21  0000              ;       
  22  0000              ;       
  23  0000              ; use 'tabrdc' instead of 'tabrd'
  24  0000              ;       
  25  0000              
  26  0000              #pragma translator "holtek-gcc 4.6.4" "3.19" "build 20130711"
  27  0000              ; Rebuild 718
  28  0000              
  29  0000              ir equ [2]
  30  0000              mp equ [3]
  31  0000              sbp equ [4]
  32  0000              acc equ [5]
  33  0000              bp equ [11]
  34  0000              tblp equ [7]
  35  0000              tbhp equ [9]
  36  0000              status equ [10]
  37  0000              c equ [10].0
  38  0000              ac equ [10].1
  39  0000              z equ [10].2
  40  0000              ov equ [10].3
  41  0000              cz equ [10].6
  42  0000              sc equ [10].7
  43  0000              intc equ [16]
  44  0000              
  45  0000              extern ra:byte
  46  0000              extern rb:byte
  47  0000              extern rc:byte
  48  0000              extern rd:byte
  49  0000              extern re:byte
  50  0000              extern rf:byte
  51  0000              extern rg:byte
  52  0000              extern rh:byte
  53  0000              extern _Crom2Prom:near
  54  0000              extern _Crom2PromNext:near
  55  0000              
  56  0000              RAMBANK 0 @BITDATASEC, @BITDATASEC1
  57  0000              @HCCINIT	.section 'data'
  58  0000              @HCCINIT0	.section 'data'
  59  0000              @BITDATASEC	 .section 'data'
"File: segment1.ASM  Assembler  Version HGASM0202      Page 2

  60  0000              @BITDATASEC1	 .section 'data'
  61  0000              
  62  0000              #pragma debug scope 1 1
  63  0000              	extern __DELAY3:near
  64  0000              	extern __DELAYX3:near
  65  0000              	extern __DELAYX6:near
  66  0000              	extern __DELAYY5:near
  67  0000              	extern __DELAYY3:near
  68  0000              	extern _builtin_holtek_delay_2:byte
  69  0000              public _delay_10us
  70  0000              #pragma debug scope 2 1

  11  0000              #line 11 "C:\Users\hamed\OneDrive\Documents\HTK_Project\segment1\segment1\segment1\DELAY.h"
  11  0000              _delay_10us .section 'code'
  11  0000              _delay_10us proc
  11  0000              public _delay_10us_2
  11  0000  0004[           local _delay_10us_2 db 4 dup(?)	; 4,0
            00
            ]
  11  0004              #pragma debug variable 14 2 _delay_10us_2+0 "count_u"
  15  0004              #line 15 "C:\Users\hamed\OneDrive\Documents\HTK_Project\segment1\segment1\segment1\DELAY.h"
  15  0000  1F00     E  	clr rd
  15  0001  1F00     E  	clr re
  15  0002  1F00     E  	clr rf
  15  0003  1F00     E  	clr rg
  15  0004  2800     R  	jmp _L2
  15  0005              _L3:
  17  0005              #line 17 "C:\Users\hamed\OneDrive\Documents\HTK_Project\segment1\segment1\segment1\DELAY.h"
  17  0005              ;# 17 "C:\Users\hamed\OneDrive\Documents\HTK_Project\segment1\segment1\segment1\DELAY.h" 1
  17  0005  0001        	clr wdt
  18  0006              #line 18 "C:\Users\hamed\OneDrive\Documents\HTK_Project\segment1\segment1\segment1\DELAY.h"
  18  0006              ;# 18 "C:\Users\hamed\OneDrive\Documents\HTK_Project\segment1\segment1\segment1\DELAY.h" 1
  18  0006  0000        	nop
  19  0007              #line 19 "C:\Users\hamed\OneDrive\Documents\HTK_Project\segment1\segment1\segment1\DELAY.h"
  19  0007              ;# 19 "C:\Users\hamed\OneDrive\Documents\HTK_Project\segment1\segment1\segment1\DELAY.h" 1
  19  0007  0000        	nop
  20  0008              #line 20 "C:\Users\hamed\OneDrive\Documents\HTK_Project\segment1\segment1\segment1\DELAY.h"
  20  0008              ;# 20 "C:\Users\hamed\OneDrive\Documents\HTK_Project\segment1\segment1\segment1\DELAY.h" 1
  20  0008  0000        	nop
  21  0009              #line 21 "C:\Users\hamed\OneDrive\Documents\HTK_Project\segment1\segment1\segment1\DELAY.h"
  21  0009              ;# 21 "C:\Users\hamed\OneDrive\Documents\HTK_Project\segment1\segment1\segment1\DELAY.h" 1
  21  0009  0000        	nop
  15  000A              #line 15 "C:\Users\hamed\OneDrive\Documents\HTK_Project\segment1\segment1\segment1\DELAY.h"
  15  000A  0F01        	mov a,1
  15  000B  0380     E  	addm a,rd
  15  000C  0F00        	mov a,0
  15  000D  1380     E  	adcm a,re
  15  000E  1380     E  	adcm a,rf
  15  000F  1380     E  	adcm a,rg
  15  0010              _L2:
  15  0010  0700     E  	mov a,rd
  15  0011  0200     R  	sub a,_delay_10us_2[0]
  15  0012  0700     E  	mov a,re
  15  0013  1200     R  	sbc a,_delay_10us_2[1]
  15  0014  0700     E  	mov a,rf
  15  0015  1200     R  	sbc a,_delay_10us_2[2]
  15  0016  0700     E  	mov a,rg
  15  0017  1200     R  	sbc a,_delay_10us_2[3]
  15  0018  3B0A        	snz cz
  15  0019  2800     R  	jmp _L3
"File: DELAY.h       Assembler  Version HGASM0202      Page 3

  15  001A  0003        	ret
  15  001B              _delay_10us endp
  15  001B              #line 15 "C:\Users\hamed\OneDrive\Documents\HTK_Project\segment1\segment1\segment1\DELAY.h"
  15  001B              #pragma debug scope 1 1
  15  001B              public _delay_us
  15  001B              #pragma debug scope 3 1
  28  001B              #line 28 "C:\Users\hamed\OneDrive\Documents\HTK_Project\segment1\segment1\segment1\DELAY.h"
  28  0000              _delay_us .section 'code'
  28  0000              _delay_us proc
  28  0000              public _delay_us_2
  28  0000  0004[           local _delay_us_2 db 4 dup(?)	; 4,0
            00
            ]
  28  0004              #pragma debug variable 14 3 _delay_us_2+0 "count_u"
  32  0004              #line 32 "C:\Users\hamed\OneDrive\Documents\HTK_Project\segment1\segment1\segment1\DELAY.h"
  32  0000  1F00     E  	clr rd
  32  0001  1F00     E  	clr re
  32  0002  1F00     E  	clr rf
  32  0003  1F00     E  	clr rg
  32  0004  2800     R  	jmp _L6
  32  0005              _L7:
  34  0005              #line 34 "C:\Users\hamed\OneDrive\Documents\HTK_Project\segment1\segment1\segment1\DELAY.h"
  34  0005              ;# 34 "C:\Users\hamed\OneDrive\Documents\HTK_Project\segment1\segment1\segment1\DELAY.h" 1
  34  0005  0001        	clr wdt
  35  0006              #line 35 "C:\Users\hamed\OneDrive\Documents\HTK_Project\segment1\segment1\segment1\DELAY.h"
  35  0006              ;# 35 "C:\Users\hamed\OneDrive\Documents\HTK_Project\segment1\segment1\segment1\DELAY.h" 1
  35  0006  0000        	nop
  32  0007              #line 32 "C:\Users\hamed\OneDrive\Documents\HTK_Project\segment1\segment1\segment1\DELAY.h"
  32  0007  0F01        	mov a,1
  32  0008  0380     E  	addm a,rd
  32  0009  0F00        	mov a,0
  32  000A  1380     E  	adcm a,re
  32  000B  1380     E  	adcm a,rf
  32  000C  1380     E  	adcm a,rg
  32  000D              _L6:
  32  000D  0700     E  	mov a,rd
  32  000E  0200     R  	sub a,_delay_us_2[0]
  32  000F  0700     E  	mov a,re
  32  0010  1200     R  	sbc a,_delay_us_2[1]
  32  0011  0700     E  	mov a,rf
  32  0012  1200     R  	sbc a,_delay_us_2[2]
  32  0013  0700     E  	mov a,rg
  32  0014  1200     R  	sbc a,_delay_us_2[3]
  32  0015  3B0A        	snz cz
  32  0016  2800     R  	jmp _L7
  32  0017  0003        	ret
  32  0018              _delay_us endp
  32  0018              #line 32 "C:\Users\hamed\OneDrive\Documents\HTK_Project\segment1\segment1\segment1\DELAY.h"
  32  0018              #pragma debug scope 1 1
  32  0018              public _delay_ms
  32  0018              #pragma debug scope 4 1
  42  0018              #line 42 "C:\Users\hamed\OneDrive\Documents\HTK_Project\segment1\segment1\segment1\DELAY.h"
  42  0000              _delay_ms .section 'code'
  42  0000              _delay_ms proc
  42  0000              public _delay_ms_2
  42  0000  0008[           local _delay_ms_2 db 8 dup(?)	; 4,4
            00
            ]
  42  0008              #pragma debug variable 14 4 _delay_ms_2+0 "count_m"
  44  0008              #line 44 "C:\Users\hamed\OneDrive\Documents\HTK_Project\segment1\segment1\segment1\DELAY.h"
"File: DELAY.h       Assembler  Version HGASM0202      Page 4

  44  0000  0700     R  	mov a,_delay_ms_2[0]
  44  0001  0080     E  	mov _builtin_holtek_mulsi3_2[0],a
  44  0002  0700     R  	mov a,_delay_ms_2[1]
  44  0003  0080     E  	mov _builtin_holtek_mulsi3_2[1],a
  44  0004  0700     R  	mov a,_delay_ms_2[2]
  44  0005  0080     E  	mov _builtin_holtek_mulsi3_2[2],a
  44  0006  0700     R  	mov a,_delay_ms_2[3]
  44  0007  0080     E  	mov _builtin_holtek_mulsi3_2[3],a
  44  0008  0F64        	mov a,100
  44  0009  0080     E  	mov _builtin_holtek_mulsi3_2[4],a
  44  000A  0F00        	mov a,0
  44  000B  0080     E  	mov _builtin_holtek_mulsi3_2[5],a
  44  000C  0F00        	mov a,0
  44  000D  0080     E  	mov _builtin_holtek_mulsi3_2[6],a
  44  000E  0F00        	mov a,0
  44  000F  0080     E  	mov _builtin_holtek_mulsi3_2[7],a
  44  0010  2000     E  	call _builtin_holtek_mulsi3
  44  0011  0700     E  	mov a,_builtin_holtek_mulsi3_2[8]
  44  0012  0080     R  	mov _delay_ms_2[4],a
  44  0013  0700     E  	mov a,_builtin_holtek_mulsi3_2[9]
  44  0014  0080     R  	mov _delay_ms_2[5],a
  44  0015  0700     E  	mov a,_builtin_holtek_mulsi3_2[10]
  44  0016  0080     R  	mov _delay_ms_2[6],a
  44  0017  0700     E  	mov a,_builtin_holtek_mulsi3_2[11]
  44  0018  0080     R  	mov _delay_ms_2[7],a
  45  0019              #line 45 "C:\Users\hamed\OneDrive\Documents\HTK_Project\segment1\segment1\segment1\DELAY.h"
  45  0019  1F00     E  	clr rd
  45  001A  1F00     E  	clr re
  45  001B  1F00     E  	clr rf
  45  001C  1F00     E  	clr rg
  45  001D  2800     R  	jmp _L9
  45  001E              _L10:
  47  001E              #line 47 "C:\Users\hamed\OneDrive\Documents\HTK_Project\segment1\segment1\segment1\DELAY.h"
  47  001E              ;# 47 "C:\Users\hamed\OneDrive\Documents\HTK_Project\segment1\segment1\segment1\DELAY.h" 1
  47  001E  0001        	clr wdt
  48  001F              #line 48 "C:\Users\hamed\OneDrive\Documents\HTK_Project\segment1\segment1\segment1\DELAY.h"
  48  001F              ;# 48 "C:\Users\hamed\OneDrive\Documents\HTK_Project\segment1\segment1\segment1\DELAY.h" 1
  48  001F  0000        	nop
  49  0020              #line 49 "C:\Users\hamed\OneDrive\Documents\HTK_Project\segment1\segment1\segment1\DELAY.h"
  49  0020              ;# 49 "C:\Users\hamed\OneDrive\Documents\HTK_Project\segment1\segment1\segment1\DELAY.h" 1
  49  0020  0000        	nop
  50  0021              #line 50 "C:\Users\hamed\OneDrive\Documents\HTK_Project\segment1\segment1\segment1\DELAY.h"
  50  0021              ;# 50 "C:\Users\hamed\OneDrive\Documents\HTK_Project\segment1\segment1\segment1\DELAY.h" 1
  50  0021  0000        	nop
  51  0022              #line 51 "C:\Users\hamed\OneDrive\Documents\HTK_Project\segment1\segment1\segment1\DELAY.h"
  51  0022              ;# 51 "C:\Users\hamed\OneDrive\Documents\HTK_Project\segment1\segment1\segment1\DELAY.h" 1
  51  0022  0000        	nop
  45  0023              #line 45 "C:\Users\hamed\OneDrive\Documents\HTK_Project\segment1\segment1\segment1\DELAY.h"
  45  0023  0F01        	mov a,1
  45  0024  0380     E  	addm a,rd
  45  0025  0F00        	mov a,0
  45  0026  1380     E  	adcm a,re
  45  0027  1380     E  	adcm a,rf
  45  0028  1380     E  	adcm a,rg
  45  0029              _L9:
  45  0029  0700     E  	mov a,rd
  45  002A  0200     R  	sub a,_delay_ms_2[4]
  45  002B  0700     E  	mov a,re
  45  002C  1200     R  	sbc a,_delay_ms_2[5]
  45  002D  0700     E  	mov a,rf
"File: DELAY.h       Assembler  Version HGASM0202      Page 5

  45  002E  1200     R  	sbc a,_delay_ms_2[6]
  45  002F  0700     E  	mov a,rg
  45  0030  1200     R  	sbc a,_delay_ms_2[7]
  45  0031  3B0A        	snz cz
  45  0032  2800     R  	jmp _L10
  45  0033  0003        	ret
  45  0034              _delay_ms endp
  45  0034              #line 45 "C:\Users\hamed\OneDrive\Documents\HTK_Project\segment1\segment1\segment1\DELAY.h"
  45  0034              #pragma debug scope 1 1
  45  0034              ___pac equ [21]
  45  0034              ___pcc equ [37]
  45  0034              ___pec equ [113]
  45  0034              ___pbc equ [25]
  45  0034              public _initMatrix
  45  0034              #pragma debug scope 5 1

 114  0034              #line 114 "C:\Users\hamed\OneDrive\Documents\HTK_Project\segment1\segment1\segment1\IO.h"
 114  0000              _initMatrix .section 'code'
 114  0000              _initMatrix proc
 116  0000              #line 116 "C:\Users\hamed\OneDrive\Documents\HTK_Project\segment1\segment1\segment1\IO.h"
 116  0000  3795        	clr [21].7
 116  0001  3715        	clr [21].6
 116  0002  3425        	clr [37].0
 116  0003  34A5        	clr [37].1
 116  0004  3571        	clr [113].2
 116  0005  35F1        	clr [113].3
 116  0006  3515        	clr [21].2
 116  0007  3415        	clr [21].0
 119  0008              #line 119 "C:\Users\hamed\OneDrive\Documents\HTK_Project\segment1\segment1\segment1\IO.h"
 119  0008  3599        	clr [25].3
 119  0009  3519        	clr [25].2
 119  000A  3799        	clr [25].7
 119  000B  3719        	clr [25].6
 119  000C  34F1        	clr [113].1
 119  000D  3471        	clr [113].0
 119  000E  35A5        	clr [37].3
 119  000F  3525        	clr [37].2
 120  0010              #line 120 "C:\Users\hamed\OneDrive\Documents\HTK_Project\segment1\segment1\segment1\IO.h"
 120  0010  3419        	clr [25].0
 120  0011  3499        	clr [25].1
 120  0012  3619        	clr [25].4
 120  0013  3699        	clr [25].5
 120  0014  3615        	clr [21].4
 120  0015  3595        	clr [21].3
 120  0016  3671        	clr [113].4
 120  0017  36F1        	clr [113].5
 123  0018              #line 123 "C:\Users\hamed\OneDrive\Documents\HTK_Project\segment1\segment1\segment1\IO.h"
 123  0018              ;# 123 "C:\Users\hamed\OneDrive\Documents\HTK_Project\segment1\segment1\segment1\IO.h" 1
 123  0018              	IF 100>263690
 123  0018              ;# 123 "C:\Users\hamed\OneDrive\Documents\HTK_Project\segment1\segment1\segment1\IO.h" 1
 123  0018              	ERRMESSAGE 'the value 100of the argument exceeds the maxinum 263690'
 123  0018              	ENDIF
 123  0018              ;# 123 "C:\Users\hamed\OneDrive\Documents\HTK_Project\segment1\segment1\segment1\IO.h" 1
 123  0018              	IF 100<0
 123  0018              ;# 123 "C:\Users\hamed\OneDrive\Documents\HTK_Project\segment1\segment1\segment1\IO.h" 1
 123  0018              	ERRMESSAGE 'the value 100 of the argument exceeds the mininum 0'
 123  0018              	ENDIF
 123  0018              ;# 123 "C:\Users\hamed\OneDrive\Documents\HTK_Project\segment1\segment1\segment1\IO.h" 1
 123  0018              	IF 100==0
 123  0018              ;# 123 "C:\Users\hamed\OneDrive\Documents\HTK_Project\segment1\segment1\segment1\IO.h" 1
"File: IO.h          Assembler  Version HGASM0202      Page 6

 123  0018              	JMP $
 123  0018              	ENDIF
 123  0018              ;# 123 "C:\Users\hamed\OneDrive\Documents\HTK_Project\segment1\segment1\segment1\IO.h" 1
 123  0018              	IF 100==1
 123  0018              ;# 123 "C:\Users\hamed\OneDrive\Documents\HTK_Project\segment1\segment1\segment1\IO.h" 1
 123  0018              	NOP
 123  0018              	ENDIF
 123  0018              ;# 123 "C:\Users\hamed\OneDrive\Documents\HTK_Project\segment1\segment1\segment1\IO.h" 1
 123  0018              	IF 100==2
 123  0018              ;# 123 "C:\Users\hamed\OneDrive\Documents\HTK_Project\segment1\segment1\segment1\IO.h" 1
 123  0018              	NOP
 123  0018              ;# 123 "C:\Users\hamed\OneDrive\Documents\HTK_Project\segment1\segment1\segment1\IO.h" 1
 123  0018              	NOP
 123  0018              	ENDIF
 123  0018              ;# 123 "C:\Users\hamed\OneDrive\Documents\HTK_Project\segment1\segment1\segment1\IO.h" 1
 123  0018              	IF 100==3
 123  0018              ;# 123 "C:\Users\hamed\OneDrive\Documents\HTK_Project\segment1\segment1\segment1\IO.h" 1
 123  0018              	NOP
 123  0018              ;# 123 "C:\Users\hamed\OneDrive\Documents\HTK_Project\segment1\segment1\segment1\IO.h" 1
 123  0018              	NOP
 123  0018              ;# 123 "C:\Users\hamed\OneDrive\Documents\HTK_Project\segment1\segment1\segment1\IO.h" 1
 123  0018              	NOP
 123  0018              	ENDIF
 123  0018              ;# 123 "C:\Users\hamed\OneDrive\Documents\HTK_Project\segment1\segment1\segment1\IO.h" 1
 123  0018              	IF (100<8) AND (100>3)
 123  0018              ;# 123 "C:\Users\hamed\OneDrive\Documents\HTK_Project\segment1\segment1\segment1\IO.h" 1
 123  0018              	CALL __DELAY3 + 7 -100
 123  0018              	ENDIF
 123  0018              ;# 123 "C:\Users\hamed\OneDrive\Documents\HTK_Project\segment1\segment1\segment1\IO.h" 1
 123  0018              	IF (100< 0404h) AND (100>7)
 123  0018              ;# 123 "C:\Users\hamed\OneDrive\Documents\HTK_Project\segment1\segment1\segment1\IO.h" 1
 123  0018  0F18        	MOV A,100/4-1
 123  0019              ;# 123 "C:\Users\hamed\OneDrive\Documents\HTK_Project\segment1\segment1\segment1\IO.h" 1
 123  0019  2000     E  	CALL __DELAYX3 + 3 -(100 MOD 4)
 123  001A              	ENDIF
 123  001A              ;# 123 "C:\Users\hamed\OneDrive\Documents\HTK_Project\segment1\segment1\segment1\IO.h" 1
 123  001A              	IF (100< 0x40B) AND (100> 0403h)
 123  001A              ;# 123 "C:\Users\hamed\OneDrive\Documents\HTK_Project\segment1\segment1\segment1\IO.h" 1
 123  001A              	MOV A,0 
 123  001A              ;# 123 "C:\Users\hamed\OneDrive\Documents\HTK_Project\segment1\segment1\segment1\IO.h" 1
 123  001A              	CALL __DELAYX6 + 0x40a -100
 123  001A              	ENDIF
 123  001A              ;# 123 "C:\Users\hamed\OneDrive\Documents\HTK_Project\segment1\segment1\segment1\IO.h" 1
 123  001A              	IF (100 >= 0x40b) AND ((((100-9)%0402h)/4+1)>256)
 123  001A              ;# 123 "C:\Users\hamed\OneDrive\Documents\HTK_Project\segment1\segment1\segment1\IO.h" 1
 123  001A              	MOV A,(100-9)/0402h
 123  001A              ;# 123 "C:\Users\hamed\OneDrive\Documents\HTK_Project\segment1\segment1\segment1\IO.h" 1
 123  001A              	MOV _builtin_holtek_delay_2,A
 123  001A              ;# 123 "C:\Users\hamed\OneDrive\Documents\HTK_Project\segment1\segment1\segment1\IO.h" 1
 123  001A              	MOV A,0
 123  001A              ;# 123 "C:\Users\hamed\OneDrive\Documents\HTK_Project\segment1\segment1\segment1\IO.h" 1
 123  001A              	CALL __DELAYY5 +5- (((100-9)%0402h)%6)
 123  001A              	ENDIF
 123  001A              ;# 123 "C:\Users\hamed\OneDrive\Documents\HTK_Project\segment1\segment1\segment1\IO.h" 1
 123  001A              	IF (100 >= 0x40b) AND ((((100-9)%0402h)/4+1)<=256)
 123  001A              ;# 123 "C:\Users\hamed\OneDrive\Documents\HTK_Project\segment1\segment1\segment1\IO.h" 1
 123  001A              	MOV A,(100-9)/0402h
 123  001A              ;# 123 "C:\Users\hamed\OneDrive\Documents\HTK_Project\segment1\segment1\segment1\IO.h" 1
 123  001A              	MOV _builtin_holtek_delay_2,A
 123  001A              ;# 123 "C:\Users\hamed\OneDrive\Documents\HTK_Project\segment1\segment1\segment1\IO.h" 1
"File: IO.h          Assembler  Version HGASM0202      Page 7

 123  001A              	MOV A,((100-9)%0402h)/4+1
 123  001A              ;# 123 "C:\Users\hamed\OneDrive\Documents\HTK_Project\segment1\segment1\segment1\IO.h" 1
 123  001A              	CALL __DELAYY3 +3-(((100-9)%0402h)%4)
 123  001A              	ENDIF
 123  001A  0003        	ret
 123  001B              _initMatrix endp
 123  001B              #line 123 "C:\Users\hamed\OneDrive\Documents\HTK_Project\segment1\segment1\segment1\IO.h"
 123  001B              #pragma debug scope 1 1
 123  001B              ___pa equ [20]
 123  001B              ___pc equ [36]
 123  001B              ___pe equ [112]
 123  001B              ___pb equ [24]
 123  001B              public _cleardisplay
 123  001B              #pragma debug scope 6 1
 126  001B              #line 126 "C:\Users\hamed\OneDrive\Documents\HTK_Project\segment1\segment1\segment1\IO.h"
 126  0000              _cleardisplay .section 'code'
 126  0000              _cleardisplay proc
 128  0000              #line 128 "C:\Users\hamed\OneDrive\Documents\HTK_Project\segment1\segment1\segment1\IO.h"
 128  0000  3794        	clr [20].7
 128  0001  3714        	clr [20].6
 128  0002  3424        	clr [36].0
 128  0003  34A4        	clr [36].1
 128  0004  3570        	clr [112].2
 128  0005  35F0        	clr [112].3
 128  0006  3514        	clr [20].2
 128  0007  3414        	clr [20].0
 129  0008              #line 129 "C:\Users\hamed\OneDrive\Documents\HTK_Project\segment1\segment1\segment1\IO.h"
 129  0008  3598        	clr [24].3
 129  0009  3518        	clr [24].2
 129  000A  3798        	clr [24].7
 129  000B  3718        	clr [24].6
 129  000C  34F0        	clr [112].1
 129  000D  3470        	clr [112].0
 129  000E  35A4        	clr [36].3
 129  000F  3524        	clr [36].2
 130  0010              #line 130 "C:\Users\hamed\OneDrive\Documents\HTK_Project\segment1\segment1\segment1\IO.h"
 130  0010  3418        	clr [24].0
 130  0011  3498        	clr [24].1
 130  0012  3618        	clr [24].4
 130  0013  3698        	clr [24].5
 130  0014  3614        	clr [20].4
 130  0015  3594        	clr [20].3
 130  0016  3670        	clr [112].4
 130  0017  36F0        	clr [112].5
 130  0018  0003        	ret
 130  0019              _cleardisplay endp
 130  0019              #line 130 "C:\Users\hamed\OneDrive\Documents\HTK_Project\segment1\segment1\segment1\IO.h"
 130  0019              #pragma debug scope 1 1
 130  0019              ___psc0r equ [50]
 130  0019              ___tb0c equ [51]
 130  0019              ___intc2 equ [18]
 130  0019              ___intc0 equ [16]
 130  0019              public _TB0_INIT
 130  0019              #pragma debug scope 7 1

  47  0019              #line 47 "C:\Users\hamed\OneDrive\Documents\HTK_Project\segment1\segment1\segment1\TIMEBASE.h"
  47  0000              _TB0_INIT .section 'code'
  47  0000              _TB0_INIT proc
  48  0000              #line 48 "C:\Users\hamed\OneDrive\Documents\HTK_Project\segment1\segment1\segment1\TIMEBASE.h"
  48  0000  34B2        	clr [50].1
"File: TIMEBASE.h    Assembler  Version HGASM0202      Page 8

  48  0001  3032        	set [50].0
  49  0002              #line 49 "C:\Users\hamed\OneDrive\Documents\HTK_Project\segment1\segment1\segment1\TIMEBASE.h"
  49  0002  33B3        	set [51].7
  50  0003              #line 50 "C:\Users\hamed\OneDrive\Documents\HTK_Project\segment1\segment1\segment1\TIMEBASE.h"
  50  0003  3533        	clr [51].2
  50  0004  30B3        	set [51].1
  50  0005  3433        	clr [51].0
  51  0006              #line 51 "C:\Users\hamed\OneDrive\Documents\HTK_Project\segment1\segment1\segment1\TIMEBASE.h"
  51  0006  3092        	set [18].1
  52  0007              #line 52 "C:\Users\hamed\OneDrive\Documents\HTK_Project\segment1\segment1\segment1\TIMEBASE.h"
  52  0007  3692        	clr [18].5
  53  0008              #line 53 "C:\Users\hamed\OneDrive\Documents\HTK_Project\segment1\segment1\segment1\TIMEBASE.h"
  53  0008  3010        	set [16].0
  53  0009  0003        	ret
  53  000A              _TB0_INIT endp
  53  000A              #line 53 "C:\Users\hamed\OneDrive\Documents\HTK_Project\segment1\segment1\segment1\TIMEBASE.h"
  53  000A              #pragma debug scope 1 1
  53  000A              ___psc1r equ [68]
  53  000A              ___tb1c equ [52]
  53  000A              public _TB1_INIT
  53  000A              #pragma debug scope 8 1
  57  000A              #line 57 "C:\Users\hamed\OneDrive\Documents\HTK_Project\segment1\segment1\segment1\TIMEBASE.h"
  57  0000              _TB1_INIT .section 'code'
  57  0000              _TB1_INIT proc
  58  0000              #line 58 "C:\Users\hamed\OneDrive\Documents\HTK_Project\segment1\segment1\segment1\TIMEBASE.h"
  58  0000  34C4        	clr [68].1
  58  0001  3444        	clr [68].0
  59  0002              #line 59 "C:\Users\hamed\OneDrive\Documents\HTK_Project\segment1\segment1\segment1\TIMEBASE.h"
  59  0002  33B4        	set [52].7
  60  0003              #line 60 "C:\Users\hamed\OneDrive\Documents\HTK_Project\segment1\segment1\segment1\TIMEBASE.h"
  60  0003  3534        	clr [52].2
  60  0004  30B4        	set [52].1
  60  0005  3434        	clr [52].0
  61  0006              #line 61 "C:\Users\hamed\OneDrive\Documents\HTK_Project\segment1\segment1\segment1\TIMEBASE.h"
  61  0006  3112        	set [18].2
  62  0007              #line 62 "C:\Users\hamed\OneDrive\Documents\HTK_Project\segment1\segment1\segment1\TIMEBASE.h"
  62  0007  3712        	clr [18].6
  63  0008              #line 63 "C:\Users\hamed\OneDrive\Documents\HTK_Project\segment1\segment1\segment1\TIMEBASE.h"
  63  0008  3010        	set [16].0
  63  0009  0003        	ret
  63  000A              _TB1_INIT endp
  63  000A              #line 63 "C:\Users\hamed\OneDrive\Documents\HTK_Project\segment1\segment1\segment1\TIMEBASE.h"
  63  000A              #pragma debug scope 1 1
  63  000A              public _TB0_ISR
  63  000A              #pragma debug scope 9 1
  69  000A              #line 69 "C:\Users\hamed\OneDrive\Documents\HTK_Project\segment1\segment1\segment1\TIMEBASE.h"
  69  0000              @TB0_ISR_code .section at 36 'code'
  69  0000              ifdef INTERRUPT_DELAY
  69  0000              	nop
  69  0000              endif
  69  0000  0080     E  	mov r1,a
  69  0001  070A        	mov a,status
  69  0002              ifndef INTERRUPT_DELAY
  69  0002  0080     E  	mov r2,a
  69  0003              endif
  69  0003  2800     R  	jmp _TB0_ISR
  69  0004              #pragma debug scope 1 1
  69  0004              @dummy36 endp
  69  0004              #pragma debug scope 10 1
  69  0000              _TB0_ISR .section 'code'
"File: TIMEBASE.h    Assembler  Version HGASM0202      Page 9

  69  0000              _TB0_ISR proc
  69  0000              ifdef INTERRUPT_DELAY
  69  0000              	mov r2,a
  69  0000              endif
  92  0000              #line 92 "C:\Users\hamed\OneDrive\Documents\HTK_Project\segment1\segment1\segment1\TIMEBASE.h"
  92  0000  1480     R  	inc _n[0]
  92  0001  3D0A        	sz z
  92  0002  1480     R  	inc _n[1]
  93  0003              #line 93 "C:\Users\hamed\OneDrive\Documents\HTK_Project\segment1\segment1\segment1\TIMEBASE.h"
  93  0003  0FD0        	mov a,208
  93  0004  0200     R  	sub a,_n[0]
  93  0005  0F07        	mov a,7
  93  0006  1200     R  	sbc a,_n[1]
  93  0007  3B8A        	snz sc
  93  0008  2800     R  	jmp _L16
  94  0009              #line 94 "C:\Users\hamed\OneDrive\Documents\HTK_Project\segment1\segment1\segment1\TIMEBASE.h"
  94  0009  1F00     R  	clr _n[0]
  94  000A  1F00     R  	clr _n[1]
  95  000B              #line 95 "C:\Users\hamed\OneDrive\Documents\HTK_Project\segment1\segment1\segment1\TIMEBASE.h"
  95  000B  0700     R  	mov a,_UP[0]
  95  000C  0500     R  	or a,_UP[1]
  95  000D  3D0A        	sz z
  95  000E  2800     R  	jmp _L17
  95  000F  1480     R  	inc _newnaumber[0]
  95  0010  3D0A        	sz z
  95  0011  1480     R  	inc _newnaumber[1]
  95  0012  2800     R  	jmp _L16
  95  0013              _L17:
  95  0013  0FFF        	mov a,255
  95  0014  0380     R  	addm a,_newnaumber[0]
  95  0015  0FFF        	mov a,255
  95  0016  1380     R  	adcm a,_newnaumber[1]
  95  0017              _L16:
  98  0017              #line 98 "C:\Users\hamed\OneDrive\Documents\HTK_Project\segment1\segment1\segment1\TIMEBASE.h"
  98  0017  0F09        	mov a,9
  98  0018  0200     R  	sub a,_newnaumber[0]
  98  0019  0F00        	mov a,0
  98  001A  1200     R  	sbc a,_newnaumber[1]
  98  001B  3B8A        	snz sc
  98  001C  2800     R  	jmp _L18
  98  001D  0700     R  	mov a,_UP[0]
  98  001E  0080     R  	mov _DN[0],a
  98  001F  0700     R  	mov a,_UP[1]
  98  0020  0080     R  	mov _DN[1],a
  98  0021  0F01        	mov a,1
  98  0022  0080     E  	mov rb,a
  98  0023  1F00     E  	clr rc
  98  0024  0700     R  	mov a,_UP[0]
  98  0025  0500     R  	or a,_UP[1]
  98  0026  3D0A        	sz z
  98  0027  2800     R  	jmp _L19
  98  0028  1F00     E  	clr rb
  98  0029  1F00     E  	clr rc
  98  002A              _L19:
  98  002A  0700     E  	mov a,rb
  98  002B  0080     R  	mov _UP[0],a
  98  002C  0700     E  	mov a,rc
  98  002D  0080     R  	mov _UP[1],a
  98  002E              _L18:
 101  002E              #line 101 "C:\Users\hamed\OneDrive\Documents\HTK_Project\segment1\segment1\segment1\TIMEBASE.h"
"File: TIMEBASE.h    Assembler  Version HGASM0202      Page 10

 101  002E  0F01        	mov a,1
 101  002F  0380     R  	addm a,_ni[0]
 101  0030  0F00        	mov a,0
 101  0031  1380     R  	adcm a,_ni[1]
 101  0032  1380     R  	adcm a,_ni[2]
 101  0033  1380     R  	adcm a,_ni[3]
 104  0034              #line 104 "C:\Users\hamed\OneDrive\Documents\HTK_Project\segment1\segment1\segment1\TIMEBASE.h"
 104  0034  1480     R  	inc _nj[0]
 104  0035  3D0A        	sz z
 104  0036  1480     R  	inc _nj[1]
 105  0037              #line 105 "C:\Users\hamed\OneDrive\Documents\HTK_Project\segment1\segment1\segment1\TIMEBASE.h"
 105  0037  0F32        	mov a,50
 105  0038  0200     R  	sub a,_nj[0]
 105  0039  0F00        	mov a,0
 105  003A  1200     R  	sbc a,_nj[1]
 105  003B  3B8A        	snz sc
 105  003C  2800     R  	jmp _L20
 105  003D  1F00     R  	clr _nj[0]
 105  003E  1F00     R  	clr _nj[1]
 105  003F  1480     R  	inc _conter8[0]
 105  0040  3D0A        	sz z
 105  0041  1480     R  	inc _conter8[1]
 105  0042              _L20:
 106  0042              #line 106 "C:\Users\hamed\OneDrive\Documents\HTK_Project\segment1\segment1\segment1\TIMEBASE.h"
 106  0042  0F07        	mov a,7
 106  0043  0200     R  	sub a,_conter8[0]
 106  0044  0F00        	mov a,0
 106  0045  1200     R  	sbc a,_conter8[1]
 106  0046  3B8A        	snz sc
 106  0047  2800     R  	jmp _L21
 106  0048  1F00     R  	clr _conter8[0]
 106  0049  1F00     R  	clr _conter8[1]
 106  004A              _L21:
 109  004A              #line 109 "C:\Users\hamed\OneDrive\Documents\HTK_Project\segment1\segment1\segment1\TIMEBASE.h"
 109  004A  0F32        	mov a,50
 109  004B  0200     R  	sub a,_ni[0]
 109  004C  0F00        	mov a,0
 109  004D  1200     R  	sbc a,_ni[1]
 109  004E  0F00        	mov a,0
 109  004F  1200     R  	sbc a,_ni[2]
 109  0050  0F00        	mov a,0
 109  0051  1200     R  	sbc a,_ni[3]
 109  0052  3C0A        	sz c
 109  0053  2800     R  	jmp _L22
 109  0054  0700     R  	mov a,_oldnaumber[0]
 109  0055  0200     R  	sub a,_newnaumber[0]
 109  0056  0700     R  	mov a,_oldnaumber[1]
 109  0057  1200     R  	sbc a,_newnaumber[1]
 109  0058  3F0A        	sz cz
 109  0059  2800     R  	jmp _L22
 110  005A              #line 110 "C:\Users\hamed\OneDrive\Documents\HTK_Project\segment1\segment1\segment1\TIMEBASE.h"
 110  005A  1F00     R  	clr _ni[0]
 110  005B  1F00     R  	clr _ni[1]
 110  005C  1F00     R  	clr _ni[2]
 110  005D  1F00     R  	clr _ni[3]
 111  005E              #line 111 "C:\Users\hamed\OneDrive\Documents\HTK_Project\segment1\segment1\segment1\TIMEBASE.h"
 111  005E  1480     R  	inc _R[0]
 111  005F  3D0A        	sz z
 111  0060  1480     R  	inc _R[1]
 111  0061              _L22:
"File: TIMEBASE.h    Assembler  Version HGASM0202      Page 11

 116  0061              #line 116 "C:\Users\hamed\OneDrive\Documents\HTK_Project\segment1\segment1\segment1\TIMEBASE.h"
 116  0061              ;# 116 "C:\Users\hamed\OneDrive\Documents\HTK_Project\segment1\segment1\segment1\TIMEBASE.h" 1
 116  0061  0001        	clr wdt
 116  0062  0700     E  	mov a,r2
 116  0063  008A        	mov status,a
 116  0064  0700     E  	mov a,r1
 116  0065  0004        	reti
 116  0066              _TB0_ISR endp
 116  0066              
 116  0066              #line 116 "C:\Users\hamed\OneDrive\Documents\HTK_Project\segment1\segment1\segment1\TIMEBASE.h"
 116  0066              #pragma debug scope 1 1
 116  0066              public _TB1_ISR
 116  0066              #pragma debug scope 11 1
 129  0066              #line 129 "C:\Users\hamed\OneDrive\Documents\HTK_Project\segment1\segment1\segment1\TIMEBASE.h"
 129  0000              @TB1_ISR_code .section at 40 'code'
 129  0000              ifdef INTERRUPT_DELAY
 129  0000              	nop
 129  0000              endif
 129  0000  0080     E  	mov r1,a
 129  0001  070A        	mov a,status
 129  0002              ifndef INTERRUPT_DELAY
 129  0002  0080     E  	mov r2,a
 129  0003              endif
 129  0003  2800     R  	jmp _TB1_ISR
 129  0004              #pragma debug scope 1 1
 129  0004              @dummy40 endp
 129  0004              #pragma debug scope 12 1
 129  0000              _TB1_ISR .section 'code'
 129  0000              _TB1_ISR proc
 129  0000  0002[       local _TB1_ISR_2 db 2 dup(?)
            00
            ]
 129  0000              ifdef INTERRUPT_DELAY
 129  0000              	mov r2,a
 129  0000              endif
 129  0000  0703        	mov a,mp
 129  0001  0080     E  	mov r3,a
 129  0002  0704        	mov a,sbp
 129  0003  0080     E  	mov r4,a
 129  0004  0707        	mov a,tblp
 129  0005  0080     E  	mov r5,a
 129  0006  0709        	mov a,tbhp
 129  0007  0080     E  	mov r6,a
 129  0008              #pragma debug variable 11 12 _TB1_ISR_2+0 "row"
 130  0008              #line 130 "C:\Users\hamed\OneDrive\Documents\HTK_Project\segment1\segment1\segment1\TIMEBASE.h"
 130  0008              ;# 130 "C:\Users\hamed\OneDrive\Documents\HTK_Project\segment1\segment1\segment1\TIMEBASE.h" 1
 130  0008  0001        	clr wdt
 139  0009              #line 139 "C:\Users\hamed\OneDrive\Documents\HTK_Project\segment1\segment1\segment1\TIMEBASE.h"
 139  0009  1F00     R  	clr _TB1_ISR_2[0]
 139  000A  1F00     R  	clr _TB1_ISR_2[1]
 139  000B              _L48:
 139  000B              #pragma debug scope 13 12
 139  000B              ;begin block, line: 139.-1
 141  000B              #line 141 "C:\Users\hamed\OneDrive\Documents\HTK_Project\segment1\segment1\segment1\TIMEBASE.h"
 141  000B  2000     R  	call _cleardisplay
 143  000C              #line 143 "C:\Users\hamed\OneDrive\Documents\HTK_Project\segment1\segment1\segment1\TIMEBASE.h"
 143  000C  0700     R  	mov a,_TB1_ISR_2[0]
 143  000D  0C01        	xor a,1
 143  000E  0500     R  	or a,_TB1_ISR_2[1]
 143  000F  3D0A        	sz z
"File: TIMEBASE.h    Assembler  Version HGASM0202      Page 12

 143  0010  2800     R  	jmp _L28
 143  0011  0700     R  	mov a,_TB1_ISR_2[0]
 143  0012  0C02        	xor a,2
 143  0013  0500     R  	or a,_TB1_ISR_2[1]
 143  0014  3D0A        	sz z
 143  0015  2800     R  	jmp _L29
 143  0016  0700     R  	mov a,_TB1_ISR_2[0]
 143  0017  0C03        	xor a,3
 143  0018  0500     R  	or a,_TB1_ISR_2[1]
 143  0019  3D0A        	sz z
 143  001A  2800     R  	jmp _L30
 143  001B  0700     R  	mov a,_TB1_ISR_2[0]
 143  001C  0C04        	xor a,4
 143  001D  0500     R  	or a,_TB1_ISR_2[1]
 143  001E  3D0A        	sz z
 143  001F  2800     R  	jmp _L31
 143  0020  0700     R  	mov a,_TB1_ISR_2[0]
 143  0021  0C05        	xor a,5
 143  0022  0500     R  	or a,_TB1_ISR_2[1]
 143  0023  3D0A        	sz z
 143  0024  2800     R  	jmp _L32
 143  0025  0700     R  	mov a,_TB1_ISR_2[0]
 143  0026  0C06        	xor a,6
 143  0027  0500     R  	or a,_TB1_ISR_2[1]
 143  0028  3D0A        	sz z
 143  0029  2800     R  	jmp _L33
 143  002A  0700     R  	mov a,_TB1_ISR_2[0]
 143  002B  0C07        	xor a,7
 143  002C  0500     R  	or a,_TB1_ISR_2[1]
 143  002D  3D0A        	sz z
 143  002E  2800     R  	jmp _L34
 144  002F              #line 144 "C:\Users\hamed\OneDrive\Documents\HTK_Project\segment1\segment1\segment1\TIMEBASE.h"
 144  002F  3014        	set [20].0
 144  0030  2800     R  	jmp _L35
 144  0031              _L28:
 145  0031              #line 145 "C:\Users\hamed\OneDrive\Documents\HTK_Project\segment1\segment1\segment1\TIMEBASE.h"
 145  0031  3114        	set [20].2
 145  0032  2800     R  	jmp _L35
 145  0033              _L29:
 146  0033              #line 146 "C:\Users\hamed\OneDrive\Documents\HTK_Project\segment1\segment1\segment1\TIMEBASE.h"
 146  0033  31F0        	set [112].3
 146  0034  2800     R  	jmp _L35
 146  0035              _L30:
 147  0035              #line 147 "C:\Users\hamed\OneDrive\Documents\HTK_Project\segment1\segment1\segment1\TIMEBASE.h"
 147  0035  3170        	set [112].2
 147  0036  2800     R  	jmp _L35
 147  0037              _L31:
 148  0037              #line 148 "C:\Users\hamed\OneDrive\Documents\HTK_Project\segment1\segment1\segment1\TIMEBASE.h"
 148  0037  30A4        	set [36].1
 148  0038  2800     R  	jmp _L35
 148  0039              _L32:
 149  0039              #line 149 "C:\Users\hamed\OneDrive\Documents\HTK_Project\segment1\segment1\segment1\TIMEBASE.h"
 149  0039  3024        	set [36].0
 149  003A  2800     R  	jmp _L35
 149  003B              _L33:
 150  003B              #line 150 "C:\Users\hamed\OneDrive\Documents\HTK_Project\segment1\segment1\segment1\TIMEBASE.h"
 150  003B  3314        	set [20].6
 150  003C  2800     R  	jmp _L35
 150  003D              _L34:
 151  003D              #line 151 "C:\Users\hamed\OneDrive\Documents\HTK_Project\segment1\segment1\segment1\TIMEBASE.h"
"File: TIMEBASE.h    Assembler  Version HGASM0202      Page 13

 151  003D  3394        	set [20].7
 151  003E              _L35:
 164  003E              #line 164 "C:\Users\hamed\OneDrive\Documents\HTK_Project\segment1\segment1\segment1\TIMEBASE.h"
 164  003E  0700     R  	mov a,_UP[0]
 164  003F  0500     R  	or a,_UP[1]
 164  0040  3D0A        	sz z
 164  0041  2800     R  	jmp _L49
 164  0042  0700     R  	mov a,_conter8[0]
 164  0043  0080     E  	mov rb,a
 164  0044  0700     R  	mov a,_conter8[1]
 164  0045  0080     E  	mov rc,a
 164  0046  0F03        	mov a,3
 164  0047              _LI1:
 164  0047  340A        	clr c
 164  0048  1A80     E  	rlc rb
 164  0049  1A80     E  	rlc rc
 164  004A  1785        	sdz acc
 164  004B  2800     R  	jmp _LI1
 164  004C  0700     R  	mov a,_TB1_ISR_2[0]
 164  004D  0380     E  	addm a,rb
 164  004E  0700     R  	mov a,_TB1_ISR_2[1]
 164  004F  1380     E  	adcm a,rc
 164  0050  0F00     R  	mov a,low offset _jahatUP
 164  0051  0300     E  	add a,rb
 164  0052  0083        	mov mp,a
 164  0053  0F00     R  	mov a,high offset _jahatUP
 164  0054  1300     E  	adc a,rc
 164  0055  0084        	mov sbp,a
 164  0056  2000     E  	call _Crom2Prom
 164  0057  0080     E  	mov ra,a
 164  0058  2800     R  	jmp _L36
 164  0059              _L49:
 154  0059              #line 154 "C:\Users\hamed\OneDrive\Documents\HTK_Project\segment1\segment1\segment1\TIMEBASE.h"
 154  0059  1F00     E  	clr ra
 154  005A              _L36:
 165  005A              #line 165 "C:\Users\hamed\OneDrive\Documents\HTK_Project\segment1\segment1\segment1\TIMEBASE.h"
 165  005A  0700     R  	mov a,_DN[0]
 165  005B  0500     R  	or a,_DN[1]
 165  005C  3D0A        	sz z
 165  005D  2800     R  	jmp _L37
 165  005E  0700     R  	mov a,_conter8[0]
 165  005F  0080     E  	mov rb,a
 165  0060  0700     R  	mov a,_conter8[1]
 165  0061  0080     E  	mov rc,a
 165  0062  0F03        	mov a,3
 165  0063              _LI2:
 165  0063  340A        	clr c
 165  0064  1A80     E  	rlc rb
 165  0065  1A80     E  	rlc rc
 165  0066  1785        	sdz acc
 165  0067  2800     R  	jmp _LI2
 165  0068  0700     R  	mov a,_TB1_ISR_2[0]
 165  0069  0380     E  	addm a,rb
 165  006A  0700     R  	mov a,_TB1_ISR_2[1]
 165  006B  1380     E  	adcm a,rc
 165  006C  0F00     R  	mov a,low offset _jahatDN
 165  006D  0300     E  	add a,rb
 165  006E  0083        	mov mp,a
 165  006F  0F00     R  	mov a,high offset _jahatDN
 165  0070  1300     E  	adc a,rc
"File: TIMEBASE.h    Assembler  Version HGASM0202      Page 14

 165  0071  0084        	mov sbp,a
 165  0072  2000     E  	call _Crom2Prom
 165  0073  0080     E  	mov ra,a
 165  0074              _L37:
 169  0074              #line 169 "C:\Users\hamed\OneDrive\Documents\HTK_Project\segment1\segment1\segment1\TIMEBASE.h"
 169  0074  0700     R  	mov a,_oldnaumber[0]
 169  0075  0200     R  	sub a,_newnaumber[0]
 169  0076  0700     R  	mov a,_oldnaumber[1]
 169  0077  1200     R  	sbc a,_newnaumber[1]
 169  0078  3F0A        	sz cz
 169  0079  2800     R  	jmp _L38
 170  007A              #line 170 "C:\Users\hamed\OneDrive\Documents\HTK_Project\segment1\segment1\segment1\TIMEBASE.h"
 170  007A  0700     R  	mov a,_UP[0]
 170  007B  0500     R  	or a,_UP[1]
 170  007C  3D0A        	sz z
 170  007D  2800     R  	jmp _L50
 171  007E              #line 171 "C:\Users\hamed\OneDrive\Documents\HTK_Project\segment1\segment1\segment1\TIMEBASE.h"
 171  007E  0F07        	mov a,7
 171  007F  0200     R  	sub a,_R[0]
 171  0080  0F00        	mov a,0
 171  0081  1200     R  	sbc a,_R[1]
 171  0082  3F8A        	sz sc
 171  0083  2800     R  	jmp _L51
 172  0084              #line 172 "C:\Users\hamed\OneDrive\Documents\HTK_Project\segment1\segment1\segment1\TIMEBASE.h"
 172  0084  0700     R  	mov a,_R[0]
 172  0085  0080     E  	mov rd,a
 172  0086  0700     R  	mov a,_R[1]
 172  0087  0080     E  	mov re,a
 172  0088  0700     R  	mov a,_oldnaumber[0]
 172  0089  0080     E  	mov rb,a
 172  008A  0700     R  	mov a,_oldnaumber[1]
 172  008B  0080     E  	mov rc,a
 172  008C  0F03        	mov a,3
 172  008D              _LI3:
 172  008D  340A        	clr c
 172  008E  1A80     E  	rlc rb
 172  008F  1A80     E  	rlc rc
 172  0090  1785        	sdz acc
 172  0091  2800     R  	jmp _LI3
 172  0092  0700     R  	mov a,_TB1_ISR_2[0]
 172  0093  0380     E  	addm a,rb
 172  0094  0700     R  	mov a,_TB1_ISR_2[1]
 172  0095  1380     E  	adcm a,rc
 172  0096  0F00     R  	mov a,low offset _numbers
 172  0097  0300     E  	add a,rb
 172  0098  0083        	mov mp,a
 172  0099  0F00     R  	mov a,high offset _numbers
 172  009A  1300     E  	adc a,rc
 172  009B  0084        	mov sbp,a
 172  009C  2000     E  	call _Crom2Prom
 172  009D  0080     E  	mov rb,a
 172  009E  1F00     E  	clr rc
 172  009F  1400     E  	inca rd
 172  00A0  2800     R  	jmp _LI4
 172  00A1              _LI5:
 172  00A1  340A        	clr c
 172  00A2  1A80     E  	rlc rb
 172  00A3  1A80     E  	rlc rc
 172  00A4              _LI4:
 172  00A4  1785        	sdz acc
"File: TIMEBASE.h    Assembler  Version HGASM0202      Page 15

 172  00A5  2800     R  	jmp _LI5
 172  00A6  2800     R  	jmp _L40
 172  00A7              _L51:
 154  00A7              #line 154 "C:\Users\hamed\OneDrive\Documents\HTK_Project\segment1\segment1\segment1\TIMEBASE.h"
 154  00A7  1F00     E  	clr rb
 154  00A8              _L40:
 175  00A8              #line 175 "C:\Users\hamed\OneDrive\Documents\HTK_Project\segment1\segment1\segment1\TIMEBASE.h"
 175  00A8  0F07        	mov a,7
 175  00A9  0200     R  	sub a,_R[0]
 175  00AA  0F00        	mov a,0
 175  00AB  1200     R  	sbc a,_R[1]
 175  00AC  3B8A        	snz sc
 175  00AD  2800     R  	jmp _L41
 175  00AE  0F0F        	mov a,15
 175  00AF  0200     R  	sub a,_R[0]
 175  00B0  0F00        	mov a,0
 175  00B1  1200     R  	sbc a,_R[1]
 175  00B2  3F8A        	sz sc
 175  00B3  2800     R  	jmp _L41
 176  00B4              #line 176 "C:\Users\hamed\OneDrive\Documents\HTK_Project\segment1\segment1\segment1\TIMEBASE.h"
 176  00B4  0700     R  	mov a,_newnaumber[0]
 176  00B5  0080     E  	mov rb,a
 176  00B6  0700     R  	mov a,_newnaumber[1]
 176  00B7  0080     E  	mov rc,a
 176  00B8  0F03        	mov a,3
 176  00B9              _LI6:
 176  00B9  340A        	clr c
 176  00BA  1A80     E  	rlc rb
 176  00BB  1A80     E  	rlc rc
 176  00BC  1785        	sdz acc
 176  00BD  2800     R  	jmp _LI6
 176  00BE  0700     R  	mov a,_TB1_ISR_2[0]
 176  00BF  0380     E  	addm a,rb
 176  00C0  0700     R  	mov a,_TB1_ISR_2[1]
 176  00C1  1380     E  	adcm a,rc
 176  00C2  0F00     R  	mov a,low offset _numbers
 176  00C3  0300     E  	add a,rb
 176  00C4  0083        	mov mp,a
 176  00C5  0F00     R  	mov a,high offset _numbers
 176  00C6  1300     E  	adc a,rc
 176  00C7  0084        	mov sbp,a
 176  00C8  2000     E  	call _Crom2Prom
 176  00C9  0080     E  	mov rb,a
 176  00CA  1F00     E  	clr rc
 176  00CB  0F10        	mov a,16
 176  00CC  0200     R  	sub a,_R[0]
 176  00CD  0080     E  	mov rf,a
 176  00CE  0F00        	mov a,0
 176  00CF  1200     R  	sbc a,_R[1]
 176  00D0  0080     E  	mov rg,a
 176  00D1  1400     E  	inca rf
 176  00D2  2800     R  	jmp _LI7
 176  00D3              _LI8:
 176  00D3  340A        	clr c
 176  00D4  3C00     E  	sz rc.7
 176  00D5  300A        	set c
 176  00D6  1B80     E  	rrc rc
 176  00D7  1B80     E  	rrc rb
 176  00D8              _LI7:
 176  00D8  1785        	sdz acc
"File: TIMEBASE.h    Assembler  Version HGASM0202      Page 16

 176  00D9  2800     R  	jmp _LI8
 176  00DA              _L41:
 178  00DA              #line 178 "C:\Users\hamed\OneDrive\Documents\HTK_Project\segment1\segment1\segment1\TIMEBASE.h"
 178  00DA  0F0F        	mov a,15
 178  00DB  0200     R  	sub a,_R[0]
 178  00DC  0F00        	mov a,0
 178  00DD  1200     R  	sbc a,_R[1]
 178  00DE  3B8A        	snz sc
 178  00DF  2800     R  	jmp _L39
 178  00E0  1F00     R  	clr _R[0]
 178  00E1  1F00     R  	clr _R[1]
 178  00E2  0700     R  	mov a,_newnaumber[0]
 178  00E3  0080     R  	mov _oldnaumber[0],a
 178  00E4  0700     R  	mov a,_newnaumber[1]
 178  00E5  0080     R  	mov _oldnaumber[1],a
 178  00E6  2800     R  	jmp _L39
 178  00E7              _L50:
 154  00E7              #line 154 "C:\Users\hamed\OneDrive\Documents\HTK_Project\segment1\segment1\segment1\TIMEBASE.h"
 154  00E7  1F00     E  	clr rb
 154  00E8              _L39:
 180  00E8              #line 180 "C:\Users\hamed\OneDrive\Documents\HTK_Project\segment1\segment1\segment1\TIMEBASE.h"
 180  00E8  0700     R  	mov a,_DN[0]
 180  00E9  0500     R  	or a,_DN[1]
 180  00EA  3D0A        	sz z
 180  00EB  2800     R  	jmp _L42
 181  00EC              #line 181 "C:\Users\hamed\OneDrive\Documents\HTK_Project\segment1\segment1\segment1\TIMEBASE.h"
 181  00EC  0F07        	mov a,7
 181  00ED  0200     R  	sub a,_R[0]
 181  00EE  0F00        	mov a,0
 181  00EF  1200     R  	sbc a,_R[1]
 181  00F0  3F8A        	sz sc
 181  00F1  2800     R  	jmp _L43
 182  00F2              #line 182 "C:\Users\hamed\OneDrive\Documents\HTK_Project\segment1\segment1\segment1\TIMEBASE.h"
 182  00F2  0700     R  	mov a,_R[0]
 182  00F3  0080     E  	mov rd,a
 182  00F4  0700     R  	mov a,_R[1]
 182  00F5  0080     E  	mov re,a
 182  00F6  0700     R  	mov a,_oldnaumber[0]
 182  00F7  0080     E  	mov rb,a
 182  00F8  0700     R  	mov a,_oldnaumber[1]
 182  00F9  0080     E  	mov rc,a
 182  00FA  0F03        	mov a,3
 182  00FB              _LI9:
 182  00FB  340A        	clr c
 182  00FC  1A80     E  	rlc rb
 182  00FD  1A80     E  	rlc rc
 182  00FE  1785        	sdz acc
 182  00FF  2800     R  	jmp _LI9
 182  0100  0700     R  	mov a,_TB1_ISR_2[0]
 182  0101  0380     E  	addm a,rb
 182  0102  0700     R  	mov a,_TB1_ISR_2[1]
 182  0103  1380     E  	adcm a,rc
 182  0104  0F00     R  	mov a,low offset _numbers
 182  0105  0300     E  	add a,rb
 182  0106  0083        	mov mp,a
 182  0107  0F00     R  	mov a,high offset _numbers
 182  0108  1300     E  	adc a,rc
 182  0109  0084        	mov sbp,a
 182  010A  2000     E  	call _Crom2Prom
 182  010B  0080     E  	mov rb,a
"File: TIMEBASE.h    Assembler  Version HGASM0202      Page 17

 182  010C  1F00     E  	clr rc
 182  010D  1400     E  	inca rd
 182  010E  2800     R  	jmp _LI10
 182  010F              _LI11:
 182  010F  340A        	clr c
 182  0110  3C00     E  	sz rc.7
 182  0111  300A        	set c
 182  0112  1B80     E  	rrc rc
 182  0113  1B80     E  	rrc rb
 182  0114              _LI10:
 182  0114  1785        	sdz acc
 182  0115  2800     R  	jmp _LI11
 182  0116              _L43:
 185  0116              #line 185 "C:\Users\hamed\OneDrive\Documents\HTK_Project\segment1\segment1\segment1\TIMEBASE.h"
 185  0116  0F07        	mov a,7
 185  0117  0200     R  	sub a,_R[0]
 185  0118  0F00        	mov a,0
 185  0119  1200     R  	sbc a,_R[1]
 185  011A  3B8A        	snz sc
 185  011B  2800     R  	jmp _L44
 185  011C  0F0F        	mov a,15
 185  011D  0200     R  	sub a,_R[0]
 185  011E  0F00        	mov a,0
 185  011F  1200     R  	sbc a,_R[1]
 185  0120  3F8A        	sz sc
 185  0121  2800     R  	jmp _L44
 186  0122              #line 186 "C:\Users\hamed\OneDrive\Documents\HTK_Project\segment1\segment1\segment1\TIMEBASE.h"
 186  0122  0700     R  	mov a,_newnaumber[0]
 186  0123  0080     E  	mov rb,a
 186  0124  0700     R  	mov a,_newnaumber[1]
 186  0125  0080     E  	mov rc,a
 186  0126  0F03        	mov a,3
 186  0127              _LI12:
 186  0127  340A        	clr c
 186  0128  1A80     E  	rlc rb
 186  0129  1A80     E  	rlc rc
 186  012A  1785        	sdz acc
 186  012B  2800     R  	jmp _LI12
 186  012C  0700     R  	mov a,_TB1_ISR_2[0]
 186  012D  0380     E  	addm a,rb
 186  012E  0700     R  	mov a,_TB1_ISR_2[1]
 186  012F  1380     E  	adcm a,rc
 186  0130  0F00     R  	mov a,low offset _numbers
 186  0131  0300     E  	add a,rb
 186  0132  0083        	mov mp,a
 186  0133  0F00     R  	mov a,high offset _numbers
 186  0134  1300     E  	adc a,rc
 186  0135  0084        	mov sbp,a
 186  0136  2000     E  	call _Crom2Prom
 186  0137  0080     E  	mov rb,a
 186  0138  1F00     E  	clr rc
 186  0139  0F10        	mov a,16
 186  013A  0200     R  	sub a,_R[0]
 186  013B  0080     E  	mov rf,a
 186  013C  0F00        	mov a,0
 186  013D  1200     R  	sbc a,_R[1]
 186  013E  0080     E  	mov rg,a
 186  013F  1400     E  	inca rf
 186  0140  2800     R  	jmp _LI13
 186  0141              _LI14:
"File: TIMEBASE.h    Assembler  Version HGASM0202      Page 18

 186  0141  340A        	clr c
 186  0142  1A80     E  	rlc rb
 186  0143  1A80     E  	rlc rc
 186  0144              _LI13:
 186  0144  1785        	sdz acc
 186  0145  2800     R  	jmp _LI14
 186  0146              _L44:
 188  0146              #line 188 "C:\Users\hamed\OneDrive\Documents\HTK_Project\segment1\segment1\segment1\TIMEBASE.h"
 188  0146  0F0F        	mov a,15
 188  0147  0200     R  	sub a,_R[0]
 188  0148  0F00        	mov a,0
 188  0149  1200     R  	sbc a,_R[1]
 188  014A  3B8A        	snz sc
 188  014B  2800     R  	jmp _L42
 188  014C  1F00     R  	clr _R[0]
 188  014D  1F00     R  	clr _R[1]
 188  014E  0700     R  	mov a,_newnaumber[0]
 188  014F  0080     R  	mov _oldnaumber[0],a
 188  0150  0700     R  	mov a,_newnaumber[1]
 188  0151  0080     R  	mov _oldnaumber[1],a
 188  0152  2800     R  	jmp _L42
 188  0153              _L38:
 192  0153              #line 192 "C:\Users\hamed\OneDrive\Documents\HTK_Project\segment1\segment1\segment1\TIMEBASE.h"
 192  0153  0700     R  	mov a,_oldnaumber[0]
 192  0154  0080     E  	mov rb,a
 192  0155  0700     R  	mov a,_oldnaumber[1]
 192  0156  0080     E  	mov rc,a
 192  0157  0F03        	mov a,3
 192  0158              _LI15:
 192  0158  340A        	clr c
 192  0159  1A80     E  	rlc rb
 192  015A  1A80     E  	rlc rc
 192  015B  1785        	sdz acc
 192  015C  2800     R  	jmp _LI15
 192  015D  0700     R  	mov a,_TB1_ISR_2[0]
 192  015E  0380     E  	addm a,rb
 192  015F  0700     R  	mov a,_TB1_ISR_2[1]
 192  0160  1380     E  	adcm a,rc
 192  0161  0F00     R  	mov a,low offset _numbers
 192  0162  0300     E  	add a,rb
 192  0163  0083        	mov mp,a
 192  0164  0F00     R  	mov a,high offset _numbers
 192  0165  1300     E  	adc a,rc
 192  0166  0084        	mov sbp,a
 192  0167  2000     E  	call _Crom2Prom
 192  0168  0080     E  	mov rb,a
 192  0169              _L42:
 198  0169              #line 198 "C:\Users\hamed\OneDrive\Documents\HTK_Project\segment1\segment1\segment1\TIMEBASE.h"
 198  0169  0700     E  	mov a,rb
 198  016A  0E01        	and a,1
 198  016B  0080     E  	mov rd,a
 198  016C  1F00     E  	clr rc
 198  016D  1080     E  	sz rd
 198  016E  3000     E  	set rc.2
 198  016F  3524        	clr [36].2
 198  0170  0700     E  	mov a,rc
 198  0171  05A4        	orm a,[36]
 199  0172              #line 199 "C:\Users\hamed\OneDrive\Documents\HTK_Project\segment1\segment1\segment1\TIMEBASE.h"
 199  0172  1F00     E  	clr rc
 199  0173  3C00     E  	sz rb.1
"File: TIMEBASE.h    Assembler  Version HGASM0202      Page 19

 199  0174  1480     E  	inc rc
 199  0175  1100     E  	swapa rc
 199  0176  1985        	rr acc
 199  0177  0EF8        	and a,0f8h
 199  0178  0080     E  	mov rc,a
 199  0179  35A4        	clr [36].3
 199  017A  0700     E  	mov a,rc
 199  017B  05A4        	orm a,[36]
 200  017C              #line 200 "C:\Users\hamed\OneDrive\Documents\HTK_Project\segment1\segment1\segment1\TIMEBASE.h"
 200  017C  1F00     E  	clr rc
 200  017D  3C00     E  	sz rb.2
 200  017E  1480     E  	inc rc
 200  017F  3470        	clr [112].0
 200  0180  0700     E  	mov a,rc
 200  0181  05F0        	orm a,[112]
 201  0182              #line 201 "C:\Users\hamed\OneDrive\Documents\HTK_Project\segment1\segment1\segment1\TIMEBASE.h"
 201  0182  1F00     E  	clr rc
 201  0183  3C00     E  	sz rb.3
 201  0184  1480     E  	inc rc
 201  0185  0700     E  	mov a,rc
 201  0186  0380     E  	addm a,rc
 201  0187  34F0        	clr [112].1
 201  0188  0700     E  	mov a,rc
 201  0189  05F0        	orm a,[112]
 202  018A              #line 202 "C:\Users\hamed\OneDrive\Documents\HTK_Project\segment1\segment1\segment1\TIMEBASE.h"
 202  018A  1F00     E  	clr rc
 202  018B  3C00     E  	sz rb.4
 202  018C  1480     E  	inc rc
 202  018D  1900     E  	rra rc
 202  018E  1985        	rr acc
 202  018F  0EC0        	and a,0c0h
 202  0190  0080     E  	mov rc,a
 202  0191  3718        	clr [24].6
 202  0192  0700     E  	mov a,rc
 202  0193  0598        	orm a,[24]
 203  0194              #line 203 "C:\Users\hamed\OneDrive\Documents\HTK_Project\segment1\segment1\segment1\TIMEBASE.h"
 203  0194  1F00     E  	clr rc
 203  0195  3C00     E  	sz rb.5
 203  0196  1480     E  	inc rc
 203  0197  1B80     E  	rrc rc
 203  0198  1F00     E  	clr rc
 203  0199  1B80     E  	rrc rc
 203  019A  3798        	clr [24].7
 203  019B  0700     E  	mov a,rc
 203  019C  0598        	orm a,[24]
 204  019D              #line 204 "C:\Users\hamed\OneDrive\Documents\HTK_Project\segment1\segment1\segment1\TIMEBASE.h"
 204  019D  1F00     E  	clr rc
 204  019E  3C00     E  	sz rb.6
 204  019F  3000     E  	set rc.2
 204  01A0  3518        	clr [24].2
 204  01A1  0700     E  	mov a,rc
 204  01A2  0598        	orm a,[24]
 205  01A3              #line 205 "C:\Users\hamed\OneDrive\Documents\HTK_Project\segment1\segment1\segment1\TIMEBASE.h"
 205  01A3  1A80     E  	rlc rb
 205  01A4  1F00     E  	clr rb
 205  01A5  1A80     E  	rlc rb
 205  01A6  1100     E  	swapa rb
 205  01A7  1985        	rr acc
 205  01A8  0EF8        	and a,0f8h
 205  01A9  0080     E  	mov rb,a
"File: TIMEBASE.h    Assembler  Version HGASM0202      Page 20

 205  01AA  3598        	clr [24].3
 205  01AB  0700     E  	mov a,rb
 205  01AC  0598        	orm a,[24]
 207  01AD              #line 207 "C:\Users\hamed\OneDrive\Documents\HTK_Project\segment1\segment1\segment1\TIMEBASE.h"
 207  01AD  0700     R  	mov a,_UP[0]
 207  01AE  0500     R  	or a,_UP[1]
 207  01AF  390A        	snz z
 207  01B0  2800     R  	jmp _L45
 207  01B1  0700     R  	mov a,_DN[0]
 207  01B2  0500     R  	or a,_DN[1]
 207  01B3  3D0A        	sz z
 207  01B4  2800     R  	jmp _L46
 207  01B5              _L45:
 208  01B5              #line 208 "C:\Users\hamed\OneDrive\Documents\HTK_Project\segment1\segment1\segment1\TIMEBASE.h"
 208  01B5  0700     E  	mov a,ra
 208  01B6  0E01        	and a,1
 208  01B7  0080     E  	mov rb,a
 208  01B8  1100     E  	swapa rb
 208  01B9  1885        	rl acc
 208  01BA  0EE0        	and a,0e0h
 208  01BB  0080     E  	mov rb,a
 208  01BC  36F0        	clr [112].5
 208  01BD  0700     E  	mov a,rb
 208  01BE  05F0        	orm a,[112]
 209  01BF              #line 209 "C:\Users\hamed\OneDrive\Documents\HTK_Project\segment1\segment1\segment1\TIMEBASE.h"
 209  01BF  1F00     E  	clr rb
 209  01C0  3C00     E  	sz ra.1
 209  01C1  1480     E  	inc rb
 209  01C2  1100     E  	swapa rb
 209  01C3  0EF0        	and a,0f0h 
 209  01C4  0080     E  	mov rb,a
 209  01C5  3670        	clr [112].4
 209  01C6  0700     E  	mov a,rb
 209  01C7  05F0        	orm a,[112]
 210  01C8              #line 210 "C:\Users\hamed\OneDrive\Documents\HTK_Project\segment1\segment1\segment1\TIMEBASE.h"
 210  01C8  1F00     E  	clr rb
 210  01C9  3C00     E  	sz ra.2
 210  01CA  1480     E  	inc rb
 210  01CB  1100     E  	swapa rb
 210  01CC  1985        	rr acc
 210  01CD  0EF8        	and a,0f8h
 210  01CE  0080     E  	mov rb,a
 210  01CF  3594        	clr [20].3
 210  01D0  0700     E  	mov a,rb
 210  01D1  0594        	orm a,[20]
 211  01D2              #line 211 "C:\Users\hamed\OneDrive\Documents\HTK_Project\segment1\segment1\segment1\TIMEBASE.h"
 211  01D2  1F00     E  	clr rb
 211  01D3  3C00     E  	sz ra.3
 211  01D4  1480     E  	inc rb
 211  01D5  1100     E  	swapa rb
 211  01D6  0EF0        	and a,0f0h 
 211  01D7  0080     E  	mov rb,a
 211  01D8  3614        	clr [20].4
 211  01D9  0700     E  	mov a,rb
 211  01DA  0594        	orm a,[20]
 212  01DB              #line 212 "C:\Users\hamed\OneDrive\Documents\HTK_Project\segment1\segment1\segment1\TIMEBASE.h"
 212  01DB  1F00     E  	clr rb
 212  01DC  3C00     E  	sz ra.4
 212  01DD  1480     E  	inc rb
 212  01DE  1100     E  	swapa rb
"File: TIMEBASE.h    Assembler  Version HGASM0202      Page 21

 212  01DF  1885        	rl acc
 212  01E0  0EE0        	and a,0e0h
 212  01E1  0080     E  	mov rb,a
 212  01E2  3698        	clr [24].5
 212  01E3  0700     E  	mov a,rb
 212  01E4  0598        	orm a,[24]
 213  01E5              #line 213 "C:\Users\hamed\OneDrive\Documents\HTK_Project\segment1\segment1\segment1\TIMEBASE.h"
 213  01E5  1F00     E  	clr rb
 213  01E6  3C00     E  	sz ra.5
 213  01E7  1480     E  	inc rb
 213  01E8  1100     E  	swapa rb
 213  01E9  0EF0        	and a,0f0h 
 213  01EA  0080     E  	mov rb,a
 213  01EB  3618        	clr [24].4
 213  01EC  0700     E  	mov a,rb
 213  01ED  0598        	orm a,[24]
 214  01EE              #line 214 "C:\Users\hamed\OneDrive\Documents\HTK_Project\segment1\segment1\segment1\TIMEBASE.h"
 214  01EE  1F00     E  	clr rb
 214  01EF  3C00     E  	sz ra.6
 214  01F0  1480     E  	inc rb
 214  01F1  0700     E  	mov a,rb
 214  01F2  0380     E  	addm a,rb
 214  01F3  3498        	clr [24].1
 214  01F4  0700     E  	mov a,rb
 214  01F5  0598        	orm a,[24]
 215  01F6              #line 215 "C:\Users\hamed\OneDrive\Documents\HTK_Project\segment1\segment1\segment1\TIMEBASE.h"
 215  01F6  1A80     E  	rlc ra
 215  01F7  1F00     E  	clr ra
 215  01F8  1A80     E  	rlc ra
 215  01F9  3418        	clr [24].0
 215  01FA  0700     E  	mov a,ra
 215  01FB  0598        	orm a,[24]
 215  01FC              _L46:
 215  01FC              #pragma debug scope 12 1
 139  01FC              #line 139 "C:\Users\hamed\OneDrive\Documents\HTK_Project\segment1\segment1\segment1\TIMEBASE.h"
 139  01FC  1480     R  	inc _TB1_ISR_2[0]
 139  01FD  3D0A        	sz z
 139  01FE  1480     R  	inc _TB1_ISR_2[1]
 139  01FF  0700     R  	mov a,_TB1_ISR_2[0]
 139  0200  0C08        	xor a,8
 139  0201  0500     R  	or a,_TB1_ISR_2[1]
 139  0202  390A        	snz z
 139  0203  2800     R  	jmp _L48
 139  0204  0700     E  	mov a,r2
 139  0205  008A        	mov status,a
 139  0206  0700     E  	mov a,r3
 139  0207  0083        	mov mp,a
 139  0208  0700     E  	mov a,r4
 139  0209  0084        	mov sbp,a
 139  020A  0700     E  	mov a,r5
 139  020B  0087        	mov tblp,a
 139  020C  0700     E  	mov a,r6
 139  020D  0089        	mov tbhp,a
 139  020E  1D05        	tabrdc acc
 139  020F  0700     E  	mov a,r1
 139  0210  0004        	reti
 139  0211              _TB1_ISR endp
 139  0211              
 139  0211              #line 139 "C:\Users\hamed\OneDrive\Documents\HTK_Project\segment1\segment1\segment1\TIMEBASE.h"
 139  0211              #pragma debug scope 1 1
"File: TIMEBASE.h    Assembler  Version HGASM0202      Page 22

 139  0211              public _main
 139  0211              #pragma debug scope 14 1

  12  0211              #line 12 "C:\Users\hamed\OneDrive\Documents\HTK_Project\segment1\segment1\segment1\segment1.c"
  12  0211              IFDEF WITH_DEFAULT_STARTUP
  12  0211              extern _main_initial0:near
  12  0211              extern _main_startup:near
  12  0211              ENDIF
  12  0211              
  12  0211              ROMBANK 0 @start
  12  0000              @start .section com_l 'code'
  12  0000              _main_startup1:
  12  0000              @start .section com_e 'code'
  12  0000  2800     R  	jmp _main
  12  0001              
  12  0000              _main .section 'code'
  12  0000              _main proc
  13  0000              #line 13 "C:\Users\hamed\OneDrive\Documents\HTK_Project\segment1\segment1\segment1\segment1.c"
  13  0000  0F01        	mov a,1
  13  0001  0080     R  	mov _delay_ms_2[0],a
  13  0002  1F00     R  	clr _delay_ms_2[1]
  13  0003  1F00     R  	clr _delay_ms_2[2]
  13  0004  1F00     R  	clr _delay_ms_2[3]
  13  0005  2000     R  	call _delay_ms
  14  0006              #line 14 "C:\Users\hamed\OneDrive\Documents\HTK_Project\segment1\segment1\segment1\segment1.c"
  14  0006  2000     R  	call _initMatrix
  15  0007              #line 15 "C:\Users\hamed\OneDrive\Documents\HTK_Project\segment1\segment1\segment1\segment1.c"
  15  0007  0F01        	mov a,1
  15  0008  0080     R  	mov _delay_ms_2[0],a
  15  0009  1F00     R  	clr _delay_ms_2[1]
  15  000A  1F00     R  	clr _delay_ms_2[2]
  15  000B  1F00     R  	clr _delay_ms_2[3]
  15  000C  2000     R  	call _delay_ms
  16  000D              #line 16 "C:\Users\hamed\OneDrive\Documents\HTK_Project\segment1\segment1\segment1\segment1.c"
  16  000D  2000     R  	call _TB0_INIT
  17  000E              #line 17 "C:\Users\hamed\OneDrive\Documents\HTK_Project\segment1\segment1\segment1\segment1.c"
  17  000E  0F01        	mov a,1
  17  000F  0080     R  	mov _delay_ms_2[0],a
  17  0010  1F00     R  	clr _delay_ms_2[1]
  17  0011  1F00     R  	clr _delay_ms_2[2]
  17  0012  1F00     R  	clr _delay_ms_2[3]
  17  0013  2000     R  	call _delay_ms
  18  0014              #line 18 "C:\Users\hamed\OneDrive\Documents\HTK_Project\segment1\segment1\segment1\segment1.c"
  18  0014  2000     R  	call _TB1_INIT
  19  0015              #line 19 "C:\Users\hamed\OneDrive\Documents\HTK_Project\segment1\segment1\segment1\segment1.c"
  19  0015  0F01        	mov a,1
  19  0016  0080     R  	mov _delay_ms_2[0],a
  19  0017  1F00     R  	clr _delay_ms_2[1]
  19  0018  1F00     R  	clr _delay_ms_2[2]
  19  0019  1F00     R  	clr _delay_ms_2[3]
  19  001A  2000     R  	call _delay_ms
  19  001B              _L62:
  26  001B              #line 26 "C:\Users\hamed\OneDrive\Documents\HTK_Project\segment1\segment1\segment1\segment1.c"
  26  001B              ;# 26 "C:\Users\hamed\OneDrive\Documents\HTK_Project\segment1\segment1\segment1\segment1.c" 1
  26  001B  0001        	clr wdt
  26  001C  2800     R  	jmp _L62
  26  001D  2800     R  	jmp $
  26  001E              _main endp
  26  001E              
  26  001E              @dummy endp
"File: segment1.c    Assembler  Version HGASM0202      Page 23

  26  001E              
  26  001E              #line 26 "C:\Users\hamed\OneDrive\Documents\HTK_Project\segment1\segment1\segment1\segment1.c"
  26  001E              #pragma debug scope 1 1
  26  001E              public _ni
  26  0000              @HCCINIT	.section 'data'

  44  0000              #line 44 "C:\Users\hamed\OneDrive\Documents\HTK_Project\segment1\segment1\segment1\TIMEBASE.h"
  44  0000              @HCCINIT_ni .section 'data'
  44  0000              _ni label byte
  44  0000              #pragma debug variable 14 1 _ni "ni"
  44  0000              	db 0
  44  0000              @ROMDATA_BASE .section inpage 'code'
  44  0000              	db 0
  44  0001              @HCCINIT_ni .section 'data'
  44  0001              	db 0
  44  0001              @ROMDATA_BASE .section inpage 'code'
  44  0001              	db 0
  44  0002              @HCCINIT_ni .section 'data'
  44  0002              	db 0
  44  0001              @ROMDATA_BASE .section inpage 'code'
  44  0001              	db 0
  44  0003              @HCCINIT_ni .section 'data'
  44  0003              	db 0
  44  0002              @ROMDATA_BASE .section inpage 'code'
  44  0002              	db 0
  44  0004              @HCCINIT_ni .section 'data'
  44  0004              public _conter8
  43  0004              #line 43 "C:\Users\hamed\OneDrive\Documents\HTK_Project\segment1\segment1\segment1\TIMEBASE.h"
  43  0000              @HCCINIT_conter8 .section 'data'
  43  0000              _conter8 label byte
  43  0000              #pragma debug variable 11 1 _conter8 "conter8"
  43  0000              	db 0
  43  0002              @ROMDATA_BASE .section inpage 'code'
  43  0002              	db 0
  43  0001              @HCCINIT_conter8 .section 'data'
  43  0001              	db 0
  43  0003              @ROMDATA_BASE .section inpage 'code'
  43  0003              	db 0
  43  0002              @HCCINIT_conter8 .section 'data'
  43  0002              public _rizesh
  43  0002              #line 43 "C:\Users\hamed\OneDrive\Documents\HTK_Project\segment1\segment1\segment1\TIMEBASE.h"
  43  0000              @HCCINIT_rizesh .section 'data'
  43  0000              _rizesh label byte
  43  0000              #pragma debug variable 11 1 _rizesh "rizesh"
  43  0000              	dw 8
  43  0003              @ROMDATA_BASE .section inpage 'code'
  43  0003  0008        	dc 8
  43  0002              @HCCINIT_rizesh .section 'data'
  43  0002              public _R
  42  0002              #line 42 "C:\Users\hamed\OneDrive\Documents\HTK_Project\segment1\segment1\segment1\TIMEBASE.h"
  42  0000              @HCCINIT_R .section 'data'
  42  0000              _R label byte
  42  0000              #pragma debug variable 11 1 _R "R"
  42  0000              	db 0
  42  0004              @ROMDATA_BASE .section inpage 'code'
  42  0004              	db 0
  42  0001              @HCCINIT_R .section 'data'
  42  0001              	db 0
  42  0005              @ROMDATA_BASE .section inpage 'code'
  42  0005              	db 0
"File: TIMEBASE.h    Assembler  Version HGASM0202      Page 24

  42  0002              @HCCINIT_R .section 'data'
  42  0002              public _DN
  42  0002              #line 42 "C:\Users\hamed\OneDrive\Documents\HTK_Project\segment1\segment1\segment1\TIMEBASE.h"
  42  0000              @HCCINIT_DN .section 'data'
  42  0000              _DN label byte
  42  0000              #pragma debug variable 11 1 _DN "DN"
  42  0000              	db 0
  42  0005              @ROMDATA_BASE .section inpage 'code'
  42  0005              	db 0
  42  0001              @HCCINIT_DN .section 'data'
  42  0001              	db 0
  42  0006              @ROMDATA_BASE .section inpage 'code'
  42  0006              	db 0
  42  0002              @HCCINIT_DN .section 'data'
  42  0002              public _UP
  42  0002              #line 42 "C:\Users\hamed\OneDrive\Documents\HTK_Project\segment1\segment1\segment1\TIMEBASE.h"
  42  0000              @HCCINIT_UP .section 'data'
  42  0000              _UP label byte
  42  0000              #pragma debug variable 11 1 _UP "UP"
  42  0000              	dw 1
  42  0006              @ROMDATA_BASE .section inpage 'code'
  42  0006  0001        	dc 1
  42  0002              @HCCINIT_UP .section 'data'
  42  0002              public _nj
  42  0002              #line 42 "C:\Users\hamed\OneDrive\Documents\HTK_Project\segment1\segment1\segment1\TIMEBASE.h"
  42  0000              @HCCINIT_nj .section 'data'
  42  0000              _nj label byte
  42  0000              #pragma debug variable 11 1 _nj "nj"
  42  0000              	db 0
  42  0007              @ROMDATA_BASE .section inpage 'code'
  42  0007              	db 0
  42  0001              @HCCINIT_nj .section 'data'
  42  0001              	db 0
  42  0008              @ROMDATA_BASE .section inpage 'code'
  42  0008              	db 0
  42  0002              @HCCINIT_nj .section 'data'
  42  0002              public _n
  42  0002              #line 42 "C:\Users\hamed\OneDrive\Documents\HTK_Project\segment1\segment1\segment1\TIMEBASE.h"
  42  0000              @HCCINIT_n .section 'data'
  42  0000              _n label byte
  42  0000              #pragma debug variable 11 1 _n "n"
  42  0000              	db 0
  42  0008              @ROMDATA_BASE .section inpage 'code'
  42  0008              	db 0
  42  0001              @HCCINIT_n .section 'data'
  42  0001              	db 0
  42  0009              @ROMDATA_BASE .section inpage 'code'
  42  0009              	db 0
  42  0002              @HCCINIT_n .section 'data'
  42  0002              public _oldnaumber
  42  0002              #line 42 "C:\Users\hamed\OneDrive\Documents\HTK_Project\segment1\segment1\segment1\TIMEBASE.h"
  42  0000              @HCCINIT_oldnaumber .section 'data'
  42  0000              _oldnaumber label byte
  42  0000              #pragma debug variable 11 1 _oldnaumber "oldnaumber"
  42  0000              	db 0
  42  0009              @ROMDATA_BASE .section inpage 'code'
  42  0009              	db 0
  42  0001              @HCCINIT_oldnaumber .section 'data'
  42  0001              	db 0
  42  000A              @ROMDATA_BASE .section inpage 'code'
"File: TIMEBASE.h    Assembler  Version HGASM0202      Page 25

  42  000A              	db 0
  42  0002              @HCCINIT_oldnaumber .section 'data'
  42  0002              public _newnaumber
  42  0002              #line 42 "C:\Users\hamed\OneDrive\Documents\HTK_Project\segment1\segment1\segment1\TIMEBASE.h"
  42  0000              @HCCINIT_newnaumber .section 'data'
  42  0000              _newnaumber label byte
  42  0000              #pragma debug variable 11 1 _newnaumber "newnaumber"
  42  0000              	db 0
  42  000A              @ROMDATA_BASE .section inpage 'code'
  42  000A              	db 0
  42  0001              @HCCINIT_newnaumber .section 'data'
  42  0001              	db 0
  42  000B              @ROMDATA_BASE .section inpage 'code'
  42  000B              	db 0
  42  0002              @HCCINIT_newnaumber .section 'data'
  42  0002              public _jahatDOOR
  42  0000              @crom	.section 'crom'

  82  0000              #line 82 "C:\Users\hamed\OneDrive\Documents\HTK_Project\segment1\segment1\segment1\IO.h"
  82  0000              @crom	.section	'crom'
  82  0000              _jahatDOOR:
  82  0000              #pragma debug array 42 8 8 1
  82  0000              #pragma debug array 42 8 8 1
  82  0000              #pragma debug array 43 42 8 1
  82  0000              #pragma debug array 43 42 8 1
  82  0000              #pragma debug variable 43 1 _jahatDOOR "jahatDOOR"
  82  0000              	db -1
  82  0001              	db -1
  82  0001              	db -1
  82  0002              	db 7
  82  0002              	db 7
  82  0003              	db 7
  82  0003              	db 7
  82  0004              	db 7
  82  0004              	db -1
  82  0005              	db -1
  82  0005              	db -1
  82  0006              	db 7
  82  0006              	db 7
  82  0007              	db 7
  82  0007              	db 7
  82  0008              	db 7
  82  0008              	db -1
  82  0009              	db -1
  82  0009              	db -1
  82  000A              	db 7
  82  000A              	db 7
  82  000B              	db 7
  82  000B              	db 7
  82  000C              	db 7
  82  000C              	db -1
  82  000D              	db -1
  82  000D              	db -1
  82  000E              	db 7
  82  000E              	db 7
  82  000F              	db 7
  82  000F              	db 7
  82  0010              	db 7
  82  0010              	db -1
  82  0011              	db -1
"File: IO.h          Assembler  Version HGASM0202      Page 26

  82  0011              	db -1
  82  0012              	db 7
  82  0012              	db 7
  82  0013              	db 7
  82  0013              	db 7
  82  0014              	db 7
  82  0014              	db -1
  82  0015              	db -1
  82  0015              	db -1
  82  0016              	db 7
  82  0016              	db 7
  82  0017              	db 7
  82  0017              	db 7
  82  0018              	db 7
  82  0018              	db -1
  82  0019              	db -1
  82  0019              	db -1
  82  001A              	db 7
  82  001A              	db 7
  82  001B              	db 7
  82  001B              	db 7
  82  001C              	db 7
  82  001C              	db -1
  82  001D              	db -1
  82  001D              	db -1
  82  001E              	db 7
  82  001E              	db 7
  82  001F              	db 7
  82  001F              	db 7
  82  0020              	db 7
  82  0020              public _jahatDN
  70  0020              #line 70 "C:\Users\hamed\OneDrive\Documents\HTK_Project\segment1\segment1\segment1\IO.h"
  70  0020              @crom	.section	'crom'
  70  0020              _jahatDN:
  70  0020              #pragma debug variable 43 1 _jahatDN "jahatDN"
  70  0020              	db -32
  70  0021              	db -32
  70  0021              	db -32
  70  0022              	db -32
  70  0022              	db -32
  70  0023              	db -1
  70  0023              	db -1
  70  0024              	db -1
  70  0024              	db -63
  70  0025              	db -64
  70  0025              	db -64
  70  0026              	db -64
  70  0026              	db -64
  70  0027              	db -64
  70  0027              	db -1
  70  0028              	db -1
  70  0028              	db -125
  70  0029              	db -125
  70  0029              	db -128
  70  002A              	db -128
  70  002A              	db -128
  70  002B              	db -128
  70  002B              	db -128
  70  002C              	db -1
  70  002C              	db 7
"File: IO.h          Assembler  Version HGASM0202      Page 27

  70  002D              	db 7
  70  002D              	db 7
  70  002E              	db 0
  70  002E              	db 0
  70  002F              	db 0
  70  002F              	db 0
  70  0030              	db 0
  70  0030              	db 14
  70  0031              	db 15
  70  0031              	db 15
  70  0032              	db 15
  70  0032              	db 0
  70  0033              	db 0
  70  0033              	db 0
  70  0034              	db 0
  70  0034              	db 28
  70  0035              	db 28
  70  0035              	db 31
  70  0036              	db 31
  70  0036              	db 31
  70  0037              	db 0
  70  0037              	db 0
  70  0038              	db 0
  70  0038              	db 56
  70  0039              	db 56
  70  0039              	db 56
  70  003A              	db 63
  70  003A              	db 63
  70  003B              	db 63
  70  003B              	db 0
  70  003C              	db 0
  70  003C              	db 112
  70  003D              	db 112
  70  003D              	db 112
  70  003E              	db 112
  70  003E              	db 127
  70  003F              	db 127
  70  003F              	db 127
  70  0040              	db 0
  70  0040              public _jahatUP
  58  0040              #line 58 "C:\Users\hamed\OneDrive\Documents\HTK_Project\segment1\segment1\segment1\IO.h"
  58  0040              @crom	.section	'crom'
  58  0040              _jahatUP:
  58  0040              #pragma debug variable 43 1 _jahatUP "jahatUP"
  58  0040              	db -1
  58  0041              	db -1
  58  0041              	db -1
  58  0042              	db 7
  58  0042              	db 7
  58  0043              	db 7
  58  0043              	db 7
  58  0044              	db 7
  58  0044              	db -1
  58  0045              	db -1
  58  0045              	db 3
  58  0046              	db 3
  58  0046              	db 3
  58  0047              	db 3
  58  0047              	db 3
  58  0048              	db -125
"File: IO.h          Assembler  Version HGASM0202      Page 28

  58  0048              	db -1
  58  0049              	db 1
  58  0049              	db 1
  58  004A              	db 1
  58  004A              	db 1
  58  004B              	db 1
  58  004B              	db -63
  58  004C              	db -63
  58  004C              	db 0
  58  004D              	db 0
  58  004D              	db 0
  58  004E              	db 0
  58  004E              	db 0
  58  004F              	db -32
  58  004F              	db -32
  58  0050              	db -32
  58  0050              	db 0
  58  0051              	db 0
  58  0051              	db 0
  58  0052              	db 0
  58  0052              	db -16
  58  0053              	db -16
  58  0053              	db -16
  58  0054              	db 112
  58  0054              	db 0
  58  0055              	db 0
  58  0055              	db 0
  58  0056              	db -8
  58  0056              	db -8
  58  0057              	db -8
  58  0057              	db 56
  58  0058              	db 56
  58  0058              	db 0
  58  0059              	db 0
  58  0059              	db -4
  58  005A              	db -4
  58  005A              	db -4
  58  005B              	db 28
  58  005B              	db 28
  58  005C              	db 28
  58  005C              	db 0
  58  005D              	db -2
  58  005D              	db -2
  58  005E              	db -2
  58  005E              	db 14
  58  005F              	db 14
  58  005F              	db 14
  58  0060              	db 14
  58  0060              public _numbers
  43  0060              #line 43 "C:\Users\hamed\OneDrive\Documents\HTK_Project\segment1\segment1\segment1\IO.h"
  43  0060              @crom	.section	'crom'
  43  0060              _numbers:
  43  0060              #pragma debug array 44 42 14 1
  43  0060              #pragma debug array 44 42 14 1
  43  0060              #pragma debug variable 44 1 _numbers "numbers"
  43  0060              	db 0
  43  0061              	db 126
  43  0061              	db -127
  43  0062              	db -127
  43  0062              	db -111
"File: IO.h          Assembler  Version HGASM0202      Page 29

  43  0063              	db -111
  43  0063              	db -14
  43  0064              	db 0
  43  0064              	db 0
  43  0065              	db 0
  43  0065              	db 0
  43  0066              	db -126
  43  0066              	db -1
  43  0067              	db -128
  43  0067              	db 0
  43  0068              	db 0
  43  0068              	db 0
  43  0069              	db -62
  43  0069              	db -95
  43  006A              	db -111
  43  006A              	db -111
  43  006B              	db -111
  43  006B              	db -114
  43  006C              	db 0
  43  006C              	db 0
  43  006D              	db 66
  43  006D              	db -119
  43  006E              	db -119
  43  006E              	db -119
  43  006F              	db -119
  43  006F              	db 118
  43  0070              	db 0
  43  0070              	db 0
  43  0071              	db 48
  43  0071              	db 40
  43  0072              	db 36
  43  0072              	db 34
  43  0073              	db -1
  43  0073              	db 32
  43  0074              	db 0
  43  0074              	db 0
  43  0075              	db 79
  43  0075              	db -119
  43  0076              	db -119
  43  0076              	db -119
  43  0077              	db -119
  43  0077              	db 113
  43  0078              	db 0
  43  0078              	db 0
  43  0079              	db 126
  43  0079              	db -119
  43  007A              	db -119
  43  007A              	db -119
  43  007B              	db -119
  43  007B              	db 114
  43  007C              	db 0
  43  007C              	db 0
  43  007D              	db 1
  43  007D              	db 1
  43  007E              	db -31
  43  007E              	db 17
  43  007F              	db 9
  43  007F              	db 7
  43  0080              	db 0
  43  0080              	db 0
"File: IO.h          Assembler  Version HGASM0202      Page 30

  43  0081              	db 118
  43  0081              	db -119
  43  0082              	db -119
  43  0082              	db -119
  43  0083              	db -119
  43  0083              	db 118
  43  0084              	db 0
  43  0084              	db 0
  43  0085              	db 78
  43  0085              	db -111
  43  0086              	db -111
  43  0086              	db -111
  43  0087              	db -111
  43  0087              	db 126
  43  0088              	db 0
  43  0088              	db -1
  43  0089              	db -1
  43  0089              	db -1
  43  008A              	db 7
  43  008A              	db 7
  43  008B              	db 7
  43  008B              	db 7
  43  008C              	db 7
  43  008C              	db 7
  43  008D              	db 7
  43  008D              	db 7
  43  008E              	db 7
  43  008E              	db 7
  43  008F              	db -1
  43  008F              	db -1
  43  0090              	db -1
  43  0090              	db 0
  43  0091              	db 0
  43  0091              	db 0
  43  0092              	db 0
  43  0092              	db 0
  43  0093              	db 0
  43  0093              	db 0
  43  0094              	db 0
  43  0094              	db 0
  43  0095              	db 0
  43  0095              	db 0
  43  0096              	db 0
  43  0096              	db 0
  43  0097              	db 0
  43  0097              	db 0
  43  0098              	db 0
  43  0098              #pragma debug struct_end
  43  0098              #pragma debug struct_end
  43  0098              #pragma debug union_end
  43  0098              #pragma debug union_end
  43  0098              #pragma debug variable 46 1 ___intc0 "__intc0" 1
  43  0098              #pragma debug struct_end
  43  0098              #pragma debug struct_end
  43  0098              #pragma debug union_end
  43  0098              #pragma debug union_end
  43  0098              #pragma debug variable 48 1 ___intc2 "__intc2" 1
  43  0098              #pragma debug struct_end
  43  0098              #pragma debug struct_end
  43  0098              #pragma debug union_end
"File: IO.h          Assembler  Version HGASM0202      Page 31

  43  0098              #pragma debug union_end
  43  0098              #pragma debug variable 50 1 ___pa "__pa" 1
  43  0098              #pragma debug struct_end
  43  0098              #pragma debug struct_end
  43  0098              #pragma debug union_end
  43  0098              #pragma debug union_end
  43  0098              #pragma debug variable 52 1 ___pac "__pac" 1
  43  0098              #pragma debug struct_end
  43  0098              #pragma debug struct_end
  43  0098              #pragma debug union_end
  43  0098              #pragma debug union_end
  43  0098              #pragma debug variable 54 1 ___pb "__pb" 1
  43  0098              #pragma debug struct_end
  43  0098              #pragma debug struct_end
  43  0098              #pragma debug union_end
  43  0098              #pragma debug union_end
  43  0098              #pragma debug variable 56 1 ___pbc "__pbc" 1
  43  0098              #pragma debug struct_end
  43  0098              #pragma debug struct_end
  43  0098              #pragma debug union_end
  43  0098              #pragma debug union_end
  43  0098              #pragma debug variable 58 1 ___pc "__pc" 1
  43  0098              #pragma debug struct_end
  43  0098              #pragma debug struct_end
  43  0098              #pragma debug union_end
  43  0098              #pragma debug union_end
  43  0098              #pragma debug variable 60 1 ___pcc "__pcc" 1
  43  0098              #pragma debug struct_end
  43  0098              #pragma debug struct_end
  43  0098              #pragma debug union_end
  43  0098              #pragma debug union_end
  43  0098              #pragma debug variable 62 1 ___psc0r "__psc0r" 1
  43  0098              #pragma debug struct_end
  43  0098              #pragma debug struct_end
  43  0098              #pragma debug union_end
  43  0098              #pragma debug union_end
  43  0098              #pragma debug variable 64 1 ___tb0c "__tb0c" 1
  43  0098              #pragma debug struct_end
  43  0098              #pragma debug struct_end
  43  0098              #pragma debug union_end
  43  0098              #pragma debug union_end
  43  0098              #pragma debug variable 66 1 ___tb1c "__tb1c" 1
  43  0098              #pragma debug struct_end
  43  0098              #pragma debug struct_end
  43  0098              #pragma debug union_end
  43  0098              #pragma debug union_end
  43  0098              #pragma debug variable 68 1 ___psc1r "__psc1r" 1
  43  0098              #pragma debug struct_end
  43  0098              #pragma debug struct_end
  43  0098              #pragma debug union_end
  43  0098              #pragma debug union_end
  43  0098              #pragma debug variable 70 1 ___pe "__pe" 1
  43  0098              #pragma debug struct_end
  43  0098              #pragma debug struct_end
  43  0098              #pragma debug union_end
  43  0098              #pragma debug union_end
  43  0098              #pragma debug variable 72 1 ___pec "__pec" 1
  43  0098              extern r1:byte
  43  0098              extern r2:byte
  43  0098              extern r3:byte
"File: IO.h          Assembler  Version HGASM0202      Page 32

  43  0098              extern r4:byte
  43  0098              extern r5:byte
  43  0098              extern r6:byte

  12  0098              #line 12 "C:\Users\hamed\OneDrive\Documents\HTK_Project\segment1\segment1\segment1\segment1.c"
  12  0000              @code .section at 0 'code'
  12  0000  2800     R  	jmp _main_startup1
  12  0001              
  12  0001              extern _builtin_holtek_mulsi3_2:byte
  12  0001              extern _builtin_holtek_mulsi3:near
  12  0001              
  12  0001              ; 
  12  0001              ; Generated by holtek-gcc v3.19, Sat Feb 01 00:09:49 2025
  12  0001              ; Rebuild 718
  12  0001              ; end of file


        0 Errors, 0