"File: Toch2Key.c    Assembler  Version HGASM0202      Page 1


   1  0000              ; Generated by holtek-gcc v3.19, Fri Dec 08 12:44:11 2023
   2  0000              ; 
   3  0000              ; Configuration:
   4  0000              ;       without long instruction
   5  0000              ;       Single ROM, Multi-RAM
   6  0000              ;       bits_per_rom_unit:16
   7  0000              ;       with mp1
   8  0000              ;       with tbhp, address(0x9)
   9  0000              ;          Use tabrd-const
  10  0000              ;       
  11  0000              ;       
  12  0000              ;       
  13  0000              ; use 'tabrdc' instead of 'tabrd'
  14  0000              ;       
  15  0000              
  16  0000              #pragma translator "holtek-gcc 4.6.4" "3.19" "build 20130711"
  17  0000              ; Rebuild 718
  18  0000              
  19  0000              ir equ [2]
  20  0000              mp equ [3]
  21  0000              sbp equ [1]
  22  0000              acc equ [5]
  23  0000              bp equ [4]
  24  0000              tblp equ [7]
  25  0000              tbhp equ [9]
  26  0000              status equ [10]
  27  0000              c equ [10].0
  28  0000              ac equ [10].1
  29  0000              z equ [10].2
  30  0000              ov equ [10].3
  31  0000              intc equ [11]
  32  0000              
  33  0000              extern ra:byte
  34  0000              extern rb:byte
  35  0000              extern rc:byte
  36  0000              extern rd:byte
  37  0000              extern re:byte
  38  0000              extern rf:byte
  39  0000              extern rg:byte
  40  0000              extern rh:byte
  41  0000              extern _Crom2Prom:near
  42  0000              extern _Crom2PromNext:near
  43  0000              
  44  0000              RAMBANK 0 @HCCINIT, @HCCINIT0
  45  0000              
  46  0000              RAMBANK 0 @BITDATASEC, @BITDATASEC1
  47  0000              @HCCINIT	.section 'data'
  48  0000              @HCCINIT0	.section 'data'
  49  0000              @BITDATASEC	 .section 'data'
  50  0000              @BITDATASEC1	 .section 'data'
  51  0000              
  52  0000              #pragma debug scope 1 1
  53  0000              	extern __DELAY3:near
  54  0000              	extern __DELAYX3:near
  55  0000              	extern __DELAYX6:near
  56  0000              	extern __DELAYY5:near
  57  0000              	extern __DELAYY3:near
  58  0000              	extern _builtin_holtek_delay_2:byte
  59  0000              public _delay_10us
"File: Toch2Key.ASM  Assembler  Version HGASM0202      Page 2

  60  0000              #pragma debug scope 2 1

  11  0000              #line 11 "C:\Users\hamed\Downloads\Compressed\holtek\Toch2Key ok(1)\Toch2Key\DELAY.h"
  11  0000              _delay_10us .section 'code'
  11  0000              _delay_10us proc
  11  0000              public _delay_10us_2
  11  0000  0004[           local _delay_10us_2 db 4 dup(?)	; 4,0
            00
            ]
  11  0004              #pragma debug variable 14 2 _delay_10us_2+0 "count_u"
  15  0004              #line 15 "C:\Users\hamed\Downloads\Compressed\holtek\Toch2Key ok(1)\Toch2Key\DELAY.h"
  15  0000  1F00     E  	clr rd
  15  0001  1F00     E  	clr re
  15  0002  1F00     E  	clr rf
  15  0003  1F00     E  	clr rg
  15  0004  2800     R  	jmp _L2
  15  0005              _L3:
  17  0005              #line 17 "C:\Users\hamed\Downloads\Compressed\holtek\Toch2Key ok(1)\Toch2Key\DELAY.h"
  17  0005              ;# 17 "C:\Users\hamed\Downloads\Compressed\holtek\Toch2Key ok(1)\Toch2Key\DELAY.h" 1
  17  0005  0001        	clr wdt
  18  0006              #line 18 "C:\Users\hamed\Downloads\Compressed\holtek\Toch2Key ok(1)\Toch2Key\DELAY.h"
  18  0006              ;# 18 "C:\Users\hamed\Downloads\Compressed\holtek\Toch2Key ok(1)\Toch2Key\DELAY.h" 1
  18  0006  0000        	nop
  19  0007              #line 19 "C:\Users\hamed\Downloads\Compressed\holtek\Toch2Key ok(1)\Toch2Key\DELAY.h"
  19  0007              ;# 19 "C:\Users\hamed\Downloads\Compressed\holtek\Toch2Key ok(1)\Toch2Key\DELAY.h" 1
  19  0007  0000        	nop
  20  0008              #line 20 "C:\Users\hamed\Downloads\Compressed\holtek\Toch2Key ok(1)\Toch2Key\DELAY.h"
  20  0008              ;# 20 "C:\Users\hamed\Downloads\Compressed\holtek\Toch2Key ok(1)\Toch2Key\DELAY.h" 1
  20  0008  0000        	nop
  21  0009              #line 21 "C:\Users\hamed\Downloads\Compressed\holtek\Toch2Key ok(1)\Toch2Key\DELAY.h"
  21  0009              ;# 21 "C:\Users\hamed\Downloads\Compressed\holtek\Toch2Key ok(1)\Toch2Key\DELAY.h" 1
  21  0009  0000        	nop
  15  000A              #line 15 "C:\Users\hamed\Downloads\Compressed\holtek\Toch2Key ok(1)\Toch2Key\DELAY.h"
  15  000A  0F01        	mov a,1
  15  000B  0380     E  	addm a,rd
  15  000C  0F00        	mov a,0
  15  000D  1380     E  	adcm a,re
  15  000E  1380     E  	adcm a,rf
  15  000F  1380     E  	adcm a,rg
  15  0010              _L2:
  15  0010  0700     E  	mov a,rd
  15  0011  0400     R  	xor a,_delay_10us_2[0]
  15  0012  0700     E  	mov a,re
  15  0013  3D0A        	sz z
  15  0014  0400     R  	xor a,_delay_10us_2[1]
  15  0015  0700     E  	mov a,rf
  15  0016  3D0A        	sz z
  15  0017  0400     R  	xor a,_delay_10us_2[2]
  15  0018  0700     E  	mov a,rg
  15  0019  3D0A        	sz z
  15  001A  0400     R  	xor a,_delay_10us_2[3]
  15  001B  390A        	snz z
  15  001C  2800     R  	jmp _L3
  15  001D  0003        	ret
  15  001E              _delay_10us endp
  15  001E              #line 15 "C:\Users\hamed\Downloads\Compressed\holtek\Toch2Key ok(1)\Toch2Key\DELAY.h"
  15  001E              #pragma debug scope 1 1
  15  001E              public _delay_us
  15  001E              #pragma debug scope 3 1
  28  001E              #line 28 "C:\Users\hamed\Downloads\Compressed\holtek\Toch2Key ok(1)\Toch2Key\DELAY.h"
"File: DELAY.h       Assembler  Version HGASM0202      Page 3

  28  0000              _delay_us .section 'code'
  28  0000              _delay_us proc
  28  0000              public _delay_us_2
  28  0000  0004[           local _delay_us_2 db 4 dup(?)	; 4,0
            00
            ]
  28  0004              #pragma debug variable 14 3 _delay_us_2+0 "count_u"
  32  0004              #line 32 "C:\Users\hamed\Downloads\Compressed\holtek\Toch2Key ok(1)\Toch2Key\DELAY.h"
  32  0000  1F00     E  	clr rd
  32  0001  1F00     E  	clr re
  32  0002  1F00     E  	clr rf
  32  0003  1F00     E  	clr rg
  32  0004  2800     R  	jmp _L6
  32  0005              _L7:
  34  0005              #line 34 "C:\Users\hamed\Downloads\Compressed\holtek\Toch2Key ok(1)\Toch2Key\DELAY.h"
  34  0005              ;# 34 "C:\Users\hamed\Downloads\Compressed\holtek\Toch2Key ok(1)\Toch2Key\DELAY.h" 1
  34  0005  0001        	clr wdt
  35  0006              #line 35 "C:\Users\hamed\Downloads\Compressed\holtek\Toch2Key ok(1)\Toch2Key\DELAY.h"
  35  0006              ;# 35 "C:\Users\hamed\Downloads\Compressed\holtek\Toch2Key ok(1)\Toch2Key\DELAY.h" 1
  35  0006  0000        	nop
  32  0007              #line 32 "C:\Users\hamed\Downloads\Compressed\holtek\Toch2Key ok(1)\Toch2Key\DELAY.h"
  32  0007  0F01        	mov a,1
  32  0008  0380     E  	addm a,rd
  32  0009  0F00        	mov a,0
  32  000A  1380     E  	adcm a,re
  32  000B  1380     E  	adcm a,rf
  32  000C  1380     E  	adcm a,rg
  32  000D              _L6:
  32  000D  0700     E  	mov a,rd
  32  000E  0400     R  	xor a,_delay_us_2[0]
  32  000F  0700     E  	mov a,re
  32  0010  3D0A        	sz z
  32  0011  0400     R  	xor a,_delay_us_2[1]
  32  0012  0700     E  	mov a,rf
  32  0013  3D0A        	sz z
  32  0014  0400     R  	xor a,_delay_us_2[2]
  32  0015  0700     E  	mov a,rg
  32  0016  3D0A        	sz z
  32  0017  0400     R  	xor a,_delay_us_2[3]
  32  0018  390A        	snz z
  32  0019  2800     R  	jmp _L7
  32  001A  0003        	ret
  32  001B              _delay_us endp
  32  001B              #line 32 "C:\Users\hamed\Downloads\Compressed\holtek\Toch2Key ok(1)\Toch2Key\DELAY.h"
  32  001B              #pragma debug scope 1 1
  32  001B              public _delay_ms
  32  001B              #pragma debug scope 4 1
  42  001B              #line 42 "C:\Users\hamed\Downloads\Compressed\holtek\Toch2Key ok(1)\Toch2Key\DELAY.h"
  42  0000              _delay_ms .section 'code'
  42  0000              _delay_ms proc
  42  0000              public _delay_ms_2
  42  0000  0008[           local _delay_ms_2 db 8 dup(?)	; 4,4
            00
            ]
  42  0008              #pragma debug variable 14 4 _delay_ms_2+0 "count_m"
  44  0008              #line 44 "C:\Users\hamed\Downloads\Compressed\holtek\Toch2Key ok(1)\Toch2Key\DELAY.h"
  44  0000  0700     R  	mov a,_delay_ms_2[0]
  44  0001  0080     E  	mov _builtin_holtek_mulsi3_2[0],a
  44  0002  0700     R  	mov a,_delay_ms_2[1]
  44  0003  0080     E  	mov _builtin_holtek_mulsi3_2[1],a
"File: DELAY.h       Assembler  Version HGASM0202      Page 4

  44  0004  0700     R  	mov a,_delay_ms_2[2]
  44  0005  0080     E  	mov _builtin_holtek_mulsi3_2[2],a
  44  0006  0700     R  	mov a,_delay_ms_2[3]
  44  0007  0080     E  	mov _builtin_holtek_mulsi3_2[3],a
  44  0008  0F64        	mov a,100
  44  0009  0080     E  	mov _builtin_holtek_mulsi3_2[4],a
  44  000A  0F00        	mov a,0
  44  000B  0080     E  	mov _builtin_holtek_mulsi3_2[5],a
  44  000C  0F00        	mov a,0
  44  000D  0080     E  	mov _builtin_holtek_mulsi3_2[6],a
  44  000E  0F00        	mov a,0
  44  000F  0080     E  	mov _builtin_holtek_mulsi3_2[7],a
  44  0010  2000     E  	call _builtin_holtek_mulsi3
  44  0011  0700     E  	mov a,_builtin_holtek_mulsi3_2[8]
  44  0012  0080     R  	mov _delay_ms_2[4],a
  44  0013  0700     E  	mov a,_builtin_holtek_mulsi3_2[9]
  44  0014  0080     R  	mov _delay_ms_2[5],a
  44  0015  0700     E  	mov a,_builtin_holtek_mulsi3_2[10]
  44  0016  0080     R  	mov _delay_ms_2[6],a
  44  0017  0700     E  	mov a,_builtin_holtek_mulsi3_2[11]
  44  0018  0080     R  	mov _delay_ms_2[7],a
  45  0019              #line 45 "C:\Users\hamed\Downloads\Compressed\holtek\Toch2Key ok(1)\Toch2Key\DELAY.h"
  45  0019  1F00     E  	clr rd
  45  001A  1F00     E  	clr re
  45  001B  1F00     E  	clr rf
  45  001C  1F00     E  	clr rg
  45  001D  2800     R  	jmp _L9
  45  001E              _L10:
  47  001E              #line 47 "C:\Users\hamed\Downloads\Compressed\holtek\Toch2Key ok(1)\Toch2Key\DELAY.h"
  47  001E              ;# 47 "C:\Users\hamed\Downloads\Compressed\holtek\Toch2Key ok(1)\Toch2Key\DELAY.h" 1
  47  001E  0001        	clr wdt
  48  001F              #line 48 "C:\Users\hamed\Downloads\Compressed\holtek\Toch2Key ok(1)\Toch2Key\DELAY.h"
  48  001F              ;# 48 "C:\Users\hamed\Downloads\Compressed\holtek\Toch2Key ok(1)\Toch2Key\DELAY.h" 1
  48  001F  0000        	nop
  49  0020              #line 49 "C:\Users\hamed\Downloads\Compressed\holtek\Toch2Key ok(1)\Toch2Key\DELAY.h"
  49  0020              ;# 49 "C:\Users\hamed\Downloads\Compressed\holtek\Toch2Key ok(1)\Toch2Key\DELAY.h" 1
  49  0020  0000        	nop
  50  0021              #line 50 "C:\Users\hamed\Downloads\Compressed\holtek\Toch2Key ok(1)\Toch2Key\DELAY.h"
  50  0021              ;# 50 "C:\Users\hamed\Downloads\Compressed\holtek\Toch2Key ok(1)\Toch2Key\DELAY.h" 1
  50  0021  0000        	nop
  51  0022              #line 51 "C:\Users\hamed\Downloads\Compressed\holtek\Toch2Key ok(1)\Toch2Key\DELAY.h"
  51  0022              ;# 51 "C:\Users\hamed\Downloads\Compressed\holtek\Toch2Key ok(1)\Toch2Key\DELAY.h" 1
  51  0022  0000        	nop
  45  0023              #line 45 "C:\Users\hamed\Downloads\Compressed\holtek\Toch2Key ok(1)\Toch2Key\DELAY.h"
  45  0023  0F01        	mov a,1
  45  0024  0380     E  	addm a,rd
  45  0025  0F00        	mov a,0
  45  0026  1380     E  	adcm a,re
  45  0027  1380     E  	adcm a,rf
  45  0028  1380     E  	adcm a,rg
  45  0029              _L9:
  45  0029  0700     E  	mov a,rd
  45  002A  0400     R  	xor a,_delay_ms_2[4]
  45  002B  0700     E  	mov a,re
  45  002C  3D0A        	sz z
  45  002D  0400     R  	xor a,_delay_ms_2[5]
  45  002E  0700     E  	mov a,rf
  45  002F  3D0A        	sz z
  45  0030  0400     R  	xor a,_delay_ms_2[6]
  45  0031  0700     E  	mov a,rg
"File: DELAY.h       Assembler  Version HGASM0202      Page 5

  45  0032  3D0A        	sz z
  45  0033  0400     R  	xor a,_delay_ms_2[7]
  45  0034  390A        	snz z
  45  0035  2800     R  	jmp _L10
  45  0036  0003        	ret
  45  0037              _delay_ms endp
  45  0037              #line 45 "C:\Users\hamed\Downloads\Compressed\holtek\Toch2Key ok(1)\Toch2Key\DELAY.h"
  45  0037              #pragma debug scope 1 1
  45  0037              ___intc0 equ [14]
  45  0037              ___tktmr equ [67]
  45  0037              ___tkc0 equ [68]
  45  0037              ___tkc1 equ [71]
  45  0037              ___tkm0c1 equ [77]
  45  0037              ___tkm0rol equ [74]
  45  0037              ___tkm0roh equ [75]
  45  0037              ___tkm0c0 equ [76]
  45  0037              public _TuochKeyInit
  45  0037              #pragma debug scope 5 1

  87  0037              #line 87 "C:\Users\hamed\Downloads\Compressed\holtek\Toch2Key ok(1)\Toch2Key\TOUCH.h"
  87  0000              _TuochKeyInit .section 'code'
  87  0000              _TuochKeyInit proc
  89  0000              #line 89 "C:\Users\hamed\Downloads\Compressed\holtek\Toch2Key ok(1)\Toch2Key\TOUCH.h"
  89  0000  350E        	clr [14].2
  90  0001              #line 90 "C:\Users\hamed\Downloads\Compressed\holtek\Toch2Key ok(1)\Toch2Key\TOUCH.h"
  90  0001  368E        	clr [14].5
  91  0002              #line 91 "C:\Users\hamed\Downloads\Compressed\holtek\Toch2Key ok(1)\Toch2Key\TOUCH.h"
  91  0002  1F43        	clr [67]
  92  0003              #line 92 "C:\Users\hamed\Downloads\Compressed\holtek\Toch2Key ok(1)\Toch2Key\TOUCH.h"
  92  0003  34C4        	clr [68].1
  92  0004  3444        	clr [68].0
  93  0005              #line 93 "C:\Users\hamed\Downloads\Compressed\holtek\Toch2Key ok(1)\Toch2Key\TOUCH.h"
  93  0005  30C7        	set [71].1
  93  0006  3047        	set [71].0
  96  0007              #line 96 "C:\Users\hamed\Downloads\Compressed\holtek\Toch2Key ok(1)\Toch2Key\TOUCH.h"
  96  0007  35CD        	clr [77].3
  96  0008  314D        	set [77].2
  96  0009  30CD        	set [77].1
  96  000A  304D        	set [77].0
  97  000B              #line 97 "C:\Users\hamed\Downloads\Compressed\holtek\Toch2Key ok(1)\Toch2Key\TOUCH.h"
  97  000B  0FC8        	mov a,200
  97  000C  00CA        	mov [74],a
  97  000D  1F4B        	clr [75]
  98  000E              #line 98 "C:\Users\hamed\Downloads\Compressed\holtek\Toch2Key ok(1)\Toch2Key\TOUCH.h"
  98  000E  32CC        	set [76].5
  99  000F              #line 99 "C:\Users\hamed\Downloads\Compressed\holtek\Toch2Key ok(1)\Toch2Key\TOUCH.h"
  99  000F  324C        	set [76].4
 100  0010              #line 100 "C:\Users\hamed\Downloads\Compressed\holtek\Toch2Key ok(1)\Toch2Key\TOUCH.h"
 100  0010  35CC        	clr [76].3
 101  0011              #line 101 "C:\Users\hamed\Downloads\Compressed\holtek\Toch2Key ok(1)\Toch2Key\TOUCH.h"
 101  0011  314C        	set [76].2
 101  0012  30CC        	set [76].1
 101  0013  304C        	set [76].0
 102  0014              #line 102 "C:\Users\hamed\Downloads\Compressed\holtek\Toch2Key ok(1)\Toch2Key\TOUCH.h"
 102  0014  37CD        	clr [77].7
 103  0015              #line 103 "C:\Users\hamed\Downloads\Compressed\holtek\Toch2Key ok(1)\Toch2Key\TOUCH.h"
 103  0015  32CD        	set [77].5
 104  0016              #line 104 "C:\Users\hamed\Downloads\Compressed\holtek\Toch2Key ok(1)\Toch2Key\TOUCH.h"
 104  0016  324D        	set [77].4
 104  0017  0003        	ret
"File: TOUCH.h       Assembler  Version HGASM0202      Page 6

 104  0018              _TuochKeyInit endp
 104  0018              #line 104 "C:\Users\hamed\Downloads\Compressed\holtek\Toch2Key ok(1)\Toch2Key\TOUCH.h"
 104  0018              #pragma debug scope 1 1
 104  0018              public _Key_Touch
 104  0018              #pragma debug scope 6 1
 108  0018              #line 108 "C:\Users\hamed\Downloads\Compressed\holtek\Toch2Key ok(1)\Toch2Key\TOUCH.h"
 108  0000              _Key_Touch .section 'code'
 108  0000              _Key_Touch proc
 110  0000              #line 110 "C:\Users\hamed\Downloads\Compressed\holtek\Toch2Key ok(1)\Toch2Key\TOUCH.h"
 110  0000  0FCE        	mov a,206
 110  0001  0300     R  	add a,_Count_C1[0]
 110  0002  0080     E  	mov rd,a
 110  0003  0FFF        	mov a,255
 110  0004  1300     R  	adc a,_Count_C1[1]
 110  0005  0080     E  	mov re,a
 110  0006  0FFF        	mov a,255
 110  0007  1300     R  	adc a,_Count_C1[2]
 110  0008  0080     E  	mov rf,a
 110  0009  0FFF        	mov a,255
 110  000A  1300     R  	adc a,_Count_C1[3]
 110  000B  0080     E  	mov rg,a
 110  000C  0700     R  	mov a,_Count_S1[0]
 110  000D  0200     E  	sub a,rd
 110  000E  0700     R  	mov a,_Count_S1[1]
 110  000F  1200     E  	sbc a,re
 110  0010  1F05        	clr acc
 110  0011  1200     E  	sbc a,rf
 110  0012  1F05        	clr acc
 110  0013  1200     E  	sbc a,rg
 110  0014  3C0A        	sz c
 110  0015  2800     R  	jmp _L13
 112  0016              #line 112 "C:\Users\hamed\Downloads\Compressed\holtek\Toch2Key ok(1)\Toch2Key\TOUCH.h"
 112  0016  1480     R  	inc _Count_T1[0]
 112  0017  3D0A        	sz z
 112  0018  1480     R  	inc _Count_T1[1]
 112  0019  0FE8        	mov a,232
 112  001A  0200     R  	sub a,_Count_T1[0]
 112  001B  0F03        	mov a,3
 112  001C  1200     R  	sbc a,_Count_T1[1]
 112  001D  3C0A        	sz c
 112  001E  2800     R  	jmp _L15
 112  001F  0FE8        	mov a,-24
 112  0020  0080     R  	mov _Count_T1[0],a
 112  0021  0F03        	mov a,3
 112  0022  0080     R  	mov _Count_T1[1],a
 112  0023  2800     R  	jmp _L15
 112  0024              _L13:
 114  0024              #line 114 "C:\Users\hamed\Downloads\Compressed\holtek\Toch2Key ok(1)\Toch2Key\TOUCH.h"
 114  0024  0FF6        	mov a,246
 114  0025  0300     R  	add a,_Count_C1[0]
 114  0026  0080     E  	mov rd,a
 114  0027  0FFF        	mov a,255
 114  0028  1300     R  	adc a,_Count_C1[1]
 114  0029  0080     E  	mov re,a
 114  002A  0FFF        	mov a,255
 114  002B  1300     R  	adc a,_Count_C1[2]
 114  002C  0080     E  	mov rf,a
 114  002D  0FFF        	mov a,255
 114  002E  1300     R  	adc a,_Count_C1[3]
 114  002F  0080     E  	mov rg,a
"File: TOUCH.h       Assembler  Version HGASM0202      Page 7

 114  0030  1080     E  	sz rg
 114  0031  2800     R  	jmp _L15
 114  0032  1080     E  	sz rf
 114  0033  2800     R  	jmp _L15
 114  0034  0700     E  	mov a,rd
 114  0035  0200     R  	sub a,_Count_S1[0]
 114  0036  0700     E  	mov a,re
 114  0037  1200     R  	sbc a,_Count_S1[1]
 114  0038  3C0A        	sz c
 114  0039  2800     R  	jmp _L15
 116  003A              #line 116 "C:\Users\hamed\Downloads\Compressed\holtek\Toch2Key ok(1)\Toch2Key\TOUCH.h"
 116  003A  1F00     R  	clr _Count_T1[0]
 116  003B  1F00     R  	clr _Count_T1[1]
 116  003C              _L15:
 118  003C              #line 118 "C:\Users\hamed\Downloads\Compressed\holtek\Toch2Key ok(1)\Toch2Key\TOUCH.h"
 118  003C  0700     R  	mov a,_Count_T1[0]
 118  003D  0C3C        	xor a,60
 118  003E  0500     R  	or a,_Count_T1[1]
 118  003F  390A        	snz z
 118  0040  2800     R  	jmp _L12
 120  0041              #line 120 "C:\Users\hamed\Downloads\Compressed\holtek\Toch2Key ok(1)\Toch2Key\TOUCH.h"
 120  0041  3800     R  	snz _q
 120  0042  2800     R  	jmp _L18
 120  0043  3400     R  	clr _q
 120  0044  2800     R  	jmp _L19
 120  0045              _L18:
 121  0045              #line 121 "C:\Users\hamed\Downloads\Compressed\holtek\Toch2Key ok(1)\Toch2Key\TOUCH.h"
 121  0045  3000     R  	set _q
 121  0046              _L19:
 124  0046              #line 124 "C:\Users\hamed\Downloads\Compressed\holtek\Toch2Key ok(1)\Toch2Key\TOUCH.h"
 124  0046  1F00     R  	clr _CalibrCount[0]
 125  0047              #line 125 "C:\Users\hamed\Downloads\Compressed\holtek\Toch2Key ok(1)\Toch2Key\TOUCH.h"
 125  0047  1F00     R  	clr _CalibrSample[0]
 126  0048              #line 126 "C:\Users\hamed\Downloads\Compressed\holtek\Toch2Key ok(1)\Toch2Key\TOUCH.h"
 126  0048  1F00     R  	clr _Count_C1_Backup[0]
 126  0049  1F00     R  	clr _Count_C1_Backup[1]
 126  004A  1F00     R  	clr _Count_C1_Backup[2]
 126  004B  1F00     R  	clr _Count_C1_Backup[3]
 126  004C              _L12:
 126  004C  0003        	ret
 126  004D              _Key_Touch endp
 126  004D              #line 126 "C:\Users\hamed\Downloads\Compressed\holtek\Toch2Key ok(1)\Toch2Key\TOUCH.h"
 126  004D              #pragma debug scope 1 1
 126  004D              ___tkm016dh equ [73]
 126  004D              ___tkm016dl equ [72]
 126  004D              public _CalibrTuoch
 126  004D              #pragma debug scope 7 1
 133  004D              #line 133 "C:\Users\hamed\Downloads\Compressed\holtek\Toch2Key ok(1)\Toch2Key\TOUCH.h"
 133  0000              _CalibrTuoch .section 'code'
 133  0000              _CalibrTuoch proc
 133  0000  0002[           local _CalibrTuoch_2 db 2 dup(?)	; 0,2
            00
            ]
 135  0002              #line 135 "C:\Users\hamed\Downloads\Compressed\holtek\Toch2Key ok(1)\Toch2Key\TOUCH.h"
 135  0000  36C4        	clr [68].5
 136  0001              #line 136 "C:\Users\hamed\Downloads\Compressed\holtek\Toch2Key ok(1)\Toch2Key\TOUCH.h"
 136  0001  37CC        	clr [76].7
 136  0002  374C        	clr [76].6
 136  0003  0FF4        	mov a,-12
 136  0004  0080     R  	mov _delay_10us_2[0],a
"File: TOUCH.h       Assembler  Version HGASM0202      Page 8

 136  0005  0F01        	mov a,1
 136  0006  0080     R  	mov _delay_10us_2[1],a
 136  0007  1F00     R  	clr _delay_10us_2[2]
 136  0008  1F00     R  	clr _delay_10us_2[3]
 136  0009  2000     R  	call _delay_10us
 137  000A              #line 137 "C:\Users\hamed\Downloads\Compressed\holtek\Toch2Key ok(1)\Toch2Key\TOUCH.h"
 137  000A              ;# 137 "C:\Users\hamed\Downloads\Compressed\holtek\Toch2Key ok(1)\Toch2Key\TOUCH.h" 1
 137  000A  0001        	clr wdt
 138  000B              #line 138 "C:\Users\hamed\Downloads\Compressed\holtek\Toch2Key ok(1)\Toch2Key\TOUCH.h"
 138  000B  1F00     R  	clr _i[0]
 138  000C              _L21:
 138  000C              #line 138 "C:\Users\hamed\Downloads\Compressed\holtek\Toch2Key ok(1)\Toch2Key\TOUCH.h"
 138  000C  0F13        	mov a,19
 138  000D  0200     R  	sub a,_i[0]
 138  000E  380A        	snz c
 138  000F  2800     R  	jmp _L25
 140  0010              #line 140 "C:\Users\hamed\Downloads\Compressed\holtek\Toch2Key ok(1)\Toch2Key\TOUCH.h"
 140  0010  32CD        	set [77].5
 141  0011              #line 141 "C:\Users\hamed\Downloads\Compressed\holtek\Toch2Key ok(1)\Toch2Key\TOUCH.h"
 141  0011  324D        	set [77].4
 142  0012              #line 142 "C:\Users\hamed\Downloads\Compressed\holtek\Toch2Key ok(1)\Toch2Key\TOUCH.h"
 142  0012  32C4        	set [68].5
 144  0013              #line 144 "C:\Users\hamed\Downloads\Compressed\holtek\Toch2Key ok(1)\Toch2Key\TOUCH.h"
 144  0013              ;# 144 "C:\Users\hamed\Downloads\Compressed\holtek\Toch2Key ok(1)\Toch2Key\TOUCH.h" 1
 144  0013  0001        	clr wdt
 144  0014              _L23:
 145  0014              #line 145 "C:\Users\hamed\Downloads\Compressed\holtek\Toch2Key ok(1)\Toch2Key\TOUCH.h"
 145  0014  3B44        	snz [68].6
 145  0015  2800     R  	jmp _L23
 146  0016              #line 146 "C:\Users\hamed\Downloads\Compressed\holtek\Toch2Key ok(1)\Toch2Key\TOUCH.h"
 146  0016  0749        	mov a,[73]
 146  0017  0080     R  	mov _CalibrTuoch_2[1],a
 146  0018  1F00     R  	clr _CalibrTuoch_2[0]
 146  0019  0700     R  	mov a,_CalibrTuoch_2[1]
 146  001A  0080     R  	mov _Count_S1[1],a
 146  001B  0748        	mov a,[72]
 146  001C  0500     R  	or a,_CalibrTuoch_2[0]
 146  001D  0080     R  	mov _Count_S1[0],a
 147  001E              #line 147 "C:\Users\hamed\Downloads\Compressed\holtek\Toch2Key ok(1)\Toch2Key\TOUCH.h"
 147  001E  0700     R  	mov a,_Count_S1[0]
 147  001F  0380     R  	addm a,_Count_C1[0]
 147  0020  0700     R  	mov a,_Count_S1[1]
 147  0021  1380     R  	adcm a,_Count_C1[1]
 147  0022  1F05        	clr acc
 147  0023  1380     R  	adcm a,_Count_C1[2]
 147  0024  1380     R  	adcm a,_Count_C1[3]
 148  0025              #line 148 "C:\Users\hamed\Downloads\Compressed\holtek\Toch2Key ok(1)\Toch2Key\TOUCH.h"
 148  0025  3744        	clr [68].6
 149  0026              #line 149 "C:\Users\hamed\Downloads\Compressed\holtek\Toch2Key ok(1)\Toch2Key\TOUCH.h"
 149  0026  36C4        	clr [68].5
 150  0027              #line 150 "C:\Users\hamed\Downloads\Compressed\holtek\Toch2Key ok(1)\Toch2Key\TOUCH.h"
 150  0027              ;# 150 "C:\Users\hamed\Downloads\Compressed\holtek\Toch2Key ok(1)\Toch2Key\TOUCH.h" 1
 150  0027  0001        	clr wdt
 151  0028              #line 151 "C:\Users\hamed\Downloads\Compressed\holtek\Toch2Key ok(1)\Toch2Key\TOUCH.h"
 151  0028  0F05        	mov a,5
 151  0029  0080     R  	mov _delay_ms_2[0],a
 151  002A  1F00     R  	clr _delay_ms_2[1]
 151  002B  1F00     R  	clr _delay_ms_2[2]
 151  002C  1F00     R  	clr _delay_ms_2[3]
 151  002D  2000     R  	call _delay_ms
"File: TOUCH.h       Assembler  Version HGASM0202      Page 9

 138  002E              #line 138 "C:\Users\hamed\Downloads\Compressed\holtek\Toch2Key ok(1)\Toch2Key\TOUCH.h"
 138  002E  1480     R  	inc _i[0]
 138  002F  2800     R  	jmp _L21
 138  0030              _L25:
 153  0030              #line 153 "C:\Users\hamed\Downloads\Compressed\holtek\Toch2Key ok(1)\Toch2Key\TOUCH.h"
 153  0030  1F00     E  	clr _builtin_holtek_udivmodsi4_2[12]
 153  0031  0700     R  	mov a,_Count_C1[0]  
 153  0032  0080     E  	mov _builtin_holtek_udivmodsi4_2[0],a  
 153  0033  0700     R  	mov a,_Count_C1[1]  
 153  0034  0080     E  	mov _builtin_holtek_udivmodsi4_2[1],a
 153  0035  0700     R  	mov a,_Count_C1[2]  
 153  0036  0080     E  	mov _builtin_holtek_udivmodsi4_2[2],a  
 153  0037  0700     R  	mov a,_Count_C1[3]  
 153  0038  0080     E  	mov _builtin_holtek_udivmodsi4_2[3],a
 153  0039  0F14        	mov a,20  
 153  003A  0080     E  	mov _builtin_holtek_udivmodsi4_2[4],a  
 153  003B  0F00        	mov a,0  
 153  003C  0080     E  	mov _builtin_holtek_udivmodsi4_2[5],a
 153  003D  1F00     E  	clr _builtin_holtek_udivmodsi4_2[6]
 153  003E  1F00     E  	clr _builtin_holtek_udivmodsi4_2[7]
 153  003F  2000     E  	call _builtin_holtek_udivmodsi4
 153  0040  0700     E  	mov a,_builtin_holtek_udivmodsi4_2[0]  
 153  0041  0080     R  	mov _Count_C1[0],a  
 153  0042  0700     E  	mov a,_builtin_holtek_udivmodsi4_2[1]  
 153  0043  0080     R  	mov _Count_C1[1],a
 153  0044  0700     E  	mov a,_builtin_holtek_udivmodsi4_2[2]  
 153  0045  0080     R  	mov _Count_C1[2],a  
 153  0046  0700     E  	mov a,_builtin_holtek_udivmodsi4_2[3]  
 153  0047  0080     R  	mov _Count_C1[3],a
 154  0048              #line 154 "C:\Users\hamed\Downloads\Compressed\holtek\Toch2Key ok(1)\Toch2Key\TOUCH.h"
 154  0048              ;# 154 "C:\Users\hamed\Downloads\Compressed\holtek\Toch2Key ok(1)\Toch2Key\TOUCH.h" 1
 154  0048  0001        	clr wdt
 154  0049  0003        	ret
 154  004A              _CalibrTuoch endp
 154  004A              #line 154 "C:\Users\hamed\Downloads\Compressed\holtek\Toch2Key ok(1)\Toch2Key\TOUCH.h"
 154  004A              #pragma debug scope 1 1
 154  004A              public _Key_Select
 154  004A              #pragma debug scope 8 1
 159  004A              #line 159 "C:\Users\hamed\Downloads\Compressed\holtek\Toch2Key ok(1)\Toch2Key\TOUCH.h"
 159  0000              _Key_Select .section 'code'
 159  0000              _Key_Select proc
 160  0000              #line 160 "C:\Users\hamed\Downloads\Compressed\holtek\Toch2Key ok(1)\Toch2Key\TOUCH.h"
 160  0000  32CD        	set [77].5
 161  0001              #line 161 "C:\Users\hamed\Downloads\Compressed\holtek\Toch2Key ok(1)\Toch2Key\TOUCH.h"
 161  0001  324D        	set [77].4
 162  0002              #line 162 "C:\Users\hamed\Downloads\Compressed\holtek\Toch2Key ok(1)\Toch2Key\TOUCH.h"
 162  0002  32C4        	set [68].5
 163  0003              #line 163 "C:\Users\hamed\Downloads\Compressed\holtek\Toch2Key ok(1)\Toch2Key\TOUCH.h"
 163  0003  37CC        	clr [76].7
 163  0004  374C        	clr [76].6
 163  0005              _L27:
 164  0005              #line 164 "C:\Users\hamed\Downloads\Compressed\holtek\Toch2Key ok(1)\Toch2Key\TOUCH.h"
 164  0005  3F44        	sz [68].6
 164  0006  2800     R  	jmp _L32
 164  0007              ;# 164 "C:\Users\hamed\Downloads\Compressed\holtek\Toch2Key ok(1)\Toch2Key\TOUCH.h" 1
 164  0007  0000        	nop
 164  0008  2800     R  	jmp _L27
 164  0009              _L32:
 165  0009              #line 165 "C:\Users\hamed\Downloads\Compressed\holtek\Toch2Key ok(1)\Toch2Key\TOUCH.h"
 165  0009  0749        	mov a,[73]
"File: TOUCH.h       Assembler  Version HGASM0202      Page 10

 165  000A  0080     E  	mov rc,a
 165  000B  1F00     E  	clr rb
 165  000C  0700     E  	mov a,rc
 165  000D  0080     R  	mov _Count_S1[1],a
 165  000E  0748        	mov a,[72]
 165  000F  0500     E  	or a,rb
 165  0010  0080     R  	mov _Count_S1[0],a
 166  0011              #line 166 "C:\Users\hamed\Downloads\Compressed\holtek\Toch2Key ok(1)\Toch2Key\TOUCH.h"
 166  0011  1480     R  	inc _CalibrCount[0]
 167  0012              #line 167 "C:\Users\hamed\Downloads\Compressed\holtek\Toch2Key ok(1)\Toch2Key\TOUCH.h"
 167  0012  0F64        	mov a,100
 167  0013  0200     R  	sub a,_CalibrCount[0]
 167  0014  3C0A        	sz c
 167  0015  2800     R  	jmp _L30
 169  0016              #line 169 "C:\Users\hamed\Downloads\Compressed\holtek\Toch2Key ok(1)\Toch2Key\TOUCH.h"
 169  0016  1F00     R  	clr _CalibrCount[0]
 170  0017              #line 170 "C:\Users\hamed\Downloads\Compressed\holtek\Toch2Key ok(1)\Toch2Key\TOUCH.h"
 170  0017  0700     R  	mov a,_Count_S1[0]
 170  0018  0380     R  	addm a,_Count_C1_Backup[0]
 170  0019  0700     R  	mov a,_Count_S1[1]
 170  001A  1380     R  	adcm a,_Count_C1_Backup[1]
 170  001B  1F05        	clr acc
 170  001C  1380     R  	adcm a,_Count_C1_Backup[2]
 170  001D  1380     R  	adcm a,_Count_C1_Backup[3]
 171  001E              #line 171 "C:\Users\hamed\Downloads\Compressed\holtek\Toch2Key ok(1)\Toch2Key\TOUCH.h"
 171  001E  1480     R  	inc _CalibrSample[0]
 172  001F              #line 172 "C:\Users\hamed\Downloads\Compressed\holtek\Toch2Key ok(1)\Toch2Key\TOUCH.h"
 172  001F  0F13        	mov a,19
 172  0020  0200     R  	sub a,_CalibrSample[0]
 172  0021  3C0A        	sz c
 172  0022  2800     R  	jmp _L30
 174  0023              #line 174 "C:\Users\hamed\Downloads\Compressed\holtek\Toch2Key ok(1)\Toch2Key\TOUCH.h"
 174  0023  1F00     R  	clr _CalibrSample[0]
 175  0024              #line 175 "C:\Users\hamed\Downloads\Compressed\holtek\Toch2Key ok(1)\Toch2Key\TOUCH.h"
 175  0024  1F00     E  	clr _builtin_holtek_udivmodsi4_2[12]
 175  0025  0700     R  	mov a,_Count_C1_Backup[0]  
 175  0026  0080     E  	mov _builtin_holtek_udivmodsi4_2[0],a  
 175  0027  0700     R  	mov a,_Count_C1_Backup[1]  
 175  0028  0080     E  	mov _builtin_holtek_udivmodsi4_2[1],a
 175  0029  0700     R  	mov a,_Count_C1_Backup[2]  
 175  002A  0080     E  	mov _builtin_holtek_udivmodsi4_2[2],a  
 175  002B  0700     R  	mov a,_Count_C1_Backup[3]  
 175  002C  0080     E  	mov _builtin_holtek_udivmodsi4_2[3],a
 175  002D  0F14        	mov a,20  
 175  002E  0080     E  	mov _builtin_holtek_udivmodsi4_2[4],a  
 175  002F  0F00        	mov a,0  
 175  0030  0080     E  	mov _builtin_holtek_udivmodsi4_2[5],a
 175  0031  1F00     E  	clr _builtin_holtek_udivmodsi4_2[6]
 175  0032  1F00     E  	clr _builtin_holtek_udivmodsi4_2[7]
 175  0033  2000     E  	call _builtin_holtek_udivmodsi4
 175  0034  0700     E  	mov a,_builtin_holtek_udivmodsi4_2[0]  
 175  0035  0080     R  	mov _Count_C1[0],a  
 175  0036  0700     E  	mov a,_builtin_holtek_udivmodsi4_2[1]  
 175  0037  0080     R  	mov _Count_C1[1],a
 175  0038  0700     E  	mov a,_builtin_holtek_udivmodsi4_2[2]  
 175  0039  0080     R  	mov _Count_C1[2],a  
 175  003A  0700     E  	mov a,_builtin_holtek_udivmodsi4_2[3]  
 175  003B  0080     R  	mov _Count_C1[3],a
 176  003C              #line 176 "C:\Users\hamed\Downloads\Compressed\holtek\Toch2Key ok(1)\Toch2Key\TOUCH.h"
 176  003C  1F00     R  	clr _Count_C1_Backup[0]
"File: TOUCH.h       Assembler  Version HGASM0202      Page 11

 176  003D  1F00     R  	clr _Count_C1_Backup[1]
 176  003E  1F00     R  	clr _Count_C1_Backup[2]
 176  003F  1F00     R  	clr _Count_C1_Backup[3]
 176  0040              _L30:
 180  0040              #line 180 "C:\Users\hamed\Downloads\Compressed\holtek\Toch2Key ok(1)\Toch2Key\TOUCH.h"
 180  0040  3744        	clr [68].6
 181  0041              #line 181 "C:\Users\hamed\Downloads\Compressed\holtek\Toch2Key ok(1)\Toch2Key\TOUCH.h"
 181  0041  36C4        	clr [68].5
 181  0042  0003        	ret
 181  0043              _Key_Select endp
 181  0043              #line 181 "C:\Users\hamed\Downloads\Compressed\holtek\Toch2Key ok(1)\Toch2Key\TOUCH.h"
 181  0043              #pragma debug scope 1 1
 181  0043              public _TOUCH_ISR
 181  0043              #pragma debug scope 9 1
 187  0043              #line 187 "C:\Users\hamed\Downloads\Compressed\holtek\Toch2Key ok(1)\Toch2Key\TOUCH.h"
 187  0000              @TOUCH_ISR_code .section at 40 'code'
 187  0000              _TOUCH_ISR:
 187  0000  0004        	reti
 187  0001              #line 187 "C:\Users\hamed\Downloads\Compressed\holtek\Toch2Key ok(1)\Toch2Key\TOUCH.h"
 187  0001              #pragma debug scope 1 1
 187  0001              ___pa equ [20]
 187  0001              public _int0
 187  0001              #pragma debug scope 10 1
 211  0001              #line 211 "C:\Users\hamed\Downloads\Compressed\holtek\Toch2Key ok(1)\Toch2Key\TOUCH.h"
 211  0000              @int0_code .section at 4 'code'
 211  0000  0080     E  	mov r1,a
 211  0001  070A        	mov a,status
 211  0002  0080     E  	mov r2,a
 211  0003  2800     R  	jmp _int0
 211  0004              #pragma debug scope 1 1
 211  0004              @dummy4 endp
 211  0004              #pragma debug scope 11 1
 211  0000              _int0 .section 'code'
 211  0000              _int0 proc
 212  0000              #line 212 "C:\Users\hamed\Downloads\Compressed\holtek\Toch2Key ok(1)\Toch2Key\TOUCH.h"
 212  0000  0700     R  	mov a,_counter1[0]
 212  0001  0080     R  	mov _ncount[0],a
 212  0002  0700     R  	mov a,_counter1[1]
 212  0003  0080     R  	mov _ncount[1],a
 214  0004              #line 214 "C:\Users\hamed\Downloads\Compressed\holtek\Toch2Key ok(1)\Toch2Key\TOUCH.h"
 214  0004  1F00     R  	clr _counter1[0]
 214  0005  1F00     R  	clr _counter1[1]
 217  0006              #line 217 "C:\Users\hamed\Downloads\Compressed\holtek\Toch2Key ok(1)\Toch2Key\TOUCH.h"
 217  0006  3800     R  	snz _q
 217  0007  2800     R  	jmp _L35
 219  0008              #line 219 "C:\Users\hamed\Downloads\Compressed\holtek\Toch2Key ok(1)\Toch2Key\TOUCH.h"
 219  0008  0FFE        	mov a,254
 219  0009  0380     R  	addm a,_counter3[0]
 219  000A  0FFF        	mov a,255
 219  000B  1380     R  	adcm a,_counter3[1]
 221  000C              #line 221 "C:\Users\hamed\Downloads\Compressed\holtek\Toch2Key ok(1)\Toch2Key\TOUCH.h"
 221  000C  3800     R  	snz _counter3[1].7
 221  000D  2800     R  	jmp _L36
 222  000E              #line 222 "C:\Users\hamed\Downloads\Compressed\holtek\Toch2Key ok(1)\Toch2Key\TOUCH.h"
 222  000E  1F80     R  	set _counter3[0]
 222  000F  1F80     R  	set _counter3[1]
 223  0010              #line 223 "C:\Users\hamed\Downloads\Compressed\holtek\Toch2Key ok(1)\Toch2Key\TOUCH.h"
 223  0010  3214        	set [20].4
 223  0011  2800     R  	jmp _L35
 223  0012              _L36:
"File: TOUCH.h       Assembler  Version HGASM0202      Page 12

 226  0012              #line 226 "C:\Users\hamed\Downloads\Compressed\holtek\Toch2Key ok(1)\Toch2Key\TOUCH.h"
 226  0012  3614        	clr [20].4
 226  0013              _L35:
 231  0013              #line 231 "C:\Users\hamed\Downloads\Compressed\holtek\Toch2Key ok(1)\Toch2Key\TOUCH.h"
 231  0013  3C00     R  	sz _q
 231  0014  2800     R  	jmp _L34
 232  0015              #line 232 "C:\Users\hamed\Downloads\Compressed\holtek\Toch2Key ok(1)\Toch2Key\TOUCH.h"
 232  0015  3614        	clr [20].4
 233  0016              #line 233 "C:\Users\hamed\Downloads\Compressed\holtek\Toch2Key ok(1)\Toch2Key\TOUCH.h"
 233  0016  0FA0        	mov a,160
 233  0017  0200     R  	sub a,_counter2[0]
 233  0018  0F00        	mov a,0
 233  0019  1200     R  	sbc a,_counter2[1]
 233  001A  1185        	swap acc
 233  001B  040A        	xor a,status
 233  001C  3D85        	sz acc.3
 233  001D  2800     R  	jmp _L38
 234  001E              #line 234 "C:\Users\hamed\Downloads\Compressed\holtek\Toch2Key ok(1)\Toch2Key\TOUCH.h"
 234  001E  0F04        	mov a,4
 234  001F  0380     R  	addm a,_counter2[0]
 234  0020  0F00        	mov a,0
 234  0021  1380     R  	adcm a,_counter2[1]
 234  0022              _L38:
 236  0022              #line 236 "C:\Users\hamed\Downloads\Compressed\holtek\Toch2Key ok(1)\Toch2Key\TOUCH.h"
 236  0022  0700     R  	mov a,_counter2[0]
 236  0023  0080     E  	mov rb,a
 236  0024  0700     R  	mov a,_counter2[1]
 236  0025  0080     E  	mov rc,a
 236  0026              _L34:
 236  0026  0700     E  	mov a,r2
 236  0027  008A        	mov status,a
 236  0028  0700     E  	mov a,r1
 236  0029  0004        	reti
 236  002A              _int0 endp
 236  002A              
 236  002A              #line 236 "C:\Users\hamed\Downloads\Compressed\holtek\Toch2Key ok(1)\Toch2Key\TOUCH.h"
 236  002A              #pragma debug scope 1 1
 236  002A              public _timer
 236  002A              #pragma debug scope 12 1
 252  002A              #line 252 "C:\Users\hamed\Downloads\Compressed\holtek\Toch2Key ok(1)\Toch2Key\TOUCH.h"
 252  0000              @timer_code .section at 12 'code'
 252  0000  0080     E  	mov r1,a
 252  0001  070A        	mov a,status
 252  0002  0080     E  	mov r2,a
 252  0003  2800     R  	jmp _timer
 252  0004              #pragma debug scope 1 1
 252  0004              @dummy12 endp
 252  0004              #pragma debug scope 13 1
 252  0000              _timer .section 'code'
 252  0000              _timer proc
 254  0000              #line 254 "C:\Users\hamed\Downloads\Compressed\holtek\Toch2Key ok(1)\Toch2Key\TOUCH.h"
 254  0000  1480     R  	inc _counter1[0]
 254  0001  3D0A        	sz z
 254  0002  1480     R  	inc _counter1[1]
 258  0003              #line 258 "C:\Users\hamed\Downloads\Compressed\holtek\Toch2Key ok(1)\Toch2Key\TOUCH.h"
 258  0003  3800     R  	snz _q
 258  0004  2800     R  	jmp _L40
 260  0005              #line 260 "C:\Users\hamed\Downloads\Compressed\holtek\Toch2Key ok(1)\Toch2Key\TOUCH.h"
 260  0005  0700     R  	mov a,_counter1[0]
 260  0006  0200     R  	sub a,_counter3[0]
"File: TOUCH.h       Assembler  Version HGASM0202      Page 13

 260  0007  0700     R  	mov a,_counter1[1]
 260  0008  1200     R  	sbc a,_counter3[1]
 260  0009  1185        	swap acc
 260  000A  040A        	xor a,status
 260  000B  3D85        	sz acc.3
 260  000C  2800     R  	jmp _L41
 261  000D              #line 261 "C:\Users\hamed\Downloads\Compressed\holtek\Toch2Key ok(1)\Toch2Key\TOUCH.h"
 261  000D  3214        	set [20].4
 261  000E              _L41:
 263  000E              #line 263 "C:\Users\hamed\Downloads\Compressed\holtek\Toch2Key ok(1)\Toch2Key\TOUCH.h"
 263  000E  0700     R  	mov a,_counter3[0]
 263  000F  0080     R  	mov _counter2[0],a
 263  0010  0700     R  	mov a,_counter3[1]
 263  0011  0080     R  	mov _counter2[1],a
 263  0012              _L40:
 266  0012              #line 266 "C:\Users\hamed\Downloads\Compressed\holtek\Toch2Key ok(1)\Toch2Key\TOUCH.h"
 266  0012  3C00     R  	sz _q
 266  0013  2800     R  	jmp _L39
 268  0014              #line 268 "C:\Users\hamed\Downloads\Compressed\holtek\Toch2Key ok(1)\Toch2Key\TOUCH.h"
 268  0014  0700     R  	mov a,_counter1[0]
 268  0015  0400     R  	xor a,_counter2[0]
 268  0016  0700     R  	mov a,_counter1[1]
 268  0017  3D0A        	sz z
 268  0018  0400     R  	xor a,_counter2[1]
 268  0019  390A        	snz z
 268  001A  2800     R  	jmp _L43
 269  001B              #line 269 "C:\Users\hamed\Downloads\Compressed\holtek\Toch2Key ok(1)\Toch2Key\TOUCH.h"
 269  001B  3214        	set [20].4
 269  001C              _L43:
 271  001C              #line 271 "C:\Users\hamed\Downloads\Compressed\holtek\Toch2Key ok(1)\Toch2Key\TOUCH.h"
 271  001C  0700     R  	mov a,_ncount[0]
 271  001D  0080     R  	mov _counter3[0],a
 271  001E  0700     R  	mov a,_ncount[1]
 271  001F  0080     R  	mov _counter3[1],a
 271  0020              _L39:
 271  0020  0700     E  	mov a,r2
 271  0021  008A        	mov status,a
 271  0022  0700     E  	mov a,r1
 271  0023  0004        	reti
 271  0024              _timer endp
 271  0024              
 271  0024              #line 271 "C:\Users\hamed\Downloads\Compressed\holtek\Toch2Key ok(1)\Toch2Key\TOUCH.h"
 271  0024              #pragma debug scope 1 1
 271  0024              ___integ equ [13]
 271  0024              ___tmrc equ [29]
 271  0024              ___smod equ [11]
 271  0024              ___pac equ [21]
 271  0024              public _main
 271  0024              #pragma debug scope 14 1

  32  0024              #line 32 "C:\Users\hamed\Downloads\Compressed\holtek\Toch2Key ok(1)\Toch2Key\Toch2Key.c"
  32  0024              IFDEF WITH_DEFAULT_STARTUP
  32  0024              extern _main_initial0:near
  32  0024              extern _main_startup:near
  32  0024              ENDIF
  32  0024              
  32  0024              ROMBANK 0 @start
  32  0000              @start .section com_l 'code'
  32  0000              _main_startup1:
  32  0000              @start .section com_e 'code'
"File: Toch2Key.c    Assembler  Version HGASM0202      Page 14

  32  0000  2800     R  	jmp _main
  32  0001              
  32  0000              _main .section 'code'
  32  0000              _main proc
  39  0000              #line 39 "C:\Users\hamed\Downloads\Compressed\holtek\Toch2Key ok(1)\Toch2Key\Toch2Key.c"
  39  0000  308D        	set [13].1
  40  0001              #line 40 "C:\Users\hamed\Downloads\Compressed\holtek\Toch2Key ok(1)\Toch2Key\Toch2Key.c"
  40  0001  300D        	set [13].0
  41  0002              #line 41 "C:\Users\hamed\Downloads\Compressed\holtek\Toch2Key ok(1)\Toch2Key\Toch2Key.c"
  41  0002  308E        	set [14].1
  48  0003              #line 48 "C:\Users\hamed\Downloads\Compressed\holtek\Toch2Key ok(1)\Toch2Key\Toch2Key.c"
  48  0003  369D        	clr [29].5
  49  0004              #line 49 "C:\Users\hamed\Downloads\Compressed\holtek\Toch2Key ok(1)\Toch2Key\Toch2Key.c"
  49  0004  321D        	set [29].4
  51  0005              #line 51 "C:\Users\hamed\Downloads\Compressed\holtek\Toch2Key ok(1)\Toch2Key\Toch2Key.c"
  51  0005  301D        	set [29].0
  52  0006              #line 52 "C:\Users\hamed\Downloads\Compressed\holtek\Toch2Key ok(1)\Toch2Key\Toch2Key.c"
  52  0006  349D        	clr [29].1
  53  0007              #line 53 "C:\Users\hamed\Downloads\Compressed\holtek\Toch2Key ok(1)\Toch2Key\Toch2Key.c"
  53  0007  351D        	clr [29].2
  56  0008              #line 56 "C:\Users\hamed\Downloads\Compressed\holtek\Toch2Key ok(1)\Toch2Key\Toch2Key.c"
  56  0008  300E        	set [14].0
  57  0009              #line 57 "C:\Users\hamed\Downloads\Compressed\holtek\Toch2Key ok(1)\Toch2Key\Toch2Key.c"
  57  0009  300B        	set [11].0
  59  000A              #line 59 "C:\Users\hamed\Downloads\Compressed\holtek\Toch2Key ok(1)\Toch2Key\Toch2Key.c"
  59  000A  330E        	set [14].6
  60  000B              #line 60 "C:\Users\hamed\Downloads\Compressed\holtek\Toch2Key ok(1)\Toch2Key\Toch2Key.c"
  60  000B  318E        	set [14].3
  62  000C              #line 62 "C:\Users\hamed\Downloads\Compressed\holtek\Toch2Key ok(1)\Toch2Key\Toch2Key.c"
  62  000C  3494        	clr [20].1
  63  000D              #line 63 "C:\Users\hamed\Downloads\Compressed\holtek\Toch2Key ok(1)\Toch2Key\Toch2Key.c"
  63  000D  3514        	clr [20].2
  64  000E              #line 64 "C:\Users\hamed\Downloads\Compressed\holtek\Toch2Key ok(1)\Toch2Key\Toch2Key.c"
  64  000E  3594        	clr [20].3
  66  000F              #line 66 "C:\Users\hamed\Downloads\Compressed\holtek\Toch2Key ok(1)\Toch2Key\Toch2Key.c"
  66  000F  3615        	clr [21].4
  66  0010  3595        	clr [21].3
  66  0011  3515        	clr [21].2
  66  0012  3495        	clr [21].1
  67  0013              #line 67 "C:\Users\hamed\Downloads\Compressed\holtek\Toch2Key ok(1)\Toch2Key\Toch2Key.c"
  67  0013  0F01        	mov a,1
  67  0014  0080     R  	mov _delay_ms_2[0],a
  67  0015  1F00     R  	clr _delay_ms_2[1]
  67  0016  1F00     R  	clr _delay_ms_2[2]
  67  0017  1F00     R  	clr _delay_ms_2[3]
  67  0018  2000     R  	call _delay_ms
  68  0019              #line 68 "C:\Users\hamed\Downloads\Compressed\holtek\Toch2Key ok(1)\Toch2Key\Toch2Key.c"
  68  0019  2000     R  	call _TuochKeyInit
  69  001A              #line 69 "C:\Users\hamed\Downloads\Compressed\holtek\Toch2Key ok(1)\Toch2Key\Toch2Key.c"
  69  001A  0F01        	mov a,1
  69  001B  0080     R  	mov _delay_ms_2[0],a
  69  001C  1F00     R  	clr _delay_ms_2[1]
  69  001D  1F00     R  	clr _delay_ms_2[2]
  69  001E  1F00     R  	clr _delay_ms_2[3]
  69  001F  2000     R  	call _delay_ms
  70  0020              #line 70 "C:\Users\hamed\Downloads\Compressed\holtek\Toch2Key ok(1)\Toch2Key\Toch2Key.c"
  70  0020  2000     R  	call _CalibrTuoch
  70  0021              _L45:
  74  0021              #line 74 "C:\Users\hamed\Downloads\Compressed\holtek\Toch2Key ok(1)\Toch2Key\Toch2Key.c"
  74  0021              ;# 74 "C:\Users\hamed\Downloads\Compressed\holtek\Toch2Key ok(1)\Toch2Key\Toch2Key.c" 1
"File: Toch2Key.c    Assembler  Version HGASM0202      Page 15

  74  0021  0001        	clr wdt
  75  0022              #line 75 "C:\Users\hamed\Downloads\Compressed\holtek\Toch2Key ok(1)\Toch2Key\Toch2Key.c"
  75  0022  2000     R  	call _Key_Select
  76  0023              #line 76 "C:\Users\hamed\Downloads\Compressed\holtek\Toch2Key ok(1)\Toch2Key\Toch2Key.c"
  76  0023  2000     R  	call _Key_Touch
  76  0024  2800     R  	jmp _L45
  76  0025  2800     R  	jmp $
  76  0026              _main endp
  76  0026              
  76  0026              @dummy endp
  76  0026              
  76  0026              #line 76 "C:\Users\hamed\Downloads\Compressed\holtek\Toch2Key ok(1)\Toch2Key\Toch2Key.c"
  76  0026              #pragma debug scope 1 1
  76  0026              public _q
  76  0000              @HCCINIT	.section 'data'

  11  0000              #line 11 "C:\Users\hamed\Downloads\Compressed\holtek\Toch2Key ok(1)\Toch2Key\TOUCH.h"
  11  0000              @BITDATASEC .section 'data'
  11  0000  00          _q	dbit 0
  11  0001              #pragma debug variable 2 1 _q "q"
  11  0001              public _counter3
  10  0001              #line 10 "C:\Users\hamed\Downloads\Compressed\holtek\Toch2Key ok(1)\Toch2Key\TOUCH.h"
  10  0000              @HCCINIT .section 'data'
  10  0000              _counter3 label byte
  10  0000              #pragma debug variable 11 1 _counter3 "counter3"
  10  0000              	db 0
  10  0000              @ROMDATA_BASE .section inpage 'code'
  10  0000              	db 0
  10  0001              @HCCINIT .section 'data'
  10  0001              	db 0
  10  0001              @ROMDATA_BASE .section inpage 'code'
  10  0001              	db 0
  10  0002              @HCCINIT .section 'data'
  10  0002              public _counter2
   9  0002              #line 9 "C:\Users\hamed\Downloads\Compressed\holtek\Toch2Key ok(1)\Toch2Key\TOUCH.h"
   9  0002              @HCCINIT .section 'data'
   9  0002              _counter2 label byte
   9  0002              #pragma debug variable 11 1 _counter2 "counter2"
   9  0002              	db 0
   9  0001              @ROMDATA_BASE .section inpage 'code'
   9  0001              	db 0
   9  0003              @HCCINIT .section 'data'
   9  0003              	db 0
   9  0002              @ROMDATA_BASE .section inpage 'code'
   9  0002              	db 0
   9  0004              @HCCINIT .section 'data'
   9  0004              public _counter1
   8  0004              #line 8 "C:\Users\hamed\Downloads\Compressed\holtek\Toch2Key ok(1)\Toch2Key\TOUCH.h"
   8  0004              @HCCINIT .section 'data'
   8  0004              _counter1 label byte
   8  0004              #pragma debug variable 11 1 _counter1 "counter1"
   8  0004              	db 0
   8  0002              @ROMDATA_BASE .section inpage 'code'
   8  0002              	db 0
   8  0005              @HCCINIT .section 'data'
   8  0005              	db 0
   8  0003              @ROMDATA_BASE .section inpage 'code'
   8  0003              	db 0
   8  0006              @HCCINIT .section 'data'
   8  0006              public _ncount
"File: TOUCH.h       Assembler  Version HGASM0202      Page 16

   7  0006              #line 7 "C:\Users\hamed\Downloads\Compressed\holtek\Toch2Key ok(1)\Toch2Key\TOUCH.h"
   7  0006              @HCCINIT .section 'data'
   7  0006              _ncount label byte
   7  0006              #pragma debug variable 11 1 _ncount "ncount"
   7  0006              	db 0
   7  0003              @ROMDATA_BASE .section inpage 'code'
   7  0003              	db 0
   7  0007              @HCCINIT .section 'data'
   7  0007              	db 0
   7  0004              @ROMDATA_BASE .section inpage 'code'
   7  0004              	db 0
   7  0008              @HCCINIT .section 'data'
   7  0008              public _CalibrSample
   4  0008              #line 4 "C:\Users\hamed\Downloads\Compressed\holtek\Toch2Key ok(1)\Toch2Key\TOUCH.h"
   4  0008              @HCCINIT .section 'data'
   4  0008              _CalibrSample label byte
   4  0008              #pragma debug variable 8 1 _CalibrSample "CalibrSample"
   4  0008              	db 0
   4  0004              @ROMDATA_BASE .section inpage 'code'
   4  0004              	db 0
   4  0009              @HCCINIT .section 'data'
   4  0009              public _CalibrCount
   4  0009              #line 4 "C:\Users\hamed\Downloads\Compressed\holtek\Toch2Key ok(1)\Toch2Key\TOUCH.h"
   4  0009              @HCCINIT .section 'data'
   4  0009              _CalibrCount label byte
   4  0009              #pragma debug variable 8 1 _CalibrCount "CalibrCount"
   4  0009              	db 0
   4  0005              @ROMDATA_BASE .section inpage 'code'
   4  0005              	db 0
   4  000A              @HCCINIT .section 'data'
   4  000A              public _counter
   4  000A              #line 4 "C:\Users\hamed\Downloads\Compressed\holtek\Toch2Key ok(1)\Toch2Key\TOUCH.h"
   4  000A              @HCCINIT .section 'data'
   4  000A              _counter label byte
   4  000A              #pragma debug variable 8 1 _counter "counter"
   4  000A              	db 0
   4  0005              @ROMDATA_BASE .section inpage 'code'
   4  0005              	db 0
   4  000B              @HCCINIT .section 'data'
   4  000B              public _i
   4  000B              #line 4 "C:\Users\hamed\Downloads\Compressed\holtek\Toch2Key ok(1)\Toch2Key\TOUCH.h"
   4  000B              @HCCINIT .section 'data'
   4  000B              _i label byte
   4  000B              #pragma debug variable 8 1 _i "i"
   4  000B              	db 0
   4  0006              @ROMDATA_BASE .section inpage 'code'
   4  0006              	db 0
   4  000C              @HCCINIT .section 'data'
   4  000C              public _Count_T1
   3  000C              #line 3 "C:\Users\hamed\Downloads\Compressed\holtek\Toch2Key ok(1)\Toch2Key\TOUCH.h"
   3  000C              @HCCINIT .section 'data'
   3  000C              _Count_T1 label byte
   3  000C              #pragma debug variable 12 1 _Count_T1 "Count_T1"
   3  000C              	db 0
   3  0006              @ROMDATA_BASE .section inpage 'code'
   3  0006              	db 0
   3  000D              @HCCINIT .section 'data'
   3  000D              	db 0
   3  0007              @ROMDATA_BASE .section inpage 'code'
   3  0007              	db 0
"File: TOUCH.h       Assembler  Version HGASM0202      Page 17

   3  000E              @HCCINIT .section 'data'
   3  000E              public _Count_S1
   2  000E              #line 2 "C:\Users\hamed\Downloads\Compressed\holtek\Toch2Key ok(1)\Toch2Key\TOUCH.h"
   2  000E              @HCCINIT .section 'data'
   2  000E              _Count_S1 label byte
   2  000E              #pragma debug variable 12 1 _Count_S1 "Count_S1"
   2  000E              	db 0
   2  0007              @ROMDATA_BASE .section inpage 'code'
   2  0007              	db 0
   2  000F              @HCCINIT .section 'data'
   2  000F              	db 0
   2  0008              @ROMDATA_BASE .section inpage 'code'
   2  0008              	db 0
   2  0010              @HCCINIT .section 'data'
   2  0010              public _Count_C1_Backup
   1  0010              #line 1 "C:\Users\hamed\Downloads\Compressed\holtek\Toch2Key ok(1)\Toch2Key\TOUCH.h"
   1  0010              @HCCINIT .section 'data'
   1  0010              _Count_C1_Backup label byte
   1  0010              #pragma debug variable 14 1 _Count_C1_Backup "Count_C1_Backup"
   1  0010              	db 0
   1  0008              @ROMDATA_BASE .section inpage 'code'
   1  0008              	db 0
   1  0011              @HCCINIT .section 'data'
   1  0011              	db 0
   1  0009              @ROMDATA_BASE .section inpage 'code'
   1  0009              	db 0
   1  0012              @HCCINIT .section 'data'
   1  0012              	db 0
   1  0009              @ROMDATA_BASE .section inpage 'code'
   1  0009              	db 0
   1  0013              @HCCINIT .section 'data'
   1  0013              	db 0
   1  000A              @ROMDATA_BASE .section inpage 'code'
   1  000A              	db 0
   1  0014              @HCCINIT .section 'data'
   1  0014              public _Count_C1
   1  0014              #line 1 "C:\Users\hamed\Downloads\Compressed\holtek\Toch2Key ok(1)\Toch2Key\TOUCH.h"
   1  0014              @HCCINIT .section 'data'
   1  0014              _Count_C1 label byte
   1  0014              #pragma debug variable 14 1 _Count_C1 "Count_C1"
   1  0014              	db 0
   1  000A              @ROMDATA_BASE .section inpage 'code'
   1  000A              	db 0
   1  0015              @HCCINIT .section 'data'
   1  0015              	db 0
   1  000B              @ROMDATA_BASE .section inpage 'code'
   1  000B              	db 0
   1  0016              @HCCINIT .section 'data'
   1  0016              	db 0
   1  000B              @ROMDATA_BASE .section inpage 'code'
   1  000B              	db 0
   1  0017              @HCCINIT .section 'data'
   1  0017              	db 0
   1  000C              @ROMDATA_BASE .section inpage 'code'
   1  000C              	db 0
   1  0018              @HCCINIT .section 'data'
   1  0018              #pragma debug struct_end
   1  0018              #pragma debug struct_end
   1  0018              #pragma debug union_end
   1  0018              #pragma debug union_end
"File: TOUCH.h       Assembler  Version HGASM0202      Page 18

   1  0018              #pragma debug variable 43 1 ___smod "__smod" 1
   1  0018              #pragma debug struct_end
   1  0018              #pragma debug struct_end
   1  0018              #pragma debug union_end
   1  0018              #pragma debug union_end
   1  0018              #pragma debug variable 45 1 ___integ "__integ" 1
   1  0018              #pragma debug struct_end
   1  0018              #pragma debug struct_end
   1  0018              #pragma debug union_end
   1  0018              #pragma debug union_end
   1  0018              #pragma debug variable 47 1 ___intc0 "__intc0" 1
   1  0018              #pragma debug struct_end
   1  0018              #pragma debug struct_end
   1  0018              #pragma debug union_end
   1  0018              #pragma debug union_end
   1  0018              #pragma debug variable 49 1 ___pa "__pa" 1
   1  0018              #pragma debug struct_end
   1  0018              #pragma debug struct_end
   1  0018              #pragma debug union_end
   1  0018              #pragma debug union_end
   1  0018              #pragma debug variable 51 1 ___pac "__pac" 1
   1  0018              #pragma debug struct_end
   1  0018              #pragma debug struct_end
   1  0018              #pragma debug union_end
   1  0018              #pragma debug union_end
   1  0018              #pragma debug variable 53 1 ___tmrc "__tmrc" 1
   1  0018              #pragma debug variable 8 1 ___tktmr "__tktmr" 1
   1  0018              #pragma debug struct_end
   1  0018              #pragma debug struct_end
   1  0018              #pragma debug union_end
   1  0018              #pragma debug union_end
   1  0018              #pragma debug variable 55 1 ___tkc0 "__tkc0" 1
   1  0018              #pragma debug struct_end
   1  0018              #pragma debug struct_end
   1  0018              #pragma debug union_end
   1  0018              #pragma debug union_end
   1  0018              #pragma debug variable 57 1 ___tkc1 "__tkc1" 1
   1  0018              #pragma debug variable 8 1 ___tkm016dl "__tkm016dl" 1
   1  0018              #pragma debug variable 8 1 ___tkm016dh "__tkm016dh" 1
   1  0018              #pragma debug variable 8 1 ___tkm0rol "__tkm0rol" 1
   1  0018              #pragma debug variable 8 1 ___tkm0roh "__tkm0roh" 1
   1  0018              #pragma debug struct_end
   1  0018              #pragma debug struct_end
   1  0018              #pragma debug union_end
   1  0018              #pragma debug union_end
   1  0018              #pragma debug variable 59 1 ___tkm0c0 "__tkm0c0" 1
   1  0018              #pragma debug struct_end
   1  0018              #pragma debug struct_end
   1  0018              #pragma debug union_end
   1  0018              #pragma debug union_end
   1  0018              #pragma debug variable 61 1 ___tkm0c1 "__tkm0c1" 1
   1  0018              extern r1:byte
   1  0018              extern r2:byte

  32  0018              #line 32 "C:\Users\hamed\Downloads\Compressed\holtek\Toch2Key ok(1)\Toch2Key\Toch2Key.c"
  32  0000              @code .section at 0 'code'
  32  0000  2800     R  	jmp _main_startup1
  32  0001              
  32  0001              extern _builtin_holtek_mulsi3_2:byte
  32  0001              extern _builtin_holtek_mulsi3:near
"File: Toch2Key.c    Assembler  Version HGASM0202      Page 19

  32  0001              extern _builtin_holtek_udivmodsi4_2:byte
  32  0001              extern _builtin_holtek_udivmodsi4:near
  32  0001              
  32  0001              ; 
  32  0001              ; Generated by holtek-gcc v3.19, Fri Dec 08 12:44:11 2023
  32  0001              ; Rebuild 718
  32  0001              ; end of file


        0 Errors, 0