"File: prid.c        Assembler  Version HGASM0202      Page 1


   1  0000              ; Generated by holtek-gcc v3.19, Mon Aug 07 21:46:51 2023
   2  0000              ; 
   3  0000              ; Configuration:
   4  0000              ;       without long instruction
   5  0000              ;       Single ROM, Multi-RAM
   6  0000              ;       bits_per_rom_unit:16
   7  0000              ;       with mp1
   8  0000              ;       with tbhp, address(0x9)
   9  0000              ;          Use tabrd-const
  10  0000              ;       
  11  0000              ;       
  12  0000              ;       
  13  0000              ; use 'tabrdc' instead of 'tabrd'
  14  0000              ;       
  15  0000              
  16  0000              #pragma translator "holtek-gcc 4.6.4" "3.19" "build 20130711"
  17  0000              ; Rebuild 718
  18  0000              
  19  0000              ir equ [2]
  20  0000              mp equ [3]
  21  0000              sbp equ [1]
  22  0000              acc equ [5]
  23  0000              bp equ [4]
  24  0000              tblp equ [7]
  25  0000              tbhp equ [9]
  26  0000              status equ [10]
  27  0000              c equ [10].0
  28  0000              ac equ [10].1
  29  0000              z equ [10].2
  30  0000              ov equ [10].3
  31  0000              intc equ [11]
  32  0000              
  33  0000              extern ra:byte
  34  0000              extern rb:byte
  35  0000              extern rc:byte
  36  0000              extern rd:byte
  37  0000              extern re:byte
  38  0000              extern rf:byte
  39  0000              extern rg:byte
  40  0000              extern rh:byte
  41  0000              extern _Crom2Prom:near
  42  0000              extern _Crom2PromNext:near
  43  0000              
  44  0000              RAMBANK 0 @HCCINIT, @HCCINIT0
  45  0000              
  46  0000              RAMBANK 0 @BITDATASEC, @BITDATASEC1
  47  0000              @HCCINIT	.section 'data'
  48  0000              @HCCINIT0	.section 'data'
  49  0000              @BITDATASEC	 .section 'data'
  50  0000              @BITDATASEC1	 .section 'data'
  51  0000              
  52  0000              #pragma debug scope 1 1
  53  0000              	extern __DELAY3:near
  54  0000              	extern __DELAYX3:near
  55  0000              	extern __DELAYX6:near
  56  0000              	extern __DELAYY5:near
  57  0000              	extern __DELAYY3:near
  58  0000              	extern _builtin_holtek_delay_2:byte
  59  0000              public _Delay
"File: prid.ASM      Assembler  Version HGASM0202      Page 2

  60  0000              #pragma debug scope 2 1

  14  0000              #line 14 "C:\Users\hamed\OneDrive\Documents\HTK_Project\prid\prid.c"
  14  0000              _Delay .section 'code'
  14  0000              _Delay proc
  14  0000              public _Delay_2
  14  0000  0008[           local _Delay_2 db 8 dup(?)	; 4,4
            00
            ]
  14  0008              #pragma debug variable 14 2 _Delay_2+0 "count"
  14  0008              #pragma debug variable 14 2 _Delay_2+4 "i"
  16  0008              #line 16 "C:\Users\hamed\OneDrive\Documents\HTK_Project\prid\prid.c"
  16  0000  1F00     R  	clr _Delay_2[4]
  16  0001  1F00     R  	clr _Delay_2[5]
  16  0002  1F00     R  	clr _Delay_2[6]
  16  0003  1F00     R  	clr _Delay_2[7]
  16  0004  2800     R  	jmp _L2
  16  0005              _L3:
  18  0005              #line 18 "C:\Users\hamed\OneDrive\Documents\HTK_Project\prid\prid.c"
  18  0005              ;# 18 "C:\Users\hamed\OneDrive\Documents\HTK_Project\prid\prid.c" 1
  18  0005  0000        	nop
  19  0006              #line 19 "C:\Users\hamed\OneDrive\Documents\HTK_Project\prid\prid.c"
  19  0006              ;# 19 "C:\Users\hamed\OneDrive\Documents\HTK_Project\prid\prid.c" 1
  19  0006  0001        	clr wdt
  16  0007              #line 16 "C:\Users\hamed\OneDrive\Documents\HTK_Project\prid\prid.c"
  16  0007  0F01        	mov a,1
  16  0008  0380     R  	addm a,_Delay_2[4]
  16  0009  0F00        	mov a,0
  16  000A  1380     R  	adcm a,_Delay_2[5]
  16  000B  1380     R  	adcm a,_Delay_2[6]
  16  000C  1380     R  	adcm a,_Delay_2[7]
  16  000D              _L2:
  16  000D  0700     R  	mov a,_Delay_2[4]
  16  000E  0200     R  	sub a,_Delay_2[0]
  16  000F  0700     R  	mov a,_Delay_2[5]
  16  0010  1200     R  	sbc a,_Delay_2[1]
  16  0011  0700     R  	mov a,_Delay_2[6]
  16  0012  1200     R  	sbc a,_Delay_2[2]
  16  0013  0700     R  	mov a,_Delay_2[7]
  16  0014  1200     R  	sbc a,_Delay_2[3]
  16  0015  380A        	snz c
  16  0016  2800     R  	jmp _L3
  16  0017  0003        	ret
  16  0018              _Delay endp
  16  0018              #line 16 "C:\Users\hamed\OneDrive\Documents\HTK_Project\prid\prid.c"
  16  0018              #pragma debug scope 1 1
  16  0018              ___smod equ [11]
  16  0018              ___pac equ [21]
  16  0018              ___papu equ [22]
  16  0018              ___tktmr equ [67]
  16  0018              ___tkc0 equ [68]
  16  0018              ___tkc1 equ [71]
  16  0018              ___tkm0rol equ [74]
  16  0018              ___tkm0roh equ [75]
  16  0018              ___tkm0c0 equ [76]
  16  0018              ___tkm0c1 equ [77]
  16  0018              public _init
  16  0018              #pragma debug scope 3 1
  25  0018              #line 25 "C:\Users\hamed\OneDrive\Documents\HTK_Project\prid\prid.c"
  25  0000              _init .section 'code'
"File: prid.c        Assembler  Version HGASM0202      Page 3

  25  0000              _init proc
  27  0000              #line 27 "C:\Users\hamed\OneDrive\Documents\HTK_Project\prid\prid.c"
  27  0000  0F01        	mov a,1
  27  0001  008B        	mov [11],a
  30  0002              #line 30 "C:\Users\hamed\OneDrive\Documents\HTK_Project\prid\prid.c"
  30  0002  3595        	clr [21].3
  31  0003              #line 31 "C:\Users\hamed\OneDrive\Documents\HTK_Project\prid\prid.c"
  31  0003  3515        	clr [21].2
  32  0004              #line 32 "C:\Users\hamed\OneDrive\Documents\HTK_Project\prid\prid.c"
  32  0004  3295        	set [21].5
  34  0005              #line 34 "C:\Users\hamed\OneDrive\Documents\HTK_Project\prid\prid.c"
  34  0005  3296        	set [22].5
  38  0006              #line 38 "C:\Users\hamed\OneDrive\Documents\HTK_Project\prid\prid.c"
  38  0006  0F64        	mov a,100
  38  0007  00C3        	mov [67],a
  45  0008              #line 45 "C:\Users\hamed\OneDrive\Documents\HTK_Project\prid\prid.c"
  45  0008  3044        	set [68].0
  46  0009              #line 46 "C:\Users\hamed\OneDrive\Documents\HTK_Project\prid\prid.c"
  46  0009  30C4        	set [68].1
  53  000A              #line 53 "C:\Users\hamed\OneDrive\Documents\HTK_Project\prid\prid.c"
  53  000A  3047        	set [71].0
  54  000B              #line 54 "C:\Users\hamed\OneDrive\Documents\HTK_Project\prid\prid.c"
  54  000B  30C7        	set [71].1
  58  000C              #line 58 "C:\Users\hamed\OneDrive\Documents\HTK_Project\prid\prid.c"
  58  000C  0FC8        	mov a,200
  58  000D  00CA        	mov [74],a
  59  000E              #line 59 "C:\Users\hamed\OneDrive\Documents\HTK_Project\prid\prid.c"
  59  000E  1F4B        	clr [75]
  62  000F              #line 62 "C:\Users\hamed\OneDrive\Documents\HTK_Project\prid\prid.c"
  62  000F  334C        	set [76].6
  63  0010              #line 63 "C:\Users\hamed\OneDrive\Documents\HTK_Project\prid\prid.c"
  63  0010  37CC        	clr [76].7
  68  0011              #line 68 "C:\Users\hamed\OneDrive\Documents\HTK_Project\prid\prid.c"
  68  0011  36CC        	clr [76].5
  70  0012              #line 70 "C:\Users\hamed\OneDrive\Documents\HTK_Project\prid\prid.c"
  70  0012  324C        	set [76].4
  74  0013              #line 74 "C:\Users\hamed\OneDrive\Documents\HTK_Project\prid\prid.c"
  74  0013  31CC        	set [76].3
  79  0014              #line 79 "C:\Users\hamed\OneDrive\Documents\HTK_Project\prid\prid.c"
  79  0014  314C        	set [76].2
  80  0015              #line 80 "C:\Users\hamed\OneDrive\Documents\HTK_Project\prid\prid.c"
  80  0015  34CC        	clr [76].1
  81  0016              #line 81 "C:\Users\hamed\OneDrive\Documents\HTK_Project\prid\prid.c"
  81  0016  344C        	clr [76].0
  84  0017              #line 84 "C:\Users\hamed\OneDrive\Documents\HTK_Project\prid\prid.c"
  84  0017  37CD        	clr [77].7
  86  0018              #line 86 "C:\Users\hamed\OneDrive\Documents\HTK_Project\prid\prid.c"
  86  0018  32CD        	set [77].5
  89  0019              #line 89 "C:\Users\hamed\OneDrive\Documents\HTK_Project\prid\prid.c"
  89  0019  324D        	set [77].4
  93  001A              #line 93 "C:\Users\hamed\OneDrive\Documents\HTK_Project\prid\prid.c"
  93  001A  30CD        	set [77].1
  93  001B  0003        	ret
  93  001C              _init endp
  93  001C              #line 93 "C:\Users\hamed\OneDrive\Documents\HTK_Project\prid\prid.c"
  93  001C              #pragma debug scope 1 1
  93  001C              ___pa equ [20]
  93  001C              ___tkm016dh equ [73]
  93  001C              ___tkm016dl equ [72]
  93  001C              public _main
"File: prid.c        Assembler  Version HGASM0202      Page 4

  93  001C              #pragma debug scope 4 1
 103  001C              #line 103 "C:\Users\hamed\OneDrive\Documents\HTK_Project\prid\prid.c"
 103  001C              IFDEF WITH_DEFAULT_STARTUP
 103  001C              extern _main_initial0:near
 103  001C              extern _main_startup:near
 103  001C              ENDIF
 103  001C              
 103  001C              ROMBANK 0 @start
 103  0000              @start .section com_l 'code'
 103  0000              _main_startup1:
 103  0000              @start .section com_e 'code'
 103  0000  2800     R  	jmp _main
 103  0001              
 103  0000              _main .section 'code'
 103  0000              _main proc
 103  0000  000E[           local _main_2 db 14 dup(?)
            00
            ]
 104  000E              #line 104 "C:\Users\hamed\OneDrive\Documents\HTK_Project\prid\prid.c"
 104  0000  2000     R  	call _init
 105  0001              #line 105 "C:\Users\hamed\OneDrive\Documents\HTK_Project\prid\prid.c"
 105  0001  0F10        	mov a,16
 105  0002  0080     R  	mov _Delay_2[0],a
 105  0003  0F27        	mov a,39
 105  0004  0080     R  	mov _Delay_2[1],a
 105  0005  1F00     R  	clr _Delay_2[2]
 105  0006  1F00     R  	clr _Delay_2[3]
 105  0007  2000     R  	call _Delay
 106  0008              #line 106 "C:\Users\hamed\OneDrive\Documents\HTK_Project\prid\prid.c"
 106  0008  3114        	set [20].2
 108  0009              #line 108 "C:\Users\hamed\OneDrive\Documents\HTK_Project\prid\prid.c"
 108  0009  36C4        	clr [68].5
 109  000A              #line 109 "C:\Users\hamed\OneDrive\Documents\HTK_Project\prid\prid.c"
 109  000A  1F00     R  	clr _i[0]
 109  000B  1F00     R  	clr _i[1]
 109  000C              _L7:
 109  000C              #line 109 "C:\Users\hamed\OneDrive\Documents\HTK_Project\prid\prid.c"
 109  000C  0F13        	mov a,19
 109  000D  0200     R  	sub a,_i[0]
 109  000E  0F00        	mov a,0
 109  000F  1200     R  	sbc a,_i[1]
 109  0010  1185        	swap acc
 109  0011  040A        	xor a,status
 109  0012  3D85        	sz acc.3
 109  0013  2800     R  	jmp _L30
 111  0014              #line 111 "C:\Users\hamed\OneDrive\Documents\HTK_Project\prid\prid.c"
 111  0014  32CD        	set [77].5
 112  0015              #line 112 "C:\Users\hamed\OneDrive\Documents\HTK_Project\prid\prid.c"
 112  0015  324D        	set [77].4
 113  0016              #line 113 "C:\Users\hamed\OneDrive\Documents\HTK_Project\prid\prid.c"
 113  0016  32C4        	set [68].5
 113  0017              _L9:
 115  0017              #line 115 "C:\Users\hamed\OneDrive\Documents\HTK_Project\prid\prid.c"
 115  0017  3B44        	snz [68].6
 115  0018  2800     R  	jmp _L9
 117  0019              #line 117 "C:\Users\hamed\OneDrive\Documents\HTK_Project\prid\prid.c"
 117  0019  0749        	mov a,[73]
 117  001A  0080     R  	mov _main_2[1],a
 117  001B  1F00     R  	clr _main_2[0]
 117  001C  0700     R  	mov a,_main_2[1]
"File: prid.c        Assembler  Version HGASM0202      Page 5

 117  001D  0080     E  	mov rc,a
 117  001E  0748        	mov a,[72]
 117  001F  0500     R  	or a,_main_2[0]
 117  0020  0080     E  	mov rb,a
 117  0021  0700     E  	mov a,rb
 117  0022  0080     R  	mov _touch[0],a
 117  0023  0700     E  	mov a,rc
 117  0024  0080     R  	mov _touch[1],a
 118  0025              #line 118 "C:\Users\hamed\OneDrive\Documents\HTK_Project\prid\prid.c"
 118  0025  0700     E  	mov a,rb
 118  0026  0380     R  	addm a,_touchThreshold[0]
 118  0027  0700     E  	mov a,rc
 118  0028  1380     R  	adcm a,_touchThreshold[1]
 118  0029  1F05        	clr acc
 118  002A  1380     R  	adcm a,_touchThreshold[2]
 118  002B  1380     R  	adcm a,_touchThreshold[3]
 120  002C              #line 120 "C:\Users\hamed\OneDrive\Documents\HTK_Project\prid\prid.c"
 120  002C  3744        	clr [68].6
 121  002D              #line 121 "C:\Users\hamed\OneDrive\Documents\HTK_Project\prid\prid.c"
 121  002D  36C4        	clr [68].5
 124  002E              #line 124 "C:\Users\hamed\OneDrive\Documents\HTK_Project\prid\prid.c"
 124  002E  0FD0        	mov a,-48
 124  002F  0080     R  	mov _Delay_2[0],a
 124  0030  0F07        	mov a,7
 124  0031  0080     R  	mov _Delay_2[1],a
 124  0032  1F00     R  	clr _Delay_2[2]
 124  0033  1F00     R  	clr _Delay_2[3]
 124  0034  2000     R  	call _Delay
 109  0035              #line 109 "C:\Users\hamed\OneDrive\Documents\HTK_Project\prid\prid.c"
 109  0035  1480     R  	inc _i[0]
 109  0036  3D0A        	sz z
 109  0037  1480     R  	inc _i[1]
 109  0038  2800     R  	jmp _L7
 109  0039              _L30:
 126  0039              #line 126 "C:\Users\hamed\OneDrive\Documents\HTK_Project\prid\prid.c"
 126  0039  1F00     E  	clr _builtin_holtek_udivmodsi4_2[12]
 126  003A  0700     R  	mov a,_touchThreshold[0]  
 126  003B  0080     E  	mov _builtin_holtek_udivmodsi4_2[0],a  
 126  003C  0700     R  	mov a,_touchThreshold[1]  
 126  003D  0080     E  	mov _builtin_holtek_udivmodsi4_2[1],a
 126  003E  0700     R  	mov a,_touchThreshold[2]  
 126  003F  0080     E  	mov _builtin_holtek_udivmodsi4_2[2],a  
 126  0040  0700     R  	mov a,_touchThreshold[3]  
 126  0041  0080     E  	mov _builtin_holtek_udivmodsi4_2[3],a
 126  0042  0F14        	mov a,20  
 126  0043  0080     E  	mov _builtin_holtek_udivmodsi4_2[4],a  
 126  0044  0F00        	mov a,0  
 126  0045  0080     E  	mov _builtin_holtek_udivmodsi4_2[5],a
 126  0046  1F00     E  	clr _builtin_holtek_udivmodsi4_2[6]
 126  0047  1F00     E  	clr _builtin_holtek_udivmodsi4_2[7]
 126  0048  2000     E  	call _builtin_holtek_udivmodsi4
 126  0049  0700     E  	mov a,_builtin_holtek_udivmodsi4_2[0]  
 126  004A  0080     R  	mov _main_2[0],a  
 126  004B  0700     E  	mov a,_builtin_holtek_udivmodsi4_2[1]  
 126  004C  0080     R  	mov _main_2[1],a
 126  004D  0700     E  	mov a,_builtin_holtek_udivmodsi4_2[2]  
 126  004E  0080     R  	mov _main_2[2],a  
 126  004F  0700     E  	mov a,_builtin_holtek_udivmodsi4_2[3]  
 126  0050  0080     R  	mov _main_2[3],a
 126  0051  0700     R  	mov a,_main_2[0]
"File: prid.c        Assembler  Version HGASM0202      Page 6

 126  0052  0080     R  	mov _touchThreshold[0],a
 126  0053  0700     R  	mov a,_main_2[1]
 126  0054  0080     R  	mov _touchThreshold[1],a
 126  0055  0700     R  	mov a,_main_2[2]
 126  0056  0080     R  	mov _touchThreshold[2],a
 126  0057  0700     R  	mov a,_main_2[3]
 126  0058  0080     R  	mov _touchThreshold[3],a
 128  0059              #line 128 "C:\Users\hamed\OneDrive\Documents\HTK_Project\prid\prid.c"
 128  0059  3514        	clr [20].2
 130  005A              #line 130 "C:\Users\hamed\OneDrive\Documents\HTK_Project\prid\prid.c"
 130  005A  32CD        	set [77].5
 131  005B              #line 131 "C:\Users\hamed\OneDrive\Documents\HTK_Project\prid\prid.c"
 131  005B  324D        	set [77].4
 132  005C              #line 132 "C:\Users\hamed\OneDrive\Documents\HTK_Project\prid\prid.c"
 132  005C  32C4        	set [68].5
 132  005D  0700     R  	mov a,_touch[0]
 132  005E  0080     E  	mov rb,a
 132  005F  0700     R  	mov a,_touch[1]
 132  0060  0080     E  	mov rc,a
 132  0061  0700     R  	mov a,_isInDoor[0]
 132  0062  0080     E  	mov rh,a
 132  0063  0700     R  	mov a,_fingerCounter[0]
 132  0064  0080     E  	mov rd,a
 132  0065  0700     R  	mov a,_fingerCounter[1]
 132  0066  0080     E  	mov re,a
 132  0067  0700     R  	mov a,_fingerCounter[2]
 132  0068  0080     E  	mov rf,a
 132  0069  0700     R  	mov a,_fingerCounter[3]
 132  006A  0080     E  	mov rg,a
 162  006B              #line 162 "C:\Users\hamed\OneDrive\Documents\HTK_Project\prid\prid.c"
 162  006B  0FEC        	mov a,236
 162  006C  0300     R  	add a,_main_2[0]
 162  006D  0080     R  	mov _main_2[6],a
 162  006E  0FFF        	mov a,255
 162  006F  1300     R  	adc a,_main_2[1]
 162  0070  0080     R  	mov _main_2[7],a
 162  0071  0FFF        	mov a,255
 162  0072  1300     R  	adc a,_main_2[2]
 162  0073  0080     R  	mov _main_2[8],a
 162  0074  0FFF        	mov a,255
 162  0075  1300     R  	adc a,_main_2[3]
 162  0076  0080     R  	mov _main_2[9],a
 166  0077              #line 166 "C:\Users\hamed\OneDrive\Documents\HTK_Project\prid\prid.c"
 166  0077  0FF6        	mov a,246
 166  0078  0300     R  	add a,_main_2[0]
 166  0079  0080     R  	mov _main_2[10],a
 166  007A  0FFF        	mov a,255
 166  007B  1300     R  	adc a,_main_2[1]
 166  007C  0080     R  	mov _main_2[11],a
 166  007D  0FFF        	mov a,255
 166  007E  1300     R  	adc a,_main_2[2]
 166  007F  0080     R  	mov _main_2[12],a
 166  0080  0FFF        	mov a,255
 166  0081  1300     R  	adc a,_main_2[3]
 166  0082  0080     R  	mov _main_2[13],a
 166  0083              _L18:
 135  0083              #line 135 "C:\Users\hamed\OneDrive\Documents\HTK_Project\prid\prid.c"
 135  0083              ;# 135 "C:\Users\hamed\OneDrive\Documents\HTK_Project\prid\prid.c" 1
 135  0083  0001        	clr wdt
 138  0084              #line 138 "C:\Users\hamed\OneDrive\Documents\HTK_Project\prid\prid.c"
"File: prid.c        Assembler  Version HGASM0202      Page 7

 138  0084  3B44        	snz [68].6
 138  0085  2800     R  	jmp _L11
 140  0086              #line 140 "C:\Users\hamed\OneDrive\Documents\HTK_Project\prid\prid.c"
 140  0086  0749        	mov a,[73]
 140  0087  0080     R  	mov _main_2[5],a
 140  0088  1F00     R  	clr _main_2[4]
 140  0089  0700     R  	mov a,_main_2[5]
 140  008A  0080     E  	mov rc,a
 140  008B  0748        	mov a,[72]
 140  008C  0500     R  	or a,_main_2[4]
 140  008D  0080     E  	mov rb,a
 141  008E              #line 141 "C:\Users\hamed\OneDrive\Documents\HTK_Project\prid\prid.c"
 141  008E  3744        	clr [68].6
 142  008F              #line 142 "C:\Users\hamed\OneDrive\Documents\HTK_Project\prid\prid.c"
 142  008F  36C4        	clr [68].5
 144  0090              #line 144 "C:\Users\hamed\OneDrive\Documents\HTK_Project\prid\prid.c"
 144  0090  32CD        	set [77].5
 145  0091              #line 145 "C:\Users\hamed\OneDrive\Documents\HTK_Project\prid\prid.c"
 145  0091  324D        	set [77].4
 146  0092              #line 146 "C:\Users\hamed\OneDrive\Documents\HTK_Project\prid\prid.c"
 146  0092  32C4        	set [68].5
 146  0093              _L11:
 150  0093              #line 150 "C:\Users\hamed\OneDrive\Documents\HTK_Project\prid\prid.c"
 150  0093  3E94        	sz [20].5
 150  0094  2800     R  	jmp _L12
 153  0095              #line 153 "C:\Users\hamed\OneDrive\Documents\HTK_Project\prid\prid.c"
 153  0095  3114        	set [20].2
 152  0096              #line 152 "C:\Users\hamed\OneDrive\Documents\HTK_Project\prid\prid.c"
 152  0096  0F01        	mov a,1
 152  0097  0080     E  	mov rh,a
 152  0098  2800     R  	jmp _L13
 152  0099              _L12:
 155  0099              #line 155 "C:\Users\hamed\OneDrive\Documents\HTK_Project\prid\prid.c"
 155  0099  3A94        	snz [20].5
 155  009A  2800     R  	jmp _L13
 155  009B  1080     E  	sz rh
 155  009C  2800     R  	jmp _LI1
 155  009D  2800     R  	jmp _L13
 155  009E              _LI1:
 158  009E              #line 158 "C:\Users\hamed\OneDrive\Documents\HTK_Project\prid\prid.c"
 158  009E  3514        	clr [20].2
 157  009F              #line 157 "C:\Users\hamed\OneDrive\Documents\HTK_Project\prid\prid.c"
 157  009F  1F00     E  	clr rh
 157  00A0              _L13:
 162  00A0              #line 162 "C:\Users\hamed\OneDrive\Documents\HTK_Project\prid\prid.c"
 162  00A0  0700     E  	mov a,rb
 162  00A1  0080     R  	mov _main_2[0],a
 162  00A2  0700     E  	mov a,rc
 162  00A3  0080     R  	mov _main_2[1],a
 162  00A4  1F00     R  	clr _main_2[2]
 162  00A5  1F00     R  	clr _main_2[3]
 162  00A6  0700     R  	mov a,_main_2[0]
 162  00A7  0200     R  	sub a,_main_2[6]
 162  00A8  0700     R  	mov a,_main_2[1]
 162  00A9  1200     R  	sbc a,_main_2[7]
 162  00AA  0700     R  	mov a,_main_2[2]
 162  00AB  1200     R  	sbc a,_main_2[8]
 162  00AC  0700     R  	mov a,_main_2[3]
 162  00AD  1200     R  	sbc a,_main_2[9]
 162  00AE  3C0A        	sz c
"File: prid.c        Assembler  Version HGASM0202      Page 8

 162  00AF  2800     R  	jmp _L14
 164  00B0              #line 164 "C:\Users\hamed\OneDrive\Documents\HTK_Project\prid\prid.c"
 164  00B0  0F01        	mov a,1
 164  00B1  0380     E  	addm a,rd
 164  00B2  0F00        	mov a,0
 164  00B3  1380     E  	adcm a,re
 164  00B4  1380     E  	adcm a,rf
 164  00B5  1380     E  	adcm a,rg
 164  00B6  2800     R  	jmp _L15
 164  00B7              _L14:
 166  00B7              #line 166 "C:\Users\hamed\OneDrive\Documents\HTK_Project\prid\prid.c"
 166  00B7  0700     R  	mov a,_main_2[10]
 166  00B8  0200     R  	sub a,_main_2[0]
 166  00B9  0700     R  	mov a,_main_2[11]
 166  00BA  1200     R  	sbc a,_main_2[1]
 166  00BB  0700     R  	mov a,_main_2[12]
 166  00BC  1200     R  	sbc a,_main_2[2]
 166  00BD  0700     R  	mov a,_main_2[13]
 166  00BE  1200     R  	sbc a,_main_2[3]
 166  00BF  380A        	snz c
 166  00C0  2800     R  	jmp _L20
 166  00C1              _L15:
 170  00C1              #line 170 "C:\Users\hamed\OneDrive\Documents\HTK_Project\prid\prid.c"
 170  00C1  0700     E  	mov a,rd
 170  00C2  0C90        	xor a,144
 170  00C3  0700     E  	mov a,re
 170  00C4  3D0A        	sz z
 170  00C5  0C01        	xor a,1
 170  00C6  0700     E  	mov a,rf
 170  00C7  3D0A        	sz z
 170  00C8  0C00        	xor a,0
 170  00C9  0700     E  	mov a,rg
 170  00CA  3D0A        	sz z
 170  00CB  0C00        	xor a,0
 170  00CC  390A        	snz z
 170  00CD  2800     R  	jmp _L18
 172  00CE              #line 172 "C:\Users\hamed\OneDrive\Documents\HTK_Project\prid\prid.c"
 172  00CE  1F00     E  	clr ra
 172  00CF  3914        	snz [20].2
 172  00D0  3000     E  	set ra.2
 172  00D1  3514        	clr [20].2
 172  00D2  0700     E  	mov a,ra
 172  00D3  0594        	orm a,[20]
 172  00D4  2800     R  	jmp _L18
 172  00D5              _L20:
 168  00D5              #line 168 "C:\Users\hamed\OneDrive\Documents\HTK_Project\prid\prid.c"
 168  00D5  1F00     E  	clr rd
 168  00D6  1F00     E  	clr re
 168  00D7  1F00     E  	clr rf
 168  00D8  1F00     E  	clr rg
 168  00D9  2800     R  	jmp _L18
 168  00DA  2800     R  	jmp $
 168  00DB              _main endp
 168  00DB              
 168  00DB              @dummy endp
 168  00DB              
 168  00DB              #line 168 "C:\Users\hamed\OneDrive\Documents\HTK_Project\prid\prid.c"
 168  00DB              #pragma debug scope 1 1
   9  00DB              #line 9 "C:\Users\hamed\OneDrive\Documents\HTK_Project\prid\prid.c"
   9  00DB              public _touch
"File: prid.c        Assembler  Version HGASM0202      Page 9

   9  0000              @HCCINIT0 .section 'data'
   9  0000  0002[       _touch	db 2 dup(0)
            00
            ]
   9  0002              #pragma debug variable 12 1 _touch "touch"
   9  0002              
   9  0000              @HCCINIT .section 'data'
   9  0000              public _isInDoor
   9  0000              @HCCINIT	.section 'data'
   8  0000              #line 8 "C:\Users\hamed\OneDrive\Documents\HTK_Project\prid\prid.c"
   8  0000              @HCCINIT .section 'data'
   8  0000              _isInDoor label byte
   8  0000              #pragma debug variable 8 1 _isInDoor "isInDoor"
   8  0000              	db 0
   8  0000              @ROMDATA_BASE .section inpage 'code'
   8  0000              	db 0
   8  0001              @HCCINIT .section 'data'
   8  0001              public _fingerCounter
   7  0001              #line 7 "C:\Users\hamed\OneDrive\Documents\HTK_Project\prid\prid.c"
   7  0001              @HCCINIT .section 'data'
   7  0001              _fingerCounter label byte
   7  0001              #pragma debug variable 14 1 _fingerCounter "fingerCounter"
   7  0001              	db 0
   7  0001              @ROMDATA_BASE .section inpage 'code'
   7  0001              	db 0
   7  0002              @HCCINIT .section 'data'
   7  0002              	db 0
   7  0001              @ROMDATA_BASE .section inpage 'code'
   7  0001              	db 0
   7  0003              @HCCINIT .section 'data'
   7  0003              	db 0
   7  0002              @ROMDATA_BASE .section inpage 'code'
   7  0002              	db 0
   7  0004              @HCCINIT .section 'data'
   7  0004              	db 0
   7  0002              @ROMDATA_BASE .section inpage 'code'
   7  0002              	db 0
   7  0005              @HCCINIT .section 'data'
   6  0005              #line 6 "C:\Users\hamed\OneDrive\Documents\HTK_Project\prid\prid.c"
   6  0005              public _i
   6  0002              @HCCINIT0 .section 'data'
   6  0002  0002[       _i	db 2 dup(0)
            00
            ]
   6  0004              #pragma debug variable 11 1 _i "i"
   6  0004              
   6  0005              @HCCINIT .section 'data'
   6  0005              public _touchThreshold
   5  0005              #line 5 "C:\Users\hamed\OneDrive\Documents\HTK_Project\prid\prid.c"
   5  0005              @HCCINIT .section 'data'
   5  0005              _touchThreshold label byte
   5  0005              #pragma debug variable 14 1 _touchThreshold "touchThreshold"
   5  0005              	db 0
   5  0003              @ROMDATA_BASE .section inpage 'code'
   5  0003              	db 0
   5  0006              @HCCINIT .section 'data'
   5  0006              	db 0
   5  0003              @ROMDATA_BASE .section inpage 'code'
   5  0003              	db 0
   5  0007              @HCCINIT .section 'data'
"File: prid.c        Assembler  Version HGASM0202      Page 10

   5  0007              	db 0
   5  0004              @ROMDATA_BASE .section inpage 'code'
   5  0004              	db 0
   5  0008              @HCCINIT .section 'data'
   5  0008              	db 0
   5  0004              @ROMDATA_BASE .section inpage 'code'
   5  0004              	db 0
   5  0009              @HCCINIT .section 'data'
   5  0009              #pragma debug struct_end
   5  0009              #pragma debug struct_end
   5  0009              #pragma debug union_end
   5  0009              #pragma debug union_end
   5  0009              #pragma debug variable 43 1 ___smod "__smod" 1
   5  0009              #pragma debug struct_end
   5  0009              #pragma debug struct_end
   5  0009              #pragma debug union_end
   5  0009              #pragma debug union_end
   5  0009              #pragma debug variable 45 1 ___pa "__pa" 1
   5  0009              #pragma debug struct_end
   5  0009              #pragma debug struct_end
   5  0009              #pragma debug union_end
   5  0009              #pragma debug union_end
   5  0009              #pragma debug variable 47 1 ___pac "__pac" 1
   5  0009              #pragma debug struct_end
   5  0009              #pragma debug struct_end
   5  0009              #pragma debug union_end
   5  0009              #pragma debug union_end
   5  0009              #pragma debug variable 49 1 ___papu "__papu" 1
   5  0009              #pragma debug variable 8 1 ___tktmr "__tktmr" 1
   5  0009              #pragma debug struct_end
   5  0009              #pragma debug struct_end
   5  0009              #pragma debug union_end
   5  0009              #pragma debug union_end
   5  0009              #pragma debug variable 51 1 ___tkc0 "__tkc0" 1
   5  0009              #pragma debug struct_end
   5  0009              #pragma debug struct_end
   5  0009              #pragma debug union_end
   5  0009              #pragma debug union_end
   5  0009              #pragma debug variable 53 1 ___tkc1 "__tkc1" 1
   5  0009              #pragma debug variable 8 1 ___tkm016dl "__tkm016dl" 1
   5  0009              #pragma debug variable 8 1 ___tkm016dh "__tkm016dh" 1
   5  0009              #pragma debug variable 8 1 ___tkm0rol "__tkm0rol" 1
   5  0009              #pragma debug variable 8 1 ___tkm0roh "__tkm0roh" 1
   5  0009              #pragma debug struct_end
   5  0009              #pragma debug struct_end
   5  0009              #pragma debug union_end
   5  0009              #pragma debug union_end
   5  0009              #pragma debug variable 55 1 ___tkm0c0 "__tkm0c0" 1
   5  0009              #pragma debug struct_end
   5  0009              #pragma debug struct_end
   5  0009              #pragma debug union_end
   5  0009              #pragma debug union_end
   5  0009              #pragma debug variable 57 1 ___tkm0c1 "__tkm0c1" 1
 103  0009              #line 103 "C:\Users\hamed\OneDrive\Documents\HTK_Project\prid\prid.c"
 103  0000              @code .section at 0 'code'
 103  0000  2800     R  	jmp _main_startup1
 103  0001              
 103  0001              extern _builtin_holtek_udivmodsi4_2:byte
 103  0001              extern _builtin_holtek_udivmodsi4:near
 103  0001              
"File: prid.c        Assembler  Version HGASM0202      Page 11

 103  0001              ; 
 103  0001              ; Generated by holtek-gcc v3.19, Mon Aug 07 21:46:51 2023
 103  0001              ; Rebuild 718
 103  0001              ; end of file


        0 Errors, 0