"File: EEPROM.c      Assembler  Version HGASM0202      Page 1


   1  0000              ; Generated by holtek-gcc v3.23, Thu Feb 19 13:27:22 2026
   2  0000              ; 
   3  0000              ; Configuration:
   4  0000              ;       without long instruction
   5  0000              ;       Single ROM, Multi-RAM
   6  0000              ;       bits_per_rom_unit:16
   7  0000              ;       with mp1
   8  0000              ;       with tbhp, address(0x9)
   9  0000              ;          Use tabrd-const
  10  0000              ;       
  11  0000              ;       
  12  0000              ;       
  13  0000              ; use 'tabrdc' instead of 'tabrd'
  14  0000              ;       
  15  0000              
  16  0000              #pragma translator "holtek-gcc 4.6.4" "3.23" "build 20130711"
  17  0000              ; Rebuild 1114
  18  0000              
  19  0000              ir equ [2]
  20  0000              mp equ [3]
  21  0000              sbp equ [1]
  22  0000              acc equ [5]
  23  0000              bp equ [4]
  24  0000              tblp equ [7]
  25  0000              tbhp equ [9]
  26  0000              status equ [10]
  27  0000              c equ [10].0
  28  0000              ac equ [10].1
  29  0000              z equ [10].2
  30  0000              ov equ [10].3
  31  0000              intc equ [11]
  32  0000              
  33  0000              extern ra:byte
  34  0000              extern rb:byte
  35  0000              extern rc:byte
  36  0000              extern rd:byte
  37  0000              extern re:byte
  38  0000              extern rf:byte
  39  0000              extern rg:byte
  40  0000              extern rh:byte
  41  0000              extern _Crom2Prom:near
  42  0000              extern _Crom2PromNext:near
  43  0000              
  44  0000              RAMBANK 0 @HCCINIT, @HCCINIT0
  45  0000              
  46  0000              RAMBANK 0 @BITDATASEC, @BITDATASEC1
  47  0000              @HCCINIT	.section 'data'
  48  0000              @HCCINIT0	.section 'data'
  49  0000              @BITDATASEC	 .section 'data'
  50  0000              @BITDATASEC1	 .section 'data'
  51  0000              
  52  0000              #pragma debug scope 1 1
  53  0000              	extern __DELAY3:near
  54  0000              	extern __DELAYX3:near
  55  0000              	extern __DELAYX6:near
  56  0000              	extern __DELAYY5:near
  57  0000              	extern __DELAYY3:near
  58  0000              	extern _builtin_holtek_delay_2:byte
  59  0000              ___eea equ [65]
"File: EEPROM.ASM    Assembler  Version HGASM0202      Page 2

  60  0000              ___mp1 equ [3]
  61  0000              ___bp equ [4]
  62  0000              ___iar1 equ [2]
  63  0000              ___eed equ [66]
  64  0000              public _eeprom_read
  65  0000              #pragma debug scope 2 1

   4  0000              #line 4 "C:\Users\DATA\Documents\HTK_Project\EEPROM\EEPROM.c"
   4  0000              _eeprom_read .section 'code'
   4  0000              _eeprom_read proc
   4  0000  00              local _eeprom_read_2 db 1 dup(?)	; 0,1
   4  0000  0080     E  	mov ra,a
   4  0001  0080     R  	mov _eeprom_read_2[0],a
   4  0002              #pragma debug variable 8 2 _eeprom_read_2+0 "addr"
   6  0002              #line 6 "C:\Users\DATA\Documents\HTK_Project\EEPROM\EEPROM.c"
   6  0002  0700     E  	mov a,ra
   6  0003  00C1        	mov [65],a
   7  0004              #line 7 "C:\Users\DATA\Documents\HTK_Project\EEPROM\EEPROM.c"
   7  0004  0F40        	mov a,64
   7  0005  0083        	mov [3],a
   8  0006              #line 8 "C:\Users\DATA\Documents\HTK_Project\EEPROM\EEPROM.c"
   8  0006  0F01        	mov a,1
   8  0007  0084        	mov [4],a
   9  0008              #line 9 "C:\Users\DATA\Documents\HTK_Project\EEPROM\EEPROM.c"
   9  0008  3082        	set [2].1
  10  0009              #line 10 "C:\Users\DATA\Documents\HTK_Project\EEPROM\EEPROM.c"
  10  0009  3002        	set [2].0
  10  000A              _L3:
  11  000A              #line 11 "C:\Users\DATA\Documents\HTK_Project\EEPROM\EEPROM.c"
  11  000A  3C02        	sz [2].0
  11  000B  2800     R  	jmp _L3
  12  000C              #line 12 "C:\Users\DATA\Documents\HTK_Project\EEPROM\EEPROM.c"
  12  000C  0742        	mov a,[66]
  12  000D  0080     E  	mov ra,a
  14  000E              #line 14 "C:\Users\DATA\Documents\HTK_Project\EEPROM\EEPROM.c"
  14  000E  3482        	clr [2].1
  17  000F              #line 17 "C:\Users\DATA\Documents\HTK_Project\EEPROM\EEPROM.c"
  17  000F  0700     E  	mov a,ra
  17  0010  0003        	ret
  17  0011              _eeprom_read endp
  17  0011              #line 17 "C:\Users\DATA\Documents\HTK_Project\EEPROM\EEPROM.c"
  17  0011              #pragma debug scope 1 1
  17  0011              ___intc0 equ [14]
  17  0011              public _eeprom_write
  17  0011              #pragma debug scope 3 1
  20  0011              #line 20 "C:\Users\DATA\Documents\HTK_Project\EEPROM\EEPROM.c"
  20  0000              _eeprom_write .section 'code'
  20  0000              _eeprom_write proc
  20  0000              public _eeprom_write_2
  20  0000  0002[           local _eeprom_write_2 db 2 dup(?)	; 1,1
            00
            ]
  20  0000  0080     R  	mov _eeprom_write_2[1],a
  20  0001              #pragma debug variable 8 3 _eeprom_write_2+1 "data"
  20  0001              #pragma debug variable 8 3 _eeprom_write_2+0 "addr"
  21  0001              #line 21 "C:\Users\DATA\Documents\HTK_Project\EEPROM\EEPROM.c"
  21  0001  340E        	clr [14].0
  22  0002              #line 22 "C:\Users\DATA\Documents\HTK_Project\EEPROM\EEPROM.c"
  22  0002  0700     R  	mov a,_eeprom_write_2[0]
  22  0003  00C1        	mov [65],a
"File: EEPROM.c      Assembler  Version HGASM0202      Page 3

  23  0004              #line 23 "C:\Users\DATA\Documents\HTK_Project\EEPROM\EEPROM.c"
  23  0004  0700     R  	mov a,_eeprom_write_2[1]
  23  0005  00C2        	mov [66],a
  24  0006              #line 24 "C:\Users\DATA\Documents\HTK_Project\EEPROM\EEPROM.c"
  24  0006  0F40        	mov a,64
  24  0007  0083        	mov [3],a
  25  0008              #line 25 "C:\Users\DATA\Documents\HTK_Project\EEPROM\EEPROM.c"
  25  0008  0F01        	mov a,1
  25  0009  0084        	mov [4],a
  26  000A              #line 26 "C:\Users\DATA\Documents\HTK_Project\EEPROM\EEPROM.c"
  26  000A  3182        	set [2].3
  27  000B              #line 27 "C:\Users\DATA\Documents\HTK_Project\EEPROM\EEPROM.c"
  27  000B  3102        	set [2].2
  29  000C              #line 29 "C:\Users\DATA\Documents\HTK_Project\EEPROM\EEPROM.c"
  29  000C              ;# 29 "C:\Users\DATA\Documents\HTK_Project\EEPROM\EEPROM.c" 1
  29  000C  0000        	nop
  29  000D              _L7:
  30  000D              #line 30 "C:\Users\DATA\Documents\HTK_Project\EEPROM\EEPROM.c"
  30  000D  3D02        	sz [2].2
  30  000E  2800     R  	jmp _L7
  32  000F              #line 32 "C:\Users\DATA\Documents\HTK_Project\EEPROM\EEPROM.c"
  32  000F  3582        	clr [2].3
  34  0010              #line 34 "C:\Users\DATA\Documents\HTK_Project\EEPROM\EEPROM.c"
  34  0010  300E        	set [14].0
  34  0011  0003        	ret
  34  0012              _eeprom_write endp
  34  0012              #line 34 "C:\Users\DATA\Documents\HTK_Project\EEPROM\EEPROM.c"
  34  0012              #pragma debug scope 1 1
  34  0012              public _main
  34  0012              #pragma debug scope 4 1
  39  0012              #line 39 "C:\Users\DATA\Documents\HTK_Project\EEPROM\EEPROM.c"
  39  0012              IFDEF WITH_DEFAULT_STARTUP
  39  0012              extern _main_initial0:near
  39  0012              extern _main_startup:near
  39  0012              ENDIF
  39  0012              
  39  0012              ROMBANK 0 @start
  39  0000              @start .section com_l 'code'
  39  0000              _main_startup1:
  39  0000              @start .section com_e 'code'
  39  0000  2800     R  	jmp _main
  39  0001              
  39  0000              _main .section 'code'
  39  0000              _main proc
  40  0000              #line 40 "C:\Users\DATA\Documents\HTK_Project\EEPROM\EEPROM.c"
  40  0000  0F20        	mov a,32
  40  0001  0080     R  	mov _eeprom_write_2[0],a
  40  0002  0F01        	mov a,1
  40  0003  2000     R  	call _eeprom_write
  40  0004              _L10:
  41  0004              #line 41 "C:\Users\DATA\Documents\HTK_Project\EEPROM\EEPROM.c"
  41  0004              ;# 41 "C:\Users\DATA\Documents\HTK_Project\EEPROM\EEPROM.c" 1
  41  0004              	IF 1000>263690
  41  0004              ;# 41 "C:\Users\DATA\Documents\HTK_Project\EEPROM\EEPROM.c" 1
  41  0004              	ERRMESSAGE 'the value 1000of the argument exceeds the maxinum 263690'
  41  0004              	ENDIF
  41  0004              ;# 41 "C:\Users\DATA\Documents\HTK_Project\EEPROM\EEPROM.c" 1
  41  0004              	IF 1000<0
  41  0004              ;# 41 "C:\Users\DATA\Documents\HTK_Project\EEPROM\EEPROM.c" 1
  41  0004              	ERRMESSAGE 'the value 1000 of the argument exceeds the mininum 0'
"File: EEPROM.c      Assembler  Version HGASM0202      Page 4

  41  0004              	ENDIF
  41  0004              ;# 41 "C:\Users\DATA\Documents\HTK_Project\EEPROM\EEPROM.c" 1
  41  0004              	IF 1000==0
  41  0004              ;# 41 "C:\Users\DATA\Documents\HTK_Project\EEPROM\EEPROM.c" 1
  41  0004              	JMP $
  41  0004              	ENDIF
  41  0004              ;# 41 "C:\Users\DATA\Documents\HTK_Project\EEPROM\EEPROM.c" 1
  41  0004              	IF 1000==1
  41  0004              ;# 41 "C:\Users\DATA\Documents\HTK_Project\EEPROM\EEPROM.c" 1
  41  0004              	NOP
  41  0004              	ENDIF
  41  0004              ;# 41 "C:\Users\DATA\Documents\HTK_Project\EEPROM\EEPROM.c" 1
  41  0004              	IF 1000==2
  41  0004              ;# 41 "C:\Users\DATA\Documents\HTK_Project\EEPROM\EEPROM.c" 1
  41  0004              	NOP
  41  0004              ;# 41 "C:\Users\DATA\Documents\HTK_Project\EEPROM\EEPROM.c" 1
  41  0004              	NOP
  41  0004              	ENDIF
  41  0004              ;# 41 "C:\Users\DATA\Documents\HTK_Project\EEPROM\EEPROM.c" 1
  41  0004              	IF 1000==3
  41  0004              ;# 41 "C:\Users\DATA\Documents\HTK_Project\EEPROM\EEPROM.c" 1
  41  0004              	NOP
  41  0004              ;# 41 "C:\Users\DATA\Documents\HTK_Project\EEPROM\EEPROM.c" 1
  41  0004              	NOP
  41  0004              ;# 41 "C:\Users\DATA\Documents\HTK_Project\EEPROM\EEPROM.c" 1
  41  0004              	NOP
  41  0004              	ENDIF
  41  0004              ;# 41 "C:\Users\DATA\Documents\HTK_Project\EEPROM\EEPROM.c" 1
  41  0004              	IF (1000<8) AND (1000>3)
  41  0004              ;# 41 "C:\Users\DATA\Documents\HTK_Project\EEPROM\EEPROM.c" 1
  41  0004              	CALL __DELAY3 + 7 -1000
  41  0004              	ENDIF
  41  0004              ;# 41 "C:\Users\DATA\Documents\HTK_Project\EEPROM\EEPROM.c" 1
  41  0004              	IF (1000< 0404h) AND (1000>7)
  41  0004              ;# 41 "C:\Users\DATA\Documents\HTK_Project\EEPROM\EEPROM.c" 1
  41  0004  0FF9        	MOV A,1000/4-1
  41  0005              ;# 41 "C:\Users\DATA\Documents\HTK_Project\EEPROM\EEPROM.c" 1
  41  0005  2000     E  	CALL __DELAYX3 + 3 -(1000 MOD 4)
  41  0006              	ENDIF
  41  0006              ;# 41 "C:\Users\DATA\Documents\HTK_Project\EEPROM\EEPROM.c" 1
  41  0006              	IF (1000< 0x40B) AND (1000> 0403h)
  41  0006              ;# 41 "C:\Users\DATA\Documents\HTK_Project\EEPROM\EEPROM.c" 1
  41  0006              	MOV A,0 
  41  0006              ;# 41 "C:\Users\DATA\Documents\HTK_Project\EEPROM\EEPROM.c" 1
  41  0006              	CALL __DELAYX6 + 0x40a -1000
  41  0006              	ENDIF
  41  0006              ;# 41 "C:\Users\DATA\Documents\HTK_Project\EEPROM\EEPROM.c" 1
  41  0006              	IF (1000 >= 0x40b) AND ((((1000-9)%0402h)/4+1)>256)
  41  0006              ;# 41 "C:\Users\DATA\Documents\HTK_Project\EEPROM\EEPROM.c" 1
  41  0006              	MOV A,(1000-9)/0402h
  41  0006              ;# 41 "C:\Users\DATA\Documents\HTK_Project\EEPROM\EEPROM.c" 1
  41  0006              	MOV _builtin_holtek_delay_2,A
  41  0006              ;# 41 "C:\Users\DATA\Documents\HTK_Project\EEPROM\EEPROM.c" 1
  41  0006              	MOV A,0
  41  0006              ;# 41 "C:\Users\DATA\Documents\HTK_Project\EEPROM\EEPROM.c" 1
  41  0006              	CALL __DELAYY5 +5- (((1000-9)%0402h)%6)
  41  0006              	ENDIF
  41  0006              ;# 41 "C:\Users\DATA\Documents\HTK_Project\EEPROM\EEPROM.c" 1
  41  0006              	IF (1000 >= 0x40b) AND ((((1000-9)%0402h)/4+1)<=256)
  41  0006              ;# 41 "C:\Users\DATA\Documents\HTK_Project\EEPROM\EEPROM.c" 1
"File: EEPROM.c      Assembler  Version HGASM0202      Page 5

  41  0006              	MOV A,(1000-9)/0402h
  41  0006              ;# 41 "C:\Users\DATA\Documents\HTK_Project\EEPROM\EEPROM.c" 1
  41  0006              	MOV _builtin_holtek_delay_2,A
  41  0006              ;# 41 "C:\Users\DATA\Documents\HTK_Project\EEPROM\EEPROM.c" 1
  41  0006              	MOV A,((1000-9)%0402h)/4+1
  41  0006              ;# 41 "C:\Users\DATA\Documents\HTK_Project\EEPROM\EEPROM.c" 1
  41  0006              	CALL __DELAYY3 +3-(((1000-9)%0402h)%4)
  41  0006              	ENDIF
  44  0006              #line 44 "C:\Users\DATA\Documents\HTK_Project\EEPROM\EEPROM.c"
  44  0006  0F01        	mov a,1
  44  0007  2000     R  	call _eeprom_read
  45  0008              #line 45 "C:\Users\DATA\Documents\HTK_Project\EEPROM\EEPROM.c"
  45  0008              ;# 45 "C:\Users\DATA\Documents\HTK_Project\EEPROM\EEPROM.c" 1
  45  0008              	IF 1000>263690
  45  0008              ;# 45 "C:\Users\DATA\Documents\HTK_Project\EEPROM\EEPROM.c" 1
  45  0008              	ERRMESSAGE 'the value 1000of the argument exceeds the maxinum 263690'
  45  0008              	ENDIF
  45  0008              ;# 45 "C:\Users\DATA\Documents\HTK_Project\EEPROM\EEPROM.c" 1
  45  0008              	IF 1000<0
  45  0008              ;# 45 "C:\Users\DATA\Documents\HTK_Project\EEPROM\EEPROM.c" 1
  45  0008              	ERRMESSAGE 'the value 1000 of the argument exceeds the mininum 0'
  45  0008              	ENDIF
  45  0008              ;# 45 "C:\Users\DATA\Documents\HTK_Project\EEPROM\EEPROM.c" 1
  45  0008              	IF 1000==0
  45  0008              ;# 45 "C:\Users\DATA\Documents\HTK_Project\EEPROM\EEPROM.c" 1
  45  0008              	JMP $
  45  0008              	ENDIF
  45  0008              ;# 45 "C:\Users\DATA\Documents\HTK_Project\EEPROM\EEPROM.c" 1
  45  0008              	IF 1000==1
  45  0008              ;# 45 "C:\Users\DATA\Documents\HTK_Project\EEPROM\EEPROM.c" 1
  45  0008              	NOP
  45  0008              	ENDIF
  45  0008              ;# 45 "C:\Users\DATA\Documents\HTK_Project\EEPROM\EEPROM.c" 1
  45  0008              	IF 1000==2
  45  0008              ;# 45 "C:\Users\DATA\Documents\HTK_Project\EEPROM\EEPROM.c" 1
  45  0008              	NOP
  45  0008              ;# 45 "C:\Users\DATA\Documents\HTK_Project\EEPROM\EEPROM.c" 1
  45  0008              	NOP
  45  0008              	ENDIF
  45  0008              ;# 45 "C:\Users\DATA\Documents\HTK_Project\EEPROM\EEPROM.c" 1
  45  0008              	IF 1000==3
  45  0008              ;# 45 "C:\Users\DATA\Documents\HTK_Project\EEPROM\EEPROM.c" 1
  45  0008              	NOP
  45  0008              ;# 45 "C:\Users\DATA\Documents\HTK_Project\EEPROM\EEPROM.c" 1
  45  0008              	NOP
  45  0008              ;# 45 "C:\Users\DATA\Documents\HTK_Project\EEPROM\EEPROM.c" 1
  45  0008              	NOP
  45  0008              	ENDIF
  45  0008              ;# 45 "C:\Users\DATA\Documents\HTK_Project\EEPROM\EEPROM.c" 1
  45  0008              	IF (1000<8) AND (1000>3)
  45  0008              ;# 45 "C:\Users\DATA\Documents\HTK_Project\EEPROM\EEPROM.c" 1
  45  0008              	CALL __DELAY3 + 7 -1000
  45  0008              	ENDIF
  45  0008              ;# 45 "C:\Users\DATA\Documents\HTK_Project\EEPROM\EEPROM.c" 1
  45  0008              	IF (1000< 0404h) AND (1000>7)
  45  0008              ;# 45 "C:\Users\DATA\Documents\HTK_Project\EEPROM\EEPROM.c" 1
  45  0008  0FF9        	MOV A,1000/4-1
  45  0009              ;# 45 "C:\Users\DATA\Documents\HTK_Project\EEPROM\EEPROM.c" 1
  45  0009  2000     E  	CALL __DELAYX3 + 3 -(1000 MOD 4)
  45  000A              	ENDIF
"File: EEPROM.c      Assembler  Version HGASM0202      Page 6

  45  000A              ;# 45 "C:\Users\DATA\Documents\HTK_Project\EEPROM\EEPROM.c" 1
  45  000A              	IF (1000< 0x40B) AND (1000> 0403h)
  45  000A              ;# 45 "C:\Users\DATA\Documents\HTK_Project\EEPROM\EEPROM.c" 1
  45  000A              	MOV A,0 
  45  000A              ;# 45 "C:\Users\DATA\Documents\HTK_Project\EEPROM\EEPROM.c" 1
  45  000A              	CALL __DELAYX6 + 0x40a -1000
  45  000A              	ENDIF
  45  000A              ;# 45 "C:\Users\DATA\Documents\HTK_Project\EEPROM\EEPROM.c" 1
  45  000A              	IF (1000 >= 0x40b) AND ((((1000-9)%0402h)/4+1)>256)
  45  000A              ;# 45 "C:\Users\DATA\Documents\HTK_Project\EEPROM\EEPROM.c" 1
  45  000A              	MOV A,(1000-9)/0402h
  45  000A              ;# 45 "C:\Users\DATA\Documents\HTK_Project\EEPROM\EEPROM.c" 1
  45  000A              	MOV _builtin_holtek_delay_2,A
  45  000A              ;# 45 "C:\Users\DATA\Documents\HTK_Project\EEPROM\EEPROM.c" 1
  45  000A              	MOV A,0
  45  000A              ;# 45 "C:\Users\DATA\Documents\HTK_Project\EEPROM\EEPROM.c" 1
  45  000A              	CALL __DELAYY5 +5- (((1000-9)%0402h)%6)
  45  000A              	ENDIF
  45  000A              ;# 45 "C:\Users\DATA\Documents\HTK_Project\EEPROM\EEPROM.c" 1
  45  000A              	IF (1000 >= 0x40b) AND ((((1000-9)%0402h)/4+1)<=256)
  45  000A              ;# 45 "C:\Users\DATA\Documents\HTK_Project\EEPROM\EEPROM.c" 1
  45  000A              	MOV A,(1000-9)/0402h
  45  000A              ;# 45 "C:\Users\DATA\Documents\HTK_Project\EEPROM\EEPROM.c" 1
  45  000A              	MOV _builtin_holtek_delay_2,A
  45  000A              ;# 45 "C:\Users\DATA\Documents\HTK_Project\EEPROM\EEPROM.c" 1
  45  000A              	MOV A,((1000-9)%0402h)/4+1
  45  000A              ;# 45 "C:\Users\DATA\Documents\HTK_Project\EEPROM\EEPROM.c" 1
  45  000A              	CALL __DELAYY3 +3-(((1000-9)%0402h)%4)
  45  000A              	ENDIF
  45  000A  2800     R  	jmp _L10
  45  000B  2800     R  	jmp $
  45  000C              _main endp
  45  000C              
  45  000C              @dummy endp
  45  000C              
  45  000C              #line 45 "C:\Users\DATA\Documents\HTK_Project\EEPROM\EEPROM.c"
  45  000C              #pragma debug scope 1 1
  45  000C              #pragma debug variable 8 1 ___mp1 "__mp1" 1
  45  000C              #pragma debug struct_end
  45  000C              #pragma debug struct_end
  45  000C              #pragma debug union_end
  45  000C              #pragma debug union_end
  45  000C              #pragma debug variable 43 1 ___bp "__bp" 1
  45  000C              #pragma debug struct_end
  45  000C              #pragma debug struct_end
  45  000C              #pragma debug union_end
  45  000C              #pragma debug union_end
  45  000C              #pragma debug variable 45 1 ___intc0 "__intc0" 1
  45  000C              #pragma debug variable 8 1 ___eea "__eea" 1
  45  000C              #pragma debug variable 8 1 ___eed "__eed" 1
  45  000C              #pragma debug variable 8 1 ___iar1 "__iar1" 1
  39  000C              #line 39 "C:\Users\DATA\Documents\HTK_Project\EEPROM\EEPROM.c"
  39  0000              @code .section at 0 'code'
  39  0000  2800     R  	jmp _main_startup1
  39  0001              
  39  0001              
  39  0001              ; 
  39  0001              ; Generated by holtek-gcc v3.23, Thu Feb 19 13:27:22 2026
  39  0001              ; Rebuild 1114
  39  0001              ; end of file
"File: EEPROM.c      Assembler  Version HGASM0202      Page 7



        0 Errors, 0