"File: prid2.c       Assembler  Version HGASM0202      Page 1


   1  0000              ; Generated by holtek-gcc v3.19, Sun Nov 19 18:51:35 2023
   2  0000              ; 
   3  0000              ; Configuration:
   4  0000              ;       without long instruction
   5  0000              ;       Single ROM, Multi-RAM
   6  0000              ;       bits_per_rom_unit:16
   7  0000              ;       with mp1
   8  0000              ;       with tbhp, address(0x9)
   9  0000              ;          Use tabrd-const
  10  0000              ;       
  11  0000              ;       
  12  0000              ;       
  13  0000              ; use 'tabrdc' instead of 'tabrd'
  14  0000              ;       
  15  0000              
  16  0000              #pragma translator "holtek-gcc 4.6.4" "3.19" "build 20130711"
  17  0000              ; Rebuild 718
  18  0000              
  19  0000              ir equ [2]
  20  0000              mp equ [3]
  21  0000              sbp equ [1]
  22  0000              acc equ [5]
  23  0000              bp equ [4]
  24  0000              tblp equ [7]
  25  0000              tbhp equ [9]
  26  0000              status equ [10]
  27  0000              c equ [10].0
  28  0000              ac equ [10].1
  29  0000              z equ [10].2
  30  0000              ov equ [10].3
  31  0000              intc equ [11]
  32  0000              
  33  0000              extern ra:byte
  34  0000              extern rb:byte
  35  0000              extern rc:byte
  36  0000              extern rd:byte
  37  0000              extern re:byte
  38  0000              extern rf:byte
  39  0000              extern rg:byte
  40  0000              extern rh:byte
  41  0000              extern _Crom2Prom:near
  42  0000              extern _Crom2PromNext:near
  43  0000              
  44  0000              RAMBANK 0 @HCCINIT, @HCCINIT0
  45  0000              
  46  0000              RAMBANK 0 @BITDATASEC, @BITDATASEC1
  47  0000              @HCCINIT	.section 'data'
  48  0000              @HCCINIT0	.section 'data'
  49  0000              @BITDATASEC	 .section 'data'
  50  0000              @BITDATASEC1	 .section 'data'
  51  0000              
  52  0000              #pragma debug scope 1 1
  53  0000              	extern __DELAY3:near
  54  0000              	extern __DELAYX3:near
  55  0000              	extern __DELAYX6:near
  56  0000              	extern __DELAYY5:near
  57  0000              	extern __DELAYY3:near
  58  0000              	extern _builtin_holtek_delay_2:byte
  59  0000              ___pa equ [20]
"File: prid2.ASM     Assembler  Version HGASM0202      Page 2

  60  0000              public _int0
  61  0000              #pragma debug scope 2 1

  27  0000              #line 27 "E:\hamed\touch2\touch2 -int\prid2.c"
  27  0000              @int0_code .section at 4 'code'
  27  0000  0080     E  	mov r1,a
  27  0001  070A        	mov a,status
  27  0002  0080     E  	mov r2,a
  27  0003  2800     R  	jmp _int0
  27  0004              #pragma debug scope 1 1
  27  0004              @dummy4 endp
  27  0004              #pragma debug scope 3 1
  27  0000              _int0 .section 'code'
  27  0000              _int0 proc
  28  0000              #line 28 "E:\hamed\touch2\touch2 -int\prid2.c"
  28  0000  0700     R  	mov a,_counter[0]
  28  0001  0080     R  	mov _ncount[0],a
  28  0002  0700     R  	mov a,_counter[1]
  28  0003  0080     R  	mov _ncount[1],a
  30  0004              #line 30 "E:\hamed\touch2\touch2 -int\prid2.c"
  30  0004  1F00     R  	clr _counter[0]
  30  0005  1F00     R  	clr _counter[1]
  33  0006              #line 33 "E:\hamed\touch2\touch2 -int\prid2.c"
  33  0006  3800     R  	snz _q
  33  0007  2800     R  	jmp _L2
  35  0008              #line 35 "E:\hamed\touch2\touch2 -int\prid2.c"
  35  0008  0FFE        	mov a,254
  35  0009  0380     R  	addm a,_counter3[0]
  35  000A  0FFF        	mov a,255
  35  000B  1380     R  	adcm a,_counter3[1]
  37  000C              #line 37 "E:\hamed\touch2\touch2 -int\prid2.c"
  37  000C  3800     R  	snz _counter3[1].7
  37  000D  2800     R  	jmp _L3
  38  000E              #line 38 "E:\hamed\touch2\touch2 -int\prid2.c"
  38  000E  1F80     R  	set _counter3[0]
  38  000F  1F80     R  	set _counter3[1]
  39  0010              #line 39 "E:\hamed\touch2\touch2 -int\prid2.c"
  39  0010  3214        	set [20].4
  39  0011  2800     R  	jmp _L2
  39  0012              _L3:
  42  0012              #line 42 "E:\hamed\touch2\touch2 -int\prid2.c"
  42  0012  3614        	clr [20].4
  42  0013              _L2:
  47  0013              #line 47 "E:\hamed\touch2\touch2 -int\prid2.c"
  47  0013  3C00     R  	sz _q
  47  0014  2800     R  	jmp _L1
  48  0015              #line 48 "E:\hamed\touch2\touch2 -int\prid2.c"
  48  0015  3614        	clr [20].4
  49  0016              #line 49 "E:\hamed\touch2\touch2 -int\prid2.c"
  49  0016  0FA0        	mov a,160
  49  0017  0200     R  	sub a,_counter2[0]
  49  0018  0F00        	mov a,0
  49  0019  1200     R  	sbc a,_counter2[1]
  49  001A  1185        	swap acc
  49  001B  040A        	xor a,status
  49  001C  3D85        	sz acc.3
  49  001D  2800     R  	jmp _L5
  50  001E              #line 50 "E:\hamed\touch2\touch2 -int\prid2.c"
  50  001E  0F04        	mov a,4
  50  001F  0380     R  	addm a,_counter2[0]
"File: prid2.c       Assembler  Version HGASM0202      Page 3

  50  0020  0F00        	mov a,0
  50  0021  1380     R  	adcm a,_counter2[1]
  50  0022              _L5:
  52  0022              #line 52 "E:\hamed\touch2\touch2 -int\prid2.c"
  52  0022  0700     R  	mov a,_counter2[0]
  52  0023  0080     E  	mov rb,a
  52  0024  0700     R  	mov a,_counter2[1]
  52  0025  0080     E  	mov rc,a
  52  0026              _L1:
  52  0026  0700     E  	mov a,r2
  52  0027  008A        	mov status,a
  52  0028  0700     E  	mov a,r1
  52  0029  0004        	reti
  52  002A              _int0 endp
  52  002A              
  52  002A              #line 52 "E:\hamed\touch2\touch2 -int\prid2.c"
  52  002A              #pragma debug scope 1 1
  52  002A              public _timer
  52  002A              #pragma debug scope 4 1
  68  002A              #line 68 "E:\hamed\touch2\touch2 -int\prid2.c"
  68  0000              @timer_code .section at 12 'code'
  68  0000  0080     E  	mov r1,a
  68  0001  070A        	mov a,status
  68  0002  0080     E  	mov r2,a
  68  0003  2800     R  	jmp _timer
  68  0004              #pragma debug scope 1 1
  68  0004              @dummy12 endp
  68  0004              #pragma debug scope 5 1
  68  0000              _timer .section 'code'
  68  0000              _timer proc
  70  0000              #line 70 "E:\hamed\touch2\touch2 -int\prid2.c"
  70  0000  1480     R  	inc _counter[0]
  70  0001  3D0A        	sz z
  70  0002  1480     R  	inc _counter[1]
  74  0003              #line 74 "E:\hamed\touch2\touch2 -int\prid2.c"
  74  0003  3800     R  	snz _q
  74  0004  2800     R  	jmp _L8
  76  0005              #line 76 "E:\hamed\touch2\touch2 -int\prid2.c"
  76  0005  0700     R  	mov a,_counter[0]
  76  0006  0200     R  	sub a,_counter3[0]
  76  0007  0700     R  	mov a,_counter[1]
  76  0008  1200     R  	sbc a,_counter3[1]
  76  0009  1185        	swap acc
  76  000A  040A        	xor a,status
  76  000B  3D85        	sz acc.3
  76  000C  2800     R  	jmp _L9
  77  000D              #line 77 "E:\hamed\touch2\touch2 -int\prid2.c"
  77  000D  3214        	set [20].4
  77  000E              _L9:
  79  000E              #line 79 "E:\hamed\touch2\touch2 -int\prid2.c"
  79  000E  0700     R  	mov a,_counter3[0]
  79  000F  0080     R  	mov _counter2[0],a
  79  0010  0700     R  	mov a,_counter3[1]
  79  0011  0080     R  	mov _counter2[1],a
  79  0012              _L8:
  82  0012              #line 82 "E:\hamed\touch2\touch2 -int\prid2.c"
  82  0012  3C00     R  	sz _q
  82  0013  2800     R  	jmp _L7
  84  0014              #line 84 "E:\hamed\touch2\touch2 -int\prid2.c"
  84  0014  0700     R  	mov a,_counter[0]
"File: prid2.c       Assembler  Version HGASM0202      Page 4

  84  0015  0400     R  	xor a,_counter2[0]
  84  0016  0700     R  	mov a,_counter[1]
  84  0017  3D0A        	sz z
  84  0018  0400     R  	xor a,_counter2[1]
  84  0019  390A        	snz z
  84  001A  2800     R  	jmp _L11
  85  001B              #line 85 "E:\hamed\touch2\touch2 -int\prid2.c"
  85  001B  3214        	set [20].4
  85  001C              _L11:
  87  001C              #line 87 "E:\hamed\touch2\touch2 -int\prid2.c"
  87  001C  0700     R  	mov a,_ncount[0]
  87  001D  0080     R  	mov _counter3[0],a
  87  001E  0700     R  	mov a,_ncount[1]
  87  001F  0080     R  	mov _counter3[1],a
  87  0020              _L7:
  87  0020  0700     E  	mov a,r2
  87  0021  008A        	mov status,a
  87  0022  0700     E  	mov a,r1
  87  0023  0004        	reti
  87  0024              _timer endp
  87  0024              
  87  0024              #line 87 "E:\hamed\touch2\touch2 -int\prid2.c"
  87  0024              #pragma debug scope 1 1
  87  0024              public _Delay
  87  0024              #pragma debug scope 6 1
  96  0024              #line 96 "E:\hamed\touch2\touch2 -int\prid2.c"
  96  0000              _Delay .section 'code'
  96  0000              _Delay proc
  96  0000              public _Delay_2
  96  0000  0008[           local _Delay_2 db 8 dup(?)	; 4,4
            00
            ]
  96  0008              #pragma debug variable 14 6 _Delay_2+0 "count"
  96  0008              #pragma debug variable 14 6 _Delay_2+4 "i"
  98  0008              #line 98 "E:\hamed\touch2\touch2 -int\prid2.c"
  98  0000  1F00     R  	clr _Delay_2[4]
  98  0001  1F00     R  	clr _Delay_2[5]
  98  0002  1F00     R  	clr _Delay_2[6]
  98  0003  1F00     R  	clr _Delay_2[7]
  98  0004  2800     R  	jmp _L13
  98  0005              _L14:
 100  0005              #line 100 "E:\hamed\touch2\touch2 -int\prid2.c"
 100  0005              ;# 100 "E:\hamed\touch2\touch2 -int\prid2.c" 1
 100  0005  0000        	nop
 101  0006              #line 101 "E:\hamed\touch2\touch2 -int\prid2.c"
 101  0006              ;# 101 "E:\hamed\touch2\touch2 -int\prid2.c" 1
 101  0006  0001        	clr wdt
  98  0007              #line 98 "E:\hamed\touch2\touch2 -int\prid2.c"
  98  0007  0F01        	mov a,1
  98  0008  0380     R  	addm a,_Delay_2[4]
  98  0009  0F00        	mov a,0
  98  000A  1380     R  	adcm a,_Delay_2[5]
  98  000B  1380     R  	adcm a,_Delay_2[6]
  98  000C  1380     R  	adcm a,_Delay_2[7]
  98  000D              _L13:
  98  000D  0700     R  	mov a,_Delay_2[4]
  98  000E  0200     R  	sub a,_Delay_2[0]
  98  000F  0700     R  	mov a,_Delay_2[5]
  98  0010  1200     R  	sbc a,_Delay_2[1]
  98  0011  0700     R  	mov a,_Delay_2[6]
"File: prid2.c       Assembler  Version HGASM0202      Page 5

  98  0012  1200     R  	sbc a,_Delay_2[2]
  98  0013  0700     R  	mov a,_Delay_2[7]
  98  0014  1200     R  	sbc a,_Delay_2[3]
  98  0015  380A        	snz c
  98  0016  2800     R  	jmp _L14
  98  0017  0003        	ret
  98  0018              _Delay endp
  98  0018              #line 98 "E:\hamed\touch2\touch2 -int\prid2.c"
  98  0018              #pragma debug scope 1 1
  98  0018              ___integ equ [13]
  98  0018              ___intc0 equ [14]
  98  0018              ___tmrc equ [29]
  98  0018              ___smod equ [11]
  98  0018              ___pac equ [21]
  98  0018              ___tktmr equ [67]
  98  0018              ___tkc0 equ [68]
  98  0018              ___tkc1 equ [71]
  98  0018              ___tkm0rol equ [74]
  98  0018              ___tkm0roh equ [75]
  98  0018              ___tkm0c0 equ [76]
  98  0018              ___tkm0c1 equ [77]
  98  0018              public _init
  98  0018              #pragma debug scope 7 1
 108  0018              #line 108 "E:\hamed\touch2\touch2 -int\prid2.c"
 108  0000              _init .section 'code'
 108  0000              _init proc
 119  0000              #line 119 "E:\hamed\touch2\touch2 -int\prid2.c"
 119  0000  308D        	set [13].1
 120  0001              #line 120 "E:\hamed\touch2\touch2 -int\prid2.c"
 120  0001  300D        	set [13].0
 121  0002              #line 121 "E:\hamed\touch2\touch2 -int\prid2.c"
 121  0002  308E        	set [14].1
 130  0003              #line 130 "E:\hamed\touch2\touch2 -int\prid2.c"
 130  0003  369D        	clr [29].5
 131  0004              #line 131 "E:\hamed\touch2\touch2 -int\prid2.c"
 131  0004  321D        	set [29].4
 133  0005              #line 133 "E:\hamed\touch2\touch2 -int\prid2.c"
 133  0005  301D        	set [29].0
 134  0006              #line 134 "E:\hamed\touch2\touch2 -int\prid2.c"
 134  0006  349D        	clr [29].1
 135  0007              #line 135 "E:\hamed\touch2\touch2 -int\prid2.c"
 135  0007  351D        	clr [29].2
 138  0008              #line 138 "E:\hamed\touch2\touch2 -int\prid2.c"
 138  0008  300E        	set [14].0
 139  0009              #line 139 "E:\hamed\touch2\touch2 -int\prid2.c"
 139  0009  300B        	set [11].0
 141  000A              #line 141 "E:\hamed\touch2\touch2 -int\prid2.c"
 141  000A  330E        	set [14].6
 142  000B              #line 142 "E:\hamed\touch2\touch2 -int\prid2.c"
 142  000B  318E        	set [14].3
 148  000C              #line 148 "E:\hamed\touch2\touch2 -int\prid2.c"
 148  000C  0F01        	mov a,1
 148  000D  008B        	mov [11],a
 152  000E              #line 152 "E:\hamed\touch2\touch2 -int\prid2.c"
 152  000E  3615        	clr [21].4
 153  000F              #line 153 "E:\hamed\touch2\touch2 -int\prid2.c"
 153  000F  3515        	clr [21].2
 159  0010              #line 159 "E:\hamed\touch2\touch2 -int\prid2.c"
 159  0010  0F64        	mov a,100
 159  0011  00C3        	mov [67],a
"File: prid2.c       Assembler  Version HGASM0202      Page 6

 166  0012              #line 166 "E:\hamed\touch2\touch2 -int\prid2.c"
 166  0012  3044        	set [68].0
 167  0013              #line 167 "E:\hamed\touch2\touch2 -int\prid2.c"
 167  0013  30C4        	set [68].1
 174  0014              #line 174 "E:\hamed\touch2\touch2 -int\prid2.c"
 174  0014  3047        	set [71].0
 175  0015              #line 175 "E:\hamed\touch2\touch2 -int\prid2.c"
 175  0015  30C7        	set [71].1
 179  0016              #line 179 "E:\hamed\touch2\touch2 -int\prid2.c"
 179  0016  0FC8        	mov a,200
 179  0017  00CA        	mov [74],a
 180  0018              #line 180 "E:\hamed\touch2\touch2 -int\prid2.c"
 180  0018  1F4B        	clr [75]
 183  0019              #line 183 "E:\hamed\touch2\touch2 -int\prid2.c"
 183  0019  374C        	clr [76].6
 184  001A              #line 184 "E:\hamed\touch2\touch2 -int\prid2.c"
 184  001A  37CC        	clr [76].7
 189  001B              #line 189 "E:\hamed\touch2\touch2 -int\prid2.c"
 189  001B  36CC        	clr [76].5
 191  001C              #line 191 "E:\hamed\touch2\touch2 -int\prid2.c"
 191  001C  324C        	set [76].4
 195  001D              #line 195 "E:\hamed\touch2\touch2 -int\prid2.c"
 195  001D  31CC        	set [76].3
 200  001E              #line 200 "E:\hamed\touch2\touch2 -int\prid2.c"
 200  001E  314C        	set [76].2
 201  001F              #line 201 "E:\hamed\touch2\touch2 -int\prid2.c"
 201  001F  34CC        	clr [76].1
 202  0020              #line 202 "E:\hamed\touch2\touch2 -int\prid2.c"
 202  0020  344C        	clr [76].0
 205  0021              #line 205 "E:\hamed\touch2\touch2 -int\prid2.c"
 205  0021  37CD        	clr [77].7
 207  0022              #line 207 "E:\hamed\touch2\touch2 -int\prid2.c"
 207  0022  32CD        	set [77].5
 210  0023              #line 210 "E:\hamed\touch2\touch2 -int\prid2.c"
 210  0023  324D        	set [77].4
 214  0024              #line 214 "E:\hamed\touch2\touch2 -int\prid2.c"
 214  0024  304D        	set [77].0
 214  0025  0003        	ret
 214  0026              _init endp
 214  0026              #line 214 "E:\hamed\touch2\touch2 -int\prid2.c"
 214  0026              #pragma debug scope 1 1
 214  0026              ___tkm016dh equ [73]
 214  0026              ___tkm016dl equ [72]
 214  0026              public _main
 214  0026              #pragma debug scope 8 1
 226  0026              #line 226 "E:\hamed\touch2\touch2 -int\prid2.c"
 226  0026              IFDEF WITH_DEFAULT_STARTUP
 226  0026              extern _main_initial0:near
 226  0026              extern _main_startup:near
 226  0026              ENDIF
 226  0026              
 226  0026              ROMBANK 0 @start
 226  0000              @start .section com_l 'code'
 226  0000              _main_startup1:
 226  0000              @start .section com_e 'code'
 226  0000  2800     R  	jmp _main
 226  0001              
 226  0000              _main .section 'code'
 226  0000              _main proc
 226  0000  0004[           local _main_2 db 4 dup(?)
"File: prid2.c       Assembler  Version HGASM0202      Page 7

            00
            ]
 227  0004              #line 227 "E:\hamed\touch2\touch2 -int\prid2.c"
 227  0000  2000     R  	call _init
 228  0001              #line 228 "E:\hamed\touch2\touch2 -int\prid2.c"
 228  0001  0F10        	mov a,16
 228  0002  0080     R  	mov _Delay_2[0],a
 228  0003  0F27        	mov a,39
 228  0004  0080     R  	mov _Delay_2[1],a
 228  0005  1F00     R  	clr _Delay_2[2]
 228  0006  1F00     R  	clr _Delay_2[3]
 228  0007  2000     R  	call _Delay
 231  0008              #line 231 "E:\hamed\touch2\touch2 -int\prid2.c"
 231  0008  36C4        	clr [68].5
 232  0009              #line 232 "E:\hamed\touch2\touch2 -int\prid2.c"
 232  0009  1F00     R  	clr _i[0]
 232  000A  1F00     R  	clr _i[1]
 232  000B              _L17:
 232  000B              #line 232 "E:\hamed\touch2\touch2 -int\prid2.c"
 232  000B  0F13        	mov a,19
 232  000C  0200     R  	sub a,_i[0]
 232  000D  0F00        	mov a,0
 232  000E  1200     R  	sbc a,_i[1]
 232  000F  1185        	swap acc
 232  0010  040A        	xor a,status
 232  0011  3D85        	sz acc.3
 232  0012  2800     R  	jmp _L35
 234  0013              #line 234 "E:\hamed\touch2\touch2 -int\prid2.c"
 234  0013  32CD        	set [77].5
 235  0014              #line 235 "E:\hamed\touch2\touch2 -int\prid2.c"
 235  0014  324D        	set [77].4
 236  0015              #line 236 "E:\hamed\touch2\touch2 -int\prid2.c"
 236  0015  32C4        	set [68].5
 236  0016              _L19:
 238  0016              #line 238 "E:\hamed\touch2\touch2 -int\prid2.c"
 238  0016  3B44        	snz [68].6
 238  0017  2800     R  	jmp _L19
 240  0018              #line 240 "E:\hamed\touch2\touch2 -int\prid2.c"
 240  0018  0749        	mov a,[73]
 240  0019  0080     R  	mov _main_2[1],a
 240  001A  1F00     R  	clr _main_2[0]
 240  001B  0700     R  	mov a,_main_2[1]
 240  001C  0080     R  	mov _touch[1],a
 240  001D  0748        	mov a,[72]
 240  001E  0500     R  	or a,_main_2[0]
 240  001F  0080     R  	mov _touch[0],a
 241  0020              #line 241 "E:\hamed\touch2\touch2 -int\prid2.c"
 241  0020  0700     R  	mov a,_touch[0]
 241  0021  0380     R  	addm a,_touchThreshold[0]
 241  0022  0700     R  	mov a,_touch[1]
 241  0023  1380     R  	adcm a,_touchThreshold[1]
 241  0024  1F05        	clr acc
 241  0025  1380     R  	adcm a,_touchThreshold[2]
 241  0026  1380     R  	adcm a,_touchThreshold[3]
 243  0027              #line 243 "E:\hamed\touch2\touch2 -int\prid2.c"
 243  0027  3744        	clr [68].6
 244  0028              #line 244 "E:\hamed\touch2\touch2 -int\prid2.c"
 244  0028  36C4        	clr [68].5
 247  0029              #line 247 "E:\hamed\touch2\touch2 -int\prid2.c"
 247  0029  0FD0        	mov a,-48
"File: prid2.c       Assembler  Version HGASM0202      Page 8

 247  002A  0080     R  	mov _Delay_2[0],a
 247  002B  0F07        	mov a,7
 247  002C  0080     R  	mov _Delay_2[1],a
 247  002D  1F00     R  	clr _Delay_2[2]
 247  002E  1F00     R  	clr _Delay_2[3]
 247  002F  2000     R  	call _Delay
 232  0030              #line 232 "E:\hamed\touch2\touch2 -int\prid2.c"
 232  0030  1480     R  	inc _i[0]
 232  0031  3D0A        	sz z
 232  0032  1480     R  	inc _i[1]
 232  0033  2800     R  	jmp _L17
 232  0034              _L35:
 249  0034              #line 249 "E:\hamed\touch2\touch2 -int\prid2.c"
 249  0034  1F00     E  	clr _builtin_holtek_udivmodsi4_2[12]
 249  0035  0700     R  	mov a,_touchThreshold[0]  
 249  0036  0080     E  	mov _builtin_holtek_udivmodsi4_2[0],a  
 249  0037  0700     R  	mov a,_touchThreshold[1]  
 249  0038  0080     E  	mov _builtin_holtek_udivmodsi4_2[1],a
 249  0039  0700     R  	mov a,_touchThreshold[2]  
 249  003A  0080     E  	mov _builtin_holtek_udivmodsi4_2[2],a  
 249  003B  0700     R  	mov a,_touchThreshold[3]  
 249  003C  0080     E  	mov _builtin_holtek_udivmodsi4_2[3],a
 249  003D  0F14        	mov a,20  
 249  003E  0080     E  	mov _builtin_holtek_udivmodsi4_2[4],a  
 249  003F  0F00        	mov a,0  
 249  0040  0080     E  	mov _builtin_holtek_udivmodsi4_2[5],a
 249  0041  1F00     E  	clr _builtin_holtek_udivmodsi4_2[6]
 249  0042  1F00     E  	clr _builtin_holtek_udivmodsi4_2[7]
 249  0043  2000     E  	call _builtin_holtek_udivmodsi4
 249  0044  0700     E  	mov a,_builtin_holtek_udivmodsi4_2[0]  
 249  0045  0080     R  	mov _touchThreshold[0],a  
 249  0046  0700     E  	mov a,_builtin_holtek_udivmodsi4_2[1]  
 249  0047  0080     R  	mov _touchThreshold[1],a
 249  0048  0700     E  	mov a,_builtin_holtek_udivmodsi4_2[2]  
 249  0049  0080     R  	mov _touchThreshold[2],a  
 249  004A  0700     E  	mov a,_builtin_holtek_udivmodsi4_2[3]  
 249  004B  0080     R  	mov _touchThreshold[3],a
 253  004C              #line 253 "E:\hamed\touch2\touch2 -int\prid2.c"
 253  004C  32CD        	set [77].5
 254  004D              #line 254 "E:\hamed\touch2\touch2 -int\prid2.c"
 254  004D  324D        	set [77].4
 255  004E              #line 255 "E:\hamed\touch2\touch2 -int\prid2.c"
 255  004E  32C4        	set [68].5
 255  004F              _L30:
 258  004F              #line 258 "E:\hamed\touch2\touch2 -int\prid2.c"
 258  004F              ;# 258 "E:\hamed\touch2\touch2 -int\prid2.c" 1
 258  004F  0001        	clr wdt
 260  0050              #line 260 "E:\hamed\touch2\touch2 -int\prid2.c"
 260  0050  32CD        	set [77].5
 261  0051              #line 261 "E:\hamed\touch2\touch2 -int\prid2.c"
 261  0051  324D        	set [77].4
 262  0052              #line 262 "E:\hamed\touch2\touch2 -int\prid2.c"
 262  0052  32C4        	set [68].5
 264  0053              #line 264 "E:\hamed\touch2\touch2 -int\prid2.c"
 264  0053              ;# 264 "E:\hamed\touch2\touch2 -int\prid2.c" 1
 264  0053  0001        	clr wdt
 264  0054              _L22:
 266  0054              #line 266 "E:\hamed\touch2\touch2 -int\prid2.c"
 266  0054  3B44        	snz [68].6
 266  0055  2800     R  	jmp _L22
"File: prid2.c       Assembler  Version HGASM0202      Page 9

 268  0056              #line 268 "E:\hamed\touch2\touch2 -int\prid2.c"
 268  0056  0749        	mov a,[73]
 268  0057  0080     R  	mov _main_2[3],a
 268  0058  1F00     R  	clr _main_2[2]
 268  0059  0700     R  	mov a,_main_2[3]
 268  005A  0080     R  	mov _touch[1],a
 268  005B  0748        	mov a,[72]
 268  005C  0500     R  	or a,_main_2[2]
 268  005D  0080     R  	mov _touch[0],a
 269  005E              #line 269 "E:\hamed\touch2\touch2 -int\prid2.c"
 269  005E  3744        	clr [68].6
 270  005F              #line 270 "E:\hamed\touch2\touch2 -int\prid2.c"
 270  005F  36C4        	clr [68].5
 275  0060              #line 275 "E:\hamed\touch2\touch2 -int\prid2.c"
 275  0060  0F0A        	mov a,10
 275  0061  0300     R  	add a,_alltouch[0]
 275  0062  0080     E  	mov rd,a
 275  0063  0F00        	mov a,0
 275  0064  1300     R  	adc a,_alltouch[1]
 275  0065  0080     E  	mov re,a
 275  0066  0F00        	mov a,0
 275  0067  1300     R  	adc a,_alltouch[2]
 275  0068  0080     E  	mov rf,a
 275  0069  0F00        	mov a,0
 275  006A  1300     R  	adc a,_alltouch[3]
 275  006B  0080     E  	mov rg,a
 275  006C  1080     E  	sz rg
 275  006D  2800     R  	jmp _LI2
 275  006E  1080     E  	sz rf
 275  006F  2800     R  	jmp _LI2
 275  0070  0700     E  	mov a,rd
 275  0071  0200     R  	sub a,_touch[0]
 275  0072  0700     E  	mov a,re
 275  0073  1200     R  	sbc a,_touch[1]
 275  0074  380A        	snz c
 275  0075  2800     R  	jmp _L23
 275  0076              _LI2:
 275  0076  0FF6        	mov a,246
 275  0077  0300     R  	add a,_alltouch[0]
 275  0078  0080     E  	mov rd,a
 275  0079  0FFF        	mov a,255
 275  007A  1300     R  	adc a,_alltouch[1]
 275  007B  0080     E  	mov re,a
 275  007C  0FFF        	mov a,255
 275  007D  1300     R  	adc a,_alltouch[2]
 275  007E  0080     E  	mov rf,a
 275  007F  0FFF        	mov a,255
 275  0080  1300     R  	adc a,_alltouch[3]
 275  0081  0080     E  	mov rg,a
 275  0082  0700     R  	mov a,_touch[0]
 275  0083  0200     E  	sub a,rd
 275  0084  0700     R  	mov a,_touch[1]
 275  0085  1200     E  	sbc a,re
 275  0086  1F05        	clr acc
 275  0087  1200     E  	sbc a,rf
 275  0088  1F05        	clr acc
 275  0089  1200     E  	sbc a,rg
 275  008A  3C0A        	sz c
 275  008B  2800     R  	jmp _L24
 275  008C              _L23:
"File: prid2.c       Assembler  Version HGASM0202      Page 10

 275  008C  0700     R  	mov a,_touch[0]
 275  008D  0080     R  	mov _alltouch[0],a
 275  008E  0700     R  	mov a,_touch[1]
 275  008F  0080     R  	mov _alltouch[1],a
 275  0090  1F00     R  	clr _alltouch[2]
 275  0091  1F00     R  	clr _alltouch[3]
 275  0092              _L24:
 290  0092              #line 290 "E:\hamed\touch2\touch2 -int\prid2.c"
 290  0092  0FCE        	mov a,206
 290  0093  0300     R  	add a,_touchThreshold[0]
 290  0094  0080     E  	mov rd,a
 290  0095  0FFF        	mov a,255
 290  0096  1300     R  	adc a,_touchThreshold[1]
 290  0097  0080     E  	mov re,a
 290  0098  0FFF        	mov a,255
 290  0099  1300     R  	adc a,_touchThreshold[2]
 290  009A  0080     E  	mov rf,a
 290  009B  0FFF        	mov a,255
 290  009C  1300     R  	adc a,_touchThreshold[3]
 290  009D  0080     E  	mov rg,a
 290  009E  0700     R  	mov a,_alltouch[0]
 290  009F  0200     E  	sub a,rd
 290  00A0  0700     R  	mov a,_alltouch[1]
 290  00A1  1200     E  	sbc a,re
 290  00A2  0700     R  	mov a,_alltouch[2]
 290  00A3  1200     E  	sbc a,rf
 290  00A4  0700     R  	mov a,_alltouch[3]
 290  00A5  1200     E  	sbc a,rg
 290  00A6  3C0A        	sz c
 290  00A7  2800     R  	jmp _L25
 292  00A8              #line 292 "E:\hamed\touch2\touch2 -int\prid2.c"
 292  00A8  1F00     R  	clr _f[0]
 292  00A9  1F00     R  	clr _f[1]
 292  00AA  1F00     R  	clr _f[2]
 292  00AB  1F00     R  	clr _f[3]
 293  00AC              #line 293 "E:\hamed\touch2\touch2 -int\prid2.c"
 293  00AC  0F01        	mov a,1
 293  00AD  0380     R  	addm a,_fingerCounter[0]
 293  00AE  0F00        	mov a,0
 293  00AF  1380     R  	adcm a,_fingerCounter[1]
 293  00B0  1380     R  	adcm a,_fingerCounter[2]
 293  00B1  1380     R  	adcm a,_fingerCounter[3]
 294  00B2              #line 294 "E:\hamed\touch2\touch2 -int\prid2.c"
 294  00B2  0F88        	mov a,136
 294  00B3  0200     R  	sub a,_fingerCounter[0]
 294  00B4  0F13        	mov a,19
 294  00B5  1200     R  	sbc a,_fingerCounter[1]
 294  00B6  0F00        	mov a,0
 294  00B7  1200     R  	sbc a,_fingerCounter[2]
 294  00B8  0F00        	mov a,0
 294  00B9  1200     R  	sbc a,_fingerCounter[3]
 294  00BA  3C0A        	sz c
 294  00BB  2800     R  	jmp _L27
 295  00BC              #line 295 "E:\hamed\touch2\touch2 -int\prid2.c"
 295  00BC  1F00     R  	clr _fingerCounter[0]
 295  00BD  1F00     R  	clr _fingerCounter[1]
 295  00BE  1F00     R  	clr _fingerCounter[2]
 295  00BF  1F00     R  	clr _fingerCounter[3]
 295  00C0  2800     R  	jmp _L34
 295  00C1              _L25:
"File: prid2.c       Assembler  Version HGASM0202      Page 11

 300  00C1              #line 300 "E:\hamed\touch2\touch2 -int\prid2.c"
 300  00C1  0FEC        	mov a,236
 300  00C2  0300     R  	add a,_touchThreshold[0]
 300  00C3  0080     E  	mov rd,a
 300  00C4  0FFF        	mov a,255
 300  00C5  1300     R  	adc a,_touchThreshold[1]
 300  00C6  0080     E  	mov re,a
 300  00C7  0FFF        	mov a,255
 300  00C8  1300     R  	adc a,_touchThreshold[2]
 300  00C9  0080     E  	mov rf,a
 300  00CA  0FFF        	mov a,255
 300  00CB  1300     R  	adc a,_touchThreshold[3]
 300  00CC  0080     E  	mov rg,a
 300  00CD  0700     E  	mov a,rd
 300  00CE  0200     R  	sub a,_alltouch[0]
 300  00CF  0700     E  	mov a,re
 300  00D0  1200     R  	sbc a,_alltouch[1]
 300  00D1  0700     E  	mov a,rf
 300  00D2  1200     R  	sbc a,_alltouch[2]
 300  00D3  0700     E  	mov a,rg
 300  00D4  1200     R  	sbc a,_alltouch[3]
 300  00D5  3C0A        	sz c
 300  00D6  2800     R  	jmp _L27
 304  00D7              #line 304 "E:\hamed\touch2\touch2 -int\prid2.c"
 304  00D7  0F01        	mov a,1
 304  00D8  0380     R  	addm a,_f[0]
 304  00D9  0F00        	mov a,0
 304  00DA  1380     R  	adcm a,_f[1]
 304  00DB  1380     R  	adcm a,_f[2]
 304  00DC  1380     R  	adcm a,_f[3]
 305  00DD              #line 305 "E:\hamed\touch2\touch2 -int\prid2.c"
 305  00DD  1F00     R  	clr _fingerCounter[0]
 305  00DE  1F00     R  	clr _fingerCounter[1]
 305  00DF  1F00     R  	clr _fingerCounter[2]
 305  00E0  1F00     R  	clr _fingerCounter[3]
 307  00E1              #line 307 "E:\hamed\touch2\touch2 -int\prid2.c"
 307  00E1  0700     R  	mov a,_f[0]
 307  00E2  0080     E  	mov rd,a
 307  00E3  0700     R  	mov a,_f[1]
 307  00E4  0080     E  	mov re,a
 307  00E5  0700     R  	mov a,_f[2]
 307  00E6  0080     E  	mov rf,a
 307  00E7  0700     R  	mov a,_f[3]
 307  00E8  0080     E  	mov rg,a
 310  00E9              #line 310 "E:\hamed\touch2\touch2 -int\prid2.c"
 310  00E9  0F88        	mov a,136
 310  00EA  0200     R  	sub a,_f[0]
 310  00EB  0F13        	mov a,19
 310  00EC  1200     R  	sbc a,_f[1]
 310  00ED  0F00        	mov a,0
 310  00EE  1200     R  	sbc a,_f[2]
 310  00EF  0F00        	mov a,0
 310  00F0  1200     R  	sbc a,_f[3]
 310  00F1  3C0A        	sz c
 310  00F2  2800     R  	jmp _L27
 311  00F3              #line 311 "E:\hamed\touch2\touch2 -int\prid2.c"
 311  00F3  1F00     R  	clr _f[0]
 311  00F4  1F00     R  	clr _f[1]
 311  00F5  1F00     R  	clr _f[2]
 311  00F6  1F00     R  	clr _f[3]
"File: prid2.c       Assembler  Version HGASM0202      Page 12

 311  00F7              _L34:
 312  00F7              #line 312 "E:\hamed\touch2\touch2 -int\prid2.c"
 312  00F7  0700     R  	mov a,_alltouch[0]
 312  00F8  0080     R  	mov _touchThreshold[0],a
 312  00F9  0700     R  	mov a,_alltouch[1]
 312  00FA  0080     R  	mov _touchThreshold[1],a
 312  00FB  0700     R  	mov a,_alltouch[2]
 312  00FC  0080     R  	mov _touchThreshold[2],a
 312  00FD  0700     R  	mov a,_alltouch[3]
 312  00FE  0080     R  	mov _touchThreshold[3],a
 312  00FF              _L27:
 315  00FF              #line 315 "E:\hamed\touch2\touch2 -int\prid2.c"
 315  00FF  0700     R  	mov a,_fingerCounter[0]
 315  0100  0C41        	xor a,65
 315  0101  0500     R  	or a,_fingerCounter[3]
 315  0102  0500     R  	or a,_fingerCounter[2]
 315  0103  0500     R  	or a,_fingerCounter[1]
 315  0104  390A        	snz z
 315  0105  2800     R  	jmp _L30
 319  0106              #line 319 "E:\hamed\touch2\touch2 -int\prid2.c"
 319  0106  3C00     R  	sz _q
 319  0107  2800     R  	jmp _L31
 319  0108  0700     R  	mov a,_m[0]
 319  0109  0500     R  	or a,_m[1]
 319  010A  390A        	snz z
 319  010B  2800     R  	jmp _L31
 319  010C  3000     R  	set _q
 319  010D  0F01        	mov a,1
 319  010E  0080     R  	mov _m[0],a
 319  010F  1F00     R  	clr _m[1]
 319  0110              _L31:
 320  0110              #line 320 "E:\hamed\touch2\touch2 -int\prid2.c"
 320  0110  3800     R  	snz _q
 320  0111  2800     R  	jmp _L32
 320  0112  0700     R  	mov a,_m[0]
 320  0113  0500     R  	or a,_m[1]
 320  0114  390A        	snz z
 320  0115  2800     R  	jmp _L32
 320  0116  3400     R  	clr _q
 320  0117  0F01        	mov a,1
 320  0118  0080     R  	mov _m[0],a
 320  0119  1F00     R  	clr _m[1]
 320  011A              _L32:
 322  011A              #line 322 "E:\hamed\touch2\touch2 -int\prid2.c"
 322  011A  1F00     R  	clr _m[0]
 322  011B  1F00     R  	clr _m[1]
 322  011C  2800     R  	jmp _L30
 322  011D  2800     R  	jmp $
 322  011E              _main endp
 322  011E              
 322  011E              @dummy endp
 322  011E              
 322  011E              #line 322 "E:\hamed\touch2\touch2 -int\prid2.c"
 322  011E              #pragma debug scope 1 1
 322  011E              public _q
 322  0000              @HCCINIT	.section 'data'
  20  0000              #line 20 "E:\hamed\touch2\touch2 -int\prid2.c"
  20  0000              @BITDATASEC .section 'data'
  20  0000  00          _q	dbit 0
  20  0001              #pragma debug variable 2 1 _q "q"
"File: prid2.c       Assembler  Version HGASM0202      Page 13

  20  0001              public _m
  19  0001              #line 19 "E:\hamed\touch2\touch2 -int\prid2.c"
  19  0000              @HCCINIT .section 'data'
  19  0000              _m label byte
  19  0000              #pragma debug variable 11 1 _m "m"
  19  0000              	db 0
  19  0000              @ROMDATA_BASE .section inpage 'code'
  19  0000              	db 0
  19  0001              @HCCINIT .section 'data'
  19  0001              	db 0
  19  0001              @ROMDATA_BASE .section inpage 'code'
  19  0001              	db 0
  19  0002              @HCCINIT .section 'data'
  19  0002              public _counter3
  18  0002              #line 18 "E:\hamed\touch2\touch2 -int\prid2.c"
  18  0002              @HCCINIT .section 'data'
  18  0002              _counter3 label byte
  18  0002              #pragma debug variable 11 1 _counter3 "counter3"
  18  0002              	db 0
  18  0001              @ROMDATA_BASE .section inpage 'code'
  18  0001              	db 0
  18  0003              @HCCINIT .section 'data'
  18  0003              	db 0
  18  0002              @ROMDATA_BASE .section inpage 'code'
  18  0002              	db 0
  18  0004              @HCCINIT .section 'data'
  18  0004              public _counter2
  17  0004              #line 17 "E:\hamed\touch2\touch2 -int\prid2.c"
  17  0004              @HCCINIT .section 'data'
  17  0004              _counter2 label byte
  17  0004              #pragma debug variable 11 1 _counter2 "counter2"
  17  0004              	db 0
  17  0002              @ROMDATA_BASE .section inpage 'code'
  17  0002              	db 0
  17  0005              @HCCINIT .section 'data'
  17  0005              	db 0
  17  0003              @ROMDATA_BASE .section inpage 'code'
  17  0003              	db 0
  17  0006              @HCCINIT .section 'data'
  17  0006              public _counter
  16  0006              #line 16 "E:\hamed\touch2\touch2 -int\prid2.c"
  16  0006              @HCCINIT .section 'data'
  16  0006              _counter label byte
  16  0006              #pragma debug variable 11 1 _counter "counter"
  16  0006              	db 0
  16  0003              @ROMDATA_BASE .section inpage 'code'
  16  0003              	db 0
  16  0007              @HCCINIT .section 'data'
  16  0007              	db 0
  16  0004              @ROMDATA_BASE .section inpage 'code'
  16  0004              	db 0
  16  0008              @HCCINIT .section 'data'
  16  0008              public _ncount
  15  0008              #line 15 "E:\hamed\touch2\touch2 -int\prid2.c"
  15  0008              @HCCINIT .section 'data'
  15  0008              _ncount label byte
  15  0008              #pragma debug variable 11 1 _ncount "ncount"
  15  0008              	db 0
  15  0004              @ROMDATA_BASE .section inpage 'code'
  15  0004              	db 0
"File: prid2.c       Assembler  Version HGASM0202      Page 14

  15  0009              @HCCINIT .section 'data'
  15  0009              	db 0
  15  0005              @ROMDATA_BASE .section inpage 'code'
  15  0005              	db 0
  15  000A              @HCCINIT .section 'data'
  15  000A              public _alltouch
  11  000A              #line 11 "E:\hamed\touch2\touch2 -int\prid2.c"
  11  000A              @HCCINIT .section 'data'
  11  000A              _alltouch label byte
  11  000A              #pragma debug variable 14 1 _alltouch "alltouch"
  11  000A              	db 0
  11  0005              @ROMDATA_BASE .section inpage 'code'
  11  0005              	db 0
  11  000B              @HCCINIT .section 'data'
  11  000B              	db 0
  11  0006              @ROMDATA_BASE .section inpage 'code'
  11  0006              	db 0
  11  000C              @HCCINIT .section 'data'
  11  000C              	db 0
  11  0006              @ROMDATA_BASE .section inpage 'code'
  11  0006              	db 0
  11  000D              @HCCINIT .section 'data'
  11  000D              	db 0
  11  0007              @ROMDATA_BASE .section inpage 'code'
  11  0007              	db 0
  11  000E              @HCCINIT .section 'data'
  10  000E              #line 10 "E:\hamed\touch2\touch2 -int\prid2.c"
  10  000E              public _touch
  10  0000              @HCCINIT0 .section 'data'
  10  0000  0002[       _touch	db 2 dup(0)
            00
            ]
  10  0002              #pragma debug variable 12 1 _touch "touch"
  10  0002              
  10  000E              @HCCINIT .section 'data'
  10  000E              public _fingerCounter
   9  000E              #line 9 "E:\hamed\touch2\touch2 -int\prid2.c"
   9  000E              @HCCINIT .section 'data'
   9  000E              _fingerCounter label byte
   9  000E              #pragma debug variable 14 1 _fingerCounter "fingerCounter"
   9  000E              	db 0
   9  0007              @ROMDATA_BASE .section inpage 'code'
   9  0007              	db 0
   9  000F              @HCCINIT .section 'data'
   9  000F              	db 0
   9  0008              @ROMDATA_BASE .section inpage 'code'
   9  0008              	db 0
   9  0010              @HCCINIT .section 'data'
   9  0010              	db 0
   9  0008              @ROMDATA_BASE .section inpage 'code'
   9  0008              	db 0
   9  0011              @HCCINIT .section 'data'
   9  0011              	db 0
   9  0009              @ROMDATA_BASE .section inpage 'code'
   9  0009              	db 0
   9  0012              @HCCINIT .section 'data'
   8  0012              #line 8 "E:\hamed\touch2\touch2 -int\prid2.c"
   8  0012              public _f
   8  0002              @HCCINIT0 .section 'data'
   8  0002  0004[       _f	db 4 dup(0)
"File: prid2.c       Assembler  Version HGASM0202      Page 15

            00
            ]
   8  0006              #pragma debug variable 14 1 _f "f"
   8  0006              
   8  0012              @HCCINIT .section 'data'
   6  0012              #line 6 "E:\hamed\touch2\touch2 -int\prid2.c"
   6  0012              public _n
   6  0006              @HCCINIT0 .section 'data'
   6  0006  0002[       _n	db 2 dup(0)
            00
            ]
   6  0008              #pragma debug variable 11 1 _n "n"
   6  0008              
   6  0012              @HCCINIT .section 'data'
   6  0012              #line 6 "E:\hamed\touch2\touch2 -int\prid2.c"
   6  0012              public _j
   6  0008              @HCCINIT0 .section 'data'
   6  0008  0002[       _j	db 2 dup(0)
            00
            ]
   6  000A              #pragma debug variable 11 1 _j "j"
   6  000A              
   6  0012              @HCCINIT .section 'data'
   6  0012              #line 6 "E:\hamed\touch2\touch2 -int\prid2.c"
   6  0012              public _i
   6  000A              @HCCINIT0 .section 'data'
   6  000A  0002[       _i	db 2 dup(0)
            00
            ]
   6  000C              #pragma debug variable 11 1 _i "i"
   6  000C              
   6  0012              @HCCINIT .section 'data'
   6  0012              public _touchThreshold
   5  0012              #line 5 "E:\hamed\touch2\touch2 -int\prid2.c"
   5  0012              @HCCINIT .section 'data'
   5  0012              _touchThreshold label byte
   5  0012              #pragma debug variable 14 1 _touchThreshold "touchThreshold"
   5  0012              	db 0
   5  0009              @ROMDATA_BASE .section inpage 'code'
   5  0009              	db 0
   5  0013              @HCCINIT .section 'data'
   5  0013              	db 0
   5  000A              @ROMDATA_BASE .section inpage 'code'
   5  000A              	db 0
   5  0014              @HCCINIT .section 'data'
   5  0014              	db 0
   5  000A              @ROMDATA_BASE .section inpage 'code'
   5  000A              	db 0
   5  0015              @HCCINIT .section 'data'
   5  0015              	db 0
   5  000B              @ROMDATA_BASE .section inpage 'code'
   5  000B              	db 0
   5  0016              @HCCINIT .section 'data'
   5  0016              #pragma debug struct_end
   5  0016              #pragma debug struct_end
   5  0016              #pragma debug union_end
   5  0016              #pragma debug union_end
   5  0016              #pragma debug variable 43 1 ___smod "__smod" 1
   5  0016              #pragma debug struct_end
   5  0016              #pragma debug struct_end
"File: prid2.c       Assembler  Version HGASM0202      Page 16

   5  0016              #pragma debug union_end
   5  0016              #pragma debug union_end
   5  0016              #pragma debug variable 45 1 ___integ "__integ" 1
   5  0016              #pragma debug struct_end
   5  0016              #pragma debug struct_end
   5  0016              #pragma debug union_end
   5  0016              #pragma debug union_end
   5  0016              #pragma debug variable 47 1 ___intc0 "__intc0" 1
   5  0016              #pragma debug struct_end
   5  0016              #pragma debug struct_end
   5  0016              #pragma debug union_end
   5  0016              #pragma debug union_end
   5  0016              #pragma debug variable 49 1 ___pa "__pa" 1
   5  0016              #pragma debug struct_end
   5  0016              #pragma debug struct_end
   5  0016              #pragma debug union_end
   5  0016              #pragma debug union_end
   5  0016              #pragma debug variable 51 1 ___pac "__pac" 1
   5  0016              #pragma debug struct_end
   5  0016              #pragma debug struct_end
   5  0016              #pragma debug union_end
   5  0016              #pragma debug union_end
   5  0016              #pragma debug variable 53 1 ___tmrc "__tmrc" 1
   5  0016              #pragma debug variable 8 1 ___tktmr "__tktmr" 1
   5  0016              #pragma debug struct_end
   5  0016              #pragma debug struct_end
   5  0016              #pragma debug union_end
   5  0016              #pragma debug union_end
   5  0016              #pragma debug variable 55 1 ___tkc0 "__tkc0" 1
   5  0016              #pragma debug struct_end
   5  0016              #pragma debug struct_end
   5  0016              #pragma debug union_end
   5  0016              #pragma debug union_end
   5  0016              #pragma debug variable 57 1 ___tkc1 "__tkc1" 1
   5  0016              #pragma debug variable 8 1 ___tkm016dl "__tkm016dl" 1
   5  0016              #pragma debug variable 8 1 ___tkm016dh "__tkm016dh" 1
   5  0016              #pragma debug variable 8 1 ___tkm0rol "__tkm0rol" 1
   5  0016              #pragma debug variable 8 1 ___tkm0roh "__tkm0roh" 1
   5  0016              #pragma debug struct_end
   5  0016              #pragma debug struct_end
   5  0016              #pragma debug union_end
   5  0016              #pragma debug union_end
   5  0016              #pragma debug variable 59 1 ___tkm0c0 "__tkm0c0" 1
   5  0016              #pragma debug struct_end
   5  0016              #pragma debug struct_end
   5  0016              #pragma debug union_end
   5  0016              #pragma debug union_end
   5  0016              #pragma debug variable 61 1 ___tkm0c1 "__tkm0c1" 1
   5  0016              extern r1:byte
   5  0016              extern r2:byte
 226  0016              #line 226 "E:\hamed\touch2\touch2 -int\prid2.c"
 226  0000              @code .section at 0 'code'
 226  0000  2800     R  	jmp _main_startup1
 226  0001              
 226  0001              extern _builtin_holtek_udivmodsi4_2:byte
 226  0001              extern _builtin_holtek_udivmodsi4:near
 226  0001              
 226  0001              ; 
 226  0001              ; Generated by holtek-gcc v3.19, Sun Nov 19 18:51:35 2023
 226  0001              ; Rebuild 718
"File: prid2.c       Assembler  Version HGASM0202      Page 17

 226  0001              ; end of file


        0 Errors, 0