"File: timer.c       Assembler  Version HGASM0202      Page 1


   1  0000              ; Generated by holtek-gcc v3.19, Fri Aug 11 01:42:49 2023
   2  0000              ; 
   3  0000              ; Configuration:
   4  0000              ;       without long instruction
   5  0000              ;       Single ROM, Multi-RAM
   6  0000              ;       bits_per_rom_unit:16
   7  0000              ;       with mp1
   8  0000              ;       with tbhp, address(0x9)
   9  0000              ;          Use tabrd-const
  10  0000              ;       
  11  0000              ;       
  12  0000              ;       
  13  0000              ; use 'tabrdc' instead of 'tabrd'
  14  0000              ;       
  15  0000              
  16  0000              #pragma translator "holtek-gcc 4.6.4" "3.19" "build 20130711"
  17  0000              ; Rebuild 718
  18  0000              
  19  0000              ir equ [2]
  20  0000              mp equ [3]
  21  0000              sbp equ [1]
  22  0000              acc equ [5]
  23  0000              bp equ [4]
  24  0000              tblp equ [7]
  25  0000              tbhp equ [9]
  26  0000              status equ [10]
  27  0000              c equ [10].0
  28  0000              ac equ [10].1
  29  0000              z equ [10].2
  30  0000              ov equ [10].3
  31  0000              intc equ [11]
  32  0000              
  33  0000              extern ra:byte
  34  0000              extern rb:byte
  35  0000              extern rc:byte
  36  0000              extern rd:byte
  37  0000              extern re:byte
  38  0000              extern rf:byte
  39  0000              extern rg:byte
  40  0000              extern rh:byte
  41  0000              extern _Crom2Prom:near
  42  0000              extern _Crom2PromNext:near
  43  0000              
  44  0000              RAMBANK 0 @HCCINIT, @HCCINIT0
  45  0000              
  46  0000              RAMBANK 0 @BITDATASEC, @BITDATASEC1
  47  0000              @HCCINIT	.section 'data'
  48  0000              @HCCINIT0	.section 'data'
  49  0000              @BITDATASEC	 .section 'data'
  50  0000              @BITDATASEC1	 .section 'data'
  51  0000              
  52  0000              #pragma debug scope 1 1
  53  0000              	extern __DELAY3:near
  54  0000              	extern __DELAYX3:near
  55  0000              	extern __DELAYX6:near
  56  0000              	extern __DELAYY5:near
  57  0000              	extern __DELAYY3:near
  58  0000              	extern _builtin_holtek_delay_2:byte
  59  0000              public _Delay
"File: timer.ASM     Assembler  Version HGASM0202      Page 2

  60  0000              #pragma debug scope 2 1

   9  0000              #line 9 "C:\Users\hamed\OneDrive\Documents\HTK_Project\timer\timer.c"
   9  0000              _Delay .section 'code'
   9  0000              _Delay proc
   9  0000              public _Delay_2
   9  0000  0008[           local _Delay_2 db 8 dup(?)	; 4,4
            00
            ]
   9  0008              #pragma debug variable 14 2 _Delay_2+0 "count"
   9  0008              #pragma debug variable 14 2 _Delay_2+4 "i"
  11  0008              #line 11 "C:\Users\hamed\OneDrive\Documents\HTK_Project\timer\timer.c"
  11  0000  1F00     R  	clr _Delay_2[4]
  11  0001  1F00     R  	clr _Delay_2[5]
  11  0002  1F00     R  	clr _Delay_2[6]
  11  0003  1F00     R  	clr _Delay_2[7]
  11  0004  2800     R  	jmp _L2
  11  0005              _L3:
  13  0005              #line 13 "C:\Users\hamed\OneDrive\Documents\HTK_Project\timer\timer.c"
  13  0005              ;# 13 "C:\Users\hamed\OneDrive\Documents\HTK_Project\timer\timer.c" 1
  13  0005  0000        	nop
  14  0006              #line 14 "C:\Users\hamed\OneDrive\Documents\HTK_Project\timer\timer.c"
  14  0006              ;# 14 "C:\Users\hamed\OneDrive\Documents\HTK_Project\timer\timer.c" 1
  14  0006  0001        	clr wdt
  11  0007              #line 11 "C:\Users\hamed\OneDrive\Documents\HTK_Project\timer\timer.c"
  11  0007  0F01        	mov a,1
  11  0008  0380     R  	addm a,_Delay_2[4]
  11  0009  0F00        	mov a,0
  11  000A  1380     R  	adcm a,_Delay_2[5]
  11  000B  1380     R  	adcm a,_Delay_2[6]
  11  000C  1380     R  	adcm a,_Delay_2[7]
  11  000D              _L2:
  11  000D  0700     R  	mov a,_Delay_2[4]
  11  000E  0200     R  	sub a,_Delay_2[0]
  11  000F  0700     R  	mov a,_Delay_2[5]
  11  0010  1200     R  	sbc a,_Delay_2[1]
  11  0011  0700     R  	mov a,_Delay_2[6]
  11  0012  1200     R  	sbc a,_Delay_2[2]
  11  0013  0700     R  	mov a,_Delay_2[7]
  11  0014  1200     R  	sbc a,_Delay_2[3]
  11  0015  380A        	snz c
  11  0016  2800     R  	jmp _L3
  11  0017  0003        	ret
  11  0018              _Delay endp
  11  0018              #line 11 "C:\Users\hamed\OneDrive\Documents\HTK_Project\timer\timer.c"
  11  0018              #pragma debug scope 1 1
  11  0018              ___pac equ [21]
  11  0018              ___pa equ [20]
  11  0018              public _main
  11  0018              #pragma debug scope 3 1
  19  0018              #line 19 "C:\Users\hamed\OneDrive\Documents\HTK_Project\timer\timer.c"
  19  0018              IFDEF WITH_DEFAULT_STARTUP
  19  0018              extern _main_initial0:near
  19  0018              extern _main_startup:near
  19  0018              ENDIF
  19  0018              
  19  0018              ROMBANK 0 @start
  19  0000              @start .section com_l 'code'
  19  0000              _main_startup1:
  19  0000              @start .section com_e 'code'
"File: timer.c       Assembler  Version HGASM0202      Page 3

  19  0000  2800     R  	jmp _main
  19  0001              
  19  0000              _main .section 'code'
  19  0000              _main proc
  29  0000              #line 29 "C:\Users\hamed\OneDrive\Documents\HTK_Project\timer\timer.c"
  29  0000  3595        	clr [21].3
  29  0001              _L8:
  33  0001              #line 33 "C:\Users\hamed\OneDrive\Documents\HTK_Project\timer\timer.c"
  33  0001              ;# 33 "C:\Users\hamed\OneDrive\Documents\HTK_Project\timer\timer.c" 1
  33  0001  0001        	clr wdt
  36  0002              #line 36 "C:\Users\hamed\OneDrive\Documents\HTK_Project\timer\timer.c"
  36  0002  1F00     R  	clr _j[0]
  36  0003  1F00     R  	clr _j[1]
  36  0004              _L6:
  36  0004  0700     R  	mov a,_j[0]
  36  0005  0080     E  	mov rd,a
  36  0006  0700     R  	mov a,_j[1]
  36  0007  0080     E  	mov re,a
  36  0008  1F05        	clr acc
  36  0009  3C00     E  	sz re.7
  36  000A  1F85        	set acc
  36  000B  0080     E  	mov rf,a
  36  000C  0080     E  	mov rg,a
  36  000D  0700     E  	mov a,rd
  36  000E  0200     R  	sub a,_count2[0]
  36  000F  0700     E  	mov a,re
  36  0010  1200     R  	sbc a,_count2[1]
  36  0011  0700     E  	mov a,rf
  36  0012  1200     R  	sbc a,_count2[2]
  36  0013  0700     E  	mov a,rg
  36  0014  1200     R  	sbc a,_count2[3]
  36  0015  3C0A        	sz c
  36  0016  2800     R  	jmp _L9
  38  0017              #line 38 "C:\Users\hamed\OneDrive\Documents\HTK_Project\timer\timer.c"
  38  0017  3594        	clr [20].3
  39  0018              #line 39 "C:\Users\hamed\OneDrive\Documents\HTK_Project\timer\timer.c"
  39  0018  0FC8        	mov a,-56
  39  0019  0080     R  	mov _Delay_2[0],a
  39  001A  1F00     R  	clr _Delay_2[1]
  39  001B  1F00     R  	clr _Delay_2[2]
  39  001C  1F00     R  	clr _Delay_2[3]
  39  001D  2000     R  	call _Delay
  40  001E              #line 40 "C:\Users\hamed\OneDrive\Documents\HTK_Project\timer\timer.c"
  40  001E  3194        	set [20].3
  41  001F              #line 41 "C:\Users\hamed\OneDrive\Documents\HTK_Project\timer\timer.c"
  41  001F  0FC8        	mov a,-56
  41  0020  0080     R  	mov _Delay_2[0],a
  41  0021  1F00     R  	clr _Delay_2[1]
  41  0022  1F00     R  	clr _Delay_2[2]
  41  0023  1F00     R  	clr _Delay_2[3]
  41  0024  2000     R  	call _Delay
  36  0025              #line 36 "C:\Users\hamed\OneDrive\Documents\HTK_Project\timer\timer.c"
  36  0025  1480     R  	inc _j[0]
  36  0026  3D0A        	sz z
  36  0027  1480     R  	inc _j[1]
  36  0028  2800     R  	jmp _L6
  36  0029              _L9:
  44  0029              #line 44 "C:\Users\hamed\OneDrive\Documents\HTK_Project\timer\timer.c"
  44  0029  0F30        	mov a,48
  44  002A  0080     R  	mov _Delay_2[0],a
"File: timer.c       Assembler  Version HGASM0202      Page 4

  44  002B  0F75        	mov a,117
  44  002C  0080     R  	mov _Delay_2[1],a
  44  002D  1F00     R  	clr _Delay_2[2]
  44  002E  1F00     R  	clr _Delay_2[3]
  44  002F  2000     R  	call _Delay
  46  0030              #line 46 "C:\Users\hamed\OneDrive\Documents\HTK_Project\timer\timer.c"
  46  0030  0F01        	mov a,1
  46  0031  0380     R  	addm a,_count2[0]
  46  0032  0F00        	mov a,0
  46  0033  1380     R  	adcm a,_count2[1]
  46  0034  1380     R  	adcm a,_count2[2]
  46  0035  1380     R  	adcm a,_count2[3]
  47  0036              #line 47 "C:\Users\hamed\OneDrive\Documents\HTK_Project\timer\timer.c"
  47  0036  2800     R  	jmp _L8
  47  0037  2800     R  	jmp $
  47  0038              _main endp
  47  0038              
  47  0038              @dummy endp
  47  0038              
  47  0038              #line 47 "C:\Users\hamed\OneDrive\Documents\HTK_Project\timer\timer.c"
  47  0038              #pragma debug scope 1 1
  47  0038              public _count2
  47  0000              @HCCINIT	.section 'data'
   6  0000              #line 6 "C:\Users\hamed\OneDrive\Documents\HTK_Project\timer\timer.c"
   6  0000              @HCCINIT .section 'data'
   6  0000              _count2 label byte
   6  0000              #pragma debug variable 14 1 _count2 "count2"
   6  0000              	db 0
   6  0000              @ROMDATA_BASE .section inpage 'code'
   6  0000              	db 0
   6  0001              @HCCINIT .section 'data'
   6  0001              	db 0
   6  0001              @ROMDATA_BASE .section inpage 'code'
   6  0001              	db 0
   6  0002              @HCCINIT .section 'data'
   6  0002              	db 0
   6  0001              @ROMDATA_BASE .section inpage 'code'
   6  0001              	db 0
   6  0003              @HCCINIT .section 'data'
   6  0003              	db 0
   6  0002              @ROMDATA_BASE .section inpage 'code'
   6  0002              	db 0
   6  0004              @HCCINIT .section 'data'
   5  0004              #line 5 "C:\Users\hamed\OneDrive\Documents\HTK_Project\timer\timer.c"
   5  0004              public _j
   5  0000              @HCCINIT0 .section 'data'
   5  0000  0002[       _j	db 2 dup(0)
            00
            ]
   5  0002              #pragma debug variable 11 1 _j "j"
   5  0002              
   5  0004              @HCCINIT .section 'data'
   5  0004              public _out
   4  0004              #line 4 "C:\Users\hamed\OneDrive\Documents\HTK_Project\timer\timer.c"
   4  0004              @HCCINIT .section 'data'
   4  0004              _out label byte
   4  0004              #pragma debug array 42 11 10 1
   4  0004              #pragma debug array 42 11 10 1
   4  0004              #pragma debug variable 42 1 _out "out"
   4  0004              	dw 0
"File: timer.c       Assembler  Version HGASM0202      Page 5

   4  0002              @ROMDATA_BASE .section inpage 'code'
   4  0002  0000        	dc 0
   4  0006              @HCCINIT .section 'data'
   4  0006              	dw 1
   4  0003              @ROMDATA_BASE .section inpage 'code'
   4  0003  0001        	dc 1
   4  0008              @HCCINIT .section 'data'
   4  0008              	dw 1
   4  0004              @ROMDATA_BASE .section inpage 'code'
   4  0004  0001        	dc 1
   4  000A              @HCCINIT .section 'data'
   4  000A              	dw 1
   4  0005              @ROMDATA_BASE .section inpage 'code'
   4  0005  0001        	dc 1
   4  000C              @HCCINIT .section 'data'
   4  000C              	dw 1
   4  0006              @ROMDATA_BASE .section inpage 'code'
   4  0006  0001        	dc 1
   4  000E              @HCCINIT .section 'data'
   4  000E              	dw 0
   4  0007              @ROMDATA_BASE .section inpage 'code'
   4  0007  0000        	dc 0
   4  0010              @HCCINIT .section 'data'
   4  0010              	dw 0
   4  0008              @ROMDATA_BASE .section inpage 'code'
   4  0008  0000        	dc 0
   4  0012              @HCCINIT .section 'data'
   4  0012              	dw 1
   4  0009              @ROMDATA_BASE .section inpage 'code'
   4  0009  0001        	dc 1
   4  0014              @HCCINIT .section 'data'
   4  0014              	dw 0
   4  000A              @ROMDATA_BASE .section inpage 'code'
   4  000A  0000        	dc 0
   4  0016              @HCCINIT .section 'data'
   4  0016              	dw 1
   4  000B              @ROMDATA_BASE .section inpage 'code'
   4  000B  0001        	dc 1
   4  0018              @HCCINIT .section 'data'
   4  0018              #pragma debug struct_end
   4  0018              #pragma debug struct_end
   4  0018              #pragma debug union_end
   4  0018              #pragma debug union_end
   4  0018              #pragma debug variable 44 1 ___pa "__pa" 1
   4  0018              #pragma debug struct_end
   4  0018              #pragma debug struct_end
   4  0018              #pragma debug union_end
   4  0018              #pragma debug union_end
   4  0018              #pragma debug variable 46 1 ___pac "__pac" 1
  19  0018              #line 19 "C:\Users\hamed\OneDrive\Documents\HTK_Project\timer\timer.c"
  19  0000              @code .section at 0 'code'
  19  0000  2800     R  	jmp _main_startup1
  19  0001              
  19  0001              
  19  0001              ; 
  19  0001              ; Generated by holtek-gcc v3.19, Fri Aug 11 01:42:49 2023
  19  0001              ; Rebuild 718
  19  0001              ; end of file


"File: timer.c       Assembler  Version HGASM0202      Page 6

        0 Errors, 0