"File: touch-mcu-htid.c  Assembler  Version HGASM0202      Page 1


   1  0000              ; Generated by holtek-gcc v3.19, Sat Aug 05 08:58:20 2023
   2  0000              ; 
   3  0000              ; Configuration:
   4  0000              ;       without long instruction
   5  0000              ;       Single ROM, Multi-RAM
   6  0000              ;       bits_per_rom_unit:16
   7  0000              ;       with mp1
   8  0000              ;       with tbhp, address(0x9)
   9  0000              ;          Use tabrd-const
  10  0000              ;       
  11  0000              ;       
  12  0000              ;       
  13  0000              ; use 'tabrdc' instead of 'tabrd'
  14  0000              ;       
  15  0000              
  16  0000              #pragma translator "holtek-gcc 4.6.4" "3.19" "build 20130711"
  17  0000              ; Rebuild 718
  18  0000              
  19  0000              ir equ [2]
  20  0000              mp equ [3]
  21  0000              sbp equ [1]
  22  0000              acc equ [5]
  23  0000              bp equ [4]
  24  0000              tblp equ [7]
  25  0000              tbhp equ [9]
  26  0000              status equ [10]
  27  0000              c equ [10].0
  28  0000              ac equ [10].1
  29  0000              z equ [10].2
  30  0000              ov equ [10].3
  31  0000              intc equ [11]
  32  0000              
  33  0000              extern ra:byte
  34  0000              extern rb:byte
  35  0000              extern rc:byte
  36  0000              extern rd:byte
  37  0000              extern re:byte
  38  0000              extern rf:byte
  39  0000              extern rg:byte
  40  0000              extern rh:byte
  41  0000              extern _Crom2Prom:near
  42  0000              extern _Crom2PromNext:near
  43  0000              
  44  0000              RAMBANK 0 @HCCINIT, @HCCINIT0
  45  0000              
  46  0000              RAMBANK 0 @BITDATASEC, @BITDATASEC1
  47  0000              @HCCINIT	.section 'data'
  48  0000              @HCCINIT0	.section 'data'
  49  0000              @BITDATASEC	 .section 'data'
  50  0000              @BITDATASEC1	 .section 'data'
  51  0000              
  52  0000              #pragma debug scope 1 1
  53  0000              	extern __DELAY3:near
  54  0000              	extern __DELAYX3:near
  55  0000              	extern __DELAYX6:near
  56  0000              	extern __DELAYY5:near
  57  0000              	extern __DELAYY3:near
  58  0000              	extern _builtin_holtek_delay_2:byte
  59  0000              public _clock_init
"File: touch-mcu-htid.ASM  Assembler  Version HGASM0202      Page 2

  60  0000              #pragma debug scope 2 1

  43  0000              #line 43 "C:\Users\hamed\OneDrive\Documents\HTK_Project\touch-mcu-htid\touch-mcu-htid.c"
  43  0000              _clock_init .section 'code'
  43  0000              _clock_init proc
  43  0000  0003        	ret
  43  0001              _clock_init endp
  43  0001              #line 43 "C:\Users\hamed\OneDrive\Documents\HTK_Project\touch-mcu-htid\touch-mcu-htid.c"
  43  0001              #pragma debug scope 1 1
  43  0001              public _self_touch_init
  43  0001              #pragma debug scope 3 1
  54  0001              #line 54 "C:\Users\hamed\OneDrive\Documents\HTK_Project\touch-mcu-htid\touch-mcu-htid.c"
  54  0000              _self_touch_init .section 'code'
  54  0000              _self_touch_init proc
  55  0000              #line 55 "C:\Users\hamed\OneDrive\Documents\HTK_Project\touch-mcu-htid\touch-mcu-htid.c"
  55  0000  0F75        	mov a,117
  55  0001  0080     E  	mov _GLOBE_VARIES[0],a
  56  0002              #line 56 "C:\Users\hamed\OneDrive\Documents\HTK_Project\touch-mcu-htid\touch-mcu-htid.c"
  56  0002  0F01        	mov a,1
  56  0003  0080     E  	mov _GLOBE_VARIES[1],a
  57  0004              #line 57 "C:\Users\hamed\OneDrive\Documents\HTK_Project\touch-mcu-htid\touch-mcu-htid.c"
  57  0004  0F10        	mov a,16
  57  0005  0080     E  	mov _GLOBE_VARIES[2],a
  59  0006              #line 59 "C:\Users\hamed\OneDrive\Documents\HTK_Project\touch-mcu-htid\touch-mcu-htid.c"
  59  0006  0F10        	mov a,16
  59  0007  0080     E  	mov _GLOBE_VARIES[3],a
  61  0008              #line 61 "C:\Users\hamed\OneDrive\Documents\HTK_Project\touch-mcu-htid\touch-mcu-htid.c"
  61  0008  0F08        	mov a,8
  61  0009  0080     E  	mov _KEY_IO_SEL[0],a
  62  000A              #line 62 "C:\Users\hamed\OneDrive\Documents\HTK_Project\touch-mcu-htid\touch-mcu-htid.c"
  62  000A  1F00     E  	clr _KEY_IO_SEL[1]
  63  000B              #line 63 "C:\Users\hamed\OneDrive\Documents\HTK_Project\touch-mcu-htid\touch-mcu-htid.c"
  63  000B  1F00     E  	clr _KEY_IO_SEL[2]
  64  000C              #line 64 "C:\Users\hamed\OneDrive\Documents\HTK_Project\touch-mcu-htid\touch-mcu-htid.c"
  64  000C  1F00     E  	clr _KEY_IO_SEL[3]
  65  000D              #line 65 "C:\Users\hamed\OneDrive\Documents\HTK_Project\touch-mcu-htid\touch-mcu-htid.c"
  65  000D  1F00     E  	clr _KEY_IO_SEL[4]
  65  000E  0003        	ret
  65  000F              _self_touch_init endp
  65  000F              #line 65 "C:\Users\hamed\OneDrive\Documents\HTK_Project\touch-mcu-htid\touch-mcu-htid.c"
  65  000F              #pragma debug scope 1 1
  65  000F              ___pac equ [21]
  65  000F              ___pa equ [20]
  65  000F              public _main
  65  000F              #pragma debug scope 4 1
  10  000F              #line 10 "C:\Users\hamed\OneDrive\Documents\HTK_Project\touch-mcu-htid\touch-mcu-htid.c"
  10  000F              IFDEF WITH_DEFAULT_STARTUP
  10  000F              extern _main_initial0:near
  10  000F              extern _main_startup:near
  10  000F              ENDIF
  10  000F              
  10  000F              ROMBANK 0 @start
  10  0000              @start .section com_l 'code'
  10  0000              _main_startup1:
  10  0000              @start .section com_e 'code'
  10  0000  2800     R  	jmp _main
  10  0001              
  10  0000              _main .section 'code'
  10  0000              _main proc
  10  0000  0002[           local _main_2 db 2 dup(?)
"File: touch-mcu-htid.c  Assembler  Version HGASM0202      Page 3

            00
            ]
  10  0002              #pragma debug variable 11 4 _main_2+0 "a"
  12  0002              #line 12 "C:\Users\hamed\OneDrive\Documents\HTK_Project\touch-mcu-htid\touch-mcu-htid.c"
  12  0000  2000     R  	call _self_touch_init
  13  0001              #line 13 "C:\Users\hamed\OneDrive\Documents\HTK_Project\touch-mcu-htid\touch-mcu-htid.c"
  13  0001  2000     E  	call _BS83B04A_LIBV413_INITIAL
  15  0002              #line 15 "C:\Users\hamed\OneDrive\Documents\HTK_Project\touch-mcu-htid\touch-mcu-htid.c"
  15  0002  3595        	clr [21].3
  16  0003              #line 16 "C:\Users\hamed\OneDrive\Documents\HTK_Project\touch-mcu-htid\touch-mcu-htid.c"
  16  0003  3594        	clr [20].3
  16  0004              _L4:
  22  0004              #line 22 "C:\Users\hamed\OneDrive\Documents\HTK_Project\touch-mcu-htid\touch-mcu-htid.c"
  22  0004  2000     E  	call _BS83B04A_LIBV413
  23  0005              #line 23 "C:\Users\hamed\OneDrive\Documents\HTK_Project\touch-mcu-htid\touch-mcu-htid.c"
  23  0005              ;# 23 "C:\Users\hamed\OneDrive\Documents\HTK_Project\touch-mcu-htid\touch-mcu-htid.c" 1
  23  0005  0001        	clr wdt
  25  0006              #line 25 "C:\Users\hamed\OneDrive\Documents\HTK_Project\touch-mcu-htid\touch-mcu-htid.c"
  25  0006  3C00     E  	sz _KEY_DATA[3].4
  25  0007  2800     R  	jmp _L9
  34  0008              #line 34 "C:\Users\hamed\OneDrive\Documents\HTK_Project\touch-mcu-htid\touch-mcu-htid.c"
  34  0008  1F00     R  	clr _main_2[0]
  34  0009  1F00     R  	clr _main_2[1]
  34  000A  2800     R  	jmp _L4
  34  000B              _L9:
  26  000B              #line 26 "C:\Users\hamed\OneDrive\Documents\HTK_Project\touch-mcu-htid\touch-mcu-htid.c"
  26  000B  0700     R  	mov a,_main_2[0]
  26  000C  0500     R  	or a,_main_2[1]
  26  000D  3D0A        	sz z
  26  000E  2800     R  	jmp _L10
  26  000F              _L7:
  26  000F  0F01        	mov a,1
  26  0010  0080     R  	mov _main_2[0],a
  26  0011  1F00     R  	clr _main_2[1]
  26  0012  2800     R  	jmp _L4
  26  0013              _L10:
  27  0013              #line 27 "C:\Users\hamed\OneDrive\Documents\HTK_Project\touch-mcu-htid\touch-mcu-htid.c"
  27  0013  1114        	swapa [20]
  27  0014  1885        	rl acc
  27  0015  0E1F        	and a,1fh
  27  0016  0080     E  	mov ra,a
  27  0017  0F01        	mov a,1
  27  0018  0480     E  	xorm a,ra
  27  0019  0F01        	mov a,1
  27  001A  0680     E  	andm a,ra
  27  001B  1100     E  	swapa ra
  27  001C  1985        	rr acc
  27  001D  0EF8        	and a,0f8h
  27  001E  0080     E  	mov ra,a
  27  001F  3594        	clr [20].3
  27  0020  0700     E  	mov a,ra
  27  0021  0594        	orm a,[20]
  27  0022  2800     R  	jmp _L7
  27  0023  2800     R  	jmp $
  27  0024              _main endp
  27  0024              
  27  0024              @dummy endp
  27  0024              
  27  0024              #line 27 "C:\Users\hamed\OneDrive\Documents\HTK_Project\touch-mcu-htid\touch-mcu-htid.c"
  27  0024              #pragma debug scope 1 1
"File: touch-mcu-htid.c  Assembler  Version HGASM0202      Page 4

  27  0024              #pragma debug struct_end
  27  0024              #pragma debug struct_end
  27  0024              #pragma debug union_end
  27  0024              #pragma debug union_end
  27  0024              #pragma debug variable 43 1 ___pa "__pa" 1
  27  0024              #pragma debug struct_end
  27  0024              #pragma debug struct_end
  27  0024              #pragma debug union_end
  27  0024              #pragma debug union_end
  27  0024              #pragma debug variable 45 1 ___pac "__pac" 1
  27  0024              
  27  0024              ; output external variables
  27  0024              extern _KEY_DATA:byte
  27  0024              extern _KEY_IO_SEL:byte
  27  0024              extern _GLOBE_VARIES:byte
  10  0024              #line 10 "C:\Users\hamed\OneDrive\Documents\HTK_Project\touch-mcu-htid\touch-mcu-htid.c"
  10  0000              @code .section at 0 'code'
  10  0000  2800     R  	jmp _main_startup1
  10  0001              
  10  0001              extern _BS83B04A_LIBV413_INITIAL:near
  10  0001              extern _BS83B04A_LIBV413:near
  10  0001              
  10  0001              ; 
  10  0001              ; Generated by holtek-gcc v3.19, Sat Aug 05 08:58:20 2023
  10  0001              ; Rebuild 718
  10  0001              ; end of file


        0 Errors, 0