"File: touch-24.c    Assembler  Version HGASM0202      Page 1


   1  0000              ; Generated by holtek-gcc v3.19, Sun Apr 05 16:19:22 2026
   2  0000              ; 
   3  0000              ; Configuration:
   4  0000              ;       without long instruction
   5  0000              ;       Single ROM, Multi-RAM
   6  0000              ;       bits_per_rom_unit:16
   7  0000              ;       with mp1
   8  0000              ;       with tbhp, address(0x9)
   9  0000              ;          Use tabrd-const
  10  0000              ;       
  11  0000              ;       
  12  0000              ;       
  13  0000              ; use 'tabrdc' instead of 'tabrd'
  14  0000              ;       
  15  0000              
  16  0000              #pragma translator "holtek-gcc 4.6.4" "3.19" "build 20130711"
  17  0000              ; Rebuild 718
  18  0000              
  19  0000              ir equ [2]
  20  0000              mp equ [3]
  21  0000              sbp equ [1]
  22  0000              acc equ [5]
  23  0000              bp equ [4]
  24  0000              tblp equ [7]
  25  0000              tbhp equ [9]
  26  0000              status equ [10]
  27  0000              c equ [10].0
  28  0000              ac equ [10].1
  29  0000              z equ [10].2
  30  0000              ov equ [10].3
  31  0000              intc equ [11]
  32  0000              
  33  0000              extern ra:byte
  34  0000              extern rb:byte
  35  0000              extern rc:byte
  36  0000              extern rd:byte
  37  0000              extern re:byte
  38  0000              extern rf:byte
  39  0000              extern rg:byte
  40  0000              extern rh:byte
  41  0000              extern _Crom2Prom:near
  42  0000              extern _Crom2PromNext:near
  43  0000              
  44  0000              RAMBANK 0 @HCCINIT, @HCCINIT0
  45  0000              
  46  0000              RAMBANK 0 @BITDATASEC, @BITDATASEC1
  47  0000              @HCCINIT	.section 'data'
  48  0000              @HCCINIT0	.section 'data'
  49  0000              @BITDATASEC	 .section 'data'
  50  0000              @BITDATASEC1	 .section 'data'
  51  0000              
  52  0000              #pragma debug scope 1 1
  53  0000              	extern __DELAY3:near
  54  0000              	extern __DELAYX3:near
  55  0000              	extern __DELAYX6:near
  56  0000              	extern __DELAYY5:near
  57  0000              	extern __DELAYY3:near
  58  0000              	extern _builtin_holtek_delay_2:byte
  59  0000              public _delay_10us
"File: touch-24.ASM  Assembler  Version HGASM0202      Page 2

  60  0000              #pragma debug scope 2 1

  11  0000              #line 11 "C:\Users\hamed\OneDrive\Documents\HTK_Project\touch2 (5)(1)\touch2\touch-24\touch-24\DELAY.h"
  11  0000              _delay_10us .section 'code'
  11  0000              _delay_10us proc
  11  0000              public _delay_10us_2
  11  0000  0004[           local _delay_10us_2 db 4 dup(?)	; 4,0
            00
            ]
  11  0004              #pragma debug variable 14 2 _delay_10us_2+0 "count_u"
  15  0004              #line 15 "C:\Users\hamed\OneDrive\Documents\HTK_Project\touch2 (5)(1)\touch2\touch-24\touch-24\DELAY.h"
  15  0000  1F00     E  	clr rd
  15  0001  1F00     E  	clr re
  15  0002  1F00     E  	clr rf
  15  0003  1F00     E  	clr rg
  15  0004  2800     R  	jmp _L2
  15  0005              _L3:
  17  0005              #line 17 "C:\Users\hamed\OneDrive\Documents\HTK_Project\touch2 (5)(1)\touch2\touch-24\touch-24\DELAY.h"
  17  0005              ;# 17 "C:\Users\hamed\OneDrive\Documents\HTK_Project\touch2 (5)(1)\touch2\touch-24\touch-24\DELAY.h" 1
  17  0005  0001        	clr wdt
  18  0006              #line 18 "C:\Users\hamed\OneDrive\Documents\HTK_Project\touch2 (5)(1)\touch2\touch-24\touch-24\DELAY.h"
  18  0006              ;# 18 "C:\Users\hamed\OneDrive\Documents\HTK_Project\touch2 (5)(1)\touch2\touch-24\touch-24\DELAY.h" 1
  18  0006  0000        	nop
  19  0007              #line 19 "C:\Users\hamed\OneDrive\Documents\HTK_Project\touch2 (5)(1)\touch2\touch-24\touch-24\DELAY.h"
  19  0007              ;# 19 "C:\Users\hamed\OneDrive\Documents\HTK_Project\touch2 (5)(1)\touch2\touch-24\touch-24\DELAY.h" 1
  19  0007  0000        	nop
  20  0008              #line 20 "C:\Users\hamed\OneDrive\Documents\HTK_Project\touch2 (5)(1)\touch2\touch-24\touch-24\DELAY.h"
  20  0008              ;# 20 "C:\Users\hamed\OneDrive\Documents\HTK_Project\touch2 (5)(1)\touch2\touch-24\touch-24\DELAY.h" 1
  20  0008  0000        	nop
  21  0009              #line 21 "C:\Users\hamed\OneDrive\Documents\HTK_Project\touch2 (5)(1)\touch2\touch-24\touch-24\DELAY.h"
  21  0009              ;# 21 "C:\Users\hamed\OneDrive\Documents\HTK_Project\touch2 (5)(1)\touch2\touch-24\touch-24\DELAY.h" 1
  21  0009  0000        	nop
  15  000A              #line 15 "C:\Users\hamed\OneDrive\Documents\HTK_Project\touch2 (5)(1)\touch2\touch-24\touch-24\DELAY.h"
  15  000A  0F01        	mov a,1
  15  000B  0380     E  	addm a,rd
  15  000C  0F00        	mov a,0
  15  000D  1380     E  	adcm a,re
  15  000E  1380     E  	adcm a,rf
  15  000F  1380     E  	adcm a,rg
  15  0010              _L2:
  15  0010  0700     E  	mov a,rd
  15  0011  0400     R  	xor a,_delay_10us_2[0]
  15  0012  0700     E  	mov a,re
  15  0013  3D0A        	sz z
  15  0014  0400     R  	xor a,_delay_10us_2[1]
  15  0015  0700     E  	mov a,rf
  15  0016  3D0A        	sz z
  15  0017  0400     R  	xor a,_delay_10us_2[2]
  15  0018  0700     E  	mov a,rg
  15  0019  3D0A        	sz z
  15  001A  0400     R  	xor a,_delay_10us_2[3]
  15  001B  390A        	snz z
  15  001C  2800     R  	jmp _L3
  15  001D  0003        	ret
  15  001E              _delay_10us endp
  15  001E              #line 15 "C:\Users\hamed\OneDrive\Documents\HTK_Project\touch2 (5)(1)\touch2\touch-24\touch-24\DELAY.h"
  15  001E              #pragma debug scope 1 1
  15  001E              public _delay_us
  15  001E              #pragma debug scope 3 1
  28  001E              #line 28 "C:\Users\hamed\OneDrive\Documents\HTK_Project\touch2 (5)(1)\touch2\touch-24\touch-24\DELAY.h"
"File: DELAY.h       Assembler  Version HGASM0202      Page 3

  28  0000              _delay_us .section 'code'
  28  0000              _delay_us proc
  28  0000              public _delay_us_2
  28  0000  0004[           local _delay_us_2 db 4 dup(?)	; 4,0
            00
            ]
  28  0004              #pragma debug variable 14 3 _delay_us_2+0 "count_u"
  32  0004              #line 32 "C:\Users\hamed\OneDrive\Documents\HTK_Project\touch2 (5)(1)\touch2\touch-24\touch-24\DELAY.h"
  32  0000  1F00     E  	clr rd
  32  0001  1F00     E  	clr re
  32  0002  1F00     E  	clr rf
  32  0003  1F00     E  	clr rg
  32  0004  2800     R  	jmp _L6
  32  0005              _L7:
  34  0005              #line 34 "C:\Users\hamed\OneDrive\Documents\HTK_Project\touch2 (5)(1)\touch2\touch-24\touch-24\DELAY.h"
  34  0005              ;# 34 "C:\Users\hamed\OneDrive\Documents\HTK_Project\touch2 (5)(1)\touch2\touch-24\touch-24\DELAY.h" 1
  34  0005  0001        	clr wdt
  35  0006              #line 35 "C:\Users\hamed\OneDrive\Documents\HTK_Project\touch2 (5)(1)\touch2\touch-24\touch-24\DELAY.h"
  35  0006              ;# 35 "C:\Users\hamed\OneDrive\Documents\HTK_Project\touch2 (5)(1)\touch2\touch-24\touch-24\DELAY.h" 1
  35  0006  0000        	nop
  32  0007              #line 32 "C:\Users\hamed\OneDrive\Documents\HTK_Project\touch2 (5)(1)\touch2\touch-24\touch-24\DELAY.h"
  32  0007  0F01        	mov a,1
  32  0008  0380     E  	addm a,rd
  32  0009  0F00        	mov a,0
  32  000A  1380     E  	adcm a,re
  32  000B  1380     E  	adcm a,rf
  32  000C  1380     E  	adcm a,rg
  32  000D              _L6:
  32  000D  0700     E  	mov a,rd
  32  000E  0400     R  	xor a,_delay_us_2[0]
  32  000F  0700     E  	mov a,re
  32  0010  3D0A        	sz z
  32  0011  0400     R  	xor a,_delay_us_2[1]
  32  0012  0700     E  	mov a,rf
  32  0013  3D0A        	sz z
  32  0014  0400     R  	xor a,_delay_us_2[2]
  32  0015  0700     E  	mov a,rg
  32  0016  3D0A        	sz z
  32  0017  0400     R  	xor a,_delay_us_2[3]
  32  0018  390A        	snz z
  32  0019  2800     R  	jmp _L7
  32  001A  0003        	ret
  32  001B              _delay_us endp
  32  001B              #line 32 "C:\Users\hamed\OneDrive\Documents\HTK_Project\touch2 (5)(1)\touch2\touch-24\touch-24\DELAY.h"
  32  001B              #pragma debug scope 1 1
  32  001B              public _delay_ms
  32  001B              #pragma debug scope 4 1
  42  001B              #line 42 "C:\Users\hamed\OneDrive\Documents\HTK_Project\touch2 (5)(1)\touch2\touch-24\touch-24\DELAY.h"
  42  0000              _delay_ms .section 'code'
  42  0000              _delay_ms proc
  42  0000              public _delay_ms_2
  42  0000  0008[           local _delay_ms_2 db 8 dup(?)	; 4,4
            00
            ]
  42  0008              #pragma debug variable 14 4 _delay_ms_2+0 "count_m"
  44  0008              #line 44 "C:\Users\hamed\OneDrive\Documents\HTK_Project\touch2 (5)(1)\touch2\touch-24\touch-24\DELAY.h"
  44  0000  0700     R  	mov a,_delay_ms_2[0]
  44  0001  0080     E  	mov _builtin_holtek_mulsi3_2[0],a
  44  0002  0700     R  	mov a,_delay_ms_2[1]
  44  0003  0080     E  	mov _builtin_holtek_mulsi3_2[1],a
"File: DELAY.h       Assembler  Version HGASM0202      Page 4

  44  0004  0700     R  	mov a,_delay_ms_2[2]
  44  0005  0080     E  	mov _builtin_holtek_mulsi3_2[2],a
  44  0006  0700     R  	mov a,_delay_ms_2[3]
  44  0007  0080     E  	mov _builtin_holtek_mulsi3_2[3],a
  44  0008  0F64        	mov a,100
  44  0009  0080     E  	mov _builtin_holtek_mulsi3_2[4],a
  44  000A  0F00        	mov a,0
  44  000B  0080     E  	mov _builtin_holtek_mulsi3_2[5],a
  44  000C  0F00        	mov a,0
  44  000D  0080     E  	mov _builtin_holtek_mulsi3_2[6],a
  44  000E  0F00        	mov a,0
  44  000F  0080     E  	mov _builtin_holtek_mulsi3_2[7],a
  44  0010  2000     E  	call _builtin_holtek_mulsi3
  44  0011  0700     E  	mov a,_builtin_holtek_mulsi3_2[8]
  44  0012  0080     R  	mov _delay_ms_2[4],a
  44  0013  0700     E  	mov a,_builtin_holtek_mulsi3_2[9]
  44  0014  0080     R  	mov _delay_ms_2[5],a
  44  0015  0700     E  	mov a,_builtin_holtek_mulsi3_2[10]
  44  0016  0080     R  	mov _delay_ms_2[6],a
  44  0017  0700     E  	mov a,_builtin_holtek_mulsi3_2[11]
  44  0018  0080     R  	mov _delay_ms_2[7],a
  45  0019              #line 45 "C:\Users\hamed\OneDrive\Documents\HTK_Project\touch2 (5)(1)\touch2\touch-24\touch-24\DELAY.h"
  45  0019  1F00     E  	clr rd
  45  001A  1F00     E  	clr re
  45  001B  1F00     E  	clr rf
  45  001C  1F00     E  	clr rg
  45  001D  2800     R  	jmp _L9
  45  001E              _L10:
  47  001E              #line 47 "C:\Users\hamed\OneDrive\Documents\HTK_Project\touch2 (5)(1)\touch2\touch-24\touch-24\DELAY.h"
  47  001E              ;# 47 "C:\Users\hamed\OneDrive\Documents\HTK_Project\touch2 (5)(1)\touch2\touch-24\touch-24\DELAY.h" 1
  47  001E  0001        	clr wdt
  48  001F              #line 48 "C:\Users\hamed\OneDrive\Documents\HTK_Project\touch2 (5)(1)\touch2\touch-24\touch-24\DELAY.h"
  48  001F              ;# 48 "C:\Users\hamed\OneDrive\Documents\HTK_Project\touch2 (5)(1)\touch2\touch-24\touch-24\DELAY.h" 1
  48  001F  0000        	nop
  49  0020              #line 49 "C:\Users\hamed\OneDrive\Documents\HTK_Project\touch2 (5)(1)\touch2\touch-24\touch-24\DELAY.h"
  49  0020              ;# 49 "C:\Users\hamed\OneDrive\Documents\HTK_Project\touch2 (5)(1)\touch2\touch-24\touch-24\DELAY.h" 1
  49  0020  0000        	nop
  50  0021              #line 50 "C:\Users\hamed\OneDrive\Documents\HTK_Project\touch2 (5)(1)\touch2\touch-24\touch-24\DELAY.h"
  50  0021              ;# 50 "C:\Users\hamed\OneDrive\Documents\HTK_Project\touch2 (5)(1)\touch2\touch-24\touch-24\DELAY.h" 1
  50  0021  0000        	nop
  51  0022              #line 51 "C:\Users\hamed\OneDrive\Documents\HTK_Project\touch2 (5)(1)\touch2\touch-24\touch-24\DELAY.h"
  51  0022              ;# 51 "C:\Users\hamed\OneDrive\Documents\HTK_Project\touch2 (5)(1)\touch2\touch-24\touch-24\DELAY.h" 1
  51  0022  0000        	nop
  45  0023              #line 45 "C:\Users\hamed\OneDrive\Documents\HTK_Project\touch2 (5)(1)\touch2\touch-24\touch-24\DELAY.h"
  45  0023  0F01        	mov a,1
  45  0024  0380     E  	addm a,rd
  45  0025  0F00        	mov a,0
  45  0026  1380     E  	adcm a,re
  45  0027  1380     E  	adcm a,rf
  45  0028  1380     E  	adcm a,rg
  45  0029              _L9:
  45  0029  0700     E  	mov a,rd
  45  002A  0400     R  	xor a,_delay_ms_2[4]
  45  002B  0700     E  	mov a,re
  45  002C  3D0A        	sz z
  45  002D  0400     R  	xor a,_delay_ms_2[5]
  45  002E  0700     E  	mov a,rf
  45  002F  3D0A        	sz z
  45  0030  0400     R  	xor a,_delay_ms_2[6]
  45  0031  0700     E  	mov a,rg
"File: DELAY.h       Assembler  Version HGASM0202      Page 5

  45  0032  3D0A        	sz z
  45  0033  0400     R  	xor a,_delay_ms_2[7]
  45  0034  390A        	snz z
  45  0035  2800     R  	jmp _L10
  45  0036  0003        	ret
  45  0037              _delay_ms endp
  45  0037              #line 45 "C:\Users\hamed\OneDrive\Documents\HTK_Project\touch2 (5)(1)\touch2\touch-24\touch-24\DELAY.h"
  45  0037              #pragma debug scope 1 1
  45  0037              ___intc0 equ [14]
  45  0037              ___tktmr equ [67]
  45  0037              ___tkc0 equ [68]
  45  0037              ___tkc1 equ [71]
  45  0037              ___tkm0c1 equ [77]
  45  0037              ___tkm0rol equ [74]
  45  0037              ___tkm0roh equ [75]
  45  0037              ___tkm0c0 equ [76]
  45  0037              public _TuochKeyInit
  45  0037              #pragma debug scope 5 1

  98  0037              #line 98 "C:\Users\hamed\OneDrive\Documents\HTK_Project\touch2 (5)(1)\touch2\touch-24\touch-24\TOUCH.h"
  98  0000              _TuochKeyInit .section 'code'
  98  0000              _TuochKeyInit proc
 100  0000              #line 100 "C:\Users\hamed\OneDrive\Documents\HTK_Project\touch2 (5)(1)\touch2\touch-24\touch-24\TOUCH.h"
 100  0000  350E        	clr [14].2
 101  0001              #line 101 "C:\Users\hamed\OneDrive\Documents\HTK_Project\touch2 (5)(1)\touch2\touch-24\touch-24\TOUCH.h"
 101  0001  368E        	clr [14].5
 102  0002              #line 102 "C:\Users\hamed\OneDrive\Documents\HTK_Project\touch2 (5)(1)\touch2\touch-24\touch-24\TOUCH.h"
 102  0002  1F43        	clr [67]
 103  0003              #line 103 "C:\Users\hamed\OneDrive\Documents\HTK_Project\touch2 (5)(1)\touch2\touch-24\touch-24\TOUCH.h"
 103  0003  34C4        	clr [68].1
 103  0004  3444        	clr [68].0
 104  0005              #line 104 "C:\Users\hamed\OneDrive\Documents\HTK_Project\touch2 (5)(1)\touch2\touch-24\touch-24\TOUCH.h"
 104  0005  30C7        	set [71].1
 104  0006  3047        	set [71].0
 107  0007              #line 107 "C:\Users\hamed\OneDrive\Documents\HTK_Project\touch2 (5)(1)\touch2\touch-24\touch-24\TOUCH.h"
 107  0007  31CD        	set [77].3
 107  0008  354D        	clr [77].2
 107  0009  34CD        	clr [77].1
 107  000A  344D        	clr [77].0
 108  000B              #line 108 "C:\Users\hamed\OneDrive\Documents\HTK_Project\touch2 (5)(1)\touch2\touch-24\touch-24\TOUCH.h"
 108  000B  0FC8        	mov a,200
 108  000C  00CA        	mov [74],a
 108  000D  1F4B        	clr [75]
 109  000E              #line 109 "C:\Users\hamed\OneDrive\Documents\HTK_Project\touch2 (5)(1)\touch2\touch-24\touch-24\TOUCH.h"
 109  000E  32CC        	set [76].5
 110  000F              #line 110 "C:\Users\hamed\OneDrive\Documents\HTK_Project\touch2 (5)(1)\touch2\touch-24\touch-24\TOUCH.h"
 110  000F  324C        	set [76].4
 111  0010              #line 111 "C:\Users\hamed\OneDrive\Documents\HTK_Project\touch2 (5)(1)\touch2\touch-24\touch-24\TOUCH.h"
 111  0010  35CC        	clr [76].3
 112  0011              #line 112 "C:\Users\hamed\OneDrive\Documents\HTK_Project\touch2 (5)(1)\touch2\touch-24\touch-24\TOUCH.h"
 112  0011  314C        	set [76].2
 112  0012  30CC        	set [76].1
 112  0013  304C        	set [76].0
 113  0014              #line 113 "C:\Users\hamed\OneDrive\Documents\HTK_Project\touch2 (5)(1)\touch2\touch-24\touch-24\TOUCH.h"
 113  0014  37CD        	clr [77].7
 114  0015              #line 114 "C:\Users\hamed\OneDrive\Documents\HTK_Project\touch2 (5)(1)\touch2\touch-24\touch-24\TOUCH.h"
 114  0015  32CD        	set [77].5
 115  0016              #line 115 "C:\Users\hamed\OneDrive\Documents\HTK_Project\touch2 (5)(1)\touch2\touch-24\touch-24\TOUCH.h"
 115  0016  324D        	set [77].4
 115  0017  0003        	ret
"File: TOUCH.h       Assembler  Version HGASM0202      Page 6

 115  0018              _TuochKeyInit endp
 115  0018              #line 115 "C:\Users\hamed\OneDrive\Documents\HTK_Project\touch2 (5)(1)\touch2\touch-24\touch-24\TOUCH.h"
 115  0018              #pragma debug scope 1 1
 115  0018              ___pa equ [20]
 115  0018              public _Key_Touch
 115  0018              #pragma debug scope 6 1
 119  0018              #line 119 "C:\Users\hamed\OneDrive\Documents\HTK_Project\touch2 (5)(1)\touch2\touch-24\touch-24\TOUCH.h"
 119  0000              _Key_Touch .section 'code'
 119  0000              _Key_Touch proc
 121  0000              #line 121 "C:\Users\hamed\OneDrive\Documents\HTK_Project\touch2 (5)(1)\touch2\touch-24\touch-24\TOUCH.h"
 121  0000  0FB0        	mov a,176
 121  0001  0300     R  	add a,_Count_C1[0]
 121  0002  0080     E  	mov rd,a
 121  0003  0FFF        	mov a,255
 121  0004  1300     R  	adc a,_Count_C1[1]
 121  0005  0080     E  	mov re,a
 121  0006  0FFF        	mov a,255
 121  0007  1300     R  	adc a,_Count_C1[2]
 121  0008  0080     E  	mov rf,a
 121  0009  0FFF        	mov a,255
 121  000A  1300     R  	adc a,_Count_C1[3]
 121  000B  0080     E  	mov rg,a
 121  000C  0700     R  	mov a,_Count_S1[0]
 121  000D  0200     E  	sub a,rd
 121  000E  0700     R  	mov a,_Count_S1[1]
 121  000F  1200     E  	sbc a,re
 121  0010  1F05        	clr acc
 121  0011  1200     E  	sbc a,rf
 121  0012  1F05        	clr acc
 121  0013  1200     E  	sbc a,rg
 121  0014  3C0A        	sz c
 121  0015  2800     R  	jmp _L13
 123  0016              #line 123 "C:\Users\hamed\OneDrive\Documents\HTK_Project\touch2 (5)(1)\touch2\touch-24\touch-24\TOUCH.h"
 123  0016  1480     R  	inc _Count_T1[0]
 123  0017  3D0A        	sz z
 123  0018  1480     R  	inc _Count_T1[1]
 123  0019  0FE8        	mov a,232
 123  001A  0200     R  	sub a,_Count_T1[0]
 123  001B  0F03        	mov a,3
 123  001C  1200     R  	sbc a,_Count_T1[1]
 123  001D  3C0A        	sz c
 123  001E  2800     R  	jmp _L15
 123  001F  0FE8        	mov a,-24
 123  0020  0080     R  	mov _Count_T1[0],a
 123  0021  0F03        	mov a,3
 123  0022  0080     R  	mov _Count_T1[1],a
 123  0023  2800     R  	jmp _L15
 123  0024              _L13:
 125  0024              #line 125 "C:\Users\hamed\OneDrive\Documents\HTK_Project\touch2 (5)(1)\touch2\touch-24\touch-24\TOUCH.h"
 125  0024  0FE2        	mov a,226
 125  0025  0300     R  	add a,_Count_C1[0]
 125  0026  0080     E  	mov rd,a
 125  0027  0FFF        	mov a,255
 125  0028  1300     R  	adc a,_Count_C1[1]
 125  0029  0080     E  	mov re,a
 125  002A  0FFF        	mov a,255
 125  002B  1300     R  	adc a,_Count_C1[2]
 125  002C  0080     E  	mov rf,a
 125  002D  0FFF        	mov a,255
 125  002E  1300     R  	adc a,_Count_C1[3]
"File: TOUCH.h       Assembler  Version HGASM0202      Page 7

 125  002F  0080     E  	mov rg,a
 125  0030  1080     E  	sz rg
 125  0031  2800     R  	jmp _L15
 125  0032  1080     E  	sz rf
 125  0033  2800     R  	jmp _L15
 125  0034  0700     E  	mov a,rd
 125  0035  0200     R  	sub a,_Count_S1[0]
 125  0036  0700     E  	mov a,re
 125  0037  1200     R  	sbc a,_Count_S1[1]
 125  0038  3C0A        	sz c
 125  0039  2800     R  	jmp _L15
 127  003A              #line 127 "C:\Users\hamed\OneDrive\Documents\HTK_Project\touch2 (5)(1)\touch2\touch-24\touch-24\TOUCH.h"
 127  003A  1F00     R  	clr _Count_T1[0]
 127  003B  1F00     R  	clr _Count_T1[1]
 128  003C              #line 128 "C:\Users\hamed\OneDrive\Documents\HTK_Project\touch2 (5)(1)\touch2\touch-24\touch-24\TOUCH.h"
 128  003C  3094        	set [20].1
 129  003D              #line 129 "C:\Users\hamed\OneDrive\Documents\HTK_Project\touch2 (5)(1)\touch2\touch-24\touch-24\TOUCH.h"
 129  003D  3400     R  	clr _bizer
 129  003E              _L15:
 132  003E              #line 132 "C:\Users\hamed\OneDrive\Documents\HTK_Project\touch2 (5)(1)\touch2\touch-24\touch-24\TOUCH.h"
 132  003E  0700     R  	mov a,_Count_T1[0]
 132  003F  0C46        	xor a,70
 132  0040  0500     R  	or a,_Count_T1[1]
 132  0041  390A        	snz z
 132  0042  2800     R  	jmp _L18
 134  0043              #line 134 "C:\Users\hamed\OneDrive\Documents\HTK_Project\touch2 (5)(1)\touch2\touch-24\touch-24\TOUCH.h"
 134  0043  3494        	clr [20].1
 137  0044              #line 137 "C:\Users\hamed\OneDrive\Documents\HTK_Project\touch2 (5)(1)\touch2\touch-24\touch-24\TOUCH.h"
 137  0044  1F00     R  	clr _CalibrCount[0]
 138  0045              #line 138 "C:\Users\hamed\OneDrive\Documents\HTK_Project\touch2 (5)(1)\touch2\touch-24\touch-24\TOUCH.h"
 138  0045  1F00     R  	clr _CalibrSample[0]
 139  0046              #line 139 "C:\Users\hamed\OneDrive\Documents\HTK_Project\touch2 (5)(1)\touch2\touch-24\touch-24\TOUCH.h"
 139  0046  1F00     R  	clr _Count_C1_Backup[0]
 139  0047  1F00     R  	clr _Count_C1_Backup[1]
 139  0048  1F00     R  	clr _Count_C1_Backup[2]
 139  0049  1F00     R  	clr _Count_C1_Backup[3]
 141  004A              #line 141 "C:\Users\hamed\OneDrive\Documents\HTK_Project\touch2 (5)(1)\touch2\touch-24\touch-24\TOUCH.h"
 141  004A  3C00     R  	sz _bizer
 141  004B  2800     R  	jmp _L18
 142  004C              #line 142 "C:\Users\hamed\OneDrive\Documents\HTK_Project\touch2 (5)(1)\touch2\touch-24\touch-24\TOUCH.h"
 142  004C  3294        	set [20].5
 143  004D              #line 143 "C:\Users\hamed\OneDrive\Documents\HTK_Project\touch2 (5)(1)\touch2\touch-24\touch-24\TOUCH.h"
 143  004D  0F64        	mov a,100
 143  004E  0080     R  	mov _delay_ms_2[0],a
 143  004F  1F00     R  	clr _delay_ms_2[1]
 143  0050  1F00     R  	clr _delay_ms_2[2]
 143  0051  1F00     R  	clr _delay_ms_2[3]
 143  0052  2000     R  	call _delay_ms
 144  0053              #line 144 "C:\Users\hamed\OneDrive\Documents\HTK_Project\touch2 (5)(1)\touch2\touch-24\touch-24\TOUCH.h"
 144  0053  3694        	clr [20].5
 145  0054              #line 145 "C:\Users\hamed\OneDrive\Documents\HTK_Project\touch2 (5)(1)\touch2\touch-24\touch-24\TOUCH.h"
 145  0054  3000     R  	set _bizer
 145  0055              _L18:
 150  0055              #line 150 "C:\Users\hamed\OneDrive\Documents\HTK_Project\touch2 (5)(1)\touch2\touch-24\touch-24\TOUCH.h"
 150  0055  3800     R  	snz _Finish
 150  0056  2800     R  	jmp _L12
 151  0057              #line 151 "C:\Users\hamed\OneDrive\Documents\HTK_Project\touch2 (5)(1)\touch2\touch-24\touch-24\TOUCH.h"
 151  0057  3400     R  	clr _Finish
 152  0058              #line 152 "C:\Users\hamed\OneDrive\Documents\HTK_Project\touch2 (5)(1)\touch2\touch-24\touch-24\TOUCH.h"
 152  0058  3294        	set [20].5
"File: TOUCH.h       Assembler  Version HGASM0202      Page 8

 153  0059              #line 153 "C:\Users\hamed\OneDrive\Documents\HTK_Project\touch2 (5)(1)\touch2\touch-24\touch-24\TOUCH.h"
 153  0059  0F64        	mov a,100
 153  005A  0080     R  	mov _delay_ms_2[0],a
 153  005B  1F00     R  	clr _delay_ms_2[1]
 153  005C  1F00     R  	clr _delay_ms_2[2]
 153  005D  1F00     R  	clr _delay_ms_2[3]
 153  005E  2000     R  	call _delay_ms
 154  005F              #line 154 "C:\Users\hamed\OneDrive\Documents\HTK_Project\touch2 (5)(1)\touch2\touch-24\touch-24\TOUCH.h"
 154  005F  3694        	clr [20].5
 154  0060              _L12:
 154  0060  0003        	ret
 154  0061              _Key_Touch endp
 154  0061              #line 154 "C:\Users\hamed\OneDrive\Documents\HTK_Project\touch2 (5)(1)\touch2\touch-24\touch-24\TOUCH.h"
 154  0061              #pragma debug scope 1 1
 154  0061              ___tkm016dh equ [73]
 154  0061              ___tkm016dl equ [72]
 154  0061              public _CalibrTuoch
 154  0061              #pragma debug scope 7 1
 160  0061              #line 160 "C:\Users\hamed\OneDrive\Documents\HTK_Project\touch2 (5)(1)\touch2\touch-24\touch-24\TOUCH.h"
 160  0000              _CalibrTuoch .section 'code'
 160  0000              _CalibrTuoch proc
 160  0000  0002[           local _CalibrTuoch_2 db 2 dup(?)	; 0,2
            00
            ]
 162  0002              #line 162 "C:\Users\hamed\OneDrive\Documents\HTK_Project\touch2 (5)(1)\touch2\touch-24\touch-24\TOUCH.h"
 162  0000  36C4        	clr [68].5
 163  0001              #line 163 "C:\Users\hamed\OneDrive\Documents\HTK_Project\touch2 (5)(1)\touch2\touch-24\touch-24\TOUCH.h"
 163  0001  33CC        	set [76].7
 163  0002  334C        	set [76].6
 163  0003  0FF4        	mov a,-12
 163  0004  0080     R  	mov _delay_10us_2[0],a
 163  0005  0F01        	mov a,1
 163  0006  0080     R  	mov _delay_10us_2[1],a
 163  0007  1F00     R  	clr _delay_10us_2[2]
 163  0008  1F00     R  	clr _delay_10us_2[3]
 163  0009  2000     R  	call _delay_10us
 164  000A              #line 164 "C:\Users\hamed\OneDrive\Documents\HTK_Project\touch2 (5)(1)\touch2\touch-24\touch-24\TOUCH.h"
 164  000A              ;# 164 "C:\Users\hamed\OneDrive\Documents\HTK_Project\touch2 (5)(1)\touch2\touch-24\touch-24\TOUCH.h" 1
 164  000A  0001        	clr wdt
 165  000B              #line 165 "C:\Users\hamed\OneDrive\Documents\HTK_Project\touch2 (5)(1)\touch2\touch-24\touch-24\TOUCH.h"
 165  000B  1F00     R  	clr _i[0]
 165  000C              _L25:
 165  000C              #line 165 "C:\Users\hamed\OneDrive\Documents\HTK_Project\touch2 (5)(1)\touch2\touch-24\touch-24\TOUCH.h"
 165  000C  0F13        	mov a,19
 165  000D  0200     R  	sub a,_i[0]
 165  000E  380A        	snz c
 165  000F  2800     R  	jmp _L29
 167  0010              #line 167 "C:\Users\hamed\OneDrive\Documents\HTK_Project\touch2 (5)(1)\touch2\touch-24\touch-24\TOUCH.h"
 167  0010  32CD        	set [77].5
 168  0011              #line 168 "C:\Users\hamed\OneDrive\Documents\HTK_Project\touch2 (5)(1)\touch2\touch-24\touch-24\TOUCH.h"
 168  0011  324D        	set [77].4
 169  0012              #line 169 "C:\Users\hamed\OneDrive\Documents\HTK_Project\touch2 (5)(1)\touch2\touch-24\touch-24\TOUCH.h"
 169  0012  32C4        	set [68].5
 171  0013              #line 171 "C:\Users\hamed\OneDrive\Documents\HTK_Project\touch2 (5)(1)\touch2\touch-24\touch-24\TOUCH.h"
 171  0013              ;# 171 "C:\Users\hamed\OneDrive\Documents\HTK_Project\touch2 (5)(1)\touch2\touch-24\touch-24\TOUCH.h" 1
 171  0013  0001        	clr wdt
 171  0014              _L27:
 172  0014              #line 172 "C:\Users\hamed\OneDrive\Documents\HTK_Project\touch2 (5)(1)\touch2\touch-24\touch-24\TOUCH.h"
 172  0014  3B44        	snz [68].6
 172  0015  2800     R  	jmp _L27
"File: TOUCH.h       Assembler  Version HGASM0202      Page 9

 173  0016              #line 173 "C:\Users\hamed\OneDrive\Documents\HTK_Project\touch2 (5)(1)\touch2\touch-24\touch-24\TOUCH.h"
 173  0016  0749        	mov a,[73]
 173  0017  0080     R  	mov _CalibrTuoch_2[1],a
 173  0018  1F00     R  	clr _CalibrTuoch_2[0]
 173  0019  0700     R  	mov a,_CalibrTuoch_2[1]
 173  001A  0080     R  	mov _Count_S1[1],a
 173  001B  0748        	mov a,[72]
 173  001C  0500     R  	or a,_CalibrTuoch_2[0]
 173  001D  0080     R  	mov _Count_S1[0],a
 174  001E              #line 174 "C:\Users\hamed\OneDrive\Documents\HTK_Project\touch2 (5)(1)\touch2\touch-24\touch-24\TOUCH.h"
 174  001E  0700     R  	mov a,_Count_S1[0]
 174  001F  0380     R  	addm a,_Count_C1[0]
 174  0020  0700     R  	mov a,_Count_S1[1]
 174  0021  1380     R  	adcm a,_Count_C1[1]
 174  0022  1F05        	clr acc
 174  0023  1380     R  	adcm a,_Count_C1[2]
 174  0024  1380     R  	adcm a,_Count_C1[3]
 175  0025              #line 175 "C:\Users\hamed\OneDrive\Documents\HTK_Project\touch2 (5)(1)\touch2\touch-24\touch-24\TOUCH.h"
 175  0025  3744        	clr [68].6
 176  0026              #line 176 "C:\Users\hamed\OneDrive\Documents\HTK_Project\touch2 (5)(1)\touch2\touch-24\touch-24\TOUCH.h"
 176  0026  36C4        	clr [68].5
 177  0027              #line 177 "C:\Users\hamed\OneDrive\Documents\HTK_Project\touch2 (5)(1)\touch2\touch-24\touch-24\TOUCH.h"
 177  0027              ;# 177 "C:\Users\hamed\OneDrive\Documents\HTK_Project\touch2 (5)(1)\touch2\touch-24\touch-24\TOUCH.h" 1
 177  0027  0001        	clr wdt
 178  0028              #line 178 "C:\Users\hamed\OneDrive\Documents\HTK_Project\touch2 (5)(1)\touch2\touch-24\touch-24\TOUCH.h"
 178  0028  0F05        	mov a,5
 178  0029  0080     R  	mov _delay_ms_2[0],a
 178  002A  1F00     R  	clr _delay_ms_2[1]
 178  002B  1F00     R  	clr _delay_ms_2[2]
 178  002C  1F00     R  	clr _delay_ms_2[3]
 178  002D  2000     R  	call _delay_ms
 165  002E              #line 165 "C:\Users\hamed\OneDrive\Documents\HTK_Project\touch2 (5)(1)\touch2\touch-24\touch-24\TOUCH.h"
 165  002E  1480     R  	inc _i[0]
 165  002F  2800     R  	jmp _L25
 165  0030              _L29:
 180  0030              #line 180 "C:\Users\hamed\OneDrive\Documents\HTK_Project\touch2 (5)(1)\touch2\touch-24\touch-24\TOUCH.h"
 180  0030  1F00     E  	clr _builtin_holtek_udivmodsi4_2[12]
 180  0031  0700     R  	mov a,_Count_C1[0]  
 180  0032  0080     E  	mov _builtin_holtek_udivmodsi4_2[0],a  
 180  0033  0700     R  	mov a,_Count_C1[1]  
 180  0034  0080     E  	mov _builtin_holtek_udivmodsi4_2[1],a
 180  0035  0700     R  	mov a,_Count_C1[2]  
 180  0036  0080     E  	mov _builtin_holtek_udivmodsi4_2[2],a  
 180  0037  0700     R  	mov a,_Count_C1[3]  
 180  0038  0080     E  	mov _builtin_holtek_udivmodsi4_2[3],a
 180  0039  0F14        	mov a,20  
 180  003A  0080     E  	mov _builtin_holtek_udivmodsi4_2[4],a  
 180  003B  0F00        	mov a,0  
 180  003C  0080     E  	mov _builtin_holtek_udivmodsi4_2[5],a
 180  003D  1F00     E  	clr _builtin_holtek_udivmodsi4_2[6]
 180  003E  1F00     E  	clr _builtin_holtek_udivmodsi4_2[7]
 180  003F  2000     E  	call _builtin_holtek_udivmodsi4
 180  0040  0700     E  	mov a,_builtin_holtek_udivmodsi4_2[0]  
 180  0041  0080     R  	mov _Count_C1[0],a  
 180  0042  0700     E  	mov a,_builtin_holtek_udivmodsi4_2[1]  
 180  0043  0080     R  	mov _Count_C1[1],a
 180  0044  0700     E  	mov a,_builtin_holtek_udivmodsi4_2[2]  
 180  0045  0080     R  	mov _Count_C1[2],a  
 180  0046  0700     E  	mov a,_builtin_holtek_udivmodsi4_2[3]  
 180  0047  0080     R  	mov _Count_C1[3],a
"File: TOUCH.h       Assembler  Version HGASM0202      Page 10

 181  0048              #line 181 "C:\Users\hamed\OneDrive\Documents\HTK_Project\touch2 (5)(1)\touch2\touch-24\touch-24\TOUCH.h"
 181  0048              ;# 181 "C:\Users\hamed\OneDrive\Documents\HTK_Project\touch2 (5)(1)\touch2\touch-24\touch-24\TOUCH.h" 1
 181  0048  0001        	clr wdt
 181  0049  0003        	ret
 181  004A              _CalibrTuoch endp
 181  004A              #line 181 "C:\Users\hamed\OneDrive\Documents\HTK_Project\touch2 (5)(1)\touch2\touch-24\touch-24\TOUCH.h"
 181  004A              #pragma debug scope 1 1
 181  004A              public _Key_Select
 181  004A              #pragma debug scope 8 1
 186  004A              #line 186 "C:\Users\hamed\OneDrive\Documents\HTK_Project\touch2 (5)(1)\touch2\touch-24\touch-24\TOUCH.h"
 186  0000              _Key_Select .section 'code'
 186  0000              _Key_Select proc
 187  0000              #line 187 "C:\Users\hamed\OneDrive\Documents\HTK_Project\touch2 (5)(1)\touch2\touch-24\touch-24\TOUCH.h"
 187  0000  32CD        	set [77].5
 188  0001              #line 188 "C:\Users\hamed\OneDrive\Documents\HTK_Project\touch2 (5)(1)\touch2\touch-24\touch-24\TOUCH.h"
 188  0001  324D        	set [77].4
 189  0002              #line 189 "C:\Users\hamed\OneDrive\Documents\HTK_Project\touch2 (5)(1)\touch2\touch-24\touch-24\TOUCH.h"
 189  0002  32C4        	set [68].5
 190  0003              #line 190 "C:\Users\hamed\OneDrive\Documents\HTK_Project\touch2 (5)(1)\touch2\touch-24\touch-24\TOUCH.h"
 190  0003  33CC        	set [76].7
 190  0004  334C        	set [76].6
 190  0005              _L31:
 191  0005              #line 191 "C:\Users\hamed\OneDrive\Documents\HTK_Project\touch2 (5)(1)\touch2\touch-24\touch-24\TOUCH.h"
 191  0005  3F44        	sz [68].6
 191  0006  2800     R  	jmp _L41
 191  0007              ;# 191 "C:\Users\hamed\OneDrive\Documents\HTK_Project\touch2 (5)(1)\touch2\touch-24\touch-24\TOUCH.h" 1
 191  0007  0000        	nop
 191  0008  2800     R  	jmp _L31
 191  0009              _L41:
 192  0009              #line 192 "C:\Users\hamed\OneDrive\Documents\HTK_Project\touch2 (5)(1)\touch2\touch-24\touch-24\TOUCH.h"
 192  0009  0749        	mov a,[73]
 192  000A  0080     E  	mov rc,a
 192  000B  1F00     E  	clr rb
 192  000C  0700     E  	mov a,rc
 192  000D  0080     R  	mov _Count_S1[1],a
 192  000E  0748        	mov a,[72]
 192  000F  0500     E  	or a,rb
 192  0010  0080     R  	mov _Count_S1[0],a
 193  0011              #line 193 "C:\Users\hamed\OneDrive\Documents\HTK_Project\touch2 (5)(1)\touch2\touch-24\touch-24\TOUCH.h"
 193  0011  0700     R  	mov a,_lightchange[0]
 193  0012  0500     R  	or a,_lightchange[1]
 193  0013  3D0A        	sz z
 193  0014  2800     R  	jmp _L33
 193  0015  0F57        	mov a,87
 193  0016  0200     R  	sub a,_counterrgb[0]
 193  0017  0F02        	mov a,2
 193  0018  1200     R  	sbc a,_counterrgb[1]
 193  0019  1185        	swap acc
 193  001A  040A        	xor a,status
 193  001B  3985        	snz acc.3
 193  001C  2800     R  	jmp _L34
 193  001D              _L33:
 193  001D  1480     R  	inc _CalibrCount[0]
 193  001E              _L34:
 194  001E              #line 194 "C:\Users\hamed\OneDrive\Documents\HTK_Project\touch2 (5)(1)\touch2\touch-24\touch-24\TOUCH.h"
 194  001E  0F64        	mov a,100
 194  001F  0200     R  	sub a,_CalibrCount[0]
 194  0020  3C0A        	sz c
 194  0021  2800     R  	jmp _L36
 196  0022              #line 196 "C:\Users\hamed\OneDrive\Documents\HTK_Project\touch2 (5)(1)\touch2\touch-24\touch-24\TOUCH.h"
"File: TOUCH.h       Assembler  Version HGASM0202      Page 11

 196  0022  1F00     R  	clr _CalibrCount[0]
 197  0023              #line 197 "C:\Users\hamed\OneDrive\Documents\HTK_Project\touch2 (5)(1)\touch2\touch-24\touch-24\TOUCH.h"
 197  0023  0700     R  	mov a,_Count_S1[0]
 197  0024  0380     R  	addm a,_Count_C1_Backup[0]
 197  0025  0700     R  	mov a,_Count_S1[1]
 197  0026  1380     R  	adcm a,_Count_C1_Backup[1]
 197  0027  1F05        	clr acc
 197  0028  1380     R  	adcm a,_Count_C1_Backup[2]
 197  0029  1380     R  	adcm a,_Count_C1_Backup[3]
 198  002A              #line 198 "C:\Users\hamed\OneDrive\Documents\HTK_Project\touch2 (5)(1)\touch2\touch-24\touch-24\TOUCH.h"
 198  002A  1480     R  	inc _CalibrSample[0]
 199  002B              #line 199 "C:\Users\hamed\OneDrive\Documents\HTK_Project\touch2 (5)(1)\touch2\touch-24\touch-24\TOUCH.h"
 199  002B  0F13        	mov a,19
 199  002C  0200     R  	sub a,_CalibrSample[0]
 199  002D  3C0A        	sz c
 199  002E  2800     R  	jmp _L36
 201  002F              #line 201 "C:\Users\hamed\OneDrive\Documents\HTK_Project\touch2 (5)(1)\touch2\touch-24\touch-24\TOUCH.h"
 201  002F  1F00     R  	clr _CalibrSample[0]
 202  0030              #line 202 "C:\Users\hamed\OneDrive\Documents\HTK_Project\touch2 (5)(1)\touch2\touch-24\touch-24\TOUCH.h"
 202  0030  1F00     E  	clr _builtin_holtek_udivmodsi4_2[12]
 202  0031  0700     R  	mov a,_Count_C1_Backup[0]  
 202  0032  0080     E  	mov _builtin_holtek_udivmodsi4_2[0],a  
 202  0033  0700     R  	mov a,_Count_C1_Backup[1]  
 202  0034  0080     E  	mov _builtin_holtek_udivmodsi4_2[1],a
 202  0035  0700     R  	mov a,_Count_C1_Backup[2]  
 202  0036  0080     E  	mov _builtin_holtek_udivmodsi4_2[2],a  
 202  0037  0700     R  	mov a,_Count_C1_Backup[3]  
 202  0038  0080     E  	mov _builtin_holtek_udivmodsi4_2[3],a
 202  0039  0F14        	mov a,20  
 202  003A  0080     E  	mov _builtin_holtek_udivmodsi4_2[4],a  
 202  003B  0F00        	mov a,0  
 202  003C  0080     E  	mov _builtin_holtek_udivmodsi4_2[5],a
 202  003D  1F00     E  	clr _builtin_holtek_udivmodsi4_2[6]
 202  003E  1F00     E  	clr _builtin_holtek_udivmodsi4_2[7]
 202  003F  2000     E  	call _builtin_holtek_udivmodsi4
 202  0040  0700     E  	mov a,_builtin_holtek_udivmodsi4_2[0]  
 202  0041  0080     R  	mov _Count_C1[0],a  
 202  0042  0700     E  	mov a,_builtin_holtek_udivmodsi4_2[1]  
 202  0043  0080     R  	mov _Count_C1[1],a
 202  0044  0700     E  	mov a,_builtin_holtek_udivmodsi4_2[2]  
 202  0045  0080     R  	mov _Count_C1[2],a  
 202  0046  0700     E  	mov a,_builtin_holtek_udivmodsi4_2[3]  
 202  0047  0080     R  	mov _Count_C1[3],a
 203  0048              #line 203 "C:\Users\hamed\OneDrive\Documents\HTK_Project\touch2 (5)(1)\touch2\touch-24\touch-24\TOUCH.h"
 203  0048  1F00     R  	clr _Count_C1_Backup[0]
 203  0049  1F00     R  	clr _Count_C1_Backup[1]
 203  004A  1F00     R  	clr _Count_C1_Backup[2]
 203  004B  1F00     R  	clr _Count_C1_Backup[3]
 203  004C              _L36:
 207  004C              #line 207 "C:\Users\hamed\OneDrive\Documents\HTK_Project\touch2 (5)(1)\touch2\touch-24\touch-24\TOUCH.h"
 207  004C  3744        	clr [68].6
 208  004D              #line 208 "C:\Users\hamed\OneDrive\Documents\HTK_Project\touch2 (5)(1)\touch2\touch-24\touch-24\TOUCH.h"
 208  004D  36C4        	clr [68].5
 208  004E  0003        	ret
 208  004F              _Key_Select endp
 208  004F              #line 208 "C:\Users\hamed\OneDrive\Documents\HTK_Project\touch2 (5)(1)\touch2\touch-24\touch-24\TOUCH.h"
 208  004F              #pragma debug scope 1 1
 208  004F              public _TOUCH_ISR
 208  004F              #pragma debug scope 9 1
 214  004F              #line 214 "C:\Users\hamed\OneDrive\Documents\HTK_Project\touch2 (5)(1)\touch2\touch-24\touch-24\TOUCH.h"
"File: TOUCH.h       Assembler  Version HGASM0202      Page 12

 214  0000              @TOUCH_ISR_code .section at 40 'code'
 214  0000              _TOUCH_ISR:
 214  0000  0004        	reti
 214  0001              #line 214 "C:\Users\hamed\OneDrive\Documents\HTK_Project\touch2 (5)(1)\touch2\touch-24\touch-24\TOUCH.h"
 214  0001              #pragma debug scope 1 1
 214  0001              public _int0
 214  0001              #pragma debug scope 10 1
 220  0001              #line 220 "C:\Users\hamed\OneDrive\Documents\HTK_Project\touch2 (5)(1)\touch2\touch-24\touch-24\TOUCH.h"
 220  0000              @int0_code .section at 4 'code'
 220  0000              _int0:
 220  0000  0004        	reti
 220  0001              #line 220 "C:\Users\hamed\OneDrive\Documents\HTK_Project\touch2 (5)(1)\touch2\touch-24\touch-24\TOUCH.h"
 220  0001              #pragma debug scope 1 1
 220  0001              public _timer
 220  0001              #pragma debug scope 11 1
 228  0001              #line 228 "C:\Users\hamed\OneDrive\Documents\HTK_Project\touch2 (5)(1)\touch2\touch-24\touch-24\TOUCH.h"
 228  0000              @timer_code .section at 12 'code'
 228  0000  0080     E  	mov r1,a
 228  0001  070A        	mov a,status
 228  0002  0080     E  	mov r2,a
 228  0003  2800     R  	jmp _timer
 228  0004              #pragma debug scope 1 1
 228  0004              @dummy12 endp
 228  0004              #pragma debug scope 12 1
 228  0000              _timer .section 'code'
 228  0000              _timer proc
 228  0000  0704        	mov a,bp
 228  0001  0080     E  	mov r3,a
 228  0002  0703        	mov a,mp
 228  0003  0080     E  	mov r4,a
 228  0004  0701        	mov a,sbp
 228  0005  0080     E  	mov r5,a
 228  0006  0707        	mov a,tblp
 228  0007  0080     E  	mov r6,a
 228  0008  0709        	mov a,tbhp
 228  0009  0080     E  	mov r7,a
 238  000A              #line 238 "C:\Users\hamed\OneDrive\Documents\HTK_Project\touch2 (5)(1)\touch2\touch-24\touch-24\TOUCH.h"
 238  000A  3C14        	sz [20].0
 238  000B  2800     R  	jmp _L45
 239  000C              #line 239 "C:\Users\hamed\OneDrive\Documents\HTK_Project\touch2 (5)(1)\touch2\touch-24\touch-24\TOUCH.h"
 239  000C  1480     R  	inc _Timedown[0]
 239  000D  3000     R  	set _Frist
 239  000E  2800     R  	jmp _L44
 239  000F              _L45:
 246  000F              #line 246 "C:\Users\hamed\OneDrive\Documents\HTK_Project\touch2 (5)(1)\touch2\touch-24\touch-24\TOUCH.h"
 246  000F  0700     R  	mov a,_Timedown[0]
 246  0010  0080     E  	mov ra,a
 251  0011              #line 251 "C:\Users\hamed\OneDrive\Documents\HTK_Project\touch2 (5)(1)\touch2\touch-24\touch-24\TOUCH.h"
 251  0011  3800     R  	snz _Frist
 251  0012  2800     R  	jmp _L47
 251  0013  3C00     R  	sz _Finish
 251  0014  2800     R  	jmp _L47
 254  0015              #line 254 "C:\Users\hamed\OneDrive\Documents\HTK_Project\touch2 (5)(1)\touch2\touch-24\touch-24\TOUCH.h"
 254  0015  3800     R  	snz _Start
 254  0016  2800     R  	jmp _L49
 256  0017              #line 256 "C:\Users\hamed\OneDrive\Documents\HTK_Project\touch2 (5)(1)\touch2\touch-24\touch-24\TOUCH.h"
 256  0017  1580     R  	dec _Bit[0]
 257  0018              #line 257 "C:\Users\hamed\OneDrive\Documents\HTK_Project\touch2 (5)(1)\touch2\touch-24\touch-24\TOUCH.h"
 257  0018  0F16        	mov a,22
 257  0019  0200     R  	sub a,_Timedown[0]
"File: TOUCH.h       Assembler  Version HGASM0202      Page 13

 257  001A  3C0A        	sz c
 257  001B  2800     R  	jmp _L50
 257  001C  0F2C        	mov a,44
 257  001D  0200     R  	sub a,_Timedown[0]
 257  001E  380A        	snz c
 257  001F  2800     R  	jmp _L50
 258  0020              #line 258 "C:\Users\hamed\OneDrive\Documents\HTK_Project\touch2 (5)(1)\touch2\touch-24\touch-24\TOUCH.h"
 258  0020  0700     R  	mov a,_Buffer[0]
 258  0021  0380     R  	addm a,_Buffer[0]
 258  0022  2800     R  	jmp _L51
 258  0023              _L50:
 260  0023              #line 260 "C:\Users\hamed\OneDrive\Documents\HTK_Project\touch2 (5)(1)\touch2\touch-24\touch-24\TOUCH.h"
 260  0023  0F07        	mov a,7
 260  0024  0200     R  	sub a,_Timedown[0]
 260  0025  3C0A        	sz c
 260  0026  2800     R  	jmp _L52
 260  0027  0F11        	mov a,17
 260  0028  0200     R  	sub a,_Timedown[0]
 260  0029  380A        	snz c
 260  002A  2800     R  	jmp _L52
 261  002B              #line 261 "C:\Users\hamed\OneDrive\Documents\HTK_Project\touch2 (5)(1)\touch2\touch-24\touch-24\TOUCH.h"
 261  002B  0700     R  	mov a,_Buffer[0]
 261  002C  0380     R  	addm a,_Buffer[0]
 262  002D              #line 262 "C:\Users\hamed\OneDrive\Documents\HTK_Project\touch2 (5)(1)\touch2\touch-24\touch-24\TOUCH.h"
 262  002D  1480     R  	inc _Buffer[0]
 262  002E  2800     R  	jmp _L51
 262  002F              _L52:
 265  002F              #line 265 "C:\Users\hamed\OneDrive\Documents\HTK_Project\touch2 (5)(1)\touch2\touch-24\touch-24\TOUCH.h"
 265  002F  1F00     R  	clr _Count[0]
 266  0030              #line 266 "C:\Users\hamed\OneDrive\Documents\HTK_Project\touch2 (5)(1)\touch2\touch-24\touch-24\TOUCH.h"
 266  0030  0F08        	mov a,8
 266  0031  0080     R  	mov _Bit[0],a
 267  0032              #line 267 "C:\Users\hamed\OneDrive\Documents\HTK_Project\touch2 (5)(1)\touch2\touch-24\touch-24\TOUCH.h"
 267  0032  1F00     R  	clr _Buffer[0]
 268  0033              #line 268 "C:\Users\hamed\OneDrive\Documents\HTK_Project\touch2 (5)(1)\touch2\touch-24\touch-24\TOUCH.h"
 268  0033  3400     R  	clr _Start
 268  0034              _L51:
 271  0034              #line 271 "C:\Users\hamed\OneDrive\Documents\HTK_Project\touch2 (5)(1)\touch2\touch-24\touch-24\TOUCH.h"
 271  0034  1080     R  	sz _Bit[0]
 271  0035  2800     R  	jmp _L49
 272  0036              #line 272 "C:\Users\hamed\OneDrive\Documents\HTK_Project\touch2 (5)(1)\touch2\touch-24\touch-24\TOUCH.h"
 272  0036  0F08        	mov a,8
 272  0037  0080     R  	mov _Bit[0],a
 273  0038              #line 273 "C:\Users\hamed\OneDrive\Documents\HTK_Project\touch2 (5)(1)\touch2\touch-24\touch-24\TOUCH.h"
 273  0038  0F00     R  	mov a,low offset _RFData
 273  0039  0300     R  	add a,_Count[0]
 273  003A  0083        	mov mp,a
 273  003B  0F00     R  	mov a,high offset _RFData
 273  003C  1F01        	clr sbp
 273  003D  1381        	adcm a,sbp
 273  003E  2000     E  	call _Crom2Prom
 273  003F  0080     E  	mov ra,a
 273  0040  0F00     R  	mov a,low offset _Data
 273  0041  0300     R  	add a,_Count[0]
 273  0042  0083        	mov mp,a
 273  0043  0F00     R  	mov a,high offset _Data
 273  0044  1F01        	clr sbp
 273  0045  1381        	adcm a,sbp
 273  0046  0701        	mov a,sbp
 273  0047  0084        	mov bp,a
"File: TOUCH.h       Assembler  Version HGASM0202      Page 14

 273  0048  0700     E  	mov a,ra
 273  0049  0082        	mov ir,a
 274  004A              #line 274 "C:\Users\hamed\OneDrive\Documents\HTK_Project\touch2 (5)(1)\touch2\touch-24\touch-24\TOUCH.h"
 274  004A  0F00     R  	mov a,low offset _RFData
 274  004B  0300     R  	add a,_Count[0]
 274  004C  0083        	mov mp,a
 274  004D  0F00     R  	mov a,high offset _RFData
 274  004E  1F01        	clr sbp
 274  004F  1381        	adcm a,sbp
 274  0050  0701        	mov a,sbp
 274  0051  0084        	mov bp,a
 274  0052  0700     R  	mov a,_Buffer[0]
 274  0053  0082        	mov ir,a
 275  0054              #line 275 "C:\Users\hamed\OneDrive\Documents\HTK_Project\touch2 (5)(1)\touch2\touch-24\touch-24\TOUCH.h"
 275  0054  1480     R  	inc _Count[0]
 277  0055              #line 277 "C:\Users\hamed\OneDrive\Documents\HTK_Project\touch2 (5)(1)\touch2\touch-24\touch-24\TOUCH.h"
 277  0055  0F02        	mov a,2
 277  0056  0200     R  	sub a,_Count[0]
 277  0057  3C0A        	sz c
 277  0058  2800     R  	jmp _L55
 279  0059              #line 279 "C:\Users\hamed\OneDrive\Documents\HTK_Project\touch2 (5)(1)\touch2\touch-24\touch-24\TOUCH.h"
 279  0059  1F00     R  	clr _Count[0]
 280  005A              #line 280 "C:\Users\hamed\OneDrive\Documents\HTK_Project\touch2 (5)(1)\touch2\touch-24\touch-24\TOUCH.h"
 280  005A  3400     R  	clr _Start
 281  005B              #line 281 "C:\Users\hamed\OneDrive\Documents\HTK_Project\touch2 (5)(1)\touch2\touch-24\touch-24\TOUCH.h"
 281  005B  0700     R  	mov a,_Data[0]
 281  005C  0200     R  	sub a,_RFData[0]
 281  005D  390A        	snz z
 281  005E  2800     R  	jmp _L55
 281  005F  0700     R  	mov a,_Data[1]
 281  0060  0200     R  	sub a,_RFData[1]
 281  0061  390A        	snz z
 281  0062  2800     R  	jmp _L55
 281  0063  0700     R  	mov a,_Data[2]
 281  0064  0200     R  	sub a,_RFData[2]
 281  0065  390A        	snz z
 281  0066  2800     R  	jmp _L55
 283  0067              #line 283 "C:\Users\hamed\OneDrive\Documents\HTK_Project\touch2 (5)(1)\touch2\touch-24\touch-24\TOUCH.h"
 283  0067  0700     R  	mov a,_RFData[0]
 283  0068  0080     R  	mov _DataM[0],a
 284  0069              #line 284 "C:\Users\hamed\OneDrive\Documents\HTK_Project\touch2 (5)(1)\touch2\touch-24\touch-24\TOUCH.h"
 284  0069  0700     R  	mov a,_RFData[1]
 284  006A  0080     R  	mov _DataM[1],a
 285  006B              #line 285 "C:\Users\hamed\OneDrive\Documents\HTK_Project\touch2 (5)(1)\touch2\touch-24\touch-24\TOUCH.h"
 285  006B  0700     R  	mov a,_RFData[2]
 285  006C  0080     R  	mov _DataM[2],a
 287  006D              #line 287 "C:\Users\hamed\OneDrive\Documents\HTK_Project\touch2 (5)(1)\touch2\touch-24\touch-24\TOUCH.h"
 287  006D  3000     R  	set _Finish
 288  006E              #line 288 "C:\Users\hamed\OneDrive\Documents\HTK_Project\touch2 (5)(1)\touch2\touch-24\touch-24\TOUCH.h"
 288  006E  3000     R  	set _Lock
 288  006F              _L55:
 294  006F              #line 294 "C:\Users\hamed\OneDrive\Documents\HTK_Project\touch2 (5)(1)\touch2\touch-24\touch-24\TOUCH.h"
 294  006F  1F00     R  	clr _Buffer[0]
 294  0070              _L49:
 298  0070              #line 298 "C:\Users\hamed\OneDrive\Documents\HTK_Project\touch2 (5)(1)\touch2\touch-24\touch-24\TOUCH.h"
 298  0070  0700     R  	mov a,_Timedown[0]
 298  0071  0080     E  	mov ra,a
 302  0072              #line 302 "C:\Users\hamed\OneDrive\Documents\HTK_Project\touch2 (5)(1)\touch2\touch-24\touch-24\TOUCH.h"
 302  0072  3400     R  	clr _Frist
 302  0073              _L47:
"File: TOUCH.h       Assembler  Version HGASM0202      Page 15

 305  0073              #line 305 "C:\Users\hamed\OneDrive\Documents\HTK_Project\touch2 (5)(1)\touch2\touch-24\touch-24\TOUCH.h"
 305  0073  1F00     R  	clr _Timedown[0]
 305  0074              _L44:
 305  0074  0700     E  	mov a,r2
 305  0075  008A        	mov status,a
 305  0076  0700     E  	mov a,r3
 305  0077  0084        	mov bp,a
 305  0078  0700     E  	mov a,r4
 305  0079  0083        	mov mp,a
 305  007A  0700     E  	mov a,r5
 305  007B  0081        	mov sbp,a
 305  007C  0700     E  	mov a,r6
 305  007D  0087        	mov tblp,a
 305  007E  0700     E  	mov a,r7
 305  007F  0089        	mov tbhp,a
 305  0080  1D05        	tabrdc acc
 305  0081  0700     E  	mov a,r1
 305  0082  0004        	reti
 305  0083              _timer endp
 305  0083              
 305  0083              #line 305 "C:\Users\hamed\OneDrive\Documents\HTK_Project\touch2 (5)(1)\touch2\touch-24\touch-24\TOUCH.h"
 305  0083              #pragma debug scope 1 1
 305  0083              ___integ equ [13]
 305  0083              ___tmrc equ [29]
 305  0083              ___smod equ [11]
 305  0083              ___pac equ [21]
 305  0083              public _main
 305  0083              #pragma debug scope 13 1

  23  0083              #line 23 "C:\Users\hamed\OneDrive\Documents\HTK_Project\touch2 (5)(1)\touch2\touch-24\touch-24\touch-24.c"
  23  0083              IFDEF WITH_DEFAULT_STARTUP
  23  0083              extern _main_initial0:near
  23  0083              extern _main_startup:near
  23  0083              ENDIF
  23  0083              
  23  0083              ROMBANK 0 @start
  23  0000              @start .section com_l 'code'
  23  0000              _main_startup1:
  23  0000              @start .section com_e 'code'
  23  0000  2800     R  	jmp _main
  23  0001              
  23  0000              _main .section 'code'
  23  0000              _main proc
  30  0000              #line 30 "C:\Users\hamed\OneDrive\Documents\HTK_Project\touch2 (5)(1)\touch2\touch-24\touch-24\touch-24.c"
  30  0000  348D        	clr [13].1
  31  0001              #line 31 "C:\Users\hamed\OneDrive\Documents\HTK_Project\touch2 (5)(1)\touch2\touch-24\touch-24\touch-24.c"
  31  0001  340D        	clr [13].0
  32  0002              #line 32 "C:\Users\hamed\OneDrive\Documents\HTK_Project\touch2 (5)(1)\touch2\touch-24\touch-24\touch-24.c"
  32  0002  348E        	clr [14].1
  39  0003              #line 39 "C:\Users\hamed\OneDrive\Documents\HTK_Project\touch2 (5)(1)\touch2\touch-24\touch-24\touch-24.c"
  39  0003  369D        	clr [29].5
  40  0004              #line 40 "C:\Users\hamed\OneDrive\Documents\HTK_Project\touch2 (5)(1)\touch2\touch-24\touch-24\touch-24.c"
  40  0004  321D        	set [29].4
  42  0005              #line 42 "C:\Users\hamed\OneDrive\Documents\HTK_Project\touch2 (5)(1)\touch2\touch-24\touch-24\touch-24.c"
  42  0005  341D        	clr [29].0
  43  0006              #line 43 "C:\Users\hamed\OneDrive\Documents\HTK_Project\touch2 (5)(1)\touch2\touch-24\touch-24\touch-24.c"
  43  0006  349D        	clr [29].1
  44  0007              #line 44 "C:\Users\hamed\OneDrive\Documents\HTK_Project\touch2 (5)(1)\touch2\touch-24\touch-24\touch-24.c"
  44  0007  351D        	clr [29].2
  46  0008              #line 46 "C:\Users\hamed\OneDrive\Documents\HTK_Project\touch2 (5)(1)\touch2\touch-24\touch-24\touch-24.c"
"File: touch-24.c    Assembler  Version HGASM0202      Page 16

  46  0008  300E        	set [14].0
  47  0009              #line 47 "C:\Users\hamed\OneDrive\Documents\HTK_Project\touch2 (5)(1)\touch2\touch-24\touch-24\touch-24.c"
  47  0009  300B        	set [11].0
  49  000A              #line 49 "C:\Users\hamed\OneDrive\Documents\HTK_Project\touch2 (5)(1)\touch2\touch-24\touch-24\touch-24.c"
  49  000A  330E        	set [14].6
  50  000B              #line 50 "C:\Users\hamed\OneDrive\Documents\HTK_Project\touch2 (5)(1)\touch2\touch-24\touch-24\touch-24.c"
  50  000B  318E        	set [14].3
  54  000C              #line 54 "C:\Users\hamed\OneDrive\Documents\HTK_Project\touch2 (5)(1)\touch2\touch-24\touch-24\touch-24.c"
  54  000C  3695        	clr [21].5
  54  000D  3495        	clr [21].1
  54  000E  3015        	set [21].0
  55  000F              #line 55 "C:\Users\hamed\OneDrive\Documents\HTK_Project\touch2 (5)(1)\touch2\touch-24\touch-24\touch-24.c"
  55  000F  0F01        	mov a,1
  55  0010  0080     R  	mov _delay_ms_2[0],a
  55  0011  1F00     R  	clr _delay_ms_2[1]
  55  0012  1F00     R  	clr _delay_ms_2[2]
  55  0013  1F00     R  	clr _delay_ms_2[3]
  55  0014  2000     R  	call _delay_ms
  56  0015              #line 56 "C:\Users\hamed\OneDrive\Documents\HTK_Project\touch2 (5)(1)\touch2\touch-24\touch-24\touch-24.c"
  56  0015  2000     R  	call _TuochKeyInit
  57  0016              #line 57 "C:\Users\hamed\OneDrive\Documents\HTK_Project\touch2 (5)(1)\touch2\touch-24\touch-24\touch-24.c"
  57  0016  0F01        	mov a,1
  57  0017  0080     R  	mov _delay_ms_2[0],a
  57  0018  1F00     R  	clr _delay_ms_2[1]
  57  0019  1F00     R  	clr _delay_ms_2[2]
  57  001A  1F00     R  	clr _delay_ms_2[3]
  57  001B  2000     R  	call _delay_ms
  58  001C              #line 58 "C:\Users\hamed\OneDrive\Documents\HTK_Project\touch2 (5)(1)\touch2\touch-24\touch-24\touch-24.c"
  58  001C  2000     R  	call _CalibrTuoch
  60  001D              #line 60 "C:\Users\hamed\OneDrive\Documents\HTK_Project\touch2 (5)(1)\touch2\touch-24\touch-24\touch-24.c"
  60  001D  3694        	clr [20].5
  61  001E              #line 61 "C:\Users\hamed\OneDrive\Documents\HTK_Project\touch2 (5)(1)\touch2\touch-24\touch-24\touch-24.c"
  61  001E  3094        	set [20].1
  61  001F              _L58:
  65  001F              #line 65 "C:\Users\hamed\OneDrive\Documents\HTK_Project\touch2 (5)(1)\touch2\touch-24\touch-24\touch-24.c"
  65  001F              ;# 65 "C:\Users\hamed\OneDrive\Documents\HTK_Project\touch2 (5)(1)\touch2\touch-24\touch-24\touch-24.c" 1
  65  001F  0001        	clr wdt
  66  0020              #line 66 "C:\Users\hamed\OneDrive\Documents\HTK_Project\touch2 (5)(1)\touch2\touch-24\touch-24\touch-24.c"
  66  0020  2000     R  	call _Key_Select
  67  0021              #line 67 "C:\Users\hamed\OneDrive\Documents\HTK_Project\touch2 (5)(1)\touch2\touch-24\touch-24\touch-24.c"
  67  0021  2000     R  	call _Key_Touch
  67  0022  2800     R  	jmp _L58
  67  0023  2800     R  	jmp $
  67  0024              _main endp
  67  0024              
  67  0024              @dummy endp
  67  0024              
  67  0024              #line 67 "C:\Users\hamed\OneDrive\Documents\HTK_Project\touch2 (5)(1)\touch2\touch-24\touch-24\touch-24.c"
  67  0024              #pragma debug scope 1 1
  67  0024              public _Finish
  67  0000              @HCCINIT	.section 'data'

  19  0000              #line 19 "C:\Users\hamed\OneDrive\Documents\HTK_Project\touch2 (5)(1)\touch2\touch-24\touch-24\TOUCH.h"
  19  0000              @BITDATASEC .section 'data'
  19  0000  00          _Finish	dbit 0
  19  0001              #pragma debug variable 2 1 _Finish "Finish"
  19  0001              public _Frist
  19  0001              #line 19 "C:\Users\hamed\OneDrive\Documents\HTK_Project\touch2 (5)(1)\touch2\touch-24\touch-24\TOUCH.h"
  19  0001              @BITDATASEC .section 'data'
  19  0000              _Frist	dbit 0
"File: TOUCH.h       Assembler  Version HGASM0202      Page 17

  19  0001              #pragma debug variable 2 1 _Frist "Frist"
  19  0001              public _LernRF
  19  0001              #line 19 "C:\Users\hamed\OneDrive\Documents\HTK_Project\touch2 (5)(1)\touch2\touch-24\touch-24\TOUCH.h"
  19  0001              @BITDATASEC .section 'data'
  19  0000              _LernRF	dbit 0
  19  0001              #pragma debug variable 2 1 _LernRF "LernRF"
  19  0001              public _LernRFblink
  19  0001              #line 19 "C:\Users\hamed\OneDrive\Documents\HTK_Project\touch2 (5)(1)\touch2\touch-24\touch-24\TOUCH.h"
  19  0001              @BITDATASEC .section 'data'
  19  0000              _LernRFblink	dbit 0
  19  0001              #pragma debug variable 2 1 _LernRFblink "LernRFblink"
  19  0001              public _Lock
  19  0001              #line 19 "C:\Users\hamed\OneDrive\Documents\HTK_Project\touch2 (5)(1)\touch2\touch-24\touch-24\TOUCH.h"
  19  0001              @BITDATASEC .section 'data'
  19  0000              _Lock	dbit 0
  19  0001              #pragma debug variable 2 1 _Lock "Lock"
  19  0001              public _Start
  19  0001              #line 19 "C:\Users\hamed\OneDrive\Documents\HTK_Project\touch2 (5)(1)\touch2\touch-24\touch-24\TOUCH.h"
  19  0001              @BITDATASEC .section 'data'
  19  0000              _Start	dbit 0
  19  0001              #pragma debug variable 2 1 _Start "Start"
  19  0001              public _Bit
  17  0001              #line 17 "C:\Users\hamed\OneDrive\Documents\HTK_Project\touch2 (5)(1)\touch2\touch-24\touch-24\TOUCH.h"
  17  0000              @HCCINIT .section 'data'
  17  0000              _Bit label byte
  17  0000              #pragma debug variable 8 1 _Bit "Bit"
  17  0000              	db 0
  17  0000              @ROMDATA_BASE .section inpage 'code'
  17  0000              	db 0
  17  0001              @HCCINIT .section 'data'
  17  0001              public _Buffer
  17  0001              #line 17 "C:\Users\hamed\OneDrive\Documents\HTK_Project\touch2 (5)(1)\touch2\touch-24\touch-24\TOUCH.h"
  17  0001              @HCCINIT .section 'data'
  17  0001              _Buffer label byte
  17  0001              #pragma debug variable 8 1 _Buffer "Buffer"
  17  0001              	db 0
  17  0001              @ROMDATA_BASE .section inpage 'code'
  17  0001              	db 0
  17  0002              @HCCINIT .section 'data'
  17  0002              public _Count
  17  0002              #line 17 "C:\Users\hamed\OneDrive\Documents\HTK_Project\touch2 (5)(1)\touch2\touch-24\touch-24\TOUCH.h"
  17  0002              @HCCINIT .section 'data'
  17  0002              _Count label byte
  17  0002              #pragma debug variable 8 1 _Count "Count"
  17  0002              	db 0
  17  0001              @ROMDATA_BASE .section inpage 'code'
  17  0001              	db 0
  17  0003              @HCCINIT .section 'data'
  17  0003              public _LernRFKey
  17  0003              #line 17 "C:\Users\hamed\OneDrive\Documents\HTK_Project\touch2 (5)(1)\touch2\touch-24\touch-24\TOUCH.h"
  17  0003              @HCCINIT .section 'data'
  17  0003              _LernRFKey label byte
  17  0003              #pragma debug variable 8 1 _LernRFKey "LernRFKey"
  17  0003              	db 0
  17  0002              @ROMDATA_BASE .section inpage 'code'
  17  0002              	db 0
  17  0004              @HCCINIT .section 'data'
  17  0004              public _lastKey
  17  0004              #line 17 "C:\Users\hamed\OneDrive\Documents\HTK_Project\touch2 (5)(1)\touch2\touch-24\touch-24\TOUCH.h"
  17  0004              @HCCINIT .section 'data'
"File: TOUCH.h       Assembler  Version HGASM0202      Page 18

  17  0004              _lastKey label byte
  17  0004              #pragma debug variable 8 1 _lastKey "lastKey"
  17  0004              	db 0
  17  0002              @ROMDATA_BASE .section inpage 'code'
  17  0002              	db 0
  17  0005              @HCCINIT .section 'data'
  17  0005              public _eerom
  16  0005              #line 16 "C:\Users\hamed\OneDrive\Documents\HTK_Project\touch2 (5)(1)\touch2\touch-24\touch-24\TOUCH.h"
  16  0005              @HCCINIT .section 'data'
  16  0005              _eerom label byte
  16  0005              #pragma debug variable 8 1 _eerom "eerom"
  16  0005              	db 0
  16  0003              @ROMDATA_BASE .section inpage 'code'
  16  0003              	db 0
  16  0006              @HCCINIT .section 'data'
  16  0006              #line 16 "C:\Users\hamed\OneDrive\Documents\HTK_Project\touch2 (5)(1)\touch2\touch-24\touch-24\TOUCH.h"
  16  0006              public _RFData
  16  0000              @HCCINIT0 .section 'data'
  16  0000  0003[       _RFData	db 3 dup(0)
            00
            ]
  16  0003              #pragma debug array 42 8 3 1
  16  0003              #pragma debug array 42 8 3 1
  16  0003              #pragma debug variable 42 1 _RFData "RFData"
  16  0003              
  16  0006              @HCCINIT .section 'data'
  16  0006              #line 16 "C:\Users\hamed\OneDrive\Documents\HTK_Project\touch2 (5)(1)\touch2\touch-24\touch-24\TOUCH.h"
  16  0006              public _DataS
  16  0003              @HCCINIT0 .section 'data'
  16  0003  000C[       _DataS	db 12 dup(0)
            00
            ]
  16  000F              #pragma debug array 43 42 4 1
  16  000F              #pragma debug array 43 42 4 1
  16  000F              #pragma debug variable 43 1 _DataS "DataS"
  16  000F              
  16  0006              @HCCINIT .section 'data'
  16  0006              #line 16 "C:\Users\hamed\OneDrive\Documents\HTK_Project\touch2 (5)(1)\touch2\touch-24\touch-24\TOUCH.h"
  16  0006              public _DataM
  16  000F              @HCCINIT0 .section 'data'
  16  000F  0003[       _DataM	db 3 dup(0)
            00
            ]
  16  0012              #pragma debug variable 42 1 _DataM "DataM"
  16  0012              
  16  0006              @HCCINIT .section 'data'
  16  0006              #line 16 "C:\Users\hamed\OneDrive\Documents\HTK_Project\touch2 (5)(1)\touch2\touch-24\touch-24\TOUCH.h"
  16  0006              public _Data
  16  0012              @HCCINIT0 .section 'data'
  16  0012  0003[       _Data	db 3 dup(0)
            00
            ]
  16  0015              #pragma debug variable 42 1 _Data "Data"
  16  0015              
  16  0006              @HCCINIT .section 'data'
  16  0006              public _Timedown
  16  0006              #line 16 "C:\Users\hamed\OneDrive\Documents\HTK_Project\touch2 (5)(1)\touch2\touch-24\touch-24\TOUCH.h"
  16  0006              @HCCINIT .section 'data'
  16  0006              _Timedown label byte
  16  0006              #pragma debug variable 8 1 _Timedown "Timedown"
"File: TOUCH.h       Assembler  Version HGASM0202      Page 19

  16  0006              	db 0
  16  0003              @ROMDATA_BASE .section inpage 'code'
  16  0003              	db 0
  16  0007              @HCCINIT .section 'data'
  16  0007              public _conteroutnot
  15  0007              #line 15 "C:\Users\hamed\OneDrive\Documents\HTK_Project\touch2 (5)(1)\touch2\touch-24\touch-24\TOUCH.h"
  15  0007              @HCCINIT .section 'data'
  15  0007              _conteroutnot label byte
  15  0007              #pragma debug variable 12 1 _conteroutnot "conteroutnot"
  15  0007              	db 0
  15  0004              @ROMDATA_BASE .section inpage 'code'
  15  0004              	db 0
  15  0008              @HCCINIT .section 'data'
  15  0008              	db 0
  15  0004              @ROMDATA_BASE .section inpage 'code'
  15  0004              	db 0
  15  0009              @HCCINIT .section 'data'
  15  0009              public _conterout
  15  0009              #line 15 "C:\Users\hamed\OneDrive\Documents\HTK_Project\touch2 (5)(1)\touch2\touch-24\touch-24\TOUCH.h"
  15  0009              @HCCINIT .section 'data'
  15  0009              _conterout label byte
  15  0009              #pragma debug variable 12 1 _conterout "conterout"
  15  0009              	db 0
  15  0005              @ROMDATA_BASE .section inpage 'code'
  15  0005              	db 0
  15  000A              @HCCINIT .section 'data'
  15  000A              	db 0
  15  0005              @ROMDATA_BASE .section inpage 'code'
  15  0005              	db 0
  15  000B              @HCCINIT .section 'data'
  15  000B              public _conternotRF
  15  000B              #line 15 "C:\Users\hamed\OneDrive\Documents\HTK_Project\touch2 (5)(1)\touch2\touch-24\touch-24\TOUCH.h"
  15  000B              @HCCINIT .section 'data'
  15  000B              _conternotRF label byte
  15  000B              #pragma debug variable 12 1 _conternotRF "conternotRF"
  15  000B              	db 0
  15  0006              @ROMDATA_BASE .section inpage 'code'
  15  0006              	db 0
  15  000C              @HCCINIT .section 'data'
  15  000C              	db 0
  15  0006              @ROMDATA_BASE .section inpage 'code'
  15  0006              	db 0
  15  000D              @HCCINIT .section 'data'
  15  000D              public _Setinoff
  12  000D              #line 12 "C:\Users\hamed\OneDrive\Documents\HTK_Project\touch2 (5)(1)\touch2\touch-24\touch-24\TOUCH.h"
  12  000D              @HCCINIT .section 'data'
  12  000D              _Setinoff label byte
  12  000D              #pragma debug variable 8 1 _Setinoff "Setinoff"
  12  000D              	db 0
  12  0007              @ROMDATA_BASE .section inpage 'code'
  12  0007              	db 0
  12  000E              @HCCINIT .section 'data'
  12  000E              public _bizer
  11  000E              #line 11 "C:\Users\hamed\OneDrive\Documents\HTK_Project\touch2 (5)(1)\touch2\touch-24\touch-24\TOUCH.h"
  11  0000              @BITDATASEC1 .section 'data'
  11  0000  00          _bizer	dbit 1
  11  0001              #pragma debug variable 2 1 _bizer "bizer"
  11  0001              public _Set
  11  0001              #line 11 "C:\Users\hamed\OneDrive\Documents\HTK_Project\touch2 (5)(1)\touch2\touch-24\touch-24\TOUCH.h"
  11  0001              @BITDATASEC .section 'data'
"File: TOUCH.h       Assembler  Version HGASM0202      Page 20

  11  0000              _Set	dbit 0
  11  0001              #pragma debug variable 2 1 _Set "Set"
  11  0001              public _Counter_On_set
  10  0001              #line 10 "C:\Users\hamed\OneDrive\Documents\HTK_Project\touch2 (5)(1)\touch2\touch-24\touch-24\TOUCH.h"
  10  000E              @HCCINIT .section 'data'
  10  000E              _Counter_On_set label byte
  10  000E              #pragma debug variable 11 1 _Counter_On_set "Counter_On_set"
  10  000E              	db 0
  10  0007              @ROMDATA_BASE .section inpage 'code'
  10  0007              	db 0
  10  000F              @HCCINIT .section 'data'
  10  000F              	db 0
  10  0008              @ROMDATA_BASE .section inpage 'code'
  10  0008              	db 0
  10  0010              @HCCINIT .section 'data'
  10  0010              public _Counter_On
   9  0010              #line 9 "C:\Users\hamed\OneDrive\Documents\HTK_Project\touch2 (5)(1)\touch2\touch-24\touch-24\TOUCH.h"
   9  0010              @HCCINIT .section 'data'
   9  0010              _Counter_On label byte
   9  0010              #pragma debug variable 11 1 _Counter_On "Counter_On"
   9  0010              	db 0
   9  0008              @ROMDATA_BASE .section inpage 'code'
   9  0008              	db 0
   9  0011              @HCCINIT .section 'data'
   9  0011              	db 0
   9  0009              @ROMDATA_BASE .section inpage 'code'
   9  0009              	db 0
   9  0012              @HCCINIT .section 'data'
   9  0012              public _Counter
   8  0012              #line 8 "C:\Users\hamed\OneDrive\Documents\HTK_Project\touch2 (5)(1)\touch2\touch-24\touch-24\TOUCH.h"
   8  0012              @HCCINIT .section 'data'
   8  0012              _Counter label byte
   8  0012              #pragma debug variable 11 1 _Counter "Counter"
   8  0012              	db 0
   8  0009              @ROMDATA_BASE .section inpage 'code'
   8  0009              	db 0
   8  0013              @HCCINIT .section 'data'
   8  0013              	db 0
   8  000A              @ROMDATA_BASE .section inpage 'code'
   8  000A              	db 0
   8  0014              @HCCINIT .section 'data'
   8  0014              public _ncount
   7  0014              #line 7 "C:\Users\hamed\OneDrive\Documents\HTK_Project\touch2 (5)(1)\touch2\touch-24\touch-24\TOUCH.h"
   7  0014              @HCCINIT .section 'data'
   7  0014              _ncount label byte
   7  0014              #pragma debug variable 11 1 _ncount "ncount"
   7  0014              	db 0
   7  000A              @ROMDATA_BASE .section inpage 'code'
   7  000A              	db 0
   7  0015              @HCCINIT .section 'data'
   7  0015              	db 0
   7  000B              @ROMDATA_BASE .section inpage 'code'
   7  000B              	db 0
   7  0016              @HCCINIT .section 'data'
   7  0016              public _counterrgb
   6  0016              #line 6 "C:\Users\hamed\OneDrive\Documents\HTK_Project\touch2 (5)(1)\touch2\touch-24\touch-24\TOUCH.h"
   6  0016              @HCCINIT .section 'data'
   6  0016              _counterrgb label byte
   6  0016              #pragma debug variable 11 1 _counterrgb "counterrgb"
   6  0016              	dw 15000
"File: TOUCH.h       Assembler  Version HGASM0202      Page 21

   6  000B              @ROMDATA_BASE .section inpage 'code'
   6  000B  3A98        	dc 15000
   6  0018              @HCCINIT .section 'data'
   6  0018              public _lightchange
   6  0018              #line 6 "C:\Users\hamed\OneDrive\Documents\HTK_Project\touch2 (5)(1)\touch2\touch-24\touch-24\TOUCH.h"
   6  0018              @HCCINIT .section 'data'
   6  0018              _lightchange label byte
   6  0018              #pragma debug variable 11 1 _lightchange "lightchange"
   6  0018              	db 0
   6  000C              @ROMDATA_BASE .section inpage 'code'
   6  000C              	db 0
   6  0019              @HCCINIT .section 'data'
   6  0019              	db 0
   6  000D              @ROMDATA_BASE .section inpage 'code'
   6  000D              	db 0
   6  001A              @HCCINIT .section 'data'
   6  001A              public _CalibrSample
   4  001A              #line 4 "C:\Users\hamed\OneDrive\Documents\HTK_Project\touch2 (5)(1)\touch2\touch-24\touch-24\TOUCH.h"
   4  001A              @HCCINIT .section 'data'
   4  001A              _CalibrSample label byte
   4  001A              #pragma debug variable 8 1 _CalibrSample "CalibrSample"
   4  001A              	db 0
   4  000D              @ROMDATA_BASE .section inpage 'code'
   4  000D              	db 0
   4  001B              @HCCINIT .section 'data'
   4  001B              public _CalibrCount
   4  001B              #line 4 "C:\Users\hamed\OneDrive\Documents\HTK_Project\touch2 (5)(1)\touch2\touch-24\touch-24\TOUCH.h"
   4  001B              @HCCINIT .section 'data'
   4  001B              _CalibrCount label byte
   4  001B              #pragma debug variable 8 1 _CalibrCount "CalibrCount"
   4  001B              	db 0
   4  000E              @ROMDATA_BASE .section inpage 'code'
   4  000E              	db 0
   4  001C              @HCCINIT .section 'data'
   4  001C              public _i
   4  001C              #line 4 "C:\Users\hamed\OneDrive\Documents\HTK_Project\touch2 (5)(1)\touch2\touch-24\touch-24\TOUCH.h"
   4  001C              @HCCINIT .section 'data'
   4  001C              _i label byte
   4  001C              #pragma debug variable 8 1 _i "i"
   4  001C              	db 0
   4  000E              @ROMDATA_BASE .section inpage 'code'
   4  000E              	db 0
   4  001D              @HCCINIT .section 'data'
   4  001D              public _Count_T1
   3  001D              #line 3 "C:\Users\hamed\OneDrive\Documents\HTK_Project\touch2 (5)(1)\touch2\touch-24\touch-24\TOUCH.h"
   3  001D              @HCCINIT .section 'data'
   3  001D              _Count_T1 label byte
   3  001D              #pragma debug variable 12 1 _Count_T1 "Count_T1"
   3  001D              	db 0
   3  000F              @ROMDATA_BASE .section inpage 'code'
   3  000F              	db 0
   3  001E              @HCCINIT .section 'data'
   3  001E              	db 0
   3  000F              @ROMDATA_BASE .section inpage 'code'
   3  000F              	db 0
   3  001F              @HCCINIT .section 'data'
   3  001F              public _Count_S1
   2  001F              #line 2 "C:\Users\hamed\OneDrive\Documents\HTK_Project\touch2 (5)(1)\touch2\touch-24\touch-24\TOUCH.h"
   2  001F              @HCCINIT .section 'data'
   2  001F              _Count_S1 label byte
"File: TOUCH.h       Assembler  Version HGASM0202      Page 22

   2  001F              #pragma debug variable 12 1 _Count_S1 "Count_S1"
   2  001F              	db 0
   2  0010              @ROMDATA_BASE .section inpage 'code'
   2  0010              	db 0
   2  0020              @HCCINIT .section 'data'
   2  0020              	db 0
   2  0010              @ROMDATA_BASE .section inpage 'code'
   2  0010              	db 0
   2  0021              @HCCINIT .section 'data'
   2  0021              public _Count_C1_Backup
   1  0021              #line 1 "C:\Users\hamed\OneDrive\Documents\HTK_Project\touch2 (5)(1)\touch2\touch-24\touch-24\TOUCH.h"
   1  0021              @HCCINIT .section 'data'
   1  0021              _Count_C1_Backup label byte
   1  0021              #pragma debug variable 14 1 _Count_C1_Backup "Count_C1_Backup"
   1  0021              	db 0
   1  0011              @ROMDATA_BASE .section inpage 'code'
   1  0011              	db 0
   1  0022              @HCCINIT .section 'data'
   1  0022              	db 0
   1  0011              @ROMDATA_BASE .section inpage 'code'
   1  0011              	db 0
   1  0023              @HCCINIT .section 'data'
   1  0023              	db 0
   1  0012              @ROMDATA_BASE .section inpage 'code'
   1  0012              	db 0
   1  0024              @HCCINIT .section 'data'
   1  0024              	db 0
   1  0012              @ROMDATA_BASE .section inpage 'code'
   1  0012              	db 0
   1  0025              @HCCINIT .section 'data'
   1  0025              public _Count_C1
   1  0025              #line 1 "C:\Users\hamed\OneDrive\Documents\HTK_Project\touch2 (5)(1)\touch2\touch-24\touch-24\TOUCH.h"
   1  0025              @HCCINIT .section 'data'
   1  0025              _Count_C1 label byte
   1  0025              #pragma debug variable 14 1 _Count_C1 "Count_C1"
   1  0025              	db 0
   1  0013              @ROMDATA_BASE .section inpage 'code'
   1  0013              	db 0
   1  0026              @HCCINIT .section 'data'
   1  0026              	db 0
   1  0013              @ROMDATA_BASE .section inpage 'code'
   1  0013              	db 0
   1  0027              @HCCINIT .section 'data'
   1  0027              	db 0
   1  0014              @ROMDATA_BASE .section inpage 'code'
   1  0014              	db 0
   1  0028              @HCCINIT .section 'data'
   1  0028              	db 0
   1  0014              @ROMDATA_BASE .section inpage 'code'
   1  0014              	db 0
   1  0029              @HCCINIT .section 'data'
   1  0029              #pragma debug struct_end
   1  0029              #pragma debug struct_end
   1  0029              #pragma debug union_end
   1  0029              #pragma debug union_end
   1  0029              #pragma debug variable 45 1 ___smod "__smod" 1
   1  0029              #pragma debug struct_end
   1  0029              #pragma debug struct_end
   1  0029              #pragma debug union_end
   1  0029              #pragma debug union_end
"File: TOUCH.h       Assembler  Version HGASM0202      Page 23

   1  0029              #pragma debug variable 47 1 ___integ "__integ" 1
   1  0029              #pragma debug struct_end
   1  0029              #pragma debug struct_end
   1  0029              #pragma debug union_end
   1  0029              #pragma debug union_end
   1  0029              #pragma debug variable 49 1 ___intc0 "__intc0" 1
   1  0029              #pragma debug struct_end
   1  0029              #pragma debug struct_end
   1  0029              #pragma debug union_end
   1  0029              #pragma debug union_end
   1  0029              #pragma debug variable 51 1 ___pa "__pa" 1
   1  0029              #pragma debug struct_end
   1  0029              #pragma debug struct_end
   1  0029              #pragma debug union_end
   1  0029              #pragma debug union_end
   1  0029              #pragma debug variable 53 1 ___pac "__pac" 1
   1  0029              #pragma debug struct_end
   1  0029              #pragma debug struct_end
   1  0029              #pragma debug union_end
   1  0029              #pragma debug union_end
   1  0029              #pragma debug variable 55 1 ___tmrc "__tmrc" 1
   1  0029              #pragma debug variable 8 1 ___tktmr "__tktmr" 1
   1  0029              #pragma debug struct_end
   1  0029              #pragma debug struct_end
   1  0029              #pragma debug union_end
   1  0029              #pragma debug union_end
   1  0029              #pragma debug variable 57 1 ___tkc0 "__tkc0" 1
   1  0029              #pragma debug struct_end
   1  0029              #pragma debug struct_end
   1  0029              #pragma debug union_end
   1  0029              #pragma debug union_end
   1  0029              #pragma debug variable 59 1 ___tkc1 "__tkc1" 1
   1  0029              #pragma debug variable 8 1 ___tkm016dl "__tkm016dl" 1
   1  0029              #pragma debug variable 8 1 ___tkm016dh "__tkm016dh" 1
   1  0029              #pragma debug variable 8 1 ___tkm0rol "__tkm0rol" 1
   1  0029              #pragma debug variable 8 1 ___tkm0roh "__tkm0roh" 1
   1  0029              #pragma debug struct_end
   1  0029              #pragma debug struct_end
   1  0029              #pragma debug union_end
   1  0029              #pragma debug union_end
   1  0029              #pragma debug variable 61 1 ___tkm0c0 "__tkm0c0" 1
   1  0029              #pragma debug struct_end
   1  0029              #pragma debug struct_end
   1  0029              #pragma debug union_end
   1  0029              #pragma debug union_end
   1  0029              #pragma debug variable 63 1 ___tkm0c1 "__tkm0c1" 1
   1  0029              extern r1:byte
   1  0029              extern r2:byte
   1  0029              extern r3:byte
   1  0029              extern r4:byte
   1  0029              extern r5:byte
   1  0029              extern r6:byte
   1  0029              extern r7:byte

  23  0029              #line 23 "C:\Users\hamed\OneDrive\Documents\HTK_Project\touch2 (5)(1)\touch2\touch-24\touch-24\touch-24.c"
  23  0000              @code .section at 0 'code'
  23  0000  2800     R  	jmp _main_startup1
  23  0001              
  23  0001              extern _builtin_holtek_mulsi3_2:byte
  23  0001              extern _builtin_holtek_mulsi3:near
"File: touch-24.c    Assembler  Version HGASM0202      Page 24

  23  0001              extern _builtin_holtek_udivmodsi4_2:byte
  23  0001              extern _builtin_holtek_udivmodsi4:near
  23  0001              
  23  0001              ; 
  23  0001              ; Generated by holtek-gcc v3.19, Sun Apr 05 16:19:22 2026
  23  0001              ; Rebuild 718
  23  0001              ; end of file


        0 Errors, 0